
  ╔══════════════════════════════════════════════════════════════╗
  ║     PAIRS TRADING SYSTEM — Daily Orchestration              ║
  ║     2026-04-07 22:29:56                                        ║
  ╚══════════════════════════════════════════════════════════════╝

  ── System Health ──────────────────────────────
    Data Source      : ● ONLINE
    Pairs Loaded     : 150
    Scanner Age      : 0d old
    System Log       : Exists
    Error Log        : error.log
    Strategy         : z_entry=2.0 | z_exit=0.0 | z_stop=3.0 | hold<=20d
    Quality Gates    : WR>55.0% | PF>1.5x | P&L>$0
    Regime Gates     : Split-Half | ADF-90d | Recent Momentum
  ──────────────────────────────────────────────────

  ═══ PHASE 0 — Portfolio Update ═══

  No positions closed today.

  -- Live Portfolio -------------------------------------------
    No open positions.

    Positions open   : 0 / 10
    Total live P&L   : $+0.00
    Peak P&L         : $+0.00
    System drawdown  : $+0.00  (limit $-1500)
  ------------------------------------------------------------
  --- PHASE 0b — Momentum Portfolio Update ---

  No momentum positions closed today.

  -- Momentum Portfolio ---------------------------------------
    Open positions : 0 / 5
    Realized P&L   : $+0.00
    Total trades   : 0
    Consec. losses : 0
  -------------------------------------------------------------

  --- PHASE 0c — Bear Portfolio Update ---

  No bear positions closed today.

  -- Bear Module Portfolio ------------------------------------
    Open positions : 0 / 2
    Realized P&L   : $+0.00
    Total trades   : 0
    Consec. losses : 0
  -------------------------------------------------------------

  Scanner skipped (candidates 0d old, refresh every 3d). Use --scan to force.

  ═══ PHASE 2 — Master Signal (live + backtest) ═══


╔══════════════════════════════════════════════════════════════╗
║  MASTER SIGNAL v3 — Audit-Fixed Verification Engine         ║
║  Run : 2026-04-07 22:29:57                                  ║
╚══════════════════════════════════════════════════════════════╝

  Loaded 150 pairs from daily_candidates.csv
  Strategy: β=60d | z=20d | Entry |z|>2.0 | Exit z→0.0 | Stop |z|>3.0 | Hold≤20d
  Quality gates: WR>55.0% | PF>1.5x | P&L>$0
  Slippage: 0.15% on notional (entry+exit, both legs) | Capital: $1,000/trade
  Execution: 1-bar delay (signal@close → trade@next open)


  !!!!!!!!!!!!!!!!!!!!!!!!!!!!!!!!!!!!!!!!!!!!!!!!!!!!!!!!!!!!
  ⚠  VIX REGIME BLOCK: 25.8 > 25.0
  Signals shown but flagged BLOCKED. No new entries advised.
  !!!!!!!!!!!!!!!!!!!!!!!!!!!!!!!!!!!!!!!!!!!!!!!!!!!!!!!!!!!!

  [1/150]        ALL / GL  —  No signal  (|z| = 1.42)
  [2/150]       PPL / WEC  —  No signal  (|z| = 1.83)
  [3/150]      KLAC / STX  ⚡ z=+2.07 SHORT  →  ✗ REJECTED
  [4/150]        ADI / MU  ⚡ z=+3.18 SHORT  →  ✗ REJECTED
  [5/150]     ADSK / PANW  ⚡ z=+2.07 SHORT  →  ✗ REJECTED
  [6/150]       DTE / DUK  ⚡ z=+2.36 SHORT  →  ✗ REJECTED
  [7/150]         J / PNR  —  No signal  (|z| = 1.16)
  [8/150]      GILD / DGX  ⚡ z=+2.82 SHORT  →  ✗ REJECTED
  [9/150]     CDNS / MSFT  ⚡ z=-2.97  LONG  →  ✗ REJECTED
  [10/150]        GL / HIG  —  No signal  (|z| = 1.28)
  [11/150]       EME / NSC  —  No signal  (|z| = 1.71)
  [12/150]       AME / CMI  —  No signal  (|z| = 0.53)
  [13/150]      FITB / USB  —  No signal  (|z| = 0.65)
  [14/150]        GL / TRV  —  No signal  (|z| = 0.84)
  [15/150]       GL / IBKR  —  No signal  (|z| = 1.43)
  [16/150]      AMZN / CCL  —  No signal  (|z| = 0.90)
  [17/150]       HWM / JCI  —  No signal  (|z| = 1.72)
  [18/150]      DOV / JBHT  —  No signal  (|z| = 1.45)
  [19/150]      ABBV / CVS  —  No signal  (|z| = 1.34)
  [20/150]      DOV / PCAR  —  No signal  (|z| = 1.69)
  [21/150]      ABBV / MDT  —  No signal  (|z| = 1.20)
  [22/150]      COO / RVTY  —  No signal  (|z| = 1.18)
  [23/150]       NVR / MHK  —  No signal  (|z| = 0.81)
  [24/150]     AMZN / TSLA  —  No signal  (|z| = 0.63)
  [25/150]      LDOS / URI  —  No signal  (|z| = 1.52)
  [26/150]     GOOGL / WBD  —  No signal  (|z| = 1.92)
  [27/150]      AMZN / WSM  —  No signal  (|z| = 1.65)
  [28/150]      ADI / LRCX  —  No signal  (|z| = 0.66)
  [29/150]        NI / PPL  ⚡ z=+2.38 SHORT  →  ✗ REJECTED
  [30/150]          BK / L  —  No signal  (|z| = 0.47)
  [31/150]      GOOG / WBD  —  No signal  (|z| = 1.91)
  [32/150]       BAX / ZTS  —  No signal  (|z| = 1.49)
  [33/150]       ADI / WDC  ⚡ z=+2.40 SHORT  →  ✗ REJECTED
  [34/150]      CHRW / CAT  ⚡ z=+2.30 SHORT  →  ✗ REJECTED
  [35/150]        CI / ELV  —  No signal  (|z| = 1.04)
  [36/150]       COR / CVS  —  No signal  (|z| = 1.90)
  [37/150]       ESS / MAA  —  No signal  (|z| = 1.10)
  [38/150]       ALL / CME  ⚡ z=-2.57  LONG  →  ✗ REJECTED
  [39/150]      BF-B / KHC  —  No signal  (|z| = 0.28)
  [40/150]       AME / LUV  —  No signal  (|z| = 1.70)
  [41/150]       CMS / DUK  —  No signal  (|z| = 1.31)
  [42/150]       EQR / UDR  —  No signal  (|z| = 0.50)
  [43/150]      FDX / JBHT  —  No signal  (|z| = 1.59)
  [44/150]       CEG / NRG  —  No signal  (|z| = 0.57)
  [45/150]       PWR / ROK  —  No signal  (|z| = 0.30)
  [46/150]      CHRW / CMI  —  No signal  (|z| = 0.48)
  [47/150]       CSX / VRT  —  No signal  (|z| = 1.47)
  [48/150]        BAC / MS  —  No signal  (|z| = 0.24)
  [49/150]      ADI / COHR  —  No signal  (|z| = 1.85)
  [50/150]       PSX / VLO  —  No signal  (|z| = 0.62)
  [51/150]      JPM / NDAQ  —  No signal  (|z| = 1.21)
  [52/150]      NTRS / STT  ⚡ z=-2.09  LONG  →  ✗ REJECTED
  [53/150]       ADI / STX  ⚡ z=+2.42 SHORT  →  ✗ REJECTED
  [54/150]        IR / UPS  —  No signal  (|z| = 0.83)
  [55/150]       DG / DLTR  —  No signal  (|z| = 1.69)
  [56/150]       CPT / ESS  —  No signal  (|z| = 1.36)
  [57/150]     ALLE / LDOS  —  No signal  (|z| = 1.30)
  [58/150]       HD / NCLH  —  No signal  (|z| = 1.71)
  [59/150]        AFL / GL  —  No signal  (|z| = 1.03)
  [60/150]      CBOE / TRV  ⚡ z=+2.83 SHORT  →  ✗ REJECTED
  [61/150]       AEE / PPL  ⚡ z=+2.19 SHORT  →  ✗ REJECTED
  [62/150]       INTC / MU  ⚡ z=+2.84 SHORT  →  ✗ REJECTED
  [63/150]       FCX / NUE  —  No signal  (|z| = 1.30)
  [64/150]     GNRC / HUBB  ⚡ z=+2.64 SHORT  →  ✗ REJECTED
  [65/150]         ES / FE  ⚡ z=+2.80 SHORT  →  ✗ REJECTED
  [66/150]        ALL / BK  —  No signal  (|z| = 0.86)
  [67/150]       FTV / IEX  ⚡ z=-2.07  LONG  →  ✗ REJECTED
  [68/150]      ALL / NDAQ  ⚡ z=+3.05 SHORT  →  ✗ REJECTED
  [69/150]       ADM / HSY  ⚡ z=+2.91 SHORT  →  ✗ REJECTED
  [70/150]      ATO / EVRG  ⚡ z=-2.24  LONG  →  ✗ REJECTED
  [71/150]         DE / WM  ⚡ z=+2.27 SHORT  →  ✗ REJECTED
  [72/150]       CMI / LUV  —  No signal  (|z| = 1.56)
  [73/150]       ABT / BSX  ⚡ z=+2.77 SHORT  →  ✗ REJECTED
  [74/150]       CPB / GIS  —  No signal  (|z| = 0.25)
  [75/150]      CBOE / HIG  —  No signal  (|z| = 0.75)
  [76/150]      NEM / STLD  —  No signal  (|z| = 0.78)
  [77/150]        BK / TRV  —  No signal  (|z| = 0.88)
  [78/150]         J / URI  —  No signal  (|z| = 1.44)
  [79/150]     HBAN / NDAQ  —  No signal  (|z| = 1.27)
  [80/150]     FISV / MRSH  —  No signal  (|z| = 1.18)
  [81/150]      ANET / HPE  —  No signal  (|z| = 1.81)
  [82/150]      ALL / CBOE  ⚡ z=-2.77  LONG  →  ✗ REJECTED
  [83/150]       TFC / USB  —  No signal  (|z| = 1.02)
  [84/150]        KEY / RF  —  No signal  (|z| = 1.50)
  [85/150]      CHRW / LUV  —  No signal  (|z| = 1.31)
  [86/150]        BG / HSY  ⚡ z=+2.85 SHORT  →  ✗ REJECTED
  [87/150]        GL / STT  —  No signal  (|z| = 1.54)
  [88/150]      COF / NDAQ  —  No signal  (|z| = 0.08)
  [89/150]      AME / CHRW  —  No signal  (|z| = 1.74)
  [90/150]       DTE / EXC  —  No signal  (|z| = 1.89)
  [91/150]       LNT / ATO  —  No signal  (|z| = 1.73)
  [92/150]      INTC / WDC  ⚡ z=+2.34 SHORT  →  ✗ REJECTED
  [93/150]      ALL / IBKR  —  No signal  (|z| = 0.75)
  [94/150]      ADSK / GEN  —  No signal  (|z| = 1.64)
  [95/150]      IBKR / WFC  —  No signal  (|z| = 1.50)
  [96/150]       GL / NDAQ  —  No signal  (|z| = 1.26)
  [97/150]       EQR / EXR  ⚡ z=-2.09  LONG  →  ✗ REJECTED
  [98/150]       CVS / MCK  ⚡ z=-2.78  LONG  →  ✗ REJECTED
  [99/150]          GS / L  —  No signal  (|z| = 0.34)
  [100/150]      AVGO / TEL  —  No signal  (|z| = 0.12)
  [101/150]       ESS / UDR  —  No signal  (|z| = 1.07)
  [102/150]     CIEN / KEYS  ⚡ z=-2.15  LONG  →  ✗ REJECTED
  [103/150]       MTB / USB  —  No signal  (|z| = 1.46)
  [104/150]       CMS / PPL  —  No signal  (|z| = 0.87)
  [105/150]      BRK-B / GL  —  No signal  (|z| = 1.61)
  [106/150]        GS / STT  —  No signal  (|z| = 1.08)
  [107/150]       GL / NTRS  —  No signal  (|z| = 1.23)
  [108/150]      AMCR / IFF  —  No signal  (|z| = 1.70)
  [109/150]         GL / GS  —  No signal  (|z| = 1.33)
  [110/150]       LNT / DUK  ⚡ z=+2.12 SHORT  →  ✗ REJECTED
  [111/150]       MTD / TMO  —  No signal  (|z| = 0.77)
  [112/150]        CBOE / L  ⚡ z=+2.89 SHORT  →  ✗ REJECTED
  [113/150]           C / L  —  No signal  (|z| = 0.39)
  [114/150]       GEV / JCI  —  No signal  (|z| = 0.03)
  [115/150]      CSCO / JBL  —  No signal  (|z| = 0.81)
  [116/150]      CINF / TRV  —  No signal  (|z| = 0.21)
  [117/150]      NDAQ / WFC  —  No signal  (|z| = 1.44)
  [118/150]     INTC / KLAC  ⚡ z=+2.31 SHORT  →  ✗ REJECTED
  [119/150]       ALL / JPM  —  No signal  (|z| = 1.67)
  [120/150]       ATO / XEL  —  No signal  (|z| = 1.52)
  [121/150]         GL / MS  —  No signal  (|z| = 1.18)
  [122/150]      AMAT / TER  ⚡ z=+2.31 SHORT  →  ✗ REJECTED
  [123/150]        AEE / NI  ⚡ z=-2.99  LONG  →  ✗ REJECTED
  [124/150]      FOXA / TKO  —  No signal  (|z| = 0.86)
  [125/150]        ALB / DD  ⚡ z=+2.01 SHORT  →  ✗ REJECTED
  [126/150]       ALL / TRV  —  No signal  (|z| = 0.52)
  [127/150]       KEY / USB  —  No signal  (|z| = 0.61)
  [128/150]      INTC / STX  ⚡ z=+2.26 SHORT  →  ✗ REJECTED
  [129/150]        CLX / PG  —  No signal  (|z| = 1.43)
  [130/150]       FIX / LHX  —  No signal  (|z| = 1.98)
  [131/150]      IBKR / JPM  —  No signal  (|z| = 1.84)
  [132/150]      INTC / TER  ⚡ z=+2.28 SHORT  →  ✗ REJECTED
  [133/150]        AME / PH  —  No signal  (|z| = 1.66)
  [134/150]      ADBE / HPQ  —  No signal  (|z| = 0.79)
  [135/150]       AMP / APO  —  No signal  (|z| = 1.73)
  [136/150]      ABT / PODD  ⚡ z=+2.17 SHORT  →  ✗ REJECTED
  [137/150]      CSX / HUBB  —  No signal  (|z| = 0.74)
  [138/150]       PNC / USB  —  No signal  (|z| = 1.26)
  [139/150]       JCI / RTX  —  No signal  (|z| = 0.60)
  [140/150]        MS / STT  —  No signal  (|z| = 0.67)
  [141/150]        F / ULTA  —  No signal  (|z| = 1.01)
  [142/150]       AME / CAT  —  No signal  (|z| = 1.08)
  [143/150]       AMP / MET  —  No signal  (|z| = 1.31)
  [144/150]     INTC / LRCX  ⚡ z=+3.03 SHORT  →  ✗ REJECTED
  [145/150]     ANET / NVDA  —  No signal  (|z| = 1.35)
  [146/150]        AVY / CE  —  No signal  (|z| = 1.62)
  [147/150]       AME / FIX  —  No signal  (|z| = 1.67)
  [148/150]        BLK / GL  —  No signal  (|z| = 1.57)
  [149/150]          GL / L  —  No signal  (|z| = 0.03)
  [150/150]     AVGO / NVDA  —  No signal  (|z| = 0.92)


════════════════════════════════════════════════════════════════
  SCAN COMPLETE
════════════════════════════════════════════════════════════════
  Pairs scanned   : 150
  No live signal  : 111
  Download errors : 0
  Signals found   : 39
    ◆ Diamond     : 0
    ✗ Rejected    : 39
════════════════════════════════════════════════════════════════

  No diamond signals today.


  ── Rejected Signals (had live z, failed backtest) ──

  KLAC / STX:
    ✗  REJECTED: Unstable Hedge Ratio
       Live z=+2.07 SHORT | BT: 89 trades, WR 48%, PF 0.76x, P&L $-84
       Gates: WR 48.3% < 55.0% | PF 0.76x < 1.5x | P&L $-84.06 ≤ $50 | Sharpe -0.49 < 1.0 | Unstable Beta: CV=0.62 > 0.6 | Sortino -0.64 < 1.0 | Avg P&L $-0.94 < $8.00 | Failed H1 P&L ($-25 < $30) | Failed H2 P&L ($-59 < $30) | Low Recent Momentum: last 5 trades P&L=$-23 | Walk-Forward OOS: Sharpe=-0.39, P&L=$-17.63 | Low Recent Cointegration: ADF p=0.472 > 0.1

  ADI / MU:
    ✗  REJECTED: Unstable Hedge Ratio
       Live z=+3.18 SHORT | BT: 95 trades, WR 43%, PF 1.33x, P&L $+137
       Gates: WR 43.2% < 55.0% | PF 1.33x < 1.5x | Sharpe +0.42 < 1.0 | Unstable Beta: CV=0.91 > 0.6 | Sortino +0.88 < 1.0 | Avg P&L $+1.44 < $8.00 | Failed H1 P&L ($+2 < $30) | Low Recent Momentum: last 5 trades P&L=$-60

  ADSK / PANW:
    ✗  REJECTED: Unstable Hedge Ratio
       Live z=+2.07 SHORT | BT: 98 trades, WR 46%, PF 0.67x, P&L $-136
       Gates: WR 45.9% < 55.0% | PF 0.67x < 1.5x | P&L $-136.34 ≤ $50 | Sharpe -0.79 < 1.0 | Unstable Beta: CV=1.21 > 0.6 | Sortino -0.97 < 1.0 | Avg P&L $-1.39 < $8.00 | Failed H1 P&L ($-120 < $30) | Failed H2 P&L ($-17 < $30) | Low Recent Cointegration: ADF p=0.426 > 0.1

  DTE / DUK:
    ✗  REJECTED: Failed Split-Half
       Live z=+2.36 SHORT | BT: 95 trades, WR 24%, PF 0.28x, P&L $-139
       Gates: WR 24.2% < 55.0% | PF 0.28x < 1.5x | P&L $-138.54 ≤ $50 | Sharpe -2.68 < 1.0 | Sortino -3.67 < 1.0 | Avg P&L $-1.46 < $8.00 | Failed H1 P&L ($-70 < $30) | Failed H2 P&L ($-68 < $30) | Walk-Forward OOS: Sharpe=-1.77, P&L=$-30.38 | Low Recent Cointegration: ADF p=0.340 > 0.1

  GILD / DGX:
    ✗  REJECTED: Unstable Hedge Ratio
       Live z=+2.82 SHORT | BT: 96 trades, WR 38%, PF 0.54x, P&L $-129
       Gates: WR 37.5% < 55.0% | PF 0.54x < 1.5x | P&L $-128.86 ≤ $50 | Sharpe -1.21 < 1.0 | Unstable Beta: CV=1.06 > 0.6 | Sortino -1.55 < 1.0 | Avg P&L $-1.34 < $8.00 | Failed H1 P&L ($-46 < $30) | Failed H2 P&L ($-83 < $30) | Low Recent Momentum: last 5 trades P&L=$-11 | Walk-Forward OOS: Sharpe=-2.05, P&L=$-80.10 | Low Recent Cointegration: ADF p=0.485 > 0.1

  CDNS / MSFT:
    ✗  REJECTED: Failed Split-Half
       Live z=-2.97 LONG | BT: 75 trades, WR 31%, PF 0.42x, P&L $-146
       Gates: WR 30.7% < 55.0% | PF 0.42x < 1.5x | P&L $-145.83 ≤ $50 | Sharpe -1.57 < 1.0 | Sortino -2.17 < 1.0 | Avg P&L $-1.94 < $8.00 | Failed H1 P&L ($-82 < $30) | Failed H2 P&L ($-64 < $30) | Walk-Forward OOS: Sharpe=-0.65, P&L=$-22.71 | Low Recent Cointegration: ADF p=0.138 > 0.1

  NI / PPL:
    ✗  REJECTED: Failed Split-Half
       Live z=+2.38 SHORT | BT: 94 trades, WR 29%, PF 0.42x, P&L $-98
       Gates: WR 28.7% < 55.0% | PF 0.42x < 1.5x | P&L $-97.70 ≤ $50 | Sharpe -1.72 < 1.0 | Sortino -2.67 < 1.0 | Avg P&L $-1.04 < $8.00 | Failed H1 P&L ($-35 < $30) | Failed H2 P&L ($-63 < $30) | Low Recent Momentum: last 5 trades P&L=$-1 | Walk-Forward OOS: Sharpe=-2.56, P&L=$-36.73

  ADI / WDC:
    ✗  REJECTED: Unstable Hedge Ratio
       Live z=+2.40 SHORT | BT: 97 trades, WR 43%, PF 0.90x, P&L $-47
       Gates: WR 43.3% < 55.0% | PF 0.90x < 1.5x | P&L $-46.67 ≤ $50 | Sharpe -0.19 < 1.0 | Unstable Beta: CV=1.11 > 0.6 | Sortino -0.29 < 1.0 | Avg P&L $-0.48 < $8.00 | Failed H1 P&L ($-32 < $30) | Failed H2 P&L ($-15 < $30) | Low Recent Momentum: last 5 trades P&L=$-34

  CHRW / CAT:
    ✗  REJECTED: Unstable Hedge Ratio
       Live z=+2.30 SHORT | BT: 87 trades, WR 45%, PF 1.09x, P&L $+24
       Gates: WR 44.8% < 55.0% | PF 1.09x < 1.5x | P&L $+24.11 ≤ $50 | Sharpe +0.15 < 1.0 | Unstable Beta: CV=1.62 > 0.6 | Sortino +0.28 < 1.0 | Avg P&L $+0.28 < $8.00 | Failed H2 P&L ($-25 < $30) | Low Recent Cointegration: ADF p=0.617 > 0.1 | Low Recent Correlation: ρ=0.66 < 0.7

  ALL / CME:
    ✗  REJECTED: Unstable Hedge Ratio
       Live z=-2.57 LONG | BT: 94 trades, WR 36%, PF 0.57x, P&L $-132
       Gates: WR 36.2% < 55.0% | PF 0.57x < 1.5x | P&L $-132.47 ≤ $50 | Sharpe -1.03 < 1.0 | Unstable Beta: CV=2.08 > 0.6 | Sortino -1.44 < 1.0 | Avg P&L $-1.41 < $8.00 | Failed H1 P&L ($-87 < $30) | Failed H2 P&L ($-46 < $30) | Low Recent Momentum: last 5 trades P&L=$-19 | Walk-Forward OOS: Sharpe=-1.63, P&L=$-49.75 | Low Recent Cointegration: ADF p=0.191 > 0.1 | Low Recent Correlation: ρ=0.30 < 0.7

  NTRS / STT:
    ✗  REJECTED: Failed Split-Half
       Live z=-2.09 LONG | BT: 89 trades, WR 36%, PF 0.36x, P&L $-161
       Gates: WR 36.0% < 55.0% | PF 0.36x < 1.5x | P&L $-160.67 ≤ $50 | Sharpe -1.62 < 1.0 | Sortino -1.80 < 1.0 | Avg P&L $-1.81 < $8.00 | Failed H1 P&L ($-130 < $30) | Failed H2 P&L ($-31 < $30) | Low Recent Momentum: last 5 trades P&L=$-9 | Walk-Forward OOS: Sharpe=-0.78, P&L=$-18.12

  ADI / STX:
    ✗  REJECTED: Unstable Hedge Ratio
       Live z=+2.42 SHORT | BT: 101 trades, WR 45%, PF 0.69x, P&L $-144
       Gates: WR 44.6% < 55.0% | PF 0.69x < 1.5x | P&L $-144.23 ≤ $50 | Sharpe -0.59 < 1.0 | Unstable Beta: CV=0.93 > 0.6 | Sortino -0.68 < 1.0 | Avg P&L $-1.43 < $8.00 | Failed H1 P&L ($-79 < $30) | Failed H2 P&L ($-65 < $30) | Low Recent Momentum: last 5 trades P&L=$-43 | Walk-Forward OOS: Sharpe=-0.25, P&L=$-31.54 | Low Recent Cointegration: ADF p=0.106 > 0.1

  CBOE / TRV:
    ✗  REJECTED: Unstable Hedge Ratio
       Live z=+2.83 SHORT | BT: 90 trades, WR 38%, PF 0.60x, P&L $-120
       Gates: WR 37.8% < 55.0% | PF 0.60x < 1.5x | P&L $-120.04 ≤ $50 | Sharpe -1.02 < 1.0 | Unstable Beta: CV=2.05 > 0.6 | Sortino -1.44 < 1.0 | Avg P&L $-1.33 < $8.00 | Failed H1 P&L ($-24 < $30) | Failed H2 P&L ($-96 < $30) | Low Recent Momentum: last 5 trades P&L=$-8 | Walk-Forward OOS: Sharpe=-1.75, P&L=$-70.48 | Low Recent Cointegration: ADF p=0.108 > 0.1 | Low Recent Correlation: ρ=0.65 < 0.7

  AEE / PPL:
    ✗  REJECTED: Failed Split-Half
       Live z=+2.19 SHORT | BT: 98 trades, WR 33%, PF 0.41x, P&L $-118
       Gates: WR 32.7% < 55.0% | PF 0.41x < 1.5x | P&L $-117.92 ≤ $50 | Sharpe -1.61 < 1.0 | Sortino -2.18 < 1.0 | Avg P&L $-1.20 < $8.00 | Failed H1 P&L ($-100 < $30) | Failed H2 P&L ($-18 < $30) | Low Recent Momentum: last 5 trades P&L=$-6 | Walk-Forward OOS: Sharpe=-2.74, P&L=$-32.12 | Low Recent Cointegration: ADF p=0.756 > 0.1

  INTC / MU:
    ✗  REJECTED: Unstable Hedge Ratio
       Live z=+2.84 SHORT | BT: 87 trades, WR 41%, PF 0.80x, P&L $-81
       Gates: WR 41.4% < 55.0% | PF 0.80x < 1.5x | P&L $-81.07 ≤ $50 | Sharpe -0.36 < 1.0 | Unstable Beta: CV=0.84 > 0.6 | Sortino -0.60 < 1.0 | Avg P&L $-0.93 < $8.00 | Failed H1 P&L ($-56 < $30) | Failed H2 P&L ($-25 < $30) | Low Recent Momentum: last 5 trades P&L=$-23 | IS/OOS decay: OOS=-1.87 vs IS=0.35 | Walk-Forward OOS: Sharpe=-1.87, P&L=$-132.76

  GNRC / HUBB:
    ✗  REJECTED: Unstable Hedge Ratio
       Live z=+2.64 SHORT | BT: 86 trades, WR 45%, PF 1.13x, P&L $+51
       Gates: WR 45.3% < 55.0% | PF 1.13x < 1.5x | Sharpe +0.20 < 1.0 | Unstable Beta: CV=2.42 > 0.6 | Sortino +0.36 < 1.0 | Avg P&L $+0.59 < $8.00 | Failed H2 P&L ($+19 < $30) | IS/OOS decay: OOS=-0.61 vs IS=0.54 | Walk-Forward OOS: Sharpe=-0.61, P&L=$-44.89 | Low Recent Cointegration: ADF p=0.656 > 0.1

  ES / FE:
    ✗  REJECTED: Unstable Hedge Ratio
       Live z=+2.80 SHORT | BT: 107 trades, WR 32%, PF 0.32x, P&L $-195
       Gates: WR 31.8% < 55.0% | PF 0.32x < 1.5x | P&L $-195.27 ≤ $50 | Sharpe -2.02 < 1.0 | Unstable Beta: CV=0.77 > 0.6 | Sortino -2.23 < 1.0 | Avg P&L $-1.82 < $8.00 | Failed H1 P&L ($-55 < $30) | Failed H2 P&L ($-140 < $30) | Low Recent Momentum: last 5 trades P&L=$-11 | Walk-Forward OOS: Sharpe=-2.15, P&L=$-64.64

  FTV / IEX:
    ✗  REJECTED: Failed Split-Half
       Live z=-2.07 LONG | BT: 82 trades, WR 33%, PF 0.44x, P&L $-112
       Gates: WR 32.9% < 55.0% | PF 0.44x < 1.5x | P&L $-111.73 ≤ $50 | Sharpe -1.47 < 1.0 | Sortino -2.02 < 1.0 | Avg P&L $-1.36 < $8.00 | Failed H1 P&L ($-51 < $30) | Failed H2 P&L ($-61 < $30) | Low Recent Momentum: last 5 trades P&L=$-12 | Walk-Forward OOS: Sharpe=-1.29, P&L=$-39.03 | Low Recent Cointegration: ADF p=0.459 > 0.1

  ALL / NDAQ:
    ✗  REJECTED: Unstable Hedge Ratio
       Live z=+3.05 SHORT | BT: 98 trades, WR 47%, PF 0.86x, P&L $-40
       Gates: WR 46.9% < 55.0% | PF 0.86x < 1.5x | P&L $-39.83 ≤ $50 | Sharpe -0.27 < 1.0 | Unstable Beta: CV=1.99 > 0.6 | Sortino -0.31 < 1.0 | Avg P&L $-0.41 < $8.00 | Failed H2 P&L ($-77 < $30) | Low Recent Momentum: last 5 trades P&L=$-29 | IS/OOS decay: OOS=-1.29 vs IS=0.32 | Walk-Forward OOS: Sharpe=-1.29, P&L=$-69.76 | Low Recent Cointegration: ADF p=0.399 > 0.1 | Low Recent Correlation: ρ=-0.40 < 0.7

  ADM / HSY:
    ✗  REJECTED: Unstable Hedge Ratio
       Live z=+2.91 SHORT | BT: 84 trades, WR 36%, PF 0.57x, P&L $-142
       Gates: WR 35.7% < 55.0% | PF 0.57x < 1.5x | P&L $-142.34 ≤ $50 | Sharpe -1.06 < 1.0 | Unstable Beta: CV=2.73 > 0.6 | Sortino -1.55 < 1.0 | Avg P&L $-1.69 < $8.00 | Failed H1 P&L ($-89 < $30) | Failed H2 P&L ($-53 < $30) | Low Recent Momentum: last 5 trades P&L=$-28 | Walk-Forward OOS: Sharpe=-1.59, P&L=$-67.46 | Low Recent Cointegration: ADF p=0.248 > 0.1

  ATO / EVRG:
    ✗  REJECTED: Failed Split-Half
       Live z=-2.24 LONG | BT: 102 trades, WR 36%, PF 0.58x, P&L $-79
       Gates: WR 36.3% < 55.0% | PF 0.58x < 1.5x | P&L $-79.40 ≤ $50 | Sharpe -1.07 < 1.0 | Sortino -1.58 < 1.0 | Avg P&L $-0.78 < $8.00 | Failed H1 P&L ($-23 < $30) | Failed H2 P&L ($-57 < $30) | Low Recent Momentum: last 5 trades P&L=$-7 | Walk-Forward OOS: Sharpe=-1.17, P&L=$-23.15 | Low Recent Cointegration: ADF p=0.673 > 0.1

  DE / WM:
    ✗  REJECTED: Unstable Hedge Ratio
       Live z=+2.27 SHORT | BT: 96 trades, WR 39%, PF 0.80x, P&L $-62
       Gates: WR 38.5% < 55.0% | PF 0.80x < 1.5x | P&L $-61.85 ≤ $50 | Sharpe -0.44 < 1.0 | Unstable Beta: CV=1.74 > 0.6 | Sortino -0.65 < 1.0 | Avg P&L $-0.64 < $8.00 | Failed H1 P&L ($-58 < $30) | Failed H2 P&L ($-4 < $30) | Low Recent Cointegration: ADF p=0.463 > 0.1

  ABT / BSX:
    ✗  REJECTED: Unstable Hedge Ratio
       Live z=+2.77 SHORT | BT: 78 trades, WR 42%, PF 1.06x, P&L $+11
       Gates: WR 42.3% < 55.0% | PF 1.06x < 1.5x | P&L $+11.11 ≤ $50 | Sharpe +0.10 < 1.0 | Unstable Beta: CV=1.68 > 0.6 | Sortino +0.19 < 1.0 | Avg P&L $+0.14 < $8.00 | Failed H1 P&L ($-23 < $30) | Low Recent Cointegration: ADF p=0.245 > 0.1

  ALL / CBOE:
    ✗  REJECTED: Unstable Hedge Ratio
       Live z=-2.77 LONG | BT: 91 trades, WR 41%, PF 0.61x, P&L $-101
       Gates: WR 40.7% < 55.0% | PF 0.61x < 1.5x | P&L $-101.11 ≤ $50 | Sharpe -0.87 < 1.0 | Unstable Beta: CV=2.32 > 0.6 | Sortino -1.07 < 1.0 | Avg P&L $-1.11 < $8.00 | Failed H1 P&L ($+4 < $30) | Failed H2 P&L ($-105 < $30) | Low Recent Momentum: last 5 trades P&L=$-9 | Walk-Forward OOS: Sharpe=-2.01, P&L=$-70.26 | Low Recent Cointegration: ADF p=0.123 > 0.1 | Low Recent Correlation: ρ=0.19 < 0.7

  BG / HSY:
    ✗  REJECTED: Unstable Hedge Ratio
       Live z=+2.85 SHORT | BT: 75 trades, WR 36%, PF 0.76x, P&L $-79
       Gates: WR 36.0% < 55.0% | PF 0.76x < 1.5x | P&L $-78.87 ≤ $50 | Sharpe -0.47 < 1.0 | Unstable Beta: CV=6.45 > 0.6 | Sortino -0.68 < 1.0 | Avg P&L $-1.05 < $8.00 | Failed H1 P&L ($-63 < $30) | Failed H2 P&L ($-16 < $30) | Low Recent Momentum: last 5 trades P&L=$-20 | Walk-Forward OOS: Sharpe=-1.03, P&L=$-57.83 | Low Recent Cointegration: ADF p=0.368 > 0.1

  INTC / WDC:
    ✗  REJECTED: Unstable Hedge Ratio
       Live z=+2.34 SHORT | BT: 91 trades, WR 36%, PF 1.01x, P&L $+4
       Gates: WR 36.3% < 55.0% | PF 1.01x < 1.5x | P&L $+3.74 ≤ $50 | Sharpe +0.02 < 1.0 | Unstable Beta: CV=1.48 > 0.6 | Sortino +0.03 < 1.0 | Avg P&L $+0.04 < $8.00 | Failed H2 P&L ($-132 < $30) | Low Recent Momentum: last 5 trades P&L=$-38 | IS/OOS decay: OOS=-1.98 vs IS=0.95 | Walk-Forward OOS: Sharpe=-1.98, P&L=$-147.39 | Low Recent Cointegration: ADF p=0.126 > 0.1

  EQR / EXR:
    ✗  REJECTED: Unstable Hedge Ratio
       Live z=-2.09 LONG | BT: 87 trades, WR 40%, PF 0.67x, P&L $-85
       Gates: WR 40.2% < 55.0% | PF 0.67x < 1.5x | P&L $-84.64 ≤ $50 | Sharpe -0.75 < 1.0 | Unstable Beta: CV=0.74 > 0.6 | Sortino -1.22 < 1.0 | Avg P&L $-0.97 < $8.00 | Failed H1 P&L ($-58 < $30) | Failed H2 P&L ($-26 < $30) | Low Recent Momentum: last 5 trades P&L=$-23 | Walk-Forward OOS: Sharpe=-3.16, P&L=$-75.95 | Low Recent Cointegration: ADF p=0.168 > 0.1 | Low Recent Correlation: ρ=0.57 < 0.7

  CVS / MCK:
    ✗  REJECTED: Unstable Hedge Ratio
       Live z=-2.78 LONG | BT: 83 trades, WR 37%, PF 0.53x, P&L $-144
       Gates: WR 37.3% < 55.0% | PF 0.53x < 1.5x | P&L $-143.82 ≤ $50 | Sharpe -1.06 < 1.0 | Unstable Beta: CV=2.20 > 0.6 | Sortino -1.60 < 1.0 | Avg P&L $-1.73 < $8.00 | Failed H1 P&L ($-61 < $30) | Failed H2 P&L ($-82 < $30) | Low Recent Momentum: last 5 trades P&L=$-28 | Walk-Forward OOS: Sharpe=-0.90, P&L=$-47.33 | Low Recent Correlation: ρ=-0.09 < 0.7

  CIEN / KEYS:
    ✗  REJECTED: Unstable Hedge Ratio
       Live z=-2.15 LONG | BT: 108 trades, WR 41%, PF 0.73x, P&L $-112
       Gates: WR 40.7% < 55.0% | PF 0.73x < 1.5x | P&L $-112.40 ≤ $50 | Sharpe -0.57 < 1.0 | Unstable Beta: CV=1.01 > 0.6 | Sortino -0.95 < 1.0 | Avg P&L $-1.04 < $8.00 | Failed H1 P&L ($-106 < $30) | Failed H2 P&L ($-7 < $30) | Low Recent Momentum: last 5 trades P&L=$-13 | Walk-Forward OOS: Sharpe=-0.35, P&L=$-31.72

  LNT / DUK:
    ✗  REJECTED: Failed Split-Half
       Live z=+2.12 SHORT | BT: 103 trades, WR 26%, PF 0.19x, P&L $-166
       Gates: WR 26.2% < 55.0% | PF 0.19x < 1.5x | P&L $-165.54 ≤ $50 | Sharpe -3.01 < 1.0 | Sortino -3.54 < 1.0 | Avg P&L $-1.61 < $8.00 | Failed H1 P&L ($-67 < $30) | Failed H2 P&L ($-98 < $30) | Low Recent Momentum: last 5 trades P&L=$-10 | Walk-Forward OOS: Sharpe=-3.26, P&L=$-56.07

  CBOE / L:
    ✗  REJECTED: Unstable Hedge Ratio
       Live z=+2.89 SHORT | BT: 108 trades, WR 43%, PF 0.67x, P&L $-96
       Gates: WR 42.6% < 55.0% | PF 0.67x < 1.5x | P&L $-96.02 ≤ $50 | Sharpe -0.82 < 1.0 | Unstable Beta: CV=1.31 > 0.6 | Sortino -1.27 < 1.0 | Avg P&L $-0.89 < $8.00 | Failed H1 P&L ($-24 < $30) | Failed H2 P&L ($-72 < $30) | Walk-Forward OOS: Sharpe=-1.61, P&L=$-51.06 | Low Recent Correlation: ρ=0.56 < 0.7

  INTC / KLAC:
    ✗  REJECTED: Unstable Hedge Ratio
       Live z=+2.31 SHORT | BT: 89 trades, WR 46%, PF 0.84x, P&L $-66
       Gates: WR 46.1% < 55.0% | PF 0.84x < 1.5x | P&L $-65.80 ≤ $50 | Sharpe -0.32 < 1.0 | Unstable Beta: CV=1.18 > 0.6 | Sortino -0.48 < 1.0 | Avg P&L $-0.74 < $8.00 | Failed H2 P&L ($-121 < $30) | Low Recent Momentum: last 5 trades P&L=$-14 | IS/OOS decay: OOS=-0.94 vs IS=0.20 | Walk-Forward OOS: Sharpe=-0.94, P&L=$-87.43

  AMAT / TER:
    ✗  REJECTED: Unstable Hedge Ratio
       Live z=+2.31 SHORT | BT: 98 trades, WR 40%, PF 0.79x, P&L $-85
       Gates: WR 39.8% < 55.0% | PF 0.79x < 1.5x | P&L $-84.90 ≤ $50 | Sharpe -0.38 < 1.0 | Unstable Beta: CV=0.61 > 0.6 | Sortino -0.44 < 1.0 | Avg P&L $-0.87 < $8.00 | Failed H1 P&L ($-40 < $30) | Failed H2 P&L ($-45 < $30) | Low Recent Momentum: last 5 trades P&L=$-50

  AEE / NI:
    ✗  REJECTED: Failed Split-Half
       Live z=-2.99 LONG | BT: 92 trades, WR 33%, PF 0.39x, P&L $-88
       Gates: WR 32.6% < 55.0% | PF 0.39x < 1.5x | P&L $-88.41 ≤ $50 | Sharpe -1.78 < 1.0 | Sortino -2.39 < 1.0 | Avg P&L $-0.96 < $8.00 | Failed H1 P&L ($-44 < $30) | Failed H2 P&L ($-44 < $30) | Low Recent Momentum: last 5 trades P&L=$-11 | Walk-Forward OOS: Sharpe=-2.66, P&L=$-31.58

  ALB / DD:
    ✗  REJECTED: Unstable Hedge Ratio
       Live z=+2.01 SHORT | BT: 95 trades, WR 46%, PF 0.63x, P&L $-168
       Gates: WR 46.3% < 55.0% | PF 0.63x < 1.5x | P&L $-167.93 ≤ $50 | Sharpe -0.86 < 1.0 | Unstable Beta: CV=1.34 > 0.6 | Sortino -1.06 < 1.0 | Avg P&L $-1.77 < $8.00 | Failed H1 P&L ($-88 < $30) | Failed H2 P&L ($-79 < $30) | Low Recent Momentum: last 5 trades P&L=$-3 | Walk-Forward OOS: Sharpe=-1.02, P&L=$-71.81 | Low Recent Cointegration: ADF p=0.437 > 0.1

  INTC / STX:
    ✗  REJECTED: Unstable Hedge Ratio
       Live z=+2.26 SHORT | BT: 97 trades, WR 38%, PF 0.60x, P&L $-247
       Gates: WR 38.1% < 55.0% | PF 0.60x < 1.5x | P&L $-247.06 ≤ $50 | Sharpe -0.93 < 1.0 | Max DD $-282 < $-200 | Unstable Beta: CV=1.37 > 0.6 | Sortino -1.15 < 1.0 | Avg P&L $-2.55 < $8.00 | Failed H1 P&L ($-47 < $30) | Failed H2 P&L ($-200 < $30) | Low Recent Momentum: last 5 trades P&L=$-18 | Walk-Forward OOS: Sharpe=-1.08, P&L=$-113.98

  INTC / TER:
    ✗  REJECTED: Unstable Hedge Ratio
       Live z=+2.28 SHORT | BT: 99 trades, WR 31%, PF 0.67x, P&L $-169
       Gates: WR 31.3% < 55.0% | PF 0.67x < 1.5x | P&L $-169.38 ≤ $50 | Sharpe -0.74 < 1.0 | Max DD $-247 < $-200 | Unstable Beta: CV=1.55 > 0.6 | Sortino -1.08 < 1.0 | Avg P&L $-1.71 < $8.00 | Failed H2 P&L ($-205 < $30) | Low Recent Momentum: last 5 trades P&L=$-82 | IS/OOS decay: OOS=-2.20 vs IS=0.13 | Walk-Forward OOS: Sharpe=-2.20, P&L=$-187.92 | Low Recent Correlation: ρ=0.64 < 0.7

  ABT / PODD:
    ✗  REJECTED: Unstable Hedge Ratio
       Live z=+2.17 SHORT | BT: 102 trades, WR 47%, PF 0.92x, P&L $-33
       Gates: WR 47.1% < 55.0% | PF 0.92x < 1.5x | P&L $-32.72 ≤ $50 | Sharpe -0.15 < 1.0 | Unstable Beta: CV=1.46 > 0.6 | Sortino -0.20 < 1.0 | Avg P&L $-0.32 < $8.00 | Failed H1 P&L ($-42 < $30) | Failed H2 P&L ($+9 < $30) | Low Recent Cointegration: ADF p=0.526 > 0.1

  INTC / LRCX:
    ✗  REJECTED: Unstable Hedge Ratio
       Live z=+3.03 SHORT | BT: 104 trades, WR 38%, PF 0.56x, P&L $-221
       Gates: WR 37.5% < 55.0% | PF 0.56x < 1.5x | P&L $-220.58 ≤ $50 | Sharpe -1.10 < 1.0 | Max DD $-282 < $-200 | Unstable Beta: CV=0.95 > 0.6 | Sortino -1.48 < 1.0 | Avg P&L $-2.12 < $8.00 | Failed H1 P&L ($-23 < $30) | Failed H2 P&L ($-197 < $30) | Low Recent Momentum: last 5 trades P&L=$-58 | Walk-Forward OOS: Sharpe=-2.10, P&L=$-146.08


  ✓ system_log.csv updated (0 diamond, 39 rejected)

  ════════════════════════════════════════════════════════════
    DAILY RESULTS  (Standard + Split-Half + ADF90 + Momentum)
  ════════════════════════════════════════════════════════════
    Pairs scanned   : 150
    No live signal  : 111
    Download errors : 0
    ◆ Diamond       : 0
    ✗ Rejected      : 39

  No diamond signals today.

  ── Rejected (39 pairs: had live signal, failed regime gates) ──
    ✗   KLAC/STX     SHORT  z=+2.07  WR=48%  PF=0.76x  P&L=$-84
    ✗    ADI/MU      SHORT  z=+3.18  WR=43%  PF=1.33x  P&L=$+137
    ✗   ADSK/PANW    SHORT  z=+2.07  WR=46%  PF=0.67x  P&L=$-136
    ✗    DTE/DUK     SHORT  z=+2.36  WR=24%  PF=0.28x  P&L=$-139
    ✗   GILD/DGX     SHORT  z=+2.82  WR=38%  PF=0.54x  P&L=$-129
    ✗   CDNS/MSFT     LONG  z=-2.97  WR=31%  PF=0.42x  P&L=$-146
    ✗     NI/PPL     SHORT  z=+2.38  WR=29%  PF=0.42x  P&L=$-98
    ✗    ADI/WDC     SHORT  z=+2.40  WR=43%  PF=0.90x  P&L=$-47
    ✗   CHRW/CAT     SHORT  z=+2.30  WR=45%  PF=1.09x  P&L=$+24
    ✗    ALL/CME      LONG  z=-2.57  WR=36%  PF=0.57x  P&L=$-132
    ✗   NTRS/STT      LONG  z=-2.09  WR=36%  PF=0.36x  P&L=$-161
    ✗    ADI/STX     SHORT  z=+2.42  WR=45%  PF=0.69x  P&L=$-144
    ✗   CBOE/TRV     SHORT  z=+2.83  WR=38%  PF=0.60x  P&L=$-120
    ✗    AEE/PPL     SHORT  z=+2.19  WR=33%  PF=0.41x  P&L=$-118
    ✗   INTC/MU      SHORT  z=+2.84  WR=41%  PF=0.80x  P&L=$-81
    ✗   GNRC/HUBB    SHORT  z=+2.64  WR=45%  PF=1.13x  P&L=$+51
    ✗     ES/FE      SHORT  z=+2.80  WR=32%  PF=0.32x  P&L=$-195
    ✗    FTV/IEX      LONG  z=-2.07  WR=33%  PF=0.44x  P&L=$-112
    ✗    ALL/NDAQ    SHORT  z=+3.05  WR=47%  PF=0.86x  P&L=$-40
    ✗    ADM/HSY     SHORT  z=+2.91  WR=36%  PF=0.57x  P&L=$-142
    ✗    ATO/EVRG     LONG  z=-2.24  WR=36%  PF=0.58x  P&L=$-79
    ✗     DE/WM      SHORT  z=+2.27  WR=39%  PF=0.80x  P&L=$-62
    ✗    ABT/BSX     SHORT  z=+2.77  WR=42%  PF=1.06x  P&L=$+11
    ✗    ALL/CBOE     LONG  z=-2.77  WR=41%  PF=0.61x  P&L=$-101
    ✗     BG/HSY     SHORT  z=+2.85  WR=36%  PF=0.76x  P&L=$-79
    ✗   INTC/WDC     SHORT  z=+2.34  WR=36%  PF=1.01x  P&L=$+4
    ✗    EQR/EXR      LONG  z=-2.09  WR=40%  PF=0.67x  P&L=$-85
    ✗    CVS/MCK      LONG  z=-2.78  WR=37%  PF=0.53x  P&L=$-144
    ✗   CIEN/KEYS     LONG  z=-2.15  WR=41%  PF=0.73x  P&L=$-112
    ✗    LNT/DUK     SHORT  z=+2.12  WR=26%  PF=0.19x  P&L=$-166
    ✗   CBOE/L       SHORT  z=+2.89  WR=43%  PF=0.67x  P&L=$-96
    ✗   INTC/KLAC    SHORT  z=+2.31  WR=46%  PF=0.84x  P&L=$-66
    ✗   AMAT/TER     SHORT  z=+2.31  WR=40%  PF=0.79x  P&L=$-85
    ✗    AEE/NI       LONG  z=-2.99  WR=33%  PF=0.39x  P&L=$-88
    ✗    ALB/DD      SHORT  z=+2.01  WR=46%  PF=0.63x  P&L=$-168
    ✗   INTC/STX     SHORT  z=+2.26  WR=38%  PF=0.60x  P&L=$-247
    ✗   INTC/TER     SHORT  z=+2.28  WR=31%  PF=0.67x  P&L=$-169
    ✗    ABT/PODD    SHORT  z=+2.17  WR=47%  PF=0.92x  P&L=$-33
    ✗   INTC/LRCX    SHORT  z=+3.03  WR=38%  PF=0.56x  P&L=$-221

  --- PHASE 3 — Momentum Strategy ---

  VIX: 25.8  |  Pairs diamonds: 0  |  Mode: complement

------------------------------------------------------------
  MOMENTUM SCANNER
  Run date : 2026-04-07
------------------------------------------------------------

[STEP 1] Building universe ...
[STEP 1] Scraped 503 S&P 500 tickers + sectors from Wikipedia.
[STEP 1b] Scraped 101 Nasdaq-100 tickers + sectors from Wikipedia.
  [SCAN] Universe: 517 unique tickers (S&P 500 + Nasdaq-100).

[STEP 2] Downloading OHLCV data ...
  [SCAN] Downloading OHLCV for 517 tickers (2021-04-08 -> 2026-04-07) in batches of 50 ...
  [DATA] Batch 1/11 (50 tickers) ... OK (50 cols)
  [DATA] Batch 2/11 (50 tickers) ... OK (50 cols)
  [DATA] Batch 3/11 (50 tickers) ... OK (50 cols)
  [DATA] Batch 4/11 (50 tickers) ... OK (50 cols)
  [DATA] Batch 5/11 (50 tickers) ... OK (50 cols)
  [DATA] Batch 6/11 (50 tickers) ... OK (50 cols)
  [DATA] Batch 7/11 (50 tickers) ... OK (50 cols)
  [DATA] Batch 8/11 (50 tickers) ... OK (50 cols)
  [DATA] Batch 9/11 (50 tickers) ... OK (50 cols)
  [DATA] Batch 10/11 (50 tickers) ... OK (50 cols)
  [DATA] Batch 11/11 (17 tickers) ... OK (17 cols)

[STEP 3] Cleaning data ...
[STEP 3] Dropped 9 tickers (>10% missing).  Remaining: 505 tickers.

  [DATA] 505 tickers after cleaning.

[STEP 4] Checking market regime ...
  [REGIME] Fetching S&P 500 and VIX data ...
  [REGIME] S&P 500 price=6611.8  EMA50=6712.2  EMA200=6587.3  above_200EMA=Y
  [REGIME] VIX=25.78  scale=1.00  -> ELEVATED
  [REGIME] VIX overridden to 25.78

[STEP 5] Computing blended momentum scores ...
  [SCAN] Momentum scores computed for 505 tickers.

[STEP 6] Computing technical indicators ...
  [SCAN] Technical indicators computed for 505 tickers.

[STEP 7] Merging candidates ...
  [SCAN] 505 candidates before entry filters.

[STEP 8] Applying entry filters ...
  [FILTER] price >= 10.0: removed 1 (504 remain)
  [FILTER] avg_vol_20d >= 500,000: removed 19 (485 remain)
  [FILTER] top 10% mom_score: removed 436 (49 remain)
  [FILTER] 52w_high_pct >= 0.9: removed 18 (31 remain)
  [FILTER] vol_ratio >= 1.2: removed 25 (6 remain)
  [FILTER] ADX >= 20: removed 2 (4 remain)
  [FILTER] 505 -> 4 after all filters.

  [SCAN] Exported 4 candidates -> C:\Users\User\Desktop\adf bot\momentum_candidates.csv

------------------------------------------------------------
  MOMENTUM SCAN COMPLETE
  Regime   : ELEVATED
  VIX      : 25.780000686645508
  VIX scale: 1.00
  Candidates passed: 4

  Top 5 momentum candidates:
  Ticker   Sector                        MomScore    RSI    ADX
  -------  ---------------------------  --------- ------ ------
  HAL      Energy                           0.442   56.1   22.6
  VLO      Energy                           0.385   61.4   32.0
  APA      Energy                           0.371   73.4   49.2
  CF       Materials                        0.366   60.8   30.0
------------------------------------------------------------
  [REGIME] Fetching S&P 500 and VIX data ...
  [REGIME] S&P 500 price=6611.8  EMA50=6712.2  EMA200=6587.3  above_200EMA=Y
  [REGIME] VIX=25.78  scale=1.00  -> ELEVATED
  [MOM-SIG] Processing 4 momentum candidates ...
  ------------------------------------------------------------
    [REJECT]     VLO  min_trades, win_rate, profit_factor, total_pnl, sharpe, avg_gain_loss, oos_pnl, oos_sharpe
    [REJECT]      CF  min_trades, win_rate, profit_factor, total_pnl, sharpe, avg_gain_loss, oos_pnl, oos_sharpe
  ------------------------------------------------------------
  [MOM-SIG] Results: 0 diamonds, 2 rejected, 2 no signal, 0 errors

  ============================================================
    MOMENTUM RESULTS
  ============================================================
    Candidates      : 4
    No live signal  : 2
    Errors          : 0
    * Mom Diamond   : 0
    x Rejected      : 2

  -- Momentum Rejected (2) --
    x    VLO  min_trades, win_rate, profit_factor, total_pnl, sharpe, avg_gain_loss, oos_pnl, oos_sharpe
    x     CF  min_trades, win_rate, profit_factor, total_pnl, sharpe, avg_gain_loss, oos_pnl, oos_sharpe

  --- PHASE 4 — Bear Market Module ---

  VIX: 25.8 > 25.0 -- bear module active


  [BEAR] =======================================================
  [BEAR] Bear Market Signal Engine
  [BEAR] 2026-04-07 22:34:07
  [BEAR] =======================================================

  [BEAR] Regime: ELEVATED
  [BEAR] SPY: $658.93  50SMA: $674.40  200SMA: $659.38
  [BEAR] SPY 20d return: -1.7%
  [BEAR] VIX: 25.8  Scale: 1.00

  [BOUNCE] --------------------------------------------------
  [BOUNCE] Checking RSI(2) + IBS on SPY ...
  [BOUNCE] No signal: rsi_oversold, ibs_low

  [BOUNCE] --------------------------------------------------
  [BOUNCE] Checking RSI(2) + IBS on QQQ ...
  [BOUNCE] No signal: rsi_oversold, ibs_low

  [BOUNCE] --------------------------------------------------
  [BOUNCE] Checking RSI(2) + IBS on IWM ...
  [BOUNCE] No signal: rsi_oversold, ibs_low

  [SHORT] --------------------------------------------------
  [SHORT] Checking inverse ETF trend signal (SH) ...
  [SHORT] No signal: negative_momentum

  [BEAR] =======================================================
  [BEAR] Results: 0 bounce diamond(s), 0 short diamond(s)
  [BEAR] =======================================================


  ============================================================
    BEAR MODULE RESULTS
  ============================================================
    Bounce diamonds : 0
    Bounce rejected : 0
    Short diamonds  : 0
    Short rejected  : 0


  Log     → C:\Users\User\Desktop\adf bot\logs\2026-04-07_222956.log
  Journal → C:\Users\User\Desktop\adf bot\system_log.csv
  Errors  → C:\Users\User\Desktop\adf bot\error.log

