
  ╔══════════════════════════════════════════════════════════════╗
  ║     PAIRS TRADING SYSTEM — Daily Orchestration              ║
  ║     2026-04-07 21:18:33                                        ║
  ╚══════════════════════════════════════════════════════════════╝

  ── System Health ──────────────────────────────
    Data Source      : ● ONLINE
    Pairs Loaded     : 150
    Scanner Age      : 0d old
    System Log       : Exists
    Error Log        : error.log
    Strategy         : z_entry=2.0 | z_exit=0.0 | z_stop=3.0 | hold<=20d
    Quality Gates    : WR>55.0% | PF>1.5x | P&L>$0
    Regime Gates     : Split-Half | ADF-90d | Recent Momentum
  ──────────────────────────────────────────────────

  ═══ PHASE 0 — Portfolio Update ═══

  No positions closed today.

  -- Live Portfolio -------------------------------------------
    No open positions.

    Positions open   : 0 / 10
    Total live P&L   : $+0.00
    Peak P&L         : $+0.00
    System drawdown  : $+0.00  (limit $-1500)
  ------------------------------------------------------------
  --- PHASE 0b — Momentum Portfolio Update ---

  No momentum positions closed today.

  -- Momentum Portfolio ---------------------------------------
    Open positions : 0 / 5
    Realized P&L   : $+0.00
    Total trades   : 0
    Consec. losses : 0
  -------------------------------------------------------------

  --- PHASE 0c — Bear Portfolio Update ---

  No bear positions closed today.

  -- Bear Module Portfolio ------------------------------------
    Open positions : 0 / 2
    Realized P&L   : $+0.00
    Total trades   : 0
    Consec. losses : 0
  -------------------------------------------------------------

  Scanner skipped (candidates 0d old, refresh every 3d). Use --scan to force.

  ═══ PHASE 2 — Master Signal (live + backtest) ═══


╔══════════════════════════════════════════════════════════════╗
║  MASTER SIGNAL v3 — Audit-Fixed Verification Engine         ║
║  Run : 2026-04-07 21:18:35                                  ║
╚══════════════════════════════════════════════════════════════╝

  Loaded 150 pairs from daily_candidates.csv
  Strategy: β=60d | z=20d | Entry |z|>2.0 | Exit z→0.0 | Stop |z|>3.0 | Hold≤20d
  Quality gates: WR>55.0% | PF>1.5x | P&L>$0
  Slippage: 0.15% on notional (entry+exit, both legs) | Capital: $1,000/trade
  Execution: 1-bar delay (signal@close → trade@next close)


  !!!!!!!!!!!!!!!!!!!!!!!!!!!!!!!!!!!!!!!!!!!!!!!!!!!!!!!!!!!!
  ⚠  VIX REGIME BLOCK: 25.9 > 25.0
  Signals shown but flagged BLOCKED. No new entries advised.
  !!!!!!!!!!!!!!!!!!!!!!!!!!!!!!!!!!!!!!!!!!!!!!!!!!!!!!!!!!!!

  [1/150]        ALL / GL  —  No signal  (|z| = 1.42)
  [2/150]       PPL / WEC  —  No signal  (|z| = 1.83)
  [3/150]      KLAC / STX  ⚡ z=+2.07 SHORT  →  ✗ REJECTED
  [4/150]        ADI / MU  ⚡ z=+3.18 SHORT  →  ✗ REJECTED
  [5/150]     ADSK / PANW  ⚡ z=+2.07 SHORT  →  ✗ REJECTED
  [6/150]       DTE / DUK  ⚡ z=+2.36 SHORT  →  ✗ REJECTED
  [7/150]         J / PNR  —  No signal  (|z| = 1.16)
  [8/150]      GILD / DGX  ⚡ z=+2.82 SHORT  →  ✗ REJECTED
  [9/150]     CDNS / MSFT  ⚡ z=-2.97  LONG  →  ✗ REJECTED
  [10/150]        GL / HIG  —  No signal  (|z| = 1.28)
  [11/150]       EME / NSC  —  No signal  (|z| = 1.71)
  [12/150]       AME / CMI  —  No signal  (|z| = 0.53)
  [13/150]      FITB / USB  —  No signal  (|z| = 0.65)
  [14/150]        GL / TRV  —  No signal  (|z| = 0.84)
  [15/150]       GL / IBKR  —  No signal  (|z| = 1.43)
  [16/150]      AMZN / CCL  —  No signal  (|z| = 0.90)
  [17/150]       HWM / JCI  —  No signal  (|z| = 1.72)
  [18/150]      DOV / JBHT  —  No signal  (|z| = 1.45)
  [19/150]      ABBV / CVS  —  No signal  (|z| = 1.34)
  [20/150]      DOV / PCAR  —  No signal  (|z| = 1.69)
  [21/150]      ABBV / MDT  —  No signal  (|z| = 1.20)
  [22/150]      COO / RVTY  —  No signal  (|z| = 1.18)
  [23/150]       NVR / MHK  —  No signal  (|z| = 0.81)
  [24/150]     AMZN / TSLA  —  No signal  (|z| = 0.63)
  [25/150]      LDOS / URI  —  No signal  (|z| = 1.52)
  [26/150]     GOOGL / WBD  —  No signal  (|z| = 1.92)
  [27/150]      AMZN / WSM  —  No signal  (|z| = 1.65)
  [28/150]      ADI / LRCX  —  No signal  (|z| = 0.66)
  [29/150]        NI / PPL  ⚡ z=+2.38 SHORT  →  ✗ REJECTED
  [30/150]          BK / L  —  No signal  (|z| = 0.47)
  [31/150]      GOOG / WBD  —  No signal  (|z| = 1.91)
  [32/150]       BAX / ZTS  —  No signal  (|z| = 1.49)
  [33/150]       ADI / WDC  ⚡ z=+2.40 SHORT  →  ✗ REJECTED
  [34/150]      CHRW / CAT  ⚡ z=+2.30 SHORT  →  ✗ REJECTED
  [35/150]        CI / ELV  —  No signal  (|z| = 1.04)
  [36/150]       COR / CVS  —  No signal  (|z| = 1.90)
  [37/150]       ESS / MAA  —  No signal  (|z| = 1.10)
  [38/150]       ALL / CME  ⚡ z=-2.57  LONG  →  ✗ REJECTED
  [39/150]      BF-B / KHC  —  No signal  (|z| = 0.28)
  [40/150]       AME / LUV  —  No signal  (|z| = 1.70)
  [41/150]       CMS / DUK  —  No signal  (|z| = 1.31)
  [42/150]       EQR / UDR  —  No signal  (|z| = 0.50)
  [43/150]      FDX / JBHT  —  No signal  (|z| = 1.59)
  [44/150]       CEG / NRG  —  No signal  (|z| = 0.57)
  [45/150]       PWR / ROK  —  No signal  (|z| = 0.30)
  [46/150]      CHRW / CMI  —  No signal  (|z| = 0.48)
  [47/150]       CSX / VRT  —  No signal  (|z| = 1.47)
  [48/150]        BAC / MS  —  No signal  (|z| = 0.24)
  [49/150]      ADI / COHR  —  No signal  (|z| = 1.85)
  [50/150]       PSX / VLO  —  No signal  (|z| = 0.62)
  [51/150]      JPM / NDAQ  —  No signal  (|z| = 1.21)
  [52/150]      NTRS / STT  ⚡ z=-2.09  LONG  →  ✗ REJECTED
  [53/150]       ADI / STX  ⚡ z=+2.42 SHORT  →  ✗ REJECTED
  [54/150]        IR / UPS  —  No signal  (|z| = 0.83)
  [55/150]       DG / DLTR  —  No signal  (|z| = 1.69)
  [56/150]       CPT / ESS  —  No signal  (|z| = 1.36)
  [57/150]     ALLE / LDOS  —  No signal  (|z| = 1.30)
  [58/150]       HD / NCLH  —  No signal  (|z| = 1.71)
  [59/150]        AFL / GL  —  No signal  (|z| = 1.03)
  [60/150]      CBOE / TRV  ⚡ z=+2.83 SHORT  →  ✗ REJECTED
  [61/150]       AEE / PPL  ⚡ z=+2.19 SHORT  →  ✗ REJECTED
  [62/150]       INTC / MU  ⚡ z=+2.84 SHORT  →  ✗ REJECTED
  [63/150]       FCX / NUE  —  No signal  (|z| = 1.30)
  [64/150]     GNRC / HUBB  ⚡ z=+2.64 SHORT  →  ✗ REJECTED
  [65/150]         ES / FE  ⚡ z=+2.80 SHORT  →  ✗ REJECTED
  [66/150]        ALL / BK  —  No signal  (|z| = 0.86)
  [67/150]       FTV / IEX  ⚡ z=-2.07  LONG  →  ✗ REJECTED
  [68/150]      ALL / NDAQ  ⚡ z=+3.05 SHORT  →  ✗ REJECTED
  [69/150]       ADM / HSY  ⚡ z=+2.91 SHORT  →  ✗ REJECTED
  [70/150]      ATO / EVRG  ⚡ z=-2.24  LONG  →  ✗ REJECTED
  [71/150]         DE / WM  ⚡ z=+2.27 SHORT  →  ✗ REJECTED
  [72/150]       CMI / LUV  —  No signal  (|z| = 1.56)
  [73/150]       ABT / BSX  ⚡ z=+2.77 SHORT  →  ✗ REJECTED
  [74/150]       CPB / GIS  —  No signal  (|z| = 0.25)
  [75/150]      CBOE / HIG  —  No signal  (|z| = 0.75)
  [76/150]      NEM / STLD  —  No signal  (|z| = 0.78)
  [77/150]        BK / TRV  —  No signal  (|z| = 0.88)
  [78/150]         J / URI  —  No signal  (|z| = 1.44)
  [79/150]     HBAN / NDAQ  —  No signal  (|z| = 1.27)
  [80/150]     FISV / MRSH  —  No signal  (|z| = 1.18)
  [81/150]      ANET / HPE  —  No signal  (|z| = 1.81)
  [82/150]      ALL / CBOE  ⚡ z=-2.77  LONG  →  ✗ REJECTED
  [83/150]       TFC / USB  —  No signal  (|z| = 1.02)
  [84/150]        KEY / RF  —  No signal  (|z| = 1.50)
  [85/150]      CHRW / LUV  —  No signal  (|z| = 1.31)
  [86/150]        BG / HSY  ⚡ z=+2.85 SHORT  →  ✗ REJECTED
  [87/150]        GL / STT  —  No signal  (|z| = 1.54)
  [88/150]      COF / NDAQ  —  No signal  (|z| = 0.08)
  [89/150]      AME / CHRW  —  No signal  (|z| = 1.74)
  [90/150]       DTE / EXC  —  No signal  (|z| = 1.89)
  [91/150]       LNT / ATO  —  No signal  (|z| = 1.73)
  [92/150]      INTC / WDC  ⚡ z=+2.34 SHORT  →  ✗ REJECTED
  [93/150]      ALL / IBKR  —  No signal  (|z| = 0.75)
  [94/150]      ADSK / GEN  —  No signal  (|z| = 1.64)
  [95/150]      IBKR / WFC  —  No signal  (|z| = 1.50)
  [96/150]       GL / NDAQ  —  No signal  (|z| = 1.26)
  [97/150]       EQR / EXR  ⚡ z=-2.09  LONG  →  ✗ REJECTED
  [98/150]       CVS / MCK  ⚡ z=-2.78  LONG  →  ✗ REJECTED
  [99/150]          GS / L  —  No signal  (|z| = 0.34)
  [100/150]      AVGO / TEL  —  No signal  (|z| = 0.12)
  [101/150]       ESS / UDR  —  No signal  (|z| = 1.07)
  [102/150]     CIEN / KEYS  ⚡ z=-2.15  LONG  →  ✗ REJECTED
  [103/150]       MTB / USB  —  No signal  (|z| = 1.46)
  [104/150]       CMS / PPL  —  No signal  (|z| = 0.87)
  [105/150]      BRK-B / GL  —  No signal  (|z| = 1.61)
  [106/150]        GS / STT  —  No signal  (|z| = 1.08)
  [107/150]       GL / NTRS  —  No signal  (|z| = 1.23)
  [108/150]      AMCR / IFF  —  No signal  (|z| = 1.70)
  [109/150]         GL / GS  —  No signal  (|z| = 1.33)
  [110/150]       LNT / DUK  ⚡ z=+2.12 SHORT  →  ✗ REJECTED
  [111/150]       MTD / TMO  —  No signal  (|z| = 0.77)
  [112/150]        CBOE / L  ⚡ z=+2.89 SHORT  →  ✗ REJECTED
  [113/150]           C / L  —  No signal  (|z| = 0.39)
  [114/150]       GEV / JCI  —  No signal  (|z| = 0.03)
  [115/150]      CSCO / JBL  —  No signal  (|z| = 0.81)
  [116/150]      CINF / TRV  —  No signal  (|z| = 0.21)
  [117/150]      NDAQ / WFC  —  No signal  (|z| = 1.44)
  [118/150]     INTC / KLAC  ⚡ z=+2.31 SHORT  →  ✗ REJECTED
  [119/150]       ALL / JPM  —  No signal  (|z| = 1.67)
  [120/150]       ATO / XEL  —  No signal  (|z| = 1.52)
  [121/150]         GL / MS  —  No signal  (|z| = 1.18)
  [122/150]      AMAT / TER  ⚡ z=+2.31 SHORT  →  ✗ REJECTED
  [123/150]        AEE / NI  ⚡ z=-2.99  LONG  →  ✗ REJECTED
  [124/150]      FOXA / TKO  —  No signal  (|z| = 0.86)
  [125/150]        ALB / DD  ⚡ z=+2.01 SHORT  →  ✗ REJECTED
  [126/150]       ALL / TRV  —  No signal  (|z| = 0.52)
  [127/150]       KEY / USB  —  No signal  (|z| = 0.61)
  [128/150]      INTC / STX  ⚡ z=+2.26 SHORT  →  ✗ REJECTED
  [129/150]        CLX / PG  —  No signal  (|z| = 1.43)
  [130/150]       FIX / LHX  —  No signal  (|z| = 1.98)
  [131/150]      IBKR / JPM  —  No signal  (|z| = 1.84)
  [132/150]      INTC / TER  ⚡ z=+2.28 SHORT  →  ✗ REJECTED
  [133/150]        AME / PH  —  No signal  (|z| = 1.66)
  [134/150]      ADBE / HPQ  —  No signal  (|z| = 0.79)
  [135/150]       AMP / APO  —  No signal  (|z| = 1.73)
  [136/150]      ABT / PODD  ⚡ z=+2.17 SHORT  →  ✗ REJECTED
  [137/150]      CSX / HUBB  —  No signal  (|z| = 0.74)
  [138/150]       PNC / USB  —  No signal  (|z| = 1.26)
  [139/150]       JCI / RTX  —  No signal  (|z| = 0.60)
  [140/150]        MS / STT  —  No signal  (|z| = 0.67)
  [141/150]        F / ULTA  —  No signal  (|z| = 1.01)
  [142/150]       AME / CAT  —  No signal  (|z| = 1.08)
  [143/150]       AMP / MET  —  No signal  (|z| = 1.31)
  [144/150]     INTC / LRCX  ⚡ z=+3.03 SHORT  →  ✗ REJECTED
  [145/150]     ANET / NVDA  —  No signal  (|z| = 1.35)
  [146/150]        AVY / CE  —  No signal  (|z| = 1.62)
  [147/150]       AME / FIX  —  No signal  (|z| = 1.67)
  [148/150]        BLK / GL  —  No signal  (|z| = 1.57)
  [149/150]          GL / L  —  No signal  (|z| = 0.03)
  [150/150]     AVGO / NVDA  —  No signal  (|z| = 0.92)


════════════════════════════════════════════════════════════════
  SCAN COMPLETE
════════════════════════════════════════════════════════════════
  Pairs scanned   : 150
  No live signal  : 111
  Download errors : 0
  Signals found   : 39
    ◆ Diamond     : 0
    ✗ Rejected    : 39
════════════════════════════════════════════════════════════════

  No diamond signals today.


  ── Rejected Signals (had live z, failed backtest) ──

  KLAC / STX:
    ✗  REJECTED: Failed Split-Half
       Live z=+2.07 SHORT | BT: 31 trades, WR 48%, PF 0.89x, P&L $-14
       Gates: WR 48.4% < 55.0% | PF 0.89x < 1.5x | P&L $-14.02 ≤ $50 | Sharpe -0.24 < 1.0 | Sortino -0.36 < 1.0 | Avg P&L $-0.45 < $8.00 | Failed H1 P&L ($+19 < $30) | Failed H2 P&L ($-33 < $30) | Low Recent Momentum: last 5 trades P&L=$-42 | IS/OOS decay: OOS=-1.02 vs IS=0.38 | Walk-Forward OOS: Sharpe=-1.02, P&L=$-25.74 | Low Recent Cointegration: ADF p=0.472 > 0.1

  ADI / MU:
    ✗  REJECTED: Unstable Hedge Ratio
       Live z=+3.18 SHORT | BT: 37 trades, WR 49%, PF 1.61x, P&L $+134
       Gates: WR 48.6% < 55.0% | Sharpe +0.76 < 1.0 | Unstable Beta: CV=0.69 > 0.6 | Avg P&L $+3.62 < $8.00 | Failed H1 P&L ($-2 < $30) | Low Recent Momentum: last 5 trades P&L=$-63

  ADSK / PANW:
    ✗  REJECTED: Unstable Hedge Ratio
       Live z=+2.07 SHORT | BT: 36 trades, WR 36%, PF 0.63x, P&L $-53
       Gates: WR 36.1% < 55.0% | PF 0.63x < 1.5x | P&L $-52.99 ≤ $50 | Sharpe -0.98 < 1.0 | Unstable Beta: CV=0.83 > 0.6 | Sortino -1.96 < 1.0 | Avg P&L $-1.47 < $8.00 | Failed H1 P&L ($-37 < $30) | Failed H2 P&L ($-16 < $30) | Walk-Forward OOS: Sharpe=-0.53, P&L=$-6.76 | Low Recent Cointegration: ADF p=0.426 > 0.1

  DTE / DUK:
    ✗  REJECTED: Failed Split-Half
       Live z=+2.36 SHORT | BT: 30 trades, WR 33%, PF 0.39x, P&L $-34
       Gates: WR 33.3% < 55.0% | PF 0.39x < 1.5x | P&L $-33.68 ≤ $50 | Sharpe -1.68 < 1.0 | Sortino -2.14 < 1.0 | Avg P&L $-1.12 < $8.00 | Failed H1 P&L ($-12 < $30) | Failed H2 P&L ($-21 < $30) | Walk-Forward OOS: Sharpe=-0.47, P&L=$-2.56 | Low Recent Cointegration: ADF p=0.340 > 0.1

  GILD / DGX:
    ✗  REJECTED: Unstable Hedge Ratio
       Live z=+2.82 SHORT | BT: 30 trades, WR 33%, PF 0.54x, P&L $-54
       Gates: WR 33.3% < 55.0% | PF 0.54x < 1.5x | P&L $-54.04 ≤ $50 | Sharpe -1.19 < 1.0 | Unstable Beta: CV=1.37 > 0.6 | Sortino -1.59 < 1.0 | Avg P&L $-1.80 < $8.00 | Failed H1 P&L ($+10 < $30) | Failed H2 P&L ($-64 < $30) | Walk-Forward OOS: Sharpe=-2.49, P&L=$-29.10 | Low Recent Cointegration: ADF p=0.485 > 0.1

  CDNS / MSFT:
    ✗  REJECTED: Failed Split-Half
       Live z=-2.97 LONG | BT: 29 trades, WR 31%, PF 0.65x, P&L $-27
       Gates: WR 31.0% < 55.0% | PF 0.65x < 1.5x | P&L $-27.48 ≤ $50 | Sharpe -0.82 < 1.0 | Sortino -1.23 < 1.0 | Avg P&L $-0.95 < $8.00 | Failed H1 P&L ($-16 < $30) | Failed H2 P&L ($-11 < $30) | Low Recent Momentum: last 5 trades P&L=$-4 | Low Recent Cointegration: ADF p=0.138 > 0.1

  NI / PPL:
    ✗  REJECTED: Failed Split-Half
       Live z=+2.38 SHORT | BT: 30 trades, WR 33%, PF 0.39x, P&L $-32
       Gates: WR 33.3% < 55.0% | PF 0.39x < 1.5x | P&L $-31.96 ≤ $50 | Sharpe -1.94 < 1.0 | Sortino -3.18 < 1.0 | Avg P&L $-1.07 < $8.00 | Failed H1 P&L ($-24 < $30) | Failed H2 P&L ($-8 < $30) | Walk-Forward OOS: Sharpe=-1.66, P&L=$-9.97

  ADI / WDC:
    ✗  REJECTED: Unstable Hedge Ratio
       Live z=+2.40 SHORT | BT: 38 trades, WR 47%, PF 1.14x, P&L $+23
       Gates: WR 47.4% < 55.0% | PF 1.14x < 1.5x | P&L $+22.77 ≤ $50 | Sharpe +0.25 < 1.0 | Unstable Beta: CV=0.90 > 0.6 | Sortino +0.44 < 1.0 | Avg P&L $+0.60 < $8.00 | Failed H1 P&L ($-23 < $30) | Low Recent Momentum: last 5 trades P&L=$-32

  CHRW / CAT:
    ✗  REJECTED: Unstable Hedge Ratio
       Live z=+2.30 SHORT | BT: 33 trades, WR 52%, PF 1.79x, P&L $+41
       Gates: WR 51.5% < 55.0% | P&L $+41.10 ≤ $50 | Sharpe +0.88 < 1.0 | Unstable Beta: CV=1.45 > 0.6 | Avg P&L $+1.25 < $8.00 | Failed H1 P&L ($+16 < $30) | Failed H2 P&L ($+26 < $30) | Low Recent Cointegration: ADF p=0.617 > 0.1 | Low Recent Correlation: ρ=0.66 < 0.7

  ALL / CME:
    ✗  REJECTED: Unstable Hedge Ratio
       Live z=-2.57 LONG | BT: 34 trades, WR 29%, PF 0.33x, P&L $-67
       Gates: WR 29.4% < 55.0% | PF 0.33x < 1.5x | P&L $-66.85 ≤ $50 | Sharpe -1.96 < 1.0 | Unstable Beta: CV=1.12 > 0.6 | Sortino -2.58 < 1.0 | Avg P&L $-1.97 < $8.00 | Failed H1 P&L ($-16 < $30) | Failed H2 P&L ($-51 < $30) | Low Recent Momentum: last 5 trades P&L=$-15 | Walk-Forward OOS: Sharpe=-1.20, P&L=$-15.76 | Low Recent Cointegration: ADF p=0.191 > 0.1 | Low Recent Correlation: ρ=0.30 < 0.7

  NTRS / STT:
    ✗  REJECTED: Failed Split-Half
       Live z=-2.09 LONG | BT: 30 trades, WR 40%, PF 0.83x, P&L $-12
       Gates: WR 40.0% < 55.0% | PF 0.83x < 1.5x | P&L $-11.84 ≤ $50 | Sharpe -0.31 < 1.0 | Sortino -0.77 < 1.0 | Avg P&L $-0.39 < $8.00 | Failed H1 P&L ($+11 < $30) | Failed H2 P&L ($-22 < $30) | Low Recent Momentum: last 5 trades P&L=$-3 | IS/OOS decay: OOS=-3.40 vs IS=0.23 | Walk-Forward OOS: Sharpe=-3.40, P&L=$-18.53

  ADI / STX:
    ✗  REJECTED: Unstable Hedge Ratio
       Live z=+2.42 SHORT | BT: 39 trades, WR 46%, PF 0.70x, P&L $-78
       Gates: WR 46.2% < 55.0% | PF 0.70x < 1.5x | P&L $-77.83 ≤ $50 | Sharpe -0.62 < 1.0 | Unstable Beta: CV=0.64 > 0.6 | Sortino -0.68 < 1.0 | Avg P&L $-2.00 < $8.00 | Failed H1 P&L ($-30 < $30) | Failed H2 P&L ($-48 < $30) | Low Recent Momentum: last 5 trades P&L=$-48 | Walk-Forward OOS: Sharpe=-1.30, P&L=$-70.55 | Low Recent Cointegration: ADF p=0.106 > 0.1

  CBOE / TRV:
    ✗  REJECTED: Unstable Hedge Ratio
       Live z=+2.83 SHORT | BT: 39 trades, WR 38%, PF 0.32x, P&L $-90
       Gates: WR 38.5% < 55.0% | PF 0.32x < 1.5x | P&L $-90.13 ≤ $50 | Sharpe -2.21 < 1.0 | Unstable Beta: CV=1.11 > 0.6 | Sortino -2.55 < 1.0 | Avg P&L $-2.31 < $8.00 | Failed H1 P&L ($-13 < $30) | Failed H2 P&L ($-77 < $30) | Low Recent Momentum: last 5 trades P&L=$-25 | Walk-Forward OOS: Sharpe=-3.68, P&L=$-63.97 | Low Recent Cointegration: ADF p=0.108 > 0.1 | Low Recent Correlation: ρ=0.65 < 0.7

  AEE / PPL:
    ✗  REJECTED: Failed Split-Half
       Live z=+2.19 SHORT | BT: 31 trades, WR 29%, PF 0.28x, P&L $-35
       Gates: WR 29.0% < 55.0% | PF 0.28x < 1.5x | P&L $-35.44 ≤ $50 | Sharpe -2.36 < 1.0 | Sortino -3.23 < 1.0 | Avg P&L $-1.14 < $8.00 | Failed H1 P&L ($-22 < $30) | Failed H2 P&L ($-13 < $30) | Low Recent Momentum: last 5 trades P&L=$-5 | Walk-Forward OOS: Sharpe=-2.54, P&L=$-10.88 | Low Recent Cointegration: ADF p=0.756 > 0.1

  INTC / MU:
    ✗  REJECTED: Unstable Hedge Ratio
       Live z=+2.84 SHORT | BT: 34 trades, WR 50%, PF 0.89x, P&L $-25
       Gates: WR 50.0% < 55.0% | PF 0.89x < 1.5x | P&L $-25.41 ≤ $50 | Sharpe -0.24 < 1.0 | Unstable Beta: CV=1.07 > 0.6 | Sortino -0.40 < 1.0 | Avg P&L $-0.75 < $8.00 | Failed H1 P&L ($-42 < $30) | Failed H2 P&L ($+16 < $30) | IS/OOS decay: OOS=-0.97 vs IS=0.08 | Walk-Forward OOS: Sharpe=-0.97, P&L=$-31.22

  GNRC / HUBB:
    ✗  REJECTED: Unstable Hedge Ratio
       Live z=+2.64 SHORT | BT: 33 trades, WR 33%, PF 0.76x, P&L $-38
       Gates: WR 33.3% < 55.0% | PF 0.76x < 1.5x | P&L $-37.66 ≤ $50 | Sharpe -0.46 < 1.0 | Unstable Beta: CV=0.90 > 0.6 | Sortino -0.78 < 1.0 | Avg P&L $-1.14 < $8.00 | Failed H1 P&L ($-0 < $30) | Failed H2 P&L ($-37 < $30) | IS/OOS decay: OOS=-1.16 vs IS=0.17 | Walk-Forward OOS: Sharpe=-1.16, P&L=$-44.82 | Low Recent Cointegration: ADF p=0.656 > 0.1

  ES / FE:
    ✗  REJECTED: Unstable Hedge Ratio
       Live z=+2.80 SHORT | BT: 41 trades, WR 29%, PF 0.44x, P&L $-56
       Gates: WR 29.3% < 55.0% | PF 0.44x < 1.5x | P&L $-56.20 ≤ $50 | Sharpe -1.48 < 1.0 | Unstable Beta: CV=0.72 > 0.6 | Sortino -1.85 < 1.0 | Avg P&L $-1.37 < $8.00 | Failed H1 P&L ($+7 < $30) | Failed H2 P&L ($-63 < $30) | Low Recent Momentum: last 5 trades P&L=$-18 | Walk-Forward OOS: Sharpe=-3.93, P&L=$-39.86

  FTV / IEX:
    ✗  REJECTED: Failed Split-Half
       Live z=-2.07 LONG | BT: 30 trades, WR 50%, PF 0.58x, P&L $-35
       Gates: WR 50.0% < 55.0% | PF 0.58x < 1.5x | P&L $-35.12 ≤ $50 | Sharpe -0.98 < 1.0 | Sortino -1.29 < 1.0 | Avg P&L $-1.17 < $8.00 | Failed H1 P&L ($-28 < $30) | Failed H2 P&L ($-7 < $30) | Low Recent Momentum: last 5 trades P&L=$-1 | Low Recent Cointegration: ADF p=0.459 > 0.1

  ALL / NDAQ:
    ✗  REJECTED: Unstable Hedge Ratio
       Live z=+3.05 SHORT | BT: 28 trades, WR 43%, PF 0.52x, P&L $-61
       Gates: WR 42.9% < 55.0% | PF 0.52x < 1.5x | P&L $-60.67 ≤ $50 | Sharpe -1.03 < 1.0 | Unstable Beta: CV=1.25 > 0.6 | Sortino -1.07 < 1.0 | Avg P&L $-2.17 < $8.00 | Failed H1 P&L ($-27 < $30) | Failed H2 P&L ($-33 < $30) | Low Recent Momentum: last 5 trades P&L=$-44 | Walk-Forward OOS: Sharpe=-1.09, P&L=$-31.93 | Low Recent Cointegration: ADF p=0.399 > 0.1 | Low Recent Correlation: ρ=-0.40 < 0.7

  ADM / HSY:
    ✗  REJECTED: Unstable Hedge Ratio
       Live z=+2.91 SHORT | BT: 38 trades, WR 42%, PF 0.71x, P&L $-35
       Gates: WR 42.1% < 55.0% | PF 0.71x < 1.5x | P&L $-35.22 ≤ $50 | Sharpe -0.68 < 1.0 | Unstable Beta: CV=1.22 > 0.6 | Sortino -1.19 < 1.0 | Avg P&L $-0.93 < $8.00 | Failed H1 P&L ($+20 < $30) | Failed H2 P&L ($-55 < $30) | Low Recent Momentum: last 5 trades P&L=$-15 | Walk-Forward OOS: Sharpe=-2.30, P&L=$-30.35 | Low Recent Cointegration: ADF p=0.248 > 0.1

  ATO / EVRG:
    ✗  REJECTED: Failed Split-Half
       Live z=-2.24 LONG | BT: 40 trades, WR 35%, PF 0.47x, P&L $-35
       Gates: WR 35.0% < 55.0% | PF 0.47x < 1.5x | P&L $-34.58 ≤ $50 | Sharpe -1.47 < 1.0 | Sortino -2.02 < 1.0 | Avg P&L $-0.86 < $8.00 | Failed H1 P&L ($-35 < $30) | Failed H2 P&L ($+1 < $30) | Low Recent Momentum: last 5 trades P&L=$-4 | Walk-Forward OOS: Sharpe=-0.92, P&L=$-8.12 | Low Recent Cointegration: ADF p=0.673 > 0.1

  DE / WM:
    ✗  REJECTED: Unstable Hedge Ratio
       Live z=+2.27 SHORT | BT: 30 trades, WR 53%, PF 1.61x, P&L $+29
       Gates: WR 53.3% < 55.0% | P&L $+28.89 ≤ $50 | Sharpe +0.88 < 1.0 | Unstable Beta: CV=0.91 > 0.6 | Avg P&L $+0.96 < $8.00 | Failed H1 P&L ($+4 < $30) | Failed H2 P&L ($+25 < $30) | Low Recent Cointegration: ADF p=0.463 > 0.1

  ABT / BSX:
    ✗  REJECTED: Unstable Hedge Ratio
       Live z=+2.77 SHORT | BT: 30 trades, WR 43%, PF 1.21x, P&L $+13
       Gates: WR 43.3% < 55.0% | PF 1.21x < 1.5x | P&L $+13.19 ≤ $50 | Sharpe +0.31 < 1.0 | Unstable Beta: CV=3.41 > 0.6 | Sortino +0.75 < 1.0 | Avg P&L $+0.44 < $8.00 | Failed H1 P&L ($+1 < $30) | Failed H2 P&L ($+12 < $30) | Low Recent Cointegration: ADF p=0.245 > 0.1

  ALL / CBOE:
    ✗  REJECTED: Unstable Hedge Ratio
       Live z=-2.77 LONG | BT: 36 trades, WR 33%, PF 0.31x, P&L $-71
       Gates: WR 33.3% < 55.0% | PF 0.31x < 1.5x | P&L $-71.42 ≤ $50 | Sharpe -2.13 < 1.0 | Unstable Beta: CV=1.35 > 0.6 | Sortino -2.33 < 1.0 | Avg P&L $-1.98 < $8.00 | Failed H1 P&L ($-31 < $30) | Failed H2 P&L ($-40 < $30) | Walk-Forward OOS: Sharpe=-1.17, P&L=$-17.10 | Low Recent Cointegration: ADF p=0.123 > 0.1 | Low Recent Correlation: ρ=0.19 < 0.7

  BG / HSY:
    ✗  REJECTED: Unstable Hedge Ratio
       Live z=+2.85 SHORT | BT: 31 trades, WR 39%, PF 0.97x, P&L $-4
       Gates: WR 38.7% < 55.0% | PF 0.97x < 1.5x | P&L $-4.43 ≤ $50 | Sharpe -0.06 < 1.0 | Unstable Beta: CV=12.69 > 0.6 | Sortino -0.10 < 1.0 | Avg P&L $-0.14 < $8.00 | Failed H2 P&L ($-69 < $30) | Low Recent Momentum: last 5 trades P&L=$-20 | IS/OOS decay: OOS=-1.75 vs IS=0.53 | Walk-Forward OOS: Sharpe=-1.75, P&L=$-33.46 | Low Recent Cointegration: ADF p=0.368 > 0.1

  INTC / WDC:
    ✗  REJECTED: Unstable Hedge Ratio
       Live z=+2.34 SHORT | BT: 35 trades, WR 46%, PF 0.53x, P&L $-106
       Gates: WR 45.7% < 55.0% | PF 0.53x < 1.5x | P&L $-105.58 ≤ $50 | Sharpe -1.23 < 1.0 | Unstable Beta: CV=1.79 > 0.6 | Sortino -1.45 < 1.0 | Avg P&L $-3.02 < $8.00 | Failed H1 P&L ($-6 < $30) | Failed H2 P&L ($-99 < $30) | Low Recent Momentum: last 5 trades P&L=$-26 | Walk-Forward OOS: Sharpe=-1.73, P&L=$-47.15 | Low Recent Cointegration: ADF p=0.126 > 0.1

  EQR / EXR:
    ✗  REJECTED: Correlation Breakdown
       Live z=-2.09 LONG | BT: 32 trades, WR 22%, PF 0.22x, P&L $-80
       Gates: WR 21.9% < 55.0% | PF 0.22x < 1.5x | P&L $-79.68 ≤ $50 | Sharpe -3.10 < 1.0 | Sortino -4.27 < 1.0 | Avg P&L $-2.49 < $8.00 | Failed H1 P&L ($-32 < $30) | Failed H2 P&L ($-48 < $30) | Low Recent Momentum: last 5 trades P&L=$-16 | Walk-Forward OOS: Sharpe=-3.13, P&L=$-23.11 | Low Recent Cointegration: ADF p=0.168 > 0.1 | Low Recent Correlation: ρ=0.57 < 0.7

  CVS / MCK:
    ✗  REJECTED: Unstable Hedge Ratio
       Live z=-2.78 LONG | BT: 23 trades, WR 43%, PF 0.73x, P&L $-33
       Gates: WR 43.5% < 55.0% | PF 0.73x < 1.5x | P&L $-32.68 ≤ $50 | Sharpe -0.48 < 1.0 | Unstable Beta: CV=6.55 > 0.6 | Sortino -0.69 < 1.0 | Avg P&L $-1.42 < $8.00 | Failed H1 P&L ($+2 < $30) | Failed H2 P&L ($-35 < $30) | Low Recent Momentum: last 5 trades P&L=$-23 | IS/OOS decay: OOS=-3.06 vs IS=0.04 | Walk-Forward OOS: Sharpe=-3.06, P&L=$-34.75 | Low Recent Correlation: ρ=-0.09 < 0.7

  CIEN / KEYS:
    ✗  REJECTED: Unstable Hedge Ratio
       Live z=-2.15 LONG | BT: 46 trades, WR 54%, PF 1.36x, P&L $+54
       Gates: WR 54.3% < 55.0% | PF 1.36x < 1.5x | Sharpe +0.56 < 1.0 | Unstable Beta: CV=0.81 > 0.6 | Avg P&L $+1.18 < $8.00 | Failed H2 P&L ($+5 < $30)

  LNT / DUK:
    ✗  REJECTED: Failed Split-Half
       Live z=+2.12 SHORT | BT: 35 trades, WR 20%, PF 0.18x, P&L $-68
       Gates: WR 20.0% < 55.0% | PF 0.18x < 1.5x | P&L $-68.49 ≤ $50 | Sharpe -3.21 < 1.0 | Sortino -3.64 < 1.0 | Avg P&L $-1.96 < $8.00 | Failed H1 P&L ($-36 < $30) | Failed H2 P&L ($-33 < $30) | Low Recent Momentum: last 5 trades P&L=$-7 | Walk-Forward OOS: Sharpe=-2.22, P&L=$-9.33

  CBOE / L:
    ✗  REJECTED: Unstable Hedge Ratio
       Live z=+2.89 SHORT | BT: 46 trades, WR 35%, PF 0.74x, P&L $-29
       Gates: WR 34.8% < 55.0% | PF 0.74x < 1.5x | P&L $-28.83 ≤ $50 | Sharpe -0.60 < 1.0 | Unstable Beta: CV=0.91 > 0.6 | Sortino -0.99 < 1.0 | Avg P&L $-0.63 < $8.00 | Failed H1 P&L ($+17 < $30) | Failed H2 P&L ($-46 < $30) | Low Recent Momentum: last 5 trades P&L=$-6 | IS/OOS decay: OOS=-4.47 vs IS=0.53 | Walk-Forward OOS: Sharpe=-4.47, P&L=$-47.79 | Low Recent Correlation: ρ=0.56 < 0.7

  INTC / KLAC:
    ✗  REJECTED: Unstable Hedge Ratio
       Live z=+2.31 SHORT | BT: 38 trades, WR 39%, PF 0.50x, P&L $-140
       Gates: WR 39.5% < 55.0% | PF 0.50x < 1.5x | P&L $-139.59 ≤ $50 | Sharpe -1.26 < 1.0 | Unstable Beta: CV=1.34 > 0.6 | Sortino -1.60 < 1.0 | Avg P&L $-3.67 < $8.00 | Failed H1 P&L ($-86 < $30) | Failed H2 P&L ($-53 < $30) | Low Recent Momentum: last 5 trades P&L=$-21 | Walk-Forward OOS: Sharpe=-0.11, P&L=$-4.77

  AMAT / TER:
    ✗  REJECTED: Unstable Hedge Ratio
       Live z=+2.31 SHORT | BT: 31 trades, WR 48%, PF 1.03x, P&L $+6
       Gates: WR 48.4% < 55.0% | PF 1.03x < 1.5x | P&L $+5.64 ≤ $50 | Sharpe +0.06 < 1.0 | Unstable Beta: CV=0.72 > 0.6 | Sortino +0.07 < 1.0 | Avg P&L $+0.18 < $8.00 | Failed H1 P&L ($-33 < $30) | Low Recent Momentum: last 5 trades P&L=$-43 | IS/OOS decay: OOS=-0.97 vs IS=0.70 | Walk-Forward OOS: Sharpe=-0.97, P&L=$-33.04

  AEE / NI:
    ✗  REJECTED: Failed Split-Half
       Live z=-2.99 LONG | BT: 34 trades, WR 26%, PF 0.25x, P&L $-39
       Gates: WR 26.5% < 55.0% | PF 0.25x < 1.5x | P&L $-38.62 ≤ $50 | Sharpe -2.38 < 1.0 | Sortino -2.61 < 1.0 | Avg P&L $-1.14 < $8.00 | Failed H1 P&L ($-14 < $30) | Failed H2 P&L ($-25 < $30) | Low Recent Momentum: last 5 trades P&L=$-5 | Walk-Forward OOS: Sharpe=-2.74, P&L=$-17.99

  ALB / DD:
    ✗  REJECTED: Unstable Hedge Ratio
       Live z=+2.01 SHORT | BT: 33 trades, WR 39%, PF 0.56x, P&L $-91
       Gates: WR 39.4% < 55.0% | PF 0.56x < 1.5x | P&L $-90.98 ≤ $50 | Sharpe -1.12 < 1.0 | Unstable Beta: CV=1.04 > 0.6 | Sortino -1.46 < 1.0 | Avg P&L $-2.76 < $8.00 | Failed H1 P&L ($+20 < $30) | Failed H2 P&L ($-111 < $30) | Low Recent Momentum: last 5 trades P&L=$-14 | IS/OOS decay: OOS=-3.92 vs IS=0.32 | Walk-Forward OOS: Sharpe=-3.92, P&L=$-106.26 | Low Recent Cointegration: ADF p=0.437 > 0.1

  INTC / STX:
    ✗  REJECTED: Unstable Hedge Ratio
       Live z=+2.26 SHORT | BT: 32 trades, WR 47%, PF 0.52x, P&L $-154
       Gates: WR 46.9% < 55.0% | PF 0.52x < 1.5x | P&L $-153.80 ≤ $50 | Sharpe -1.18 < 1.0 | Unstable Beta: CV=1.24 > 0.6 | Sortino -1.41 < 1.0 | Avg P&L $-4.81 < $8.00 | Failed H1 P&L ($-26 < $30) | Failed H2 P&L ($-127 < $30) | Walk-Forward OOS: Sharpe=-1.91, P&L=$-87.44

  INTC / TER:
    ✗  REJECTED: Unstable Hedge Ratio
       Live z=+2.28 SHORT | BT: 35 trades, WR 31%, PF 0.35x, P&L $-203
       Gates: WR 31.4% < 55.0% | PF 0.35x < 1.5x | P&L $-202.65 ≤ $50 | Sharpe -2.02 < 1.0 | Unstable Beta: CV=2.61 > 0.6 | Sortino -2.48 < 1.0 | Avg P&L $-5.79 < $8.00 | Failed H1 P&L ($-71 < $30) | Failed H2 P&L ($-132 < $30) | Low Recent Momentum: last 5 trades P&L=$-61 | Walk-Forward OOS: Sharpe=-3.04, P&L=$-115.78 | Low Recent Correlation: ρ=0.64 < 0.7

  ABT / PODD:
    ✗  REJECTED: Unstable Hedge Ratio
       Live z=+2.17 SHORT | BT: 38 trades, WR 47%, PF 1.23x, P&L $+26
       Gates: WR 47.4% < 55.0% | PF 1.23x < 1.5x | P&L $+25.55 ≤ $50 | Sharpe +0.43 < 1.0 | Unstable Beta: CV=1.67 > 0.6 | Sortino +0.82 < 1.0 | Avg P&L $+0.67 < $8.00 | Failed H2 P&L ($-51 < $30) | IS/OOS decay: OOS=-2.07 vs IS=1.33 | Walk-Forward OOS: Sharpe=-2.07, P&L=$-30.36 | Low Recent Cointegration: ADF p=0.526 > 0.1

  INTC / LRCX:
    ✗  REJECTED: Unstable Hedge Ratio
       Live z=+3.03 SHORT | BT: 40 trades, WR 35%, PF 0.32x, P&L $-189
       Gates: WR 35.0% < 55.0% | PF 0.32x < 1.5x | P&L $-188.98 ≤ $50 | Sharpe -2.28 < 1.0 | Unstable Beta: CV=0.90 > 0.6 | Sortino -2.67 < 1.0 | Avg P&L $-4.72 < $8.00 | Failed H1 P&L ($-61 < $30) | Failed H2 P&L ($-128 < $30) | Low Recent Momentum: last 5 trades P&L=$-44 | Walk-Forward OOS: Sharpe=-3.55, P&L=$-110.18


  ✓ system_log.csv updated (0 diamond, 39 rejected)

  ════════════════════════════════════════════════════════════
    DAILY RESULTS  (Standard + Split-Half + ADF90 + Momentum)
  ════════════════════════════════════════════════════════════
    Pairs scanned   : 150
    No live signal  : 111
    Download errors : 0
    ◆ Diamond       : 0
    ✗ Rejected      : 39

  No diamond signals today.

  ── Rejected (39 pairs: had live signal, failed regime gates) ──
    ✗   KLAC/STX     SHORT  z=+2.07  WR=48%  PF=0.89x  P&L=$-14
    ✗    ADI/MU      SHORT  z=+3.18  WR=49%  PF=1.61x  P&L=$+134
    ✗   ADSK/PANW    SHORT  z=+2.07  WR=36%  PF=0.63x  P&L=$-53
    ✗    DTE/DUK     SHORT  z=+2.36  WR=33%  PF=0.39x  P&L=$-34
    ✗   GILD/DGX     SHORT  z=+2.82  WR=33%  PF=0.54x  P&L=$-54
    ✗   CDNS/MSFT     LONG  z=-2.97  WR=31%  PF=0.65x  P&L=$-27
    ✗     NI/PPL     SHORT  z=+2.38  WR=33%  PF=0.39x  P&L=$-32
    ✗    ADI/WDC     SHORT  z=+2.40  WR=47%  PF=1.14x  P&L=$+23
    ✗   CHRW/CAT     SHORT  z=+2.30  WR=52%  PF=1.79x  P&L=$+41
    ✗    ALL/CME      LONG  z=-2.57  WR=29%  PF=0.33x  P&L=$-67
    ✗   NTRS/STT      LONG  z=-2.09  WR=40%  PF=0.83x  P&L=$-12
    ✗    ADI/STX     SHORT  z=+2.42  WR=46%  PF=0.70x  P&L=$-78
    ✗   CBOE/TRV     SHORT  z=+2.83  WR=38%  PF=0.32x  P&L=$-90
    ✗    AEE/PPL     SHORT  z=+2.19  WR=29%  PF=0.28x  P&L=$-35
    ✗   INTC/MU      SHORT  z=+2.84  WR=50%  PF=0.89x  P&L=$-25
    ✗   GNRC/HUBB    SHORT  z=+2.64  WR=33%  PF=0.76x  P&L=$-38
    ✗     ES/FE      SHORT  z=+2.80  WR=29%  PF=0.44x  P&L=$-56
    ✗    FTV/IEX      LONG  z=-2.07  WR=50%  PF=0.58x  P&L=$-35
    ✗    ALL/NDAQ    SHORT  z=+3.05  WR=43%  PF=0.52x  P&L=$-61
    ✗    ADM/HSY     SHORT  z=+2.91  WR=42%  PF=0.71x  P&L=$-35
    ✗    ATO/EVRG     LONG  z=-2.24  WR=35%  PF=0.47x  P&L=$-35
    ✗     DE/WM      SHORT  z=+2.27  WR=53%  PF=1.61x  P&L=$+29
    ✗    ABT/BSX     SHORT  z=+2.77  WR=43%  PF=1.21x  P&L=$+13
    ✗    ALL/CBOE     LONG  z=-2.77  WR=33%  PF=0.31x  P&L=$-71
    ✗     BG/HSY     SHORT  z=+2.85  WR=39%  PF=0.97x  P&L=$-4
    ✗   INTC/WDC     SHORT  z=+2.34  WR=46%  PF=0.53x  P&L=$-106
    ✗    EQR/EXR      LONG  z=-2.09  WR=22%  PF=0.22x  P&L=$-80
    ✗    CVS/MCK      LONG  z=-2.78  WR=43%  PF=0.73x  P&L=$-33
    ✗   CIEN/KEYS     LONG  z=-2.15  WR=54%  PF=1.36x  P&L=$+54
    ✗    LNT/DUK     SHORT  z=+2.12  WR=20%  PF=0.18x  P&L=$-68
    ✗   CBOE/L       SHORT  z=+2.89  WR=35%  PF=0.74x  P&L=$-29
    ✗   INTC/KLAC    SHORT  z=+2.31  WR=39%  PF=0.50x  P&L=$-140
    ✗   AMAT/TER     SHORT  z=+2.31  WR=48%  PF=1.03x  P&L=$+6
    ✗    AEE/NI       LONG  z=-2.99  WR=26%  PF=0.25x  P&L=$-39
    ✗    ALB/DD      SHORT  z=+2.01  WR=39%  PF=0.56x  P&L=$-91
    ✗   INTC/STX     SHORT  z=+2.26  WR=47%  PF=0.52x  P&L=$-154
    ✗   INTC/TER     SHORT  z=+2.28  WR=31%  PF=0.35x  P&L=$-203
    ✗    ABT/PODD    SHORT  z=+2.17  WR=47%  PF=1.23x  P&L=$+26
    ✗   INTC/LRCX    SHORT  z=+3.03  WR=35%  PF=0.32x  P&L=$-189

  --- PHASE 3 — Momentum Strategy ---

  VIX: 25.9  |  Pairs diamonds: 0  |  Mode: complement

------------------------------------------------------------
  MOMENTUM SCANNER
  Run date : 2026-04-07
------------------------------------------------------------

[STEP 1] Building universe ...
[STEP 1] Scraped 503 S&P 500 tickers + sectors from Wikipedia.
[STEP 1b] Scraped 101 Nasdaq-100 tickers + sectors from Wikipedia.
  [SCAN] Universe: 517 unique tickers (S&P 500 + Nasdaq-100).

[STEP 2] Downloading OHLCV data ...
  [SCAN] Downloading OHLCV for 517 tickers (2024-04-07 -> 2026-04-07) in batches of 50 ...
  [DATA] Batch 1/11 (50 tickers) ... OK (50 cols)
  [DATA] Batch 2/11 (50 tickers) ... OK (50 cols)
  [DATA] Batch 3/11 (50 tickers) ... OK (50 cols)
  [DATA] Batch 4/11 (50 tickers) ... OK (50 cols)
  [DATA] Batch 5/11 (50 tickers) ... OK (50 cols)
  [DATA] Batch 6/11 (50 tickers) ... OK (50 cols)
  [DATA] Batch 7/11 (50 tickers) ... OK (50 cols)
  [DATA] Batch 8/11 (50 tickers) ... OK (50 cols)
  [DATA] Batch 9/11 (50 tickers) ... OK (50 cols)
  [DATA] Batch 10/11 (50 tickers) ... OK (50 cols)
  [DATA] Batch 11/11 (17 tickers) ... OK (17 cols)

[STEP 3] Cleaning data ...
[STEP 3] Dropped 2 tickers (>10% missing).  Remaining: 515 tickers.

  [DATA] 515 tickers after cleaning.

[STEP 4] Checking market regime ...
  [REGIME] Fetching S&P 500 and VIX data ...
  [REGIME] S&P 500 price=6611.8  EMA50=6712.2  EMA200=6590.7  above_200EMA=Y
  [REGIME] VIX=25.94  scale=1.00  -> ELEVATED
  [REGIME] VIX overridden to 25.91

[STEP 5] Computing blended momentum scores ...
  [SCAN] Momentum scores computed for 515 tickers.

[STEP 6] Computing technical indicators ...
  [SCAN] Technical indicators computed for 515 tickers.

[STEP 7] Merging candidates ...
  [SCAN] 515 candidates before entry filters.

[STEP 8] Applying entry filters ...
  [FILTER] price >= 10.0: removed 1 (514 remain)
  [FILTER] avg_vol_20d >= 500,000: removed 19 (495 remain)
  [FILTER] top 10% mom_score: removed 445 (50 remain)
  [FILTER] 52w_high_pct >= 0.9: removed 18 (32 remain)
  [FILTER] vol_ratio >= 1.2: removed 26 (6 remain)
  [FILTER] ADX >= 20: removed 2 (4 remain)
  [FILTER] 515 -> 4 after all filters.

  [SCAN] Exported 4 candidates -> C:\Users\User\Desktop\adf bot\momentum_candidates.csv

------------------------------------------------------------
  MOMENTUM SCAN COMPLETE
  Regime   : ELEVATED
  VIX      : 25.90999984741211
  VIX scale: 1.00
  Candidates passed: 4

  Top 5 momentum candidates:
  Ticker   Sector                        MomScore    RSI    ADX
  -------  ---------------------------  --------- ------ ------
  HAL      Energy                           0.442   56.1   22.6
  VLO      Energy                           0.385   61.4   32.0
  APA      Energy                           0.371   73.4   49.2
  CF       Materials                        0.366   60.8   30.0
------------------------------------------------------------
  [REGIME] Fetching S&P 500 and VIX data ...
  [REGIME] S&P 500 price=6611.8  EMA50=6712.2  EMA200=6590.7  above_200EMA=Y
  [REGIME] VIX=25.94  scale=1.00  -> ELEVATED
  [MOM-SIG] Processing 4 momentum candidates ...
  ------------------------------------------------------------
    [REJECT]     VLO  min_trades, win_rate, profit_factor, total_pnl, sharpe, avg_gain_loss, oos_pnl, oos_sharpe
    [REJECT]      CF  min_trades, win_rate, profit_factor, total_pnl, sharpe, avg_gain_loss, oos_pnl, oos_sharpe
  ------------------------------------------------------------
  [MOM-SIG] Results: 0 diamonds, 2 rejected, 2 no signal, 0 errors

  ============================================================
    MOMENTUM RESULTS
  ============================================================
    Candidates      : 4
    No live signal  : 2
    Errors          : 0
    * Mom Diamond   : 0
    x Rejected      : 2

  -- Momentum Rejected (2) --
    x    VLO  min_trades, win_rate, profit_factor, total_pnl, sharpe, avg_gain_loss, oos_pnl, oos_sharpe
    x     CF  min_trades, win_rate, profit_factor, total_pnl, sharpe, avg_gain_loss, oos_pnl, oos_sharpe

  --- PHASE 4 — Bear Market Module ---

  VIX: 25.9 > 25.0 -- bear module active


  [BEAR] =======================================================
  [BEAR] Bear Market Signal Engine
  [BEAR] 2026-04-07 21:22:25
  [BEAR] =======================================================

  [BEAR] Regime: ELEVATED
  [BEAR] SPY: $658.93  50SMA: $674.40  200SMA: $659.38
  [BEAR] SPY 20d return: -1.7%
  [BEAR] VIX: 25.9  Scale: 1.00

  [BOUNCE] --------------------------------------------------
  [BOUNCE] Checking RSI(2) + IBS on SPY ...
  [BOUNCE] No signal: rsi_oversold, ibs_low

  [BOUNCE] --------------------------------------------------
  [BOUNCE] Checking RSI(2) + IBS on QQQ ...
  [BOUNCE] No signal: rsi_oversold, ibs_low

  [BOUNCE] --------------------------------------------------
  [BOUNCE] Checking RSI(2) + IBS on IWM ...
  [BOUNCE] No signal: rsi_oversold, ibs_low

  [SHORT] --------------------------------------------------
  [SHORT] Checking inverse ETF trend signal (SH) ...
  [SHORT] No signal: negative_momentum

  [BEAR] =======================================================
  [BEAR] Results: 0 bounce diamond(s), 0 short diamond(s)
  [BEAR] =======================================================


  ============================================================
    BEAR MODULE RESULTS
  ============================================================
    Bounce diamonds : 0
    Bounce rejected : 0
    Short diamonds  : 0
    Short rejected  : 0


  Log     → C:\Users\User\Desktop\adf bot\logs\2026-04-07_211833.log
  Journal → C:\Users\User\Desktop\adf bot\system_log.csv
  Errors  → C:\Users\User\Desktop\adf bot\error.log

