
  ╔══════════════════════════════════════════════════════════════╗
  ║     PAIRS TRADING SYSTEM — Daily Orchestration              ║
  ║     2026-03-24 00:58:03                                        ║
  ╚══════════════════════════════════════════════════════════════╝

  ── System Health ──────────────────────────────
    Data Source      : ● ONLINE
    Pairs Loaded     : 150
    Scanner Age      : 3d old
    System Log       : Exists
    Error Log        : error.log
    Strategy         : z_entry=2.0 | z_exit=0.0 | z_stop=3.0 | hold<=30d
    Quality Gates    : WR>50.0% | PF>1.3x | P&L>$0
    Regime Gates     : Split-Half | ADF-90d | Recent Momentum
  ──────────────────────────────────────────────────

  ═══ PHASE 0 — Portfolio Update ═══

  No positions closed today.

  -- Live Portfolio -------------------------------------------
    No open positions.

    Positions open   : 0 / 10
    Total live P&L   : $+0.00
    Peak P&L         : $+0.00
    System drawdown  : $+0.00  (limit $-1500)
  ------------------------------------------------------------

  ═══ PHASE 1 — Refreshing Candidates (nightly_scanner) ═══


  ✗ Scanner failed: No module named 'yfinance'
Traceback (most recent call last):
  File "/sessions/blissful-dreamy-feynman/mnt/Desktop/adf bot/run_system.py", line 228, in run_scanner
    mod = importlib.import_module("nightly_scanner")
  File "/usr/lib/python3.10/importlib/__init__.py", line 126, in import_module
    return _bootstrap._gcd_import(name[level:], package, level)
  File "<frozen importlib._bootstrap>", line 1050, in _gcd_import
  File "<frozen importlib._bootstrap>", line 1027, in _find_and_load
  File "<frozen importlib._bootstrap>", line 1006, in _find_and_load_unlocked
  File "<frozen importlib._bootstrap>", line 688, in _load_unlocked
  File "<frozen importlib._bootstrap_external>", line 883, in exec_module
  File "<frozen importlib._bootstrap>", line 241, in _call_with_frames_removed
  File "/sessions/blissful-dreamy-feynman/mnt/Desktop/adf bot/nightly_scanner.py", line 61, in <module>
    import yfinance as yf
ModuleNotFoundError: No module named 'yfinance'
  Continuing with existing candidates…

  ═══ PHASE 2 — Master Signal (live + backtest) ═══


  ✗ Master signal failed: f-string expression part cannot include a backslash (master_signal.py, line 741)
Traceback (most recent call last):
  File "/sessions/blissful-dreamy-feynman/mnt/Desktop/adf bot/run_system.py", line 468, in main
    mod = importlib.import_module("master_signal")
  File "/usr/lib/python3.10/importlib/__init__.py", line 126, in import_module
    return _bootstrap._gcd_import(name[level:], package, level)
  File "<frozen importlib._bootstrap>", line 1050, in _gcd_import
  File "<frozen importlib._bootstrap>", line 1027, in _find_and_load
  File "<frozen importlib._bootstrap>", line 1006, in _find_and_load_unlocked
  File "<frozen importlib._bootstrap>", line 688, in _load_unlocked
  File "<frozen importlib._bootstrap_external>", line 879, in exec_module
  File "<frozen importlib._bootstrap_external>", line 1017, in get_code
  File "<frozen importlib._bootstrap_external>", line 947, in source_to_code
  File "<frozen importlib._bootstrap>", line 241, in _call_with_frames_removed
  File "/sessions/blissful-dreamy-feynman/mnt/Desktop/adf bot/master_signal.py", line 741
    print(f"  \u2554{'\u2550'*W}\u2557")
                                       ^
SyntaxError: f-string expression part cannot include a backslash

  System encountered errors. Check error.log and log file.

  Log     → /sessions/blissful-dreamy-feynman/mnt/Desktop/adf bot/logs/2026-03-24_005803.log
  Journal → /sessions/blissful-dreamy-feynman/mnt/Desktop/adf bot/system_log.csv
  Errors  → /sessions/blissful-dreamy-feynman/mnt/Desktop/adf bot/error.log

