
  ╔══════════════════════════════════════════════════════════════╗
  ║     PAIRS TRADING SYSTEM — Daily Orchestration              ║
  ║     2026-03-10 20:23:49                                        ║
  ╚══════════════════════════════════════════════════════════════╝

  ── System Health ──────────────────────────────
    Data Source      : ● ONLINE
    Pairs Loaded     : 150
    Scanner Age      : 5d old
    System Log       : Exists
    Error Log        : error.log
    Strategy         : z_entry=2.0 | z_exit=0.0 | z_stop=3.0 | hold<=30d
    Quality Gates    : WR>55.0% | PF>1.3x | P&L>$0
    Regime Gates     : Split-Half | ADF-90d | Recent Momentum
  ──────────────────────────────────────────────────

  ═══ PHASE 0 — Portfolio Update ═══

  No positions closed today.

  -- Live Portfolio -------------------------------------------
    No open positions.

    Positions open   : 0 / 10
    Total live P&L   : $+0.00
    Peak P&L         : $+0.00
    System drawdown  : $+0.00  (limit $-1500)
  ------------------------------------------------------------
  Scanner skipped (candidates 5d old, refresh every 7d). Use --scan to force.

  ═══ PHASE 2 — Master Signal (live + backtest) ═══


╔══════════════════════════════════════════════════════════════╗
║  MASTER SIGNAL v3 — Audit-Fixed Verification Engine         ║
║  Run : 2026-03-10 20:23:55                                  ║
╚══════════════════════════════════════════════════════════════╝

  Loaded 150 pairs from daily_candidates.csv
  Strategy: β=60d | z=20d | Entry |z|>2.0 | Exit z→0.0 | Stop |z|>3.0 | Hold≤30d
  Quality gates: WR>55.0% | PF>1.3x | P&L>$0
  Slippage: 0.10% on notional (entry+exit, both legs) | Capital: $1,000/trade
  Execution: 1-bar delay (signal@close → trade@next close)


  !!!!!!!!!!!!!!!!!!!!!!!!!!!!!!!!!!!!!!!!!!!!!!!!!!!!!!!!!!!!
  ⚠  VIX REGIME BLOCK: 25.1 > 25.0
  Signals shown but flagged BLOCKED. No new entries advised.
  !!!!!!!!!!!!!!!!!!!!!!!!!!!!!!!!!!!!!!!!!!!!!!!!!!!!!!!!!!!!

  [1/150]      BF-B / STZ  ⚡ z=-2.60  LONG  →  ✗ REJECTED
  [2/150]      BF-B / GIS  ⚡ z=-2.28  LONG  →  ✗ REJECTED
  [3/150]      BF-B / KHC  —  No signal  (|z| = 0.18)
  [4/150]      BF-B / CAG  —  No signal  (|z| = 1.51)
  [5/150]        ALL / GL  ⚡ z=-2.56  LONG  →  ✗ REJECTED
  [6/150]        APD / IP  —  No signal  (|z| = 0.86)
  [7/150]       PPL / WEC  —  No signal  (|z| = 0.88)
  [8/150]         J / PNR  —  No signal  (|z| = 0.64)
  [9/150]      BF-B / CPB  —  No signal  (|z| = 1.02)
  [10/150]       CEG / NRG  —  No signal  (|z| = 1.26)
  [11/150]      KLAC / STX  —  No signal  (|z| = 1.28)
  [12/150]        GL / TRV  —  No signal  (|z| = 0.18)
  [13/150]        GL / HIG  ⚡ z=+4.17 SHORT  →  ✗ REJECTED
  [14/150]     CDNS / MSFT  ⚡ z=+2.23 SHORT  →  ✗ REJECTED
  [15/150]       DTE / DUK  —  No signal  (|z| = 0.75)
  [16/150]       CINF / GL  ⚡ z=-2.87  LONG  →  ✗ REJECTED
  [17/150]        BAC / MS  ⚡ z=-2.64  LONG  →  ✗ REJECTED
  [18/150]        KEY / RF  —  No signal  (|z| = 1.78)
  [19/150]      ABBV / MDT  ⚡ z=+2.03 SHORT  →  ✗ REJECTED
  [20/150]       AME / LUV  —  No signal  (|z| = 1.41)
  [21/150]      CBOE / HIG  —  No signal  (|z| = 1.49)
  [22/150]       ALL / CME  —  No signal  (|z| = 1.74)
  [23/150]       EME / NSC  —  No signal  (|z| = 0.07)
  [24/150]         ES / FE  —  No signal  (|z| = 1.17)
  [25/150]       NVR / MHK  —  No signal  (|z| = 0.10)
  [26/150]       HWM / JCI  —  No signal  (|z| = 0.99)
  [27/150]       PWR / ROK  ⚡ z=+2.48 SHORT  →  ✗ REJECTED
  [28/150]       HD / NCLH  —  No signal  (|z| = 1.71)
  [29/150]      GILD / DGX  —  No signal  (|z| = 0.12)
  [30/150]      GOOG / WBD  ⚡ z=+2.05 SHORT  →  ✗ REJECTED
  [31/150]       IR / ODFL  —  No signal  (|z| = 0.63)
  [32/150]     GOOGL / WBD  ⚡ z=+2.09 SHORT  →  ✗ REJECTED
  [33/150]      BF-B / TGT  —  No signal  (|z| = 1.50)
  [34/150]     AMZN / TSLA  —  No signal  (|z| = 1.22)
  [35/150]       GL / IBKR  ⚡ z=+2.95 SHORT  →  ✗ REJECTED
  [36/150]       CEG / XEL  —  No signal  (|z| = 0.18)
  [37/150]       BAX / MOH  —  No signal  (|z| = 0.67)
  [38/150]       ATO / XEL  —  No signal  (|z| = 1.77)
  [39/150]       CMS / DUK  —  No signal  (|z| = 0.16)
  [40/150]         BK / GL  —  No signal  (|z| = 1.83)
  [41/150]       EQR / UDR  —  No signal  (|z| = 1.12)
  [42/150]      ALL / CBOE  —  No signal  (|z| = 1.62)
  [43/150]      ANET / HPE  —  No signal  (|z| = 1.08)
  [44/150]     DASH / ORLY  —  No signal  (|z| = 0.24)
  [45/150]        GL / JPM  —  No signal  (|z| = 1.45)
  [46/150]      ADBE / HPQ  —  No signal  (|z| = 1.82)
  [47/150]      CEG / EVRG  —  No signal  (|z| = 1.91)
  [48/150]      COF / NDAQ  —  No signal  (|z| = 1.84)
  [49/150]      AMAT / TER  —  No signal  (|z| = 0.47)
  [50/150]        NI / PPL  —  No signal  (|z| = 1.27)
  [51/150]      AMZN / CCL  —  No signal  (|z| = 0.64)
  [52/150]       GL / NDAQ  —  No signal  (|z| = 1.04)
  [53/150]      AMZN / WSM  —  No signal  (|z| = 0.93)
  [54/150]       CPT / ESS  —  No signal  (|z| = 0.40)
  [55/150]       LUV / WAB  —  No signal  (|z| = 1.68)
  [56/150]      CBOE / TRV  —  No signal  (|z| = 1.54)
  [57/150]        ALL / BK  —  No signal  (|z| = 1.97)
  [58/150]      FDX / JBHT  —  No signal  (|z| = 1.27)
  [59/150]        MS / STT  ⚡ z=-4.14  LONG  →  ✗ REJECTED
  [60/150]      IBKR / WFC  —  No signal  (|z| = 0.65)
  [61/150]      LYV / META  —  No signal  (|z| = 1.20)
  [62/150]       CRL / WST  —  No signal  (|z| = 1.62)
  [63/150]        PH / LUV  ⚡ z=-2.02  LONG  →  ✗ REJECTED
  [64/150]       ABT / BSX  —  No signal  (|z| = 1.12)
  [65/150]       DG / DLTR  ⚡ z=+2.36 SHORT  →  ✗ REJECTED
  [66/150]        CI / ELV  —  No signal  (|z| = 1.37)
  [67/150]       ADM / HSY  —  No signal  (|z| = 1.26)
  [68/150]       AIZ / TFC  —  No signal  (|z| = 1.65)
  [69/150]      ULTA / BWA  —  No signal  (|z| = 0.88)
  [70/150]      DHR / REGN  —  No signal  (|z| = 1.51)
  [71/150]        CEG / NI  —  No signal  (|z| = 1.91)
  [72/150]       ALL / BLK  —  No signal  (|z| = 0.04)
  [73/150]       NSC / PWR  —  No signal  (|z| = 0.56)
  [74/150]    GOOGL / GOOG  —  No signal  (|z| = 1.97)
  [75/150]      LDOS / URI  —  No signal  (|z| = 0.49)
  [76/150]      JPM / NDAQ  —  No signal  (|z| = 0.80)
  [77/150]      ALL / NDAQ  —  No signal  (|z| = 0.27)
  [78/150]       IRM / PSA  —  No signal  (|z| = 0.61)
  [79/150]       ALB / FCX  ⚡ z=+2.18 SHORT  →  ✗ REJECTED
  [80/150]     HBAN / NDAQ  —  No signal  (|z| = 0.63)
  [81/150]      IBKR / JPM  —  No signal  (|z| = 0.48)
  [82/150]     AMZN / EXPE  —  No signal  (|z| = 0.49)
  [83/150]      CINF / STT  —  No signal  (|z| = 0.30)
  [84/150]         J / URI  —  No signal  (|z| = 0.72)
  [85/150]       CEG / ETR  —  No signal  (|z| = 1.44)
  [86/150]      AZO / DASH  —  No signal  (|z| = 0.53)
  [87/150]      ALL / IBKR  —  No signal  (|z| = 0.53)
  [88/150]       FTV / IEX  —  No signal  (|z| = 0.20)
  [89/150]        GL / WTW  —  No signal  (|z| = 0.68)
  [90/150]       TFC / USB  ⚡ z=-3.08  LONG  →  ✗ REJECTED
  [91/150]       ESS / MAA  —  No signal  (|z| = 1.48)
  [92/150]        BAC / GS  ⚡ z=-3.13  LONG  →  ✗ REJECTED
  [93/150]        GS / STT  —  No signal  (|z| = 0.95)
  [94/150]        LH / RMD  —  No signal  (|z| = 1.60)
  [95/150]       JCI / RTX  —  No signal  (|z| = 1.68)
  [96/150]        COF / GL  ⚡ z=+2.12 SHORT  →  ✗ REJECTED
  [97/150]       AXP / BAC  ⚡ z=-2.05  LONG  →  ✗ REJECTED
  [98/150]        BLK / GL  ⚡ z=+2.40 SHORT  →  ✗ REJECTED
  [99/150]      COO / RVTY  —  No signal  (|z| = 0.53)
  [100/150]        GE / ROL  —  No signal  (|z| = 1.89)
  [101/150]        BAX / CI  —  No signal  (|z| = 1.71)
  [102/150]      ATO / EVRG  —  No signal  (|z| = 1.79)
  [103/150]      CINF / TRV  —  No signal  (|z| = 1.06)
  [104/150]       AEE / PPL  —  No signal  (|z| = 1.54)
  [105/150]       CMI / PWR  —  No signal  (|z| = 1.60)
  [106/150]      LRCX / WDC  —  No signal  (|z| = 1.38)
  [107/150]          BK / L  —  No signal  (|z| = 0.12)
  [108/150]      IEX / ODFL  —  No signal  (|z| = 0.84)
  [109/150]         KR / PM  —  No signal  (|z| = 1.48)
  [110/150]       AIZ / PNC  —  No signal  (|z| = 1.96)
  [111/150]     MCHP / NXPI  ⚡ z=+3.25 SHORT  →  ✗ REJECTED
  [112/150]     ADSK / PANW  —  No signal  (|z| = 1.13)
  [113/150]        CBOE / L  —  No signal  (|z| = 1.64)
  [114/150]      ABT / PODD  —  No signal  (|z| = 1.18)
  [115/150]       AME / CMI  —  No signal  (|z| = 0.77)
  [116/150]       ALL / JPM  ⚡ z=+2.46 SHORT  →  ✗ REJECTED
  [117/150]       ALL / WRB  ⚡ z=-2.16  LONG  →  ✗ REJECTED
  [118/150]      CHRW / LUV  —  No signal  (|z| = 0.11)
  [119/150]        F / ULTA  —  No signal  (|z| = 1.10)
  [120/150]       LNT / DUK  —  No signal  (|z| = 0.47)
  [121/150]       ADI / WDC  —  No signal  (|z| = 1.04)
  [122/150]        GL / STT  ⚡ z=+4.33 SHORT  →  ✗ REJECTED
  [123/150]      AMCR / IFF  —  No signal  (|z| = 0.44)
  [124/150]       CMI / LUV  —  No signal  (|z| = 0.22)
  [125/150]       DOW / IFF  —  No signal  (|z| = 1.21)
  [126/150]       BK / CINF  —  No signal  (|z| = 0.42)
  [127/150]       AMP / MET  —  No signal  (|z| = 0.30)
  [128/150]      NDSN / TXT  —  No signal  (|z| = 1.29)
  [129/150]        ALB / DD  —  No signal  (|z| = 1.17)
  [130/150]      NTRS / STT  ⚡ z=+4.32 SHORT  →  ✗ REJECTED
  [131/150]      GRMN / RCL  ⚡ z=+2.76 SHORT  →  ✗ REJECTED
  [132/150]       FTV / UPS  —  No signal  (|z| = 0.12)
  [133/150]       MTD / TMO  —  No signal  (|z| = 1.10)
  [134/150]        ACN / IT  —  No signal  (|z| = 1.42)
  [135/150]       ALL / STT  —  No signal  (|z| = 0.03)
  [136/150]      EBAY / RCL  —  No signal  (|z| = 1.82)
  [137/150]         F / BWA  —  No signal  (|z| = 0.77)
  [138/150]      FITB / USB  —  No signal  (|z| = 0.75)
  [139/150]          GL / L  —  No signal  (|z| = 0.05)
  [140/150]        AEE / NI  —  No signal  (|z| = 1.47)
  [141/150]        NSC / PH  —  No signal  (|z| = 1.55)
  [142/150]      BLK / NDAQ  —  No signal  (|z| = 0.57)
  [143/150]       CMS / PPL  ⚡ z=-2.18  LONG  →  ✗ REJECTED
  [144/150]       NSC / NOC  —  No signal  (|z| = 1.62)
  [145/150]      KLAC / WDC  —  No signal  (|z| = 1.11)
  [146/150]       GIS / KHC  —  No signal  (|z| = 1.07)
  [147/150]      ALL / HBAN  —  No signal  (|z| = 1.13)
  [148/150]      COF / IBKR  —  No signal  (|z| = 0.95)
  [149/150]      ALL / CINF  —  No signal  (|z| = 0.97)
  [150/150]       EQR / EXR  —  No signal  (|z| = 1.20)


════════════════════════════════════════════════════════════════
  SCAN COMPLETE
════════════════════════════════════════════════════════════════
  Pairs scanned   : 150
  No live signal  : 122
  Download errors : 0
  Signals found   : 28
    ◆ Diamond     : 0
    ✗ Rejected    : 28
════════════════════════════════════════════════════════════════

  No diamond signals today.


  ── Rejected Signals (had live z, failed backtest) ──

  BF-B / STZ:
    ✗  REJECTED: Unstable Hedge Ratio
       Live z=-2.60 LONG | BT: 43 trades, WR 51%, PF 1.00x, P&L $-0
       Gates: WR 51.2% < 55.0% | PF 1.00x < 1.3x | P&L $-0.30 ≤ $50 | Sharpe -0.00 < 0.5 | Unstable Beta: CV=1.37 > 0.3 | Sortino -0.00 < 0.5 | Avg P&L $-0.01 < $5.00 | Failed H1 P&L ($+9 < $20) | Failed H2 P&L ($-10 < $20) | Low Recent Momentum: last 5 trades P&L=$-163 | Walk-Forward OOS: Sharpe=-1.98, P&L=$-139.83 | Low Recent Cointegration: ADF p=0.194 > 0.1 | Low Recent Correlation: ρ=0.27 < 0.65

  BF-B / GIS:
    ✗  REJECTED: Unstable Hedge Ratio
       Live z=-2.28 LONG | BT: 30 trades, WR 53%, PF 2.32x, P&L $+243
       Gates: WR 53.3% < 55.0% | Unstable Beta: CV=1.92 > 0.3 | Low Recent Cointegration: ADF p=0.549 > 0.1 | Low Recent Correlation: ρ=0.46 < 0.65

  ALL / GL:
    ✗  REJECTED: Unstable Hedge Ratio
       Live z=-2.56 LONG | BT: 37 trades, WR 46%, PF 0.89x, P&L $-26
       Gates: WR 45.9% < 55.0% | PF 0.89x < 1.3x | P&L $-26.29 ≤ $50 | Sharpe -0.24 < 0.5 | Unstable Beta: CV=1.07 > 0.3 | Sortino -0.45 < 0.5 | Avg P&L $-0.71 < $5.00 | Failed H1 P&L ($-45 < $20) | Failed H2 P&L ($+18 < $20) | Low Recent Cointegration: ADF p=0.184 > 0.1 | Low Recent Correlation: ρ=0.32 < 0.65

  GL / HIG:
    ✗  REJECTED: Unstable Hedge Ratio
       Live z=+4.17 SHORT | BT: 34 trades, WR 50%, PF 0.24x, P&L $-277
       Gates: WR 50.0% < 55.0% | PF 0.24x < 1.3x | P&L $-277.31 ≤ $50 | Sharpe -1.92 < 0.5 | Max DD $-232 < $-200 | Unstable Beta: CV=1.45 > 0.3 | Sortino -1.75 < 0.5 | Avg P&L $-8.16 < $5.00 | Failed H1 P&L ($-181 < $20) | Failed H2 P&L ($-97 < $20) | Low Recent Momentum: last 5 trades P&L=$-30

  CDNS / MSFT:
    ✗  REJECTED: Unstable Hedge Ratio
       Live z=+2.23 SHORT | BT: 26 trades, WR 50%, PF 1.36x, P&L $+56
       Gates: WR 50.0% < 55.0% | Sharpe +0.49 < 0.5 | Unstable Beta: CV=0.49 > 0.3 | Avg P&L $+2.14 < $5.00 | Failed H1 P&L ($+16 < $20)

  CINF / GL:
    ✗  REJECTED: Unstable Hedge Ratio
       Live z=-2.87 LONG | BT: 33 trades, WR 48%, PF 2.01x, P&L $+156
       Gates: WR 48.5% < 55.0% | Unstable Beta: CV=1.83 > 0.3 | Avg P&L $+4.73 < $5.00 | Low Recent Momentum: last 5 trades P&L=$-10 | Walk-Forward OOS: Sharpe=-2.41, P&L=$-53.22 | Low Recent Cointegration: ADF p=0.739 > 0.1 | Low Recent Correlation: ρ=0.47 < 0.65

  BAC / MS:
    ✗  REJECTED: Correlation Breakdown
       Live z=-2.64 LONG | BT: 36 trades, WR 31%, PF 0.32x, P&L $-222
       Gates: WR 30.6% < 55.0% | PF 0.32x < 1.3x | P&L $-222.21 ≤ $50 | Sharpe -2.14 < 0.5 | Max DD $-230 < $-200 | Sortino -3.24 < 0.5 | Avg P&L $-6.17 < $5.00 | Failed H1 P&L ($-81 < $20) | Failed H2 P&L ($-141 < $20) | Low Recent Momentum: last 5 trades P&L=$-30 | Walk-Forward OOS: Sharpe=-3.24, P&L=$-98.00 | Low Recent Cointegration: ADF p=0.263 > 0.1 | Low Recent Correlation: ρ=0.64 < 0.65

  ABBV / MDT:
    ✗  REJECTED: Unstable Hedge Ratio
       Live z=+2.03 SHORT | BT: 24 trades, WR 54%, PF 0.69x, P&L $-70
       Gates: WR 54.2% < 55.0% | PF 0.69x < 1.3x | P&L $-69.89 ≤ $50 | Sharpe -0.55 < 0.5 | Unstable Beta: CV=0.97 > 0.3 | Sortino -0.68 < 0.5 | Avg P&L $-2.91 < $5.00 | Failed H1 P&L ($+11 < $20) | Failed H2 P&L ($-81 < $20) | Low Recent Momentum: last 5 trades P&L=$-63 | Walk-Forward OOS: Sharpe=-1.05, P&L=$-53.66 | Low Recent Correlation: ρ=0.11 < 0.65

  PWR / ROK:
    ✗  REJECTED: Unstable Hedge Ratio
       Live z=+2.48 SHORT | BT: 32 trades, WR 44%, PF 0.79x, P&L $-94
       Gates: WR 43.8% < 55.0% | PF 0.79x < 1.3x | P&L $-93.82 ≤ $50 | Sharpe -0.42 < 0.5 | Max DD $-268 < $-200 | Unstable Beta: CV=1.28 > 0.3 | Sortino -0.61 < 0.5 | Avg P&L $-2.93 < $5.00 | Failed H2 P&L ($-151 < $20) | Low Recent Momentum: last 5 trades P&L=$-15 | Walk-Forward OOS: Sharpe=-1.40, P&L=$-102.84 | Low Recent Cointegration: ADF p=0.611 > 0.1 | Low Recent Correlation: ρ=0.16 < 0.65

  GOOG / WBD:
    ✗  REJECTED: Unstable Hedge Ratio
       Live z=+2.05 SHORT | BT: 32 trades, WR 44%, PF 0.43x, P&L $-431
       Gates: WR 43.8% < 55.0% | PF 0.43x < 1.3x | P&L $-430.80 ≤ $50 | Sharpe -1.59 < 0.5 | Max DD $-404 < $-200 | Unstable Beta: CV=5.01 > 0.3 | Sortino -2.39 < 0.5 | Avg P&L $-13.46 < $5.00 | Failed H1 P&L ($-258 < $20) | Failed H2 P&L ($-173 < $20) | Low Recent Momentum: last 5 trades P&L=$-23 | Walk-Forward OOS: Sharpe=-1.05, P&L=$-57.42 | Low Recent Cointegration: ADF p=0.972 > 0.1 | Low Recent Correlation: ρ=0.64 < 0.65

  GOOGL / WBD:
    ✗  REJECTED: Unstable Hedge Ratio
       Live z=+2.09 SHORT | BT: 33 trades, WR 42%, PF 0.66x, P&L $-262
       Gates: WR 42.4% < 55.0% | PF 0.66x < 1.3x | P&L $-262.29 ≤ $50 | Sharpe -0.76 < 0.5 | Max DD $-354 < $-200 | Unstable Beta: CV=4.93 > 0.3 | Sortino -1.38 < 0.5 | Avg P&L $-7.95 < $5.00 | Failed H1 P&L ($-265 < $20) | Failed H2 P&L ($+3 < $20) | Low Recent Momentum: last 5 trades P&L=$-19 | Walk-Forward OOS: Sharpe=-0.95, P&L=$-54.17 | Low Recent Cointegration: ADF p=0.974 > 0.1 | Low Recent Correlation: ρ=0.64 < 0.65

  GL / IBKR:
    ✗  REJECTED: Unstable Hedge Ratio
       Live z=+2.95 SHORT | BT: 32 trades, WR 34%, PF 0.42x, P&L $-309
       Gates: WR 34.4% < 55.0% | PF 0.42x < 1.3x | P&L $-308.85 ≤ $50 | Sharpe -1.56 < 0.5 | Max DD $-372 < $-200 | Unstable Beta: CV=27.27 > 0.3 | Sortino -1.90 < 0.5 | Avg P&L $-9.65 < $5.00 | Failed H1 P&L ($-143 < $20) | Failed H2 P&L ($-166 < $20) | Low Recent Momentum: last 5 trades P&L=$-9 | Low Recent Cointegration: ADF p=0.291 > 0.1 | Low Recent Correlation: ρ=0.45 < 0.65

  MS / STT:
    ✗  REJECTED: Unstable Hedge Ratio
       Live z=-4.14 LONG | BT: 33 trades, WR 24%, PF 0.50x, P&L $-122
       Gates: WR 24.2% < 55.0% | PF 0.50x < 1.3x | P&L $-122.13 ≤ $50 | Sharpe -0.97 < 0.5 | Unstable Beta: CV=0.39 > 0.3 | Sortino -1.47 < 0.5 | Avg P&L $-3.70 < $5.00 | Failed H1 P&L ($-45 < $20) | Failed H2 P&L ($-77 < $20) | Low Recent Momentum: last 5 trades P&L=$-8 | Low Recent Cointegration: ADF p=0.289 > 0.1

  PH / LUV:
    ✗  REJECTED: Unstable Hedge Ratio
       Live z=-2.02 LONG | BT: 33 trades, WR 27%, PF 0.37x, P&L $-357
       Gates: WR 27.3% < 55.0% | PF 0.37x < 1.3x | P&L $-357.43 ≤ $50 | Sharpe -1.69 < 0.5 | Max DD $-365 < $-200 | Unstable Beta: CV=1.75 > 0.3 | Sortino -2.10 < 0.5 | Avg P&L $-10.83 < $5.00 | Failed H1 P&L ($-290 < $20) | Failed H2 P&L ($-67 < $20) | Low Recent Momentum: last 5 trades P&L=$-78

  DG / DLTR:
    ✗  REJECTED: Unstable Hedge Ratio
       Live z=+2.36 SHORT | BT: 30 trades, WR 53%, PF 1.02x, P&L $+10
       Gates: WR 53.3% < 55.0% | PF 1.02x < 1.3x | P&L $+10.14 ≤ $50 | Sharpe +0.04 < 0.5 | Max DD $-286 < $-200 | Unstable Beta: CV=0.86 > 0.3 | Sortino +0.05 < 0.5 | Avg P&L $+0.34 < $5.00 | Failed H2 P&L ($-168 < $20) | Low Recent Momentum: last 5 trades P&L=$-42 | Walk-Forward OOS: Sharpe=-1.06, P&L=$-97.88 | Low Recent Cointegration: ADF p=0.400 > 0.1

  ALB / FCX:
    ✗  REJECTED: Unstable Hedge Ratio
       Live z=+2.18 SHORT | BT: 33 trades, WR 58%, PF 0.69x, P&L $-152
       Gates: PF 0.69x < 1.3x | P&L $-151.81 ≤ $50 | Sharpe -0.58 < 0.5 | Max DD $-272 < $-200 | Unstable Beta: CV=0.85 > 0.3 | Sortino -0.53 < 0.5 | Avg P&L $-4.60 < $5.00 | Failed H2 P&L ($-184 < $20) | Low Recent Momentum: last 5 trades P&L=$-18 | Walk-Forward OOS: Sharpe=-2.63, P&L=$-272.17

  TFC / USB:
    ✗  REJECTED: Unstable Hedge Ratio
       Live z=-3.08 LONG | BT: 23 trades, WR 43%, PF 1.99x, P&L $+79
       Gates: WR 43.5% < 55.0% | Unstable Beta: CV=0.37 > 0.3 | Avg P&L $+3.45 < $5.00 | Failed H2 P&L ($+18 < $20) | Low Recent Cointegration: ADF p=0.219 > 0.1

  BAC / GS:
    ✗  REJECTED: Unstable Hedge Ratio
       Live z=-3.13 LONG | BT: 36 trades, WR 39%, PF 0.73x, P&L $-73
       Gates: WR 38.9% < 55.0% | PF 0.73x < 1.3x | P&L $-72.93 ≤ $50 | Sharpe -0.54 < 0.5 | Unstable Beta: CV=0.46 > 0.3 | Sortino -0.97 < 0.5 | Avg P&L $-2.03 < $5.00 | Failed H1 P&L ($-87 < $20) | Failed H2 P&L ($+14 < $20) | Low Recent Momentum: last 5 trades P&L=$-60 | Low Recent Cointegration: ADF p=0.346 > 0.1 | Low Recent Correlation: ρ=0.40 < 0.65

  COF / GL:
    ✗  REJECTED: Unstable Hedge Ratio
       Live z=+2.12 SHORT | BT: 39 trades, WR 62%, PF 1.56x, P&L $+151
       Gates: Unstable Beta: CV=1.33 > 0.3 | Avg P&L $+3.88 < $5.00 | Failed H1 P&L ($+12 < $20) | Low Recent Cointegration: ADF p=0.908 > 0.1 | Low Recent Correlation: ρ=-0.00 < 0.65

  AXP / BAC:
    ✗  REJECTED: Unstable Hedge Ratio
       Live z=-2.05 LONG | BT: 30 trades, WR 33%, PF 0.50x, P&L $-104
       Gates: WR 33.3% < 55.0% | PF 0.50x < 1.3x | P&L $-104.37 ≤ $50 | Sharpe -1.28 < 0.5 | Unstable Beta: CV=0.38 > 0.3 | Sortino -1.75 < 0.5 | Avg P&L $-3.48 < $5.00 | Failed H1 P&L ($-114 < $20) | Failed H2 P&L ($+9 < $20) | Walk-Forward OOS: Sharpe=-0.42, P&L=$-12.86 | Low Recent Cointegration: ADF p=0.545 > 0.1

  BLK / GL:
    ✗  REJECTED: Unstable Hedge Ratio
       Live z=+2.40 SHORT | BT: 33 trades, WR 48%, PF 1.30x, P&L $+78
       Gates: WR 48.5% < 55.0% | Sharpe +0.48 < 0.5 | Unstable Beta: CV=1.15 > 0.3 | Avg P&L $+2.35 < $5.00 | Failed H1 P&L ($-32 < $20) | Low Recent Cointegration: ADF p=0.899 > 0.1 | Low Recent Correlation: ρ=0.22 < 0.65

  MCHP / NXPI:
    ✗  REJECTED: Unstable Hedge Ratio
       Live z=+3.25 SHORT | BT: 29 trades, WR 41%, PF 1.25x, P&L $+77
       Gates: WR 41.4% < 55.0% | PF 1.25x < 1.3x | Sharpe +0.31 < 0.5 | Unstable Beta: CV=0.52 > 0.3 | Avg P&L $+2.64 < $5.00 | Failed H1 P&L ($-138 < $20) | Low Recent Cointegration: ADF p=0.176 > 0.1

  ALL / JPM:
    ✗  REJECTED: Unstable Hedge Ratio
       Live z=+2.46 SHORT | BT: 32 trades, WR 38%, PF 0.42x, P&L $-259
       Gates: WR 37.5% < 55.0% | PF 0.42x < 1.3x | P&L $-259.13 ≤ $50 | Sharpe -1.61 < 0.5 | Max DD $-321 < $-200 | Unstable Beta: CV=1.26 > 0.3 | Sortino -2.23 < 0.5 | Avg P&L $-8.10 < $5.00 | Failed H1 P&L ($-113 < $20) | Failed H2 P&L ($-146 < $20) | Low Recent Momentum: last 5 trades P&L=$-25 | Walk-Forward OOS: Sharpe=-2.90, P&L=$-120.10 | Low Recent Correlation: ρ=0.04 < 0.65

  ALL / WRB:
    ✗  REJECTED: Unstable Hedge Ratio
       Live z=-2.16 LONG | BT: 29 trades, WR 41%, PF 0.73x, P&L $-64
       Gates: WR 41.4% < 55.0% | PF 0.73x < 1.3x | P&L $-63.66 ≤ $50 | Sharpe -0.50 < 0.5 | Unstable Beta: CV=0.65 > 0.3 | Sortino -0.62 < 0.5 | Avg P&L $-2.20 < $5.00 | Failed H1 P&L ($-33 < $20) | Failed H2 P&L ($-30 < $20) | Low Recent Cointegration: ADF p=0.439 > 0.1 | Low Recent Correlation: ρ=0.42 < 0.65

  GL / STT:
    ✗  REJECTED: Unstable Hedge Ratio
       Live z=+4.33 SHORT | BT: 27 trades, WR 48%, PF 0.92x, P&L $-22
       Gates: WR 48.1% < 55.0% | PF 0.92x < 1.3x | P&L $-22.09 ≤ $50 | Sharpe -0.11 < 0.5 | Unstable Beta: CV=3.26 > 0.3 | Sortino -0.13 < 0.5 | Avg P&L $-0.82 < $5.00 | Failed H2 P&L ($-146 < $20) | Low Recent Momentum: last 5 trades P&L=$-4 | Low Recent Cointegration: ADF p=0.588 > 0.1

  NTRS / STT:
    ✗  REJECTED: Unstable Hedge Ratio
       Live z=+4.32 SHORT | BT: 27 trades, WR 33%, PF 0.56x, P&L $-89
       Gates: WR 33.3% < 55.0% | PF 0.56x < 1.3x | P&L $-89.25 ≤ $50 | Sharpe -0.94 < 0.5 | Unstable Beta: CV=0.39 > 0.3 | Sortino -1.53 < 0.5 | Avg P&L $-3.31 < $5.00 | Failed H1 P&L ($-54 < $20) | Failed H2 P&L ($-35 < $20) | Walk-Forward OOS: Sharpe=-0.60, P&L=$-9.52 | Low Recent Cointegration: ADF p=0.292 > 0.1

  GRMN / RCL:
    ✗  REJECTED: Unstable Hedge Ratio
       Live z=+2.76 SHORT | BT: 29 trades, WR 38%, PF 0.46x, P&L $-289
       Gates: WR 37.9% < 55.0% | PF 0.46x < 1.3x | P&L $-289.29 ≤ $50 | Sharpe -1.12 < 0.5 | Max DD $-294 < $-200 | Unstable Beta: CV=0.81 > 0.3 | Sortino -1.44 < 0.5 | Avg P&L $-9.98 < $5.00 | Failed H1 P&L ($-78 < $20) | Failed H2 P&L ($-211 < $20) | Low Recent Momentum: last 5 trades P&L=$-132 | Walk-Forward OOS: Sharpe=-4.71, P&L=$-173.46 | Low Recent Cointegration: ADF p=0.579 > 0.1 | Low Recent Correlation: ρ=0.40 < 0.65

  CMS / PPL:
    ✗  REJECTED: Unstable Hedge Ratio
       Live z=-2.18 LONG | BT: 35 trades, WR 34%, PF 0.29x, P&L $-130
       Gates: WR 34.3% < 55.0% | PF 0.29x < 1.3x | P&L $-130.28 ≤ $50 | Sharpe -2.24 < 0.5 | Unstable Beta: CV=0.38 > 0.3 | Sortino -3.00 < 0.5 | Avg P&L $-3.72 < $5.00 | Failed H1 P&L ($-68 < $20) | Failed H2 P&L ($-62 < $20) | Walk-Forward OOS: Sharpe=-0.60, P&L=$-16.60 | Low Recent Cointegration: ADF p=0.295 > 0.1


  ✓ system_log.csv updated (0 diamond, 28 rejected)

  ════════════════════════════════════════════════════════════
    DAILY RESULTS  (Standard + Split-Half + ADF90 + Momentum)
  ════════════════════════════════════════════════════════════
    Pairs scanned   : 150
    No live signal  : 122
    Download errors : 0
    ◆ Diamond       : 0
    ✗ Rejected      : 28

  No diamond signals today.

  ── Rejected (28 pairs: had live signal, failed regime gates) ──
    ✗   BF-B/STZ      LONG  z=-2.60  WR=51%  PF=1.00x  P&L=$-0
    ✗   BF-B/GIS      LONG  z=-2.28  WR=53%  PF=2.32x  P&L=$+243
    ✗    ALL/GL       LONG  z=-2.56  WR=46%  PF=0.89x  P&L=$-26
    ✗     GL/HIG     SHORT  z=+4.17  WR=50%  PF=0.24x  P&L=$-277
    ✗   CDNS/MSFT    SHORT  z=+2.23  WR=50%  PF=1.36x  P&L=$+56
    ✗   CINF/GL       LONG  z=-2.87  WR=48%  PF=2.01x  P&L=$+156
    ✗    BAC/MS       LONG  z=-2.64  WR=31%  PF=0.32x  P&L=$-222
    ✗   ABBV/MDT     SHORT  z=+2.03  WR=54%  PF=0.69x  P&L=$-70
    ✗    PWR/ROK     SHORT  z=+2.48  WR=44%  PF=0.79x  P&L=$-94
    ✗   GOOG/WBD     SHORT  z=+2.05  WR=44%  PF=0.43x  P&L=$-431
    ✗  GOOGL/WBD     SHORT  z=+2.09  WR=42%  PF=0.66x  P&L=$-262
    ✗     GL/IBKR    SHORT  z=+2.95  WR=34%  PF=0.42x  P&L=$-309
    ✗     MS/STT      LONG  z=-4.14  WR=24%  PF=0.50x  P&L=$-122
    ✗     PH/LUV      LONG  z=-2.02  WR=27%  PF=0.37x  P&L=$-357
    ✗     DG/DLTR    SHORT  z=+2.36  WR=53%  PF=1.02x  P&L=$+10
    ✗    ALB/FCX     SHORT  z=+2.18  WR=58%  PF=0.69x  P&L=$-152
    ✗    TFC/USB      LONG  z=-3.08  WR=43%  PF=1.99x  P&L=$+79
    ✗    BAC/GS       LONG  z=-3.13  WR=39%  PF=0.73x  P&L=$-73
    ✗    COF/GL      SHORT  z=+2.12  WR=62%  PF=1.56x  P&L=$+151
    ✗    AXP/BAC      LONG  z=-2.05  WR=33%  PF=0.50x  P&L=$-104
    ✗    BLK/GL      SHORT  z=+2.40  WR=48%  PF=1.30x  P&L=$+78
    ✗   MCHP/NXPI    SHORT  z=+3.25  WR=41%  PF=1.25x  P&L=$+77
    ✗    ALL/JPM     SHORT  z=+2.46  WR=38%  PF=0.42x  P&L=$-259
    ✗    ALL/WRB      LONG  z=-2.16  WR=41%  PF=0.73x  P&L=$-64
    ✗     GL/STT     SHORT  z=+4.33  WR=48%  PF=0.92x  P&L=$-22
    ✗   NTRS/STT     SHORT  z=+4.32  WR=33%  PF=0.56x  P&L=$-89
    ✗   GRMN/RCL     SHORT  z=+2.76  WR=38%  PF=0.46x  P&L=$-289
    ✗    CMS/PPL      LONG  z=-2.18  WR=34%  PF=0.29x  P&L=$-130

  Log     → C:\Users\User\Desktop\adf bot\logs\2026-03-10_202349.log
  Journal → C:\Users\User\Desktop\adf bot\system_log.csv
  Errors  → C:\Users\User\Desktop\adf bot\error.log

