
  ╔══════════════════════════════════════════════════════════════╗
  ║     PAIRS TRADING SYSTEM — Daily Orchestration              ║
  ║     2026-02-18 15:38:24                                        ║
  ╚══════════════════════════════════════════════════════════════╝

  ── System Health ──────────────────────────────
    Data Source      : ● ONLINE
    Pairs Loaded     : 100
    Scanner Age      : 0d old
    System Log       : Exists
    Error Log        : error.log
    Strategy         : z_entry=1.5 | z_exit=0.0 | z_stop=3.5 | hold<=30d
    Quality Gates    : WR>50.0% | PF>1.1x | P&L>$0
    Regime Gates     : Split-Half | ADF-90d | Recent Momentum
  ──────────────────────────────────────────────────

  Scanner skipped (candidates 0d old, refresh every 7d). Use --scan to force.

  ═══ PHASE 2 — Master Signal (live + backtest) ═══


╔══════════════════════════════════════════════════════════════╗
║  MASTER SIGNAL v3 — Audit-Fixed Verification Engine         ║
║  Run : 2026-02-18 15:38:25                                  ║
╚══════════════════════════════════════════════════════════════╝

  Loaded 100 pairs from daily_candidates.csv
  Strategy: β=60d | z=20d | Entry |z|>1.5 | Exit z→0.0 | Stop |z|>3.5 | Hold≤30d
  Quality gates: WR>50.0% | PF>1.1x | P&L>$0
  Slippage: 0.10% on notional (entry+exit, both legs) | Capital: $1,000/trade
  Execution: 1-bar delay (signal@close → trade@next close)

  [1/100]        APD / IP  ⚡ z=-1.64  LONG  →  ✗ REJECTED
  [2/100]       HWM / JCI  ⚡ z=-2.86  LONG  →  ✗ REJECTED
  [3/100]      KLAC / STX  —  No signal  (|z| = 1.38)
  [4/100]      CBOE / HIG  —  No signal  (|z| = 0.11)
  [5/100]       ATO / XEL  —  No signal  (|z| = 1.35)
  [6/100]      ABBV / MDT  —  No signal  (|z| = 0.57)
  [7/100]        BAC / MS  —  No signal  (|z| = 0.07)
  [8/100]       PPL / WEC  —  No signal  (|z| = 1.50)
  [9/100]        NI / XEL  ⚡ z=-5.22  LONG  →  ✗ REJECTED
  [10/100]       AME / LUV  ⚡ z=-1.58  LONG  →  ✗ REJECTED
  [11/100]      BF-B / STZ  —  No signal  (|z| = 0.55)
  [12/100]       EME / NSC  ⚡ z=-1.70  LONG  →  ✗ REJECTED
  [13/100]        KEY / RF  ⚡ z=+3.05 SHORT  →  ✗ REJECTED
  [14/100]         J / URI  —  No signal  (|z| = 0.31)
  [15/100]       PPL / XEL  —  No signal  (|z| = 0.34)
  [16/100]       LNT / XEL  ⚡ z=-3.61  LONG  →  ✗ REJECTED
  [17/100]         ES / FE  —  No signal  (|z| = 0.58)
  [18/100]       IRM / PSA  —  No signal  (|z| = 0.72)
  [19/100]       CEG / XEL  ⚡ z=+3.81 SHORT  →  ✗ REJECTED
  [20/100]     CDNS / MSFT  —  No signal  (|z| = 0.87)
  [21/100]         J / PNR  —  No signal  (|z| = 1.41)
  [22/100]       HD / NCLH  ⚡ z=-2.80  LONG  →  ✗ REJECTED
  [23/100]       ALL / TRV  ⚡ z=+2.16 SHORT  →  ✗ REJECTED
  [24/100]      CEG / EVRG  —  No signal  (|z| = 1.00)
  [25/100]      ALL / CINF  ⚡ z=+1.51 SHORT  →  ✗ REJECTED
  [26/100]      IBKR / JPM  —  No signal  (|z| = 1.07)
  [27/100]       DTE / DUK  ⚡ z=-2.15  LONG  →  ✗ REJECTED
  [28/100]       DG / DLTR  ⚡ z=+2.20 SHORT  →  ✗ REJECTED
  [29/100]       CEG / NRG  —  No signal  (|z| = 0.77)
  [30/100]     AMZN / TSLA  ⚡ z=-3.49  LONG  →  ✗ REJECTED
  [31/100]        GL / TRV  ⚡ z=-1.55  LONG  →  ✗ REJECTED
  [32/100]      BF-B / KHC  —  No signal  (|z| = 0.32)
  [33/100]      LYV / META  —  No signal  (|z| = 0.57)
  [34/100]      CBOE / TRV  —  No signal  (|z| = 0.27)
  [35/100]       AXP / BAC  —  No signal  (|z| = 1.43)
  [36/100]      IBKR / WFC  —  No signal  (|z| = 0.98)
  [37/100]       EQR / UDR  —  No signal  (|z| = 0.09)
  [38/100]       BAX / MOH  ⚡ z=+2.19 SHORT  →  ✗ REJECTED
  [39/100]    GOOGL / GOOG  ⚡ z=-2.46  LONG  →  ✗ REJECTED
  [40/100]       COF / JPM  ⚡ z=+1.74 SHORT  →  ✗ REJECTED
  [41/100]        BAC / GS  —  No signal  (|z| = 0.52)
  [42/100]      ALL / CBOE  —  No signal  (|z| = 0.49)
  [43/100]     DASH / ORLY  ⚡ z=-1.58  LONG  →  ✗ REJECTED
  [44/100]      AMAT / TER  ⚡ z=+1.75 SHORT  →  ✗ REJECTED
  [45/100]      GOOG / WBD  ⚡ z=+2.81 SHORT  →  ✗ REJECTED
  [46/100]        CBOE / L  —  No signal  (|z| = 0.49)
  [47/100]         D / XEL  ⚡ z=-3.81  LONG  →  ✗ REJECTED
  [48/100]       IR / ODFL  ⚡ z=-1.91  LONG  →  ✗ REJECTED
  [49/100]     GOOGL / WBD  ⚡ z=+2.80 SHORT  →  ✗ REJECTED
  [50/100]      DHR / REGN  ⚡ z=+2.88 SHORT  →  ✗ REJECTED
  [51/100]      COF / IBKR  ⚡ z=+2.13 SHORT  →  ✗ REJECTED
  [52/100]       BK / CBOE  —  No signal  (|z| = 0.26)
  [53/100]       COF / WFC  —  No signal  (|z| = 1.49)
  [54/100]        AXP / MS  —  No signal  (|z| = 0.09)
  [55/100]       CMS / DUK  —  No signal  (|z| = 0.27)
  [56/100]       NSC / PWR  ⚡ z=-2.57  LONG  →  ✗ REJECTED
  [57/100]       CPT / ESS  —  No signal  (|z| = 1.05)
  [58/100]       DUK / XEL  ⚡ z=-2.25  LONG  →  ✗ REJECTED
  [59/100]        CI / ELV  ⚡ z=+1.94 SHORT  →  ✗ REJECTED
  [60/100]       ALL / CME  —  No signal  (|z| = 0.61)
  [61/100]       ADI / STX  —  No signal  (|z| = 1.29)
  [62/100]      COF / NDAQ  ⚡ z=+2.01 SHORT  →  ✗ REJECTED
  [63/100]      BF-B / GIS  ⚡ z=-2.46  LONG  →  ✗ REJECTED
  [64/100]      BF-B / CPB  ⚡ z=-3.04  LONG  →  ✗ REJECTED
  [65/100]     MCHP / NXPI  —  No signal  (|z| = 0.99)
  [66/100]     ADSK / PANW  ⚡ z=-2.16  LONG  →  ✗ REJECTED
  [67/100]       AMP / APO  ⚡ z=+1.95 SHORT  →  ✗ REJECTED
  [68/100]        GL / HIG  —  No signal  (|z| = 1.00)
  [69/100]        LNT / NI  —  No signal  (|z| = 0.59)
  [70/100]      ANET / HPE  —  No signal  (|z| = 0.82)
  [71/100]        CEG / NI  —  No signal  (|z| = 1.08)
  [72/100]     AMZN / EXPE  ⚡ z=-2.24  LONG  →  ✗ REJECTED
  [73/100]          BK / L  —  No signal  (|z| = 0.05)
  [74/100]       GL / IBKR  —  No signal  (|z| = 1.39)
  [75/100]        NI / PPL  ⚡ z=-2.53  LONG  →  ✗ REJECTED
  [76/100]       AEE / XEL  ⚡ z=-3.36  LONG  →  ✗ REJECTED
  [77/100]      ATO / EVRG  —  No signal  (|z| = 0.80)
  [78/100]       WEC / XEL  ⚡ z=-2.09  LONG  →  ✗ REJECTED
  [79/100]      CINF / TRV  —  No signal  (|z| = 0.94)
  [80/100]      AMCR / IFF  ⚡ z=-2.23  LONG  →  ✗ REJECTED
  [81/100]      IEX / ODFL  ⚡ z=-1.60  LONG  →  ✗ REJECTED
  [82/100]     CBOE / CINF  —  No signal  (|z| = 0.27)
  [83/100]       CEG / ETR  —  No signal  (|z| = 0.85)
  [84/100]       CMS / XEL  ⚡ z=-2.08  LONG  →  ✗ REJECTED
  [85/100]        GE / ROL  —  No signal  (|z| = 1.28)
  [86/100]       AME / CMI  ⚡ z=-1.68  LONG  →  ✗ REJECTED
  [87/100]        ALL / BK  —  No signal  (|z| = 0.88)
  [88/100]      AMZN / WSM  ⚡ z=+2.56 SHORT  →  ◆ DIAMOND  (WR 54% | PF 2.77x | P&L $+313)
  [89/100]      BALL / PPG  —  No signal  (|z| = 0.72)
  [90/100]       CMS / PPL  —  No signal  (|z| = 0.56)
  [91/100]       SNA / UAL  —  No signal  (|z| = 0.65)
  [92/100]       ALL / BLK  ⚡ z=+1.55 SHORT  →  ✗ REJECTED
  [93/100]      COO / RVTY  ⚡ z=+1.96 SHORT  →  ✗ REJECTED
  [94/100]       ESS / MAA  —  No signal  (|z| = 1.48)
  [95/100]     EBAY / ORLY  —  No signal  (|z| = 1.27)
  [96/100]      GILD / DGX  ⚡ z=-2.13  LONG  →  ✗ REJECTED
  [97/100]      BF-B / CAG  —  No signal  (|z| = 0.90)
  [98/100]        GL / JPM  ⚡ z=+1.97 SHORT  →  ✗ REJECTED
  [99/100]         A / TMO  ⚡ z=-2.16  LONG  →  ✗ REJECTED
  [100/100]      BF-B / TGT  ⚡ z=-3.35  LONG  →  ✗ REJECTED


════════════════════════════════════════════════════════════════
  SCAN COMPLETE
════════════════════════════════════════════════════════════════
  Pairs scanned   : 100
  No live signal  : 51
  Download errors : 0
  Signals found   : 49
    ◆ Diamond     : 1
    ✗ Rejected    : 48
════════════════════════════════════════════════════════════════

  ╔══════════════════════════════════════════════════════════╗
  ║  ◆ DIAMOND SIGNAL ◆     AMZN / WSM                    ║
  ╠══════════════════════════════════════════════════════════╣
  ║  LIVE                                                    ║
  ║    Direction    : SHORT                                   ║
  ║    Current Z    :  +2.5601                                ║
  ║    Current β    :  -0.0134                                ║
  ║    AMZN   Price : $    201.15                              ║
  ║    WSM    Price : $    211.82                              ║
  ║                                                          ║
  ║  BACKTEST (2yr, 1-bar delay)                             ║
  ║    Trades       :    26                                   ║
  ║    Win Rate     :  53.8 %                                 ║
  ║    Profit Factor:  2.77x                                 ║
  ║    Total P&L    : $  +312.62                            ║
  ║    Sharpe       : +1.42                                  ║
  ║    Avg Hold     :  14.2 days                               ║
  ║                                                          ║
  ║  REGIME GATES                                            ║
  ║    Half-1 P&L   : $  +260.64   ✓                       ║
  ║    Half-2 P&L   : $   +51.98   ✓                       ║
  ║    Recent ADF   :  Stationary   ✓                       ║
  ║    Last 5 P&L   : $    +0.13   ✓                       ║
  ║                                                          ║
  ║  EXECUTION PLAN  ($1,000 capital)               ║
  ║    SHORT AMZN  :     2.49 shares  ($  500.00)  ║
  ║      BUY WSM   :     2.36 shares  ($  500.00)  ║
  ║                                                          ║
  ║  EXIT RULES                                              ║
  ║    Target       : z crosses 0  (mean reversion)          ║
  ║    Stop-Loss    : |z| > 3.5                              ║
  ║    Max Hold     : 30 days                              ║
  ╚══════════════════════════════════════════════════════════╝

  ── Rejected Signals (had live z, failed backtest) ──

  APD / IP:
    ✗  REJECTED: Failed Cointegration / ADF
       Live z=-1.64 LONG | BT: 28 trades, WR 82%, PF 3.05x, P&L $+304
       Gates: Low Recent Cointegration: ADF p=0.685 > 0.1

  HWM / JCI:
    ✗  REJECTED: Failed Split-Half
       Live z=-2.86 LONG | BT: 26 trades, WR 31%, PF 0.30x, P&L $-402
       Gates: WR 30.8% < 50.0% | PF 0.30x < 1.1x | P&L $-402.20 ≤ $0 | Failed H1 P&L ($-282) | Failed H2 P&L ($-120) | Low Recent Cointegration: ADF p=0.610 > 0.1

  NI / XEL:
    ✗  REJECTED: Failed Split-Half
       Live z=-5.22 LONG | BT: 23 trades, WR 35%, PF 0.52x, P&L $-85
       Gates: WR 34.8% < 50.0% | PF 0.52x < 1.1x | P&L $-85.10 ≤ $0 | Failed H1 P&L ($-105) | Low Recent Cointegration: ADF p=0.645 > 0.1

  AME / LUV:
    ✗  REJECTED: Failed Split-Half
       Live z=-1.58 LONG | BT: 33 trades, WR 33%, PF 0.38x, P&L $-392
       Gates: WR 33.3% < 50.0% | PF 0.38x < 1.1x | P&L $-392.02 ≤ $0 | Failed H1 P&L ($-249) | Failed H2 P&L ($-143) | Low Recent Momentum: last 5 trades P&L=$-84 | Low Recent Cointegration: ADF p=0.477 > 0.1

  EME / NSC:
    ✗  REJECTED: Failed Split-Half
       Live z=-1.70 LONG | BT: 26 trades, WR 31%, PF 0.69x, P&L $-151
       Gates: WR 30.8% < 50.0% | PF 0.69x < 1.1x | P&L $-150.96 ≤ $0 | Failed H1 P&L ($-11) | Failed H2 P&L ($-140) | Low Recent Momentum: last 5 trades P&L=$-89 | Low Recent Cointegration: ADF p=0.399 > 0.1

  KEY / RF:
    ✗  REJECTED: Failed Split-Half
       Live z=+3.05 SHORT | BT: 34 trades, WR 41%, PF 0.40x, P&L $-110
       Gates: WR 41.2% < 50.0% | PF 0.40x < 1.1x | P&L $-110.29 ≤ $0 | Failed H1 P&L ($-119) | Low Recent Momentum: last 5 trades P&L=$-7 | Low Recent Cointegration: ADF p=0.394 > 0.1

  LNT / XEL:
    ✗  REJECTED: Failed Split-Half
       Live z=-3.61 LONG | BT: 33 trades, WR 48%, PF 1.07x, P&L $+8
       Gates: WR 48.5% < 50.0% | PF 1.07x < 1.1x | Failed H1 P&L ($-55) | Low Recent Cointegration: ADF p=0.942 > 0.1

  CEG / XEL:
    ✗  REJECTED: Failed Split-Half
       Live z=+3.81 SHORT | BT: 22 trades, WR 45%, PF 1.15x, P&L $+67
       Gates: WR 45.5% < 50.0% | Failed H2 P&L ($-63) | Low Recent Momentum: last 5 trades P&L=$-37 | Low Recent Cointegration: ADF p=0.991 > 0.1

  HD / NCLH:
    ✗  REJECTED: Failed Split-Half
       Live z=-2.80 LONG | BT: 28 trades, WR 32%, PF 0.58x, P&L $-255
       Gates: WR 32.1% < 50.0% | PF 0.58x < 1.1x | P&L $-255.41 ≤ $0 | Failed H1 P&L ($-43) | Failed H2 P&L ($-212) | Low Recent Momentum: last 5 trades P&L=$-143

  ALL / TRV:
    ✗  REJECTED: Failed Split-Half
       Live z=+2.16 SHORT | BT: 30 trades, WR 43%, PF 0.84x, P&L $-30
       Gates: WR 43.3% < 50.0% | PF 0.84x < 1.1x | P&L $-29.68 ≤ $0 | Failed H2 P&L ($-81) | Low Recent Momentum: last 5 trades P&L=$-48 | Low Recent Cointegration: ADF p=0.179 > 0.1

  ALL / CINF:
    ✗  REJECTED: Failed Split-Half
       Live z=+1.51 SHORT | BT: 27 trades, WR 52%, PF 0.82x, P&L $-39
       Gates: PF 0.82x < 1.1x | P&L $-38.79 ≤ $0 | Failed H1 P&L ($-26) | Failed H2 P&L ($-13) | Low Recent Momentum: last 5 trades P&L=$-95 | Low Recent Cointegration: ADF p=0.844 > 0.1

  DTE / DUK:
    ✗  REJECTED: Failed Split-Half
       Live z=-2.15 LONG | BT: 23 trades, WR 39%, PF 0.88x, P&L $-14
       Gates: WR 39.1% < 50.0% | PF 0.88x < 1.1x | P&L $-14.46 ≤ $0 | Failed H2 P&L ($-41)

  DG / DLTR:
    ✗  REJECTED: Failed Split-Half
       Live z=+2.20 SHORT | BT: 23 trades, WR 57%, PF 1.12x, P&L $+43
       Gates: Failed H2 P&L ($-161) | Low Recent Momentum: last 5 trades P&L=$-28 | Low Recent Cointegration: ADF p=0.703 > 0.1

  AMZN / TSLA:
    ✗  REJECTED: Failed Split-Half
       Live z=-3.49 LONG | BT: 29 trades, WR 41%, PF 0.67x, P&L $-302
       Gates: WR 41.4% < 50.0% | PF 0.67x < 1.1x | P&L $-301.63 ≤ $0 | Failed H2 P&L ($-458) | Low Recent Momentum: last 5 trades P&L=$-68 | Low Recent Cointegration: ADF p=0.324 > 0.1

  GL / TRV:
    ✗  REJECTED: Failed Cointegration / ADF
       Live z=-1.55 LONG | BT: 31 trades, WR 45%, PF 1.68x, P&L $+172
       Gates: WR 45.2% < 50.0% | Low Recent Cointegration: ADF p=0.290 > 0.1

  BAX / MOH:
    ✗  REJECTED: Failed Split-Half
       Live z=+2.19 SHORT | BT: 24 trades, WR 54%, PF 1.27x, P&L $+125
       Gates: Failed H2 P&L ($-78) | Low Recent Cointegration: ADF p=0.113 > 0.1

  GOOGL / GOOG:
    ✗  REJECTED: Failed Split-Half
       Live z=-2.46 LONG | BT: 25 trades, WR 4%, PF 0.00x, P&L $-60
       Gates: WR 4.0% < 50.0% | PF 0.00x < 1.1x | P&L $-59.83 ≤ $0 | Failed H1 P&L ($-18) | Failed H2 P&L ($-42) | Low Recent Momentum: last 5 trades P&L=$-16 | Low Recent Cointegration: ADF p=0.300 > 0.1

  COF / JPM:
    ✗  REJECTED: Failed Split-Half
       Live z=+1.74 SHORT | BT: 26 trades, WR 38%, PF 0.85x, P&L $-30
       Gates: WR 38.5% < 50.0% | PF 0.85x < 1.1x | P&L $-30.19 ≤ $0 | Failed H1 P&L ($-22) | Failed H2 P&L ($-9) | Low Recent Cointegration: ADF p=0.819 > 0.1

  DASH / ORLY:
    ✗  REJECTED: Failed Split-Half
       Live z=-1.58 LONG | BT: 24 trades, WR 54%, PF 1.20x, P&L $+78
       Gates: Failed H1 P&L ($-32) | Low Recent Cointegration: ADF p=0.553 > 0.1

  AMAT / TER:
    ✗  REJECTED: Failed Split-Half
       Live z=+1.75 SHORT | BT: 24 trades, WR 42%, PF 0.72x, P&L $-173
       Gates: WR 41.7% < 50.0% | PF 0.72x < 1.1x | P&L $-173.36 ≤ $0 | Failed H1 P&L ($-204) | Low Recent Momentum: last 5 trades P&L=$-70

  GOOG / WBD:
    ✗  REJECTED: Failed Split-Half
       Live z=+2.81 SHORT | BT: 29 trades, WR 45%, PF 0.67x, P&L $-243
       Gates: WR 44.8% < 50.0% | PF 0.67x < 1.1x | P&L $-243.26 ≤ $0 | Failed H1 P&L ($-151) | Failed H2 P&L ($-92) | Low Recent Cointegration: ADF p=0.440 > 0.1

  D / XEL:
    ✗  REJECTED: Failed Split-Half
       Live z=-3.81 LONG | BT: 26 trades, WR 46%, PF 0.84x, P&L $-22
       Gates: WR 46.2% < 50.0% | PF 0.84x < 1.1x | P&L $-21.76 ≤ $0 | Failed H1 P&L ($-8) | Failed H2 P&L ($-14) | Low Recent Momentum: last 5 trades P&L=$-34 | Low Recent Cointegration: ADF p=1.000 > 0.1

  IR / ODFL:
    ✗  REJECTED: Failed Split-Half
       Live z=-1.91 LONG | BT: 26 trades, WR 42%, PF 0.40x, P&L $-272
       Gates: WR 42.3% < 50.0% | PF 0.40x < 1.1x | P&L $-272.29 ≤ $0 | Failed H1 P&L ($-314) | Low Recent Momentum: last 5 trades P&L=$-34 | Low Recent Cointegration: ADF p=0.323 > 0.1

  GOOGL / WBD:
    ✗  REJECTED: Failed Split-Half
       Live z=+2.80 SHORT | BT: 29 trades, WR 45%, PF 0.86x, P&L $-99
       Gates: WR 44.8% < 50.0% | PF 0.86x < 1.1x | P&L $-98.96 ≤ $0 | Failed H1 P&L ($-159) | Low Recent Cointegration: ADF p=0.447 > 0.1

  DHR / REGN:
    ✗  REJECTED: Failed Split-Half
       Live z=+2.88 SHORT | BT: 26 trades, WR 42%, PF 0.96x, P&L $-14
       Gates: WR 42.3% < 50.0% | PF 0.96x < 1.1x | P&L $-13.55 ≤ $0 | Failed H2 P&L ($-73) | Low Recent Momentum: last 5 trades P&L=$-103 | Low Recent Cointegration: ADF p=0.796 > 0.1

  COF / IBKR:
    ✗  REJECTED: Failed Split-Half
       Live z=+2.13 SHORT | BT: 26 trades, WR 50%, PF 1.34x, P&L $+105
       Gates: Failed H1 P&L ($-121) | Low Recent Cointegration: ADF p=0.145 > 0.1

  NSC / PWR:
    ✗  REJECTED: Failed Split-Half
       Live z=-2.57 LONG | BT: 23 trades, WR 43%, PF 0.53x, P&L $-202
       Gates: WR 43.5% < 50.0% | PF 0.53x < 1.1x | P&L $-202.15 ≤ $0 | Failed H1 P&L ($-29) | Failed H2 P&L ($-173) | Low Recent Momentum: last 5 trades P&L=$-39 | Low Recent Cointegration: ADF p=0.226 > 0.1

  DUK / XEL:
    ✗  REJECTED: Failed Split-Half
       Live z=-2.25 LONG | BT: 29 trades, WR 31%, PF 0.91x, P&L $-13
       Gates: WR 31.0% < 50.0% | PF 0.91x < 1.1x | P&L $-13.23 ≤ $0 | Failed H1 P&L ($-29) | Low Recent Momentum: last 5 trades P&L=$-18 | Low Recent Cointegration: ADF p=0.595 > 0.1

  CI / ELV:
    ✗  REJECTED: Failed Split-Half
       Live z=+1.94 SHORT | BT: 26 trades, WR 46%, PF 0.53x, P&L $-196
       Gates: WR 46.2% < 50.0% | PF 0.53x < 1.1x | P&L $-196.26 ≤ $0 | Failed H1 P&L ($-17) | Failed H2 P&L ($-180) | Low Recent Momentum: last 5 trades P&L=$-141 | Low Recent Cointegration: ADF p=0.536 > 0.1

  COF / NDAQ:
    ✗  REJECTED: Failed Split-Half
       Live z=+2.01 SHORT | BT: 28 trades, WR 25%, PF 0.32x, P&L $-308
       Gates: WR 25.0% < 50.0% | PF 0.32x < 1.1x | P&L $-307.77 ≤ $0 | Failed H1 P&L ($-180) | Failed H2 P&L ($-127) | Low Recent Momentum: last 5 trades P&L=$-56 | Low Recent Cointegration: ADF p=0.430 > 0.1

  BF-B / GIS:
    ✗  REJECTED: Failed Cointegration / ADF
       Live z=-2.46 LONG | BT: 24 trades, WR 62%, PF 3.15x, P&L $+325
       Gates: Low Recent Cointegration: ADF p=0.540 > 0.1

  BF-B / CPB:
    ✗  REJECTED: Failed Cointegration / ADF
       Live z=-3.04 LONG | BT: 19 trades, WR 53%, PF 2.24x, P&L $+235
       Gates: Low Recent Cointegration: ADF p=0.487 > 0.1

  ADSK / PANW:
    ✗  REJECTED: Failed Split-Half
       Live z=-2.16 LONG | BT: 26 trades, WR 38%, PF 0.59x, P&L $-179
       Gates: WR 38.5% < 50.0% | PF 0.59x < 1.1x | P&L $-179.09 ≤ $0 | Failed H1 P&L ($-160) | Failed H2 P&L ($-19) | Low Recent Momentum: last 5 trades P&L=$-75 | Low Recent Cointegration: ADF p=0.948 > 0.1

  AMP / APO:
    ✗  REJECTED: Failed Split-Half
       Live z=+1.95 SHORT | BT: 26 trades, WR 54%, PF 1.35x, P&L $+93
       Gates: Failed H1 P&L ($-84)

  AMZN / EXPE:
    ✗  REJECTED: Failed Cointegration / ADF
       Live z=-2.24 LONG | BT: 27 trades, WR 37%, PF 1.17x, P&L $+53
       Gates: WR 37.0% < 50.0% | Low Recent Cointegration: ADF p=0.294 > 0.1

  NI / PPL:
    ✗  REJECTED: Failed Split-Half
       Live z=-2.53 LONG | BT: 25 trades, WR 40%, PF 0.51x, P&L $-77
       Gates: WR 40.0% < 50.0% | PF 0.51x < 1.1x | P&L $-77.18 ≤ $0 | Failed H1 P&L ($-59) | Failed H2 P&L ($-18) | Low Recent Cointegration: ADF p=0.396 > 0.1

  AEE / XEL:
    ✗  REJECTED: Failed Split-Half
       Live z=-3.36 LONG | BT: 26 trades, WR 35%, PF 0.74x, P&L $-40
       Gates: WR 34.6% < 50.0% | PF 0.74x < 1.1x | P&L $-40.10 ≤ $0 | Failed H1 P&L ($-37) | Failed H2 P&L ($-3) | Low Recent Momentum: last 5 trades P&L=$-9 | Low Recent Cointegration: ADF p=0.855 > 0.1

  WEC / XEL:
    ✗  REJECTED: Failed Split-Half
       Live z=-2.09 LONG | BT: 29 trades, WR 31%, PF 0.28x, P&L $-159
       Gates: WR 31.0% < 50.0% | PF 0.28x < 1.1x | P&L $-158.62 ≤ $0 | Failed H1 P&L ($-101) | Failed H2 P&L ($-57) | Low Recent Momentum: last 5 trades P&L=$-7 | Low Recent Cointegration: ADF p=0.185 > 0.1

  AMCR / IFF:
    ✗  REJECTED: Failed Split-Half
       Live z=-2.23 LONG | BT: 23 trades, WR 30%, PF 0.66x, P&L $-86
       Gates: WR 30.4% < 50.0% | PF 0.66x < 1.1x | P&L $-86.16 ≤ $0 | Failed H1 P&L ($-46) | Failed H2 P&L ($-40) | Low Recent Momentum: last 5 trades P&L=$-68 | Low Recent Cointegration: ADF p=0.370 > 0.1

  IEX / ODFL:
    ✗  REJECTED: Failed Split-Half
       Live z=-1.60 LONG | BT: 30 trades, WR 50%, PF 0.91x, P&L $-25
       Gates: PF 0.91x < 1.1x | P&L $-25.13 ≤ $0 | Failed H1 P&L ($-32) | Low Recent Cointegration: ADF p=0.174 > 0.1

  CMS / XEL:
    ✗  REJECTED: Failed Cointegration / ADF
       Live z=-2.08 LONG | BT: 27 trades, WR 41%, PF 1.31x, P&L $+36
       Gates: WR 40.7% < 50.0% | Low Recent Momentum: last 5 trades P&L=$-2 | Low Recent Cointegration: ADF p=0.887 > 0.1

  AME / CMI:
    ✗  REJECTED: Failed Split-Half
       Live z=-1.68 LONG | BT: 26 trades, WR 42%, PF 0.79x, P&L $-61
       Gates: WR 42.3% < 50.0% | PF 0.79x < 1.1x | P&L $-61.22 ≤ $0 | Failed H2 P&L ($-62) | Low Recent Momentum: last 5 trades P&L=$-1 | Low Recent Cointegration: ADF p=0.969 > 0.1

  ALL / BLK:
    ✗  REJECTED: Failed Split-Half
       Live z=+1.55 SHORT | BT: 19 trades, WR 37%, PF 0.53x, P&L $-158
       Gates: WR 36.8% < 50.0% | PF 0.53x < 1.1x | P&L $-157.71 ≤ $0 | Failed H1 P&L ($-31) | Failed H2 P&L ($-127) | Low Recent Momentum: last 5 trades P&L=$-65 | Low Recent Cointegration: ADF p=0.546 > 0.1

  COO / RVTY:
    ✗  REJECTED: Failed Split-Half
       Live z=+1.96 SHORT | BT: 27 trades, WR 22%, PF 0.18x, P&L $-430
       Gates: WR 22.2% < 50.0% | PF 0.18x < 1.1x | P&L $-430.39 ≤ $0 | Failed H1 P&L ($-293) | Failed H2 P&L ($-137) | Low Recent Momentum: last 5 trades P&L=$-133 | Low Recent Cointegration: ADF p=0.960 > 0.1

  GILD / DGX:
    ✗  REJECTED: Failed Split-Half
       Live z=-2.13 LONG | BT: 27 trades, WR 41%, PF 0.67x, P&L $-133
       Gates: WR 40.7% < 50.0% | PF 0.67x < 1.1x | P&L $-132.73 ≤ $0 | Failed H2 P&L ($-148) | Low Recent Momentum: last 5 trades P&L=$-61 | Low Recent Cointegration: ADF p=0.385 > 0.1

  GL / JPM:
    ✗  REJECTED: Failed Split-Half
       Live z=+1.97 SHORT | BT: 28 trades, WR 46%, PF 1.24x, P&L $+74
       Gates: WR 46.4% < 50.0% | Failed H2 P&L ($-28) | Low Recent Cointegration: ADF p=0.292 > 0.1

  A / TMO:
    ✗  REJECTED: Failed Split-Half
       Live z=-2.16 LONG | BT: 24 trades, WR 42%, PF 0.47x, P&L $-172
       Gates: WR 41.7% < 50.0% | PF 0.47x < 1.1x | P&L $-172.16 ≤ $0 | Failed H1 P&L ($-48) | Failed H2 P&L ($-124) | Low Recent Cointegration: ADF p=0.195 > 0.1

  BF-B / TGT:
    ✗  REJECTED: Failed Split-Half
       Live z=-3.35 LONG | BT: 32 trades, WR 41%, PF 0.47x, P&L $-247
       Gates: WR 40.6% < 50.0% | PF 0.47x < 1.1x | P&L $-246.53 ≤ $0 | Failed H1 P&L ($-86) | Failed H2 P&L ($-161) | Low Recent Momentum: last 5 trades P&L=$-78 | Low Recent Cointegration: ADF p=0.196 > 0.1


  ✓ system_log.csv updated (1 diamond, 48 rejected)

  ════════════════════════════════════════════════════════════
    DAILY RESULTS  (Standard + Split-Half + ADF90 + Momentum)
  ════════════════════════════════════════════════════════════
    Pairs scanned   : 100
    No live signal  : 51
    Download errors : 0
    ◆ Diamond       : 1
    ✗ Rejected      : 48

  ┌────────────────────────────────────────────────────────────────────────┐
  │  ◆  DIAMOND SIGNALS — Regime-Verified Trade Candidates              │
  └────────────────────────────────────────────────────────────────────────┘

    PAIR             DIR  Z-SCORE    WR%      PF        P&L   SHARPE   HOLD
    ────────────── ───── ──────── ────── ─────── ────────── ──────── ──────
  ★ AMZN/WSM       SHORT    +2.56  53.8%   2.77x $ +312.62   +1.42  14.2d

  ── Rejected (48 pairs: had live signal, failed regime gates) ──
    ✗    APD/IP       LONG  z=-1.64  WR=82%  PF=3.05x  P&L=$+304
    ✗    HWM/JCI      LONG  z=-2.86  WR=31%  PF=0.30x  P&L=$-402
    ✗     NI/XEL      LONG  z=-5.22  WR=35%  PF=0.52x  P&L=$-85
    ✗    AME/LUV      LONG  z=-1.58  WR=33%  PF=0.38x  P&L=$-392
    ✗    EME/NSC      LONG  z=-1.70  WR=31%  PF=0.69x  P&L=$-151
    ✗    KEY/RF      SHORT  z=+3.05  WR=41%  PF=0.40x  P&L=$-110
    ✗    LNT/XEL      LONG  z=-3.61  WR=48%  PF=1.07x  P&L=$+8
    ✗    CEG/XEL     SHORT  z=+3.81  WR=45%  PF=1.15x  P&L=$+67
    ✗     HD/NCLH     LONG  z=-2.80  WR=32%  PF=0.58x  P&L=$-255
    ✗    ALL/TRV     SHORT  z=+2.16  WR=43%  PF=0.84x  P&L=$-30
    ✗    ALL/CINF    SHORT  z=+1.51  WR=52%  PF=0.82x  P&L=$-39
    ✗    DTE/DUK      LONG  z=-2.15  WR=39%  PF=0.88x  P&L=$-14
    ✗     DG/DLTR    SHORT  z=+2.20  WR=57%  PF=1.12x  P&L=$+43
    ✗   AMZN/TSLA     LONG  z=-3.49  WR=41%  PF=0.67x  P&L=$-302
    ✗     GL/TRV      LONG  z=-1.55  WR=45%  PF=1.68x  P&L=$+172
    ✗    BAX/MOH     SHORT  z=+2.19  WR=54%  PF=1.27x  P&L=$+125
    ✗  GOOGL/GOOG     LONG  z=-2.46  WR=4%  PF=0.00x  P&L=$-60
    ✗    COF/JPM     SHORT  z=+1.74  WR=38%  PF=0.85x  P&L=$-30
    ✗   DASH/ORLY     LONG  z=-1.58  WR=54%  PF=1.20x  P&L=$+78
    ✗   AMAT/TER     SHORT  z=+1.75  WR=42%  PF=0.72x  P&L=$-173
    ✗   GOOG/WBD     SHORT  z=+2.81  WR=45%  PF=0.67x  P&L=$-243
    ✗      D/XEL      LONG  z=-3.81  WR=46%  PF=0.84x  P&L=$-22
    ✗     IR/ODFL     LONG  z=-1.91  WR=42%  PF=0.40x  P&L=$-272
    ✗  GOOGL/WBD     SHORT  z=+2.80  WR=45%  PF=0.86x  P&L=$-99
    ✗    DHR/REGN    SHORT  z=+2.88  WR=42%  PF=0.96x  P&L=$-14
    ✗    COF/IBKR    SHORT  z=+2.13  WR=50%  PF=1.34x  P&L=$+105
    ✗    NSC/PWR      LONG  z=-2.57  WR=43%  PF=0.53x  P&L=$-202
    ✗    DUK/XEL      LONG  z=-2.25  WR=31%  PF=0.91x  P&L=$-13
    ✗     CI/ELV     SHORT  z=+1.94  WR=46%  PF=0.53x  P&L=$-196
    ✗    COF/NDAQ    SHORT  z=+2.01  WR=25%  PF=0.32x  P&L=$-308
    ✗   BF-B/GIS      LONG  z=-2.46  WR=62%  PF=3.15x  P&L=$+325
    ✗   BF-B/CPB      LONG  z=-3.04  WR=53%  PF=2.24x  P&L=$+235
    ✗   ADSK/PANW     LONG  z=-2.16  WR=38%  PF=0.59x  P&L=$-179
    ✗    AMP/APO     SHORT  z=+1.95  WR=54%  PF=1.35x  P&L=$+93
    ✗   AMZN/EXPE     LONG  z=-2.24  WR=37%  PF=1.17x  P&L=$+53
    ✗     NI/PPL      LONG  z=-2.53  WR=40%  PF=0.51x  P&L=$-77
    ✗    AEE/XEL      LONG  z=-3.36  WR=35%  PF=0.74x  P&L=$-40
    ✗    WEC/XEL      LONG  z=-2.09  WR=31%  PF=0.28x  P&L=$-159
    ✗   AMCR/IFF      LONG  z=-2.23  WR=30%  PF=0.66x  P&L=$-86
    ✗    IEX/ODFL     LONG  z=-1.60  WR=50%  PF=0.91x  P&L=$-25
    ✗    CMS/XEL      LONG  z=-2.08  WR=41%  PF=1.31x  P&L=$+36
    ✗    AME/CMI      LONG  z=-1.68  WR=42%  PF=0.79x  P&L=$-61
    ✗    ALL/BLK     SHORT  z=+1.55  WR=37%  PF=0.53x  P&L=$-158
    ✗    COO/RVTY    SHORT  z=+1.96  WR=22%  PF=0.18x  P&L=$-430
    ✗   GILD/DGX      LONG  z=-2.13  WR=41%  PF=0.67x  P&L=$-133
    ✗     GL/JPM     SHORT  z=+1.97  WR=46%  PF=1.24x  P&L=$+74
    ✗      A/TMO      LONG  z=-2.16  WR=42%  PF=0.47x  P&L=$-172
    ✗   BF-B/TGT      LONG  z=-3.35  WR=41%  PF=0.47x  P&L=$-247

  Log     → c:\Users\User\Desktop\adf bot\logs\2026-02-18_153824.log
  Journal → c:\Users\User\Desktop\adf bot\system_log.csv
  Errors  → c:\Users\User\Desktop\adf bot\error.log

