
  ╔══════════════════════════════════════════════════════════════╗
  ║     ADF TRADING SYSTEM  — Daily Orchestration               ║
  ║     2026-06-23 16:00:05                                        ║
  ╚══════════════════════════════════════════════════════════════╝

  ── System Health ──────────────────────────────
    Data Source      : ● OFFLINE
    Pairs Loaded     : 0
    Scanner Age      : N/A
    System Log       : Exists
    Error Log        : error.log
    Strategy         : z_entry=2.0 | z_exit=0.0 | z_stop=3.0 | hold<=20d
    Quality Gates    : WR>55.0% | PF>1.5x | P&L>$0
    Regime Gates     : Split-Half | ADF-90d | Recent Momentum
  ──────────────────────────────────────────────────

  --- PHASE 0b — Momentum Portfolio Update ---

  No momentum positions closed today.

  -- Momentum Portfolio ---------------------------------------
    Open positions : 4 / 5
    Realized P&L   : $+0.00
    Total trades   : 0
    Consec. losses : 0

    TICKER     DIR    ENTRY     PEAK     STOP   TARGET  DAYS
    -------- ----- -------- -------- -------- -------- -----
    AMAT      LONG $ 552.64 $ 640.18 $ 521.32 $ 690.77    11
    STLD      LONG $ 279.55 $ 282.76 $ 249.93 $ 322.14    11
    INTC      LONG $ 124.57 $ 140.94 $ 109.97 $ 170.91    10
    CSCO      LONG $ 119.54 $ 121.89 $ 108.69 $ 139.58     3
  -------------------------------------------------------------

  --- PHASE 0d --- Earnings Portfolio Update ---

  No earnings positions closed today.

  -- Earnings Module Portfolio --------------------------------
    Open positions : 0 / 5
    Realized P&L   : $-37.60
    Total trades   : 10
    Live win rate  : 40.0%
    Consec. losses : 0
  -------------------------------------------------------------


  -- Earnings Performance Report -----------------------------
    Closed trades      : 10
    Total net P&L      : $-37.58
    Live win rate      : 40.0%
    Hist beat rate avg : 85.0%
    Live avg P&L       : $-3.76
    Avg win            : $+42.17
    Avg loss           : $-34.38
    Profit factor      : 0.82
    Avg hold (days)    : 7.7
    Live Sharpe        : -0.44
    Best trade         : $+78.20
    Worst trade        : $-77.17
    Max consec. losses : 4
    Max drawdown       : $-167.35
    Exit breakdown:
      post_earnings    :  10 trades  P&L=$-37.58
    Verdict            : Edge degrading -- review
  -------------------------------------------------------------

  Excel Tracker: updating paper_trades.xlsx ...
    Open positions: 4  |  Newly closed: 0
    File: C:\Users\User\Desktop\adf bot\paper_trades.xlsx

  --- Global Risk Assessment ---


  -- Global Risk Manager --------------------------------------
    Status             : [OK]  ALLOW
    Capital deployed   : $ 1150.48  / $8000
    Open positions     :   4  / 15
    Long  exposure     : $ 1150.48  (100.0%)
    Short exposure     : $    0.00  (0.0%)
    Realized P&L       : $-37.58
    Unrealized P&L     : $+0.00  (estimated at cost)
    Combined drawdown  : $-63.63  (freeze: $-2000, liq: $-3500)
    Peak combined P&L  : $+26.05

    MODULE        OPEN    CAPITAL     LONG    SHORT
    ------------ ----- ---------- -------- --------
    pairs            0 $     0.00 $   0.00 $   0.00
    momentum         4 $  1150.48 $1150.48 $   0.00
    bear             0 $     0.00 $   0.00 $   0.00
    earnings         0 $     0.00 $   0.00 $   0.00
    shock            0 $     0.00 $   0.00 $   0.00
  -------------------------------------------------------------

  Pairs module disabled.

  --- PHASE 3 — Momentum Strategy ---

------------------------------------------------------------
  MOMENTUM SCANNER
  Run date : 2026-06-23
------------------------------------------------------------

[STEP 1] Building universe ...
[STEP 1] Scraped 503 S&P 500 tickers + sectors from Wikipedia.
[STEP 1b] Scraped 101 Nasdaq-100 tickers + sectors from Wikipedia.
  [SCAN] Universe: 515 unique tickers (S&P 500 + Nasdaq-100).

[STEP 2] Downloading OHLCV data ...
  [SCAN] Downloading OHLCV for 515 tickers (2021-06-24 -> 2026-06-23) in batches of 50 ...
  [DATA] Batch 1/11 (50 tickers) ... OK (50 cols)
  [DATA] Batch 2/11 (50 tickers) ... OK (50 cols)
  [DATA] Batch 3/11 (50 tickers) ... OK (50 cols)
  [DATA] Batch 4/11 (50 tickers) ... OK (50 cols)
  [DATA] Batch 5/11 (50 tickers) ... OK (50 cols)
  [DATA] Batch 6/11 (50 tickers) ... OK (50 cols)
  [DATA] Batch 7/11 (50 tickers) ... OK (50 cols)
  [DATA] Batch 8/11 (50 tickers) ... OK (50 cols)
  [DATA] Batch 9/11 (50 tickers) ... OK (50 cols)
  [DATA] Batch 10/11 (50 tickers) ... OK (50 cols)
  [DATA] Batch 11/11 (15 tickers) ... OK (15 cols)

[STEP 3] Cleaning data ...
[STEP 3] Dropped 10 tickers (>10% missing).  Remaining: 504 tickers.

  [DATA] 504 tickers after cleaning.

[STEP 4] Checking market regime ...
  [REGIME] Fetching S&P 500 and VIX data ...
  [REGIME] S&P 500 price=7472.8  EMA50=7313.1  EMA200=6890.8  above_200EMA=Y
  [REGIME] VIX=20.13  scale=1.00  -> BULL

[STEP 5] Computing blended momentum scores ...
  [SCAN] Momentum scores computed for 504 tickers.

[STEP 6] Computing technical indicators ...
  [SCAN] Technical indicators computed for 504 tickers.

[STEP 7] Merging candidates ...
  [SCAN] 504 candidates before entry filters.

[STEP 8] Applying entry filters ...
  [FILTER] price >= 10.0: removed 1 (503 remain)
  [FILTER] avg_vol_20d >= 500,000: removed 16 (487 remain)
  [FILTER] top 10% mom_score: removed 438 (49 remain)
  [FILTER] 52w_high_pct >= 0.9: removed 14 (35 remain)
  [FILTER] vol_ratio >= 0.9: removed 2 (33 remain)
  [FILTER] RSI in [50, 80]: removed 2 (31 remain)
  [FILTER] ADX >= 20: removed 15 (16 remain)
  [FILTER] 504 -> 16 after all filters.

  [SCAN] Exported 16 candidates -> C:\Users\User\Desktop\adf bot\momentum_candidates.csv

------------------------------------------------------------
  MOMENTUM SCAN COMPLETE
  Regime   : BULL
  VIX      : 20.1299991607666
  VIX scale: 1.00
  Candidates passed: 16

  Top 5 momentum candidates:
  Ticker   Sector                        MomScore    RSI    ADX
  -------  ---------------------------  --------- ------ ------
  INTC     Information Technology           2.427   67.3   24.6
  MU       Information Technology           2.028   69.8   34.1
  STX      Information Technology           1.886   75.5   39.5
  WDC      Information Technology           1.833   75.0   36.8
  ON       Information Technology           1.395   60.5   23.2
------------------------------------------------------------
  [REGIME] Fetching S&P 500 and VIX data ...
  [REGIME] S&P 500 price=7472.8  EMA50=7313.1  EMA200=6890.8  above_200EMA=Y
  [REGIME] VIX=20.12  scale=1.00  -> BULL
  [MOM-SIG] Processing 16 momentum candidates ...
  ------------------------------------------------------------
    [DIAMOND]   INTC  mom=+2.119  WR=43%  PF=1.29x  P&L=$+30  Sharpe=+0.47
    [REJECT]      ON  min_trades, oos_sharpe
    [REJECT]    MRVL  oos_sharpe
    [REJECT]    FLEX  min_trades, win_rate, profit_factor, total_pnl, sharpe
    [REJECT]     TXN  min_trades, oos_pnl, oos_sharpe
    [REJECT]    FFIV  oos_pnl, oos_sharpe
    [DIAMOND]   JBHT  mom=+0.582  WR=60%  PF=3.09x  P&L=$+79  Sharpe=+1.78
    [REJECT]    CASY  min_trades
    [REJECT]    FTNT  min_trades, profit_factor, total_pnl, sharpe, avg_gain_loss, oos_pnl, oos_sharpe
  ------------------------------------------------------------
  [MOM-SIG] Results: 2 diamonds, 7 rejected, 7 no signal, 0 errors

  ============================================================
    MOMENTUM RESULTS
  ============================================================
    Candidates      : 16
    No live signal  : 7
    Errors          : 0
    * Mom Diamond   : 2
    x Rejected      : 7

  -- MOMENTUM DIAMONDS --
    TICKER        MOM    WR%      PF        P&L   SHARPE
    -------- -------- ------ ------- ---------- --------
  * INTC       +2.119  42.9%   1.29x $  +30.09   +0.47
  * JBHT       +0.582  60.0%   3.09x $  +79.29   +1.78

  Momentum trades logged (1):
    + JBHT  LONG  [20260623_JBHT]
  Skipped 1 — correlated with open position(s)

  -- Momentum Rejected (7) --
    x     ON  min_trades, oos_sharpe
    x   MRVL  oos_sharpe
    x   FLEX  min_trades, win_rate, profit_factor, total_pnl, sharpe
    x    TXN  min_trades, oos_pnl, oos_sharpe
    x   FFIV  oos_pnl, oos_sharpe
    ... and 2 more

  --- PHASE 5 --- Earnings Strategy ---


  [Earnings Signal] Scanning for earnings within 5 days ...

  [Earnings Scanner] Fetching calendar 2026-06-23 -> 2026-06-28 ...
  [Earnings Scanner] 2 calendar entries -> 2 in universe
  [Earnings Scanner] 2 candidates with quality data.
    x CCL      FAIL  earnings too soon (0d < 3d minimum)
    x FDX      FAIL  earnings too soon (0d < 3d minimum)

  [Earnings Signal] Verified: 0  |  Rejected: 2


  ============================================================
    EARNINGS STRATEGY RESULTS
  ============================================================
    Verified signals : 0
    Rejected         : 2


  -- Earnings Rejected (2) --
    x    CCL  earnings too soon (0d < 3d minimum)
    x    FDX  earnings too soon (0d < 3d minimum)

  Log     → C:\Users\User\Desktop\adf bot\logs\2026-06-23_160005.log
  Journal → C:\Users\User\Desktop\adf bot\system_log.csv
  Errors  → C:\Users\User\Desktop\adf bot\error.log

