
  ╔══════════════════════════════════════════════════════════════╗
  ║     PAIRS TRADING SYSTEM — Daily Orchestration              ║
  ║     2026-02-24 10:22:01                                        ║
  ╚══════════════════════════════════════════════════════════════╝

  ── System Health ──────────────────────────────
    Data Source      : ● ONLINE
    Pairs Loaded     : 100
    Scanner Age      : 0d old
    System Log       : Exists
    Error Log        : error.log
    Strategy         : z_entry=1.5 | z_exit=0.0 | z_stop=3.5 | hold<=30d
    Quality Gates    : WR>50.0% | PF>1.1x | P&L>$0
    Regime Gates     : Split-Half | ADF-90d | Recent Momentum
  ──────────────────────────────────────────────────

  Scanner skipped (candidates 0d old, refresh every 7d). Use --scan to force.

  ═══ PHASE 2 — Master Signal (live + backtest) ═══


╔══════════════════════════════════════════════════════════════╗
║  MASTER SIGNAL v3 — Audit-Fixed Verification Engine         ║
║  Run : 2026-02-24 10:22:02                                  ║
╚══════════════════════════════════════════════════════════════╝

  Loaded 100 pairs from daily_candidates.csv
  Strategy: β=60d | z=20d | Entry |z|>1.5 | Exit z→0.0 | Stop |z|>3.5 | Hold≤30d
  Quality gates: WR>50.0% | PF>1.1x | P&L>$0
  Slippage: 0.10% on notional (entry+exit, both legs) | Capital: $1,000/trade
  Execution: 1-bar delay (signal@close → trade@next close)

  [1/100]        APD / IP  —  No signal  (|z| = 1.32)
  [2/100]      KLAC / STX  —  No signal  (|z| = 1.24)
  [3/100]       ATO / XEL  ⚡ z=-2.96  LONG  →  ✗ REJECTED
  [4/100]       LNT / XEL  ⚡ z=-2.41  LONG  →  ✗ REJECTED
  [5/100]      CBOE / HIG  ⚡ z=-1.53  LONG  →  ✗ REJECTED
  [6/100]      ABBV / MDT  —  No signal  (|z| = 1.03)
  [7/100]       PPL / WEC  —  No signal  (|z| = 0.97)
  [8/100]        NI / XEL  ⚡ z=-2.88  LONG  →  ✗ REJECTED
  [9/100]        BAC / MS  ⚡ z=+1.64 SHORT  →  ✗ REJECTED
  [10/100]       DG / DLTR  ⚡ z=+2.84 SHORT  →  ✗ REJECTED
  [11/100]      BF-B / STZ  —  No signal  (|z| = 1.11)
  [12/100]       AME / LUV  —  No signal  (|z| = 1.30)
  [13/100]        KEY / RF  ⚡ z=+2.44 SHORT  →  ✗ REJECTED
  [14/100]     CDNS / MSFT  —  No signal  (|z| = 0.53)
  [15/100]         ES / FE  ⚡ z=-3.58  LONG  →  ✗ REJECTED
  [16/100]       HD / NCLH  —  No signal  (|z| = 0.88)
  [17/100]         J / PNR  —  No signal  (|z| = 0.98)
  [18/100]        GL / TRV  ⚡ z=-1.77  LONG  →  ✗ REJECTED
  [19/100]       PPL / XEL  ⚡ z=-3.44  LONG  →  ✗ REJECTED
  [20/100]       DUK / XEL  ⚡ z=-2.80  LONG  →  ✗ REJECTED
  [21/100]       DTE / DUK  ⚡ z=-2.77  LONG  →  ✗ REJECTED
  [22/100]      BF-B / GIS  —  No signal  (|z| = 1.26)
  [23/100]       EME / NSC  —  No signal  (|z| = 1.22)
  [24/100]       HWM / JCI  ⚡ z=-2.00  LONG  →  ✗ REJECTED
  [25/100]       IR / ODFL  ⚡ z=-2.12  LONG  →  ✗ REJECTED
  [26/100]     AMZN / TSLA  ⚡ z=-2.31  LONG  →  ✗ REJECTED
  [27/100]      CBOE / TRV  ⚡ z=-1.95  LONG  →  ✗ REJECTED
  [28/100]       CINF / GL  —  No signal  (|z| = 0.41)
  [29/100]      GOOG / WBD  ⚡ z=+3.03 SHORT  →  ✗ REJECTED
  [30/100]        GL / HIG  —  No signal  (|z| = 0.41)
  [31/100]       ADM / HSY  —  No signal  (|z| = 0.61)
  [32/100]     GOOGL / WBD  ⚡ z=+3.01 SHORT  →  ✗ REJECTED
  [33/100]      AMZN / CCL  ⚡ z=+2.73 SHORT  →  ✗ REJECTED
  [34/100]       BAX / MOH  ⚡ z=+1.98 SHORT  →  ✗ REJECTED
  [35/100]      IBKR / JPM  ⚡ z=+3.50 SHORT  →  ✗ REJECTED
  [36/100]      DHR / REGN  ⚡ z=+2.33 SHORT  →  ✗ REJECTED
  [37/100]      AMAT / TER  —  No signal  (|z| = 1.42)
  [38/100]      COF / NDAQ  ⚡ z=+1.56 SHORT  →  ✗ REJECTED
  [39/100]       EQR / UDR  —  No signal  (|z| = 1.21)
  [40/100]         D / XEL  ⚡ z=-2.60  LONG  →  ✗ REJECTED
  [41/100]      LYV / META  ⚡ z=+4.41 SHORT  →  ✗ REJECTED
  [42/100]      IBKR / WFC  ⚡ z=+2.31 SHORT  →  ✗ REJECTED
  [43/100]      CEG / EVRG  —  No signal  (|z| = 0.36)
  [44/100]       AXP / BAC  —  No signal  (|z| = 0.71)
  [45/100]       CEG / XEL  ⚡ z=+2.37 SHORT  →  ✗ REJECTED
  [46/100]      BF-B / KHC  ⚡ z=-2.45  LONG  →  ✗ REJECTED
  [47/100]      AMZN / WSM  ⚡ z=+2.23 SHORT  →  ✗ REJECTED
  [48/100]        GL / JPM  ⚡ z=+2.90 SHORT  →  ✗ REJECTED
  [49/100]       CMS / DUK  —  No signal  (|z| = 0.14)
  [50/100]      ALL / CBOE  —  No signal  (|z| = 0.74)
  [51/100]      GILD / DGX  ⚡ z=-1.52  LONG  →  ✗ REJECTED
  [52/100]       ALL / CME  —  No signal  (|z| = 0.00)
  [53/100]       AME / CMI  —  No signal  (|z| = 1.47)
  [54/100]       CMS / XEL  ⚡ z=-2.06  LONG  →  ✗ REJECTED
  [55/100]       CPT / ESS  —  No signal  (|z| = 0.90)
  [56/100]        CI / ELV  —  No signal  (|z| = 1.46)
  [57/100]      ATO / EVRG  —  No signal  (|z| = 0.50)
  [58/100]       CEG / NRG  ⚡ z=+1.52 SHORT  →  ✗ REJECTED
  [59/100]       ESS / MAA  ⚡ z=-1.57  LONG  →  ✗ REJECTED
  [60/100]       GL / IBKR  —  No signal  (|z| = 0.57)
  [61/100]         BK / GL  ⚡ z=+3.25 SHORT  →  ✗ REJECTED
  [62/100]        CBOE / L  ⚡ z=-1.53  LONG  →  ✗ REJECTED
  [63/100]       ALL / BLK  ⚡ z=+3.14 SHORT  →  ✗ REJECTED
  [64/100]          BK / L  —  No signal  (|z| = 0.36)
  [65/100]       WEC / XEL  ⚡ z=-2.50  LONG  →  ✗ REJECTED
  [66/100]      ANET / HPE  ⚡ z=+1.58 SHORT  →  ✗ REJECTED
  [67/100]     AMZN / EXPE  —  No signal  (|z| = 1.24)
  [68/100]        BAC / GS  ⚡ z=+3.85 SHORT  →  ✗ REJECTED
  [69/100]        BLK / GL  ⚡ z=+3.12 SHORT  →  ✗ REJECTED
  [70/100]     DASH / ORLY  ⚡ z=-2.21  LONG  →  ✗ REJECTED
  [71/100]       FTV / IEX  —  No signal  (|z| = 0.53)
  [72/100]        ALL / BK  —  No signal  (|z| = 0.73)
  [73/100]     EBAY / ORLY  ⚡ z=-2.14  LONG  →  ✗ REJECTED
  [74/100]        NI / PPL  ⚡ z=-2.23  LONG  →  ✗ REJECTED
  [75/100]      ALL / NDAQ  —  No signal  (|z| = 0.07)
  [76/100]      NDSN / TXT  ⚡ z=-1.69  LONG  →  ✗ REJECTED
  [77/100]      IEX / ODFL  ⚡ z=-1.78  LONG  →  ✗ REJECTED
  [78/100]       AMP / APO  ⚡ z=+1.63 SHORT  →  ✗ REJECTED
  [79/100]       FTV / UPS  —  No signal  (|z| = 0.90)
  [80/100]      BF-B / CAG  —  No signal  (|z| = 0.57)
  [81/100]    GOOGL / GOOG  ⚡ z=-3.20  LONG  →  ✗ REJECTED
  [82/100]        CEG / NI  —  No signal  (|z| = 0.11)
  [83/100]       BK / CBOE  ⚡ z=+3.66 SHORT  →  ✗ REJECTED
  [84/100]        LNT / NI  —  No signal  (|z| = 0.43)
  [85/100]      LDOS / URI  ⚡ z=+3.06 SHORT  →  ✗ REJECTED
  [86/100]       BAC / STT  —  No signal  (|z| = 0.87)
  [87/100]      ADBE / HPQ  
1 Failed download:
['HPQ']: TypeError("'NoneType' object is not subscriptable")
SKIP  (download failed)
  [88/100]      BF-B / TGT  ⚡ z=-1.94  LONG  →  ✗ REJECTED
  [89/100]     MCHP / NXPI  —  No signal  (|z| = 0.87)
  [90/100]       CRL / WST  ⚡ z=-1.95  LONG  →  ✗ REJECTED
  [91/100]       NSC / PWR  ⚡ z=-1.59  LONG  →  ✗ REJECTED
  [92/100]          GS / L  —  No signal  (|z| = 0.06)
  [93/100]     JBHT / PCAR  —  No signal  (|z| = 0.51)
  [94/100]      BF-B / CPB  ⚡ z=-2.33  LONG  →  ✗ REJECTED
  [95/100]      LRCX / WDC  ⚡ z=+1.72 SHORT  →  ✗ REJECTED
  [96/100]       ABT / BSX  —  No signal  (|z| = 1.31)
  [97/100]      GRMN / RCL  —  No signal  (|z| = 0.99)
  [98/100]        F / ULTA  —  No signal  (|z| = 1.23)
  [99/100]       EQR / EXR  —  No signal  (|z| = 0.21)
  [100/100]       LUV / WAB  ⚡ z=+2.44 SHORT  →  ✗ REJECTED


════════════════════════════════════════════════════════════════
  SCAN COMPLETE
════════════════════════════════════════════════════════════════
  Pairs scanned   : 100
  No live signal  : 43
  Download errors : 1
  Signals found   : 56
    ◆ Diamond     : 0
    ✗ Rejected    : 56
════════════════════════════════════════════════════════════════

  No diamond signals today.


  ── Rejected Signals (had live z, failed backtest) ──

  ATO / XEL:
    ✗  REJECTED: Failed Split-Half
       Live z=-2.96 LONG | BT: 26 trades, WR 38%, PF 0.33x, P&L $-170
       Gates: WR 38.5% < 50.0% | PF 0.33x < 1.1x | P&L $-170.38 ≤ $0 | Failed H1 P&L ($-91) | Failed H2 P&L ($-79) | Low Recent Cointegration: ADF p=0.303 > 0.1

  LNT / XEL:
    ✗  REJECTED: Failed Split-Half
       Live z=-2.41 LONG | BT: 34 trades, WR 44%, PF 0.94x, P&L $-8
       Gates: WR 44.1% < 50.0% | PF 0.94x < 1.1x | P&L $-8.03 ≤ $0 | Failed H1 P&L ($-51) | Low Recent Cointegration: ADF p=0.920 > 0.1

  CBOE / HIG:
    ✗  REJECTED: Failed Split-Half
       Live z=-1.53 LONG | BT: 25 trades, WR 40%, PF 0.52x, P&L $-151
       Gates: WR 40.0% < 50.0% | PF 0.52x < 1.1x | P&L $-150.96 ≤ $0 | Failed H1 P&L ($-65) | Failed H2 P&L ($-86) | Low Recent Momentum: last 5 trades P&L=$-68

  NI / XEL:
    ✗  REJECTED: Failed Split-Half
       Live z=-2.88 LONG | BT: 25 trades, WR 32%, PF 0.47x, P&L $-102
       Gates: WR 32.0% < 50.0% | PF 0.47x < 1.1x | P&L $-102.26 ≤ $0 | Failed H1 P&L ($-106) | Low Recent Momentum: last 5 trades P&L=$-20 | Low Recent Cointegration: ADF p=0.836 > 0.1

  BAC / MS:
    ✗  REJECTED: Failed Split-Half
       Live z=+1.64 SHORT | BT: 23 trades, WR 26%, PF 0.36x, P&L $-199
       Gates: WR 26.1% < 50.0% | PF 0.36x < 1.1x | P&L $-199.28 ≤ $0 | Failed H1 P&L ($-67) | Failed H2 P&L ($-132) | Low Recent Momentum: last 5 trades P&L=$-33 | Low Recent Cointegration: ADF p=0.779 > 0.1

  DG / DLTR:
    ✗  REJECTED: Failed Split-Half
       Live z=+2.84 SHORT | BT: 23 trades, WR 57%, PF 1.11x, P&L $+40
       Gates: Failed H2 P&L ($-164) | Low Recent Momentum: last 5 trades P&L=$-31 | Low Recent Cointegration: ADF p=0.504 > 0.1

  KEY / RF:
    ✗  REJECTED: Failed Split-Half
       Live z=+2.44 SHORT | BT: 34 trades, WR 41%, PF 0.40x, P&L $-113
       Gates: WR 41.2% < 50.0% | PF 0.40x < 1.1x | P&L $-112.60 ≤ $0 | Failed H1 P&L ($-119) | Low Recent Momentum: last 5 trades P&L=$-9 | Low Recent Cointegration: ADF p=0.257 > 0.1

  ES / FE:
    ✗  REJECTED: Failed Split-Half
       Live z=-3.58 LONG | BT: 30 trades, WR 40%, PF 0.59x, P&L $-139
       Gates: WR 40.0% < 50.0% | PF 0.59x < 1.1x | P&L $-139.40 ≤ $0 | Failed H1 P&L ($-22) | Failed H2 P&L ($-118) | Low Recent Momentum: last 5 trades P&L=$-23 | Low Recent Cointegration: ADF p=0.345 > 0.1

  GL / TRV:
    ✗  REJECTED: Failed Split-Half
       Live z=-1.77 LONG | BT: 31 trades, WR 42%, PF 0.79x, P&L $-58
       Gates: WR 41.9% < 50.0% | PF 0.79x < 1.1x | P&L $-58.34 ≤ $0 | Failed H1 P&L ($-104) | Low Recent Momentum: last 5 trades P&L=$-20 | Low Recent Cointegration: ADF p=0.276 > 0.1

  PPL / XEL:
    ✗  REJECTED: Failed Split-Half
       Live z=-3.44 LONG | BT: 28 trades, WR 39%, PF 0.49x, P&L $-78
       Gates: WR 39.3% < 50.0% | PF 0.49x < 1.1x | P&L $-77.64 ≤ $0 | Failed H1 P&L ($-22) | Failed H2 P&L ($-56) | Low Recent Cointegration: ADF p=0.427 > 0.1

  DUK / XEL:
    ✗  REJECTED: Failed Split-Half
       Live z=-2.80 LONG | BT: 30 trades, WR 30%, PF 0.83x, P&L $-27
       Gates: WR 30.0% < 50.0% | PF 0.83x < 1.1x | P&L $-27.28 ≤ $0 | Failed H1 P&L ($-30) | Low Recent Momentum: last 5 trades P&L=$-32 | Low Recent Cointegration: ADF p=0.705 > 0.1

  DTE / DUK:
    ✗  REJECTED: Failed Split-Half
       Live z=-2.77 LONG | BT: 24 trades, WR 42%, PF 0.94x, P&L $-7
       Gates: WR 41.7% < 50.0% | PF 0.94x < 1.1x | P&L $-7.06 ≤ $0 | Failed H2 P&L ($-42) | Low Recent Momentum: last 5 trades P&L=$-2 | Low Recent Cointegration: ADF p=0.137 > 0.1

  HWM / JCI:
    ✗  REJECTED: Failed Split-Half
       Live z=-2.00 LONG | BT: 26 trades, WR 31%, PF 0.29x, P&L $-426
       Gates: WR 30.8% < 50.0% | PF 0.29x < 1.1x | P&L $-425.60 ≤ $0 | Failed H1 P&L ($-312) | Failed H2 P&L ($-113) | Low Recent Cointegration: ADF p=0.597 > 0.1

  IR / ODFL:
    ✗  REJECTED: Failed Split-Half
       Live z=-2.12 LONG | BT: 26 trades, WR 38%, PF 0.35x, P&L $-320
       Gates: WR 38.5% < 50.0% | PF 0.35x < 1.1x | P&L $-319.73 ≤ $0 | Failed H1 P&L ($-331) | Low Recent Momentum: last 5 trades P&L=$-63 | Low Recent Cointegration: ADF p=0.470 > 0.1

  AMZN / TSLA:
    ✗  REJECTED: Failed Split-Half
       Live z=-2.31 LONG | BT: 29 trades, WR 41%, PF 0.70x, P&L $-278
       Gates: WR 41.4% < 50.0% | PF 0.70x < 1.1x | P&L $-278.36 ≤ $0 | Failed H2 P&L ($-435) | Low Recent Momentum: last 5 trades P&L=$-45 | Low Recent Cointegration: ADF p=0.466 > 0.1

  CBOE / TRV:
    ✗  REJECTED: Failed Split-Half
       Live z=-1.95 LONG | BT: 33 trades, WR 36%, PF 0.39x, P&L $-210
       Gates: WR 36.4% < 50.0% | PF 0.39x < 1.1x | P&L $-209.96 ≤ $0 | Failed H1 P&L ($-3) | Failed H2 P&L ($-207) | Low Recent Momentum: last 5 trades P&L=$-59

  GOOG / WBD:
    ✗  REJECTED: Failed Split-Half
       Live z=+3.03 SHORT | BT: 29 trades, WR 45%, PF 0.65x, P&L $-254
       Gates: WR 44.8% < 50.0% | PF 0.65x < 1.1x | P&L $-253.68 ≤ $0 | Failed H1 P&L ($-151) | Failed H2 P&L ($-103) | Low Recent Momentum: last 5 trades P&L=$-8 | Low Recent Cointegration: ADF p=0.773 > 0.1

  GOOGL / WBD:
    ✗  REJECTED: Failed Split-Half
       Live z=+3.01 SHORT | BT: 29 trades, WR 45%, PF 0.85x, P&L $-110
       Gates: WR 44.8% < 50.0% | PF 0.85x < 1.1x | P&L $-110.30 ≤ $0 | Failed H1 P&L ($-159) | Low Recent Momentum: last 5 trades P&L=$-9 | Low Recent Cointegration: ADF p=0.871 > 0.1

  AMZN / CCL:
    ✗  REJECTED: Failed Split-Half
       Live z=+2.73 SHORT | BT: 20 trades, WR 35%, PF 0.78x, P&L $-92
       Gates: WR 35.0% < 50.0% | PF 0.78x < 1.1x | P&L $-92.40 ≤ $0 | Failed H1 P&L ($-34) | Failed H2 P&L ($-58) | Low Recent Momentum: last 5 trades P&L=$-23

  BAX / MOH:
    ✗  REJECTED: Failed Split-Half
       Live z=+1.98 SHORT | BT: 24 trades, WR 54%, PF 1.39x, P&L $+181
       Gates: Failed H2 P&L ($-8) | Low Recent Cointegration: ADF p=0.220 > 0.1

  IBKR / JPM:
    ✗  REJECTED: Failed Split-Half
       Live z=+3.50 SHORT | BT: 29 trades, WR 28%, PF 0.53x, P&L $-206
       Gates: WR 27.6% < 50.0% | PF 0.53x < 1.1x | P&L $-205.73 ≤ $0 | Failed H2 P&L ($-305) | Low Recent Momentum: last 5 trades P&L=$-41 | Low Recent Cointegration: ADF p=0.891 > 0.1

  DHR / REGN:
    ✗  REJECTED: Failed Split-Half
       Live z=+2.33 SHORT | BT: 25 trades, WR 36%, PF 0.89x, P&L $-41
       Gates: WR 36.0% < 50.0% | PF 0.89x < 1.1x | P&L $-41.38 ≤ $0 | Failed H2 P&L ($-87) | Low Recent Momentum: last 5 trades P&L=$-118 | Low Recent Cointegration: ADF p=0.910 > 0.1

  COF / NDAQ:
    ✗  REJECTED: Failed Split-Half
       Live z=+1.56 SHORT | BT: 27 trades, WR 22%, PF 0.34x, P&L $-277
       Gates: WR 22.2% < 50.0% | PF 0.34x < 1.1x | P&L $-276.89 ≤ $0 | Failed H1 P&L ($-181) | Failed H2 P&L ($-96) | Low Recent Momentum: last 5 trades P&L=$-24 | Low Recent Cointegration: ADF p=0.434 > 0.1

  D / XEL:
    ✗  REJECTED: Failed Split-Half
       Live z=-2.60 LONG | BT: 27 trades, WR 44%, PF 0.75x, P&L $-39
       Gates: WR 44.4% < 50.0% | PF 0.75x < 1.1x | P&L $-39.34 ≤ $0 | Failed H1 P&L ($-2) | Failed H2 P&L ($-38) | Low Recent Momentum: last 5 trades P&L=$-60 | Low Recent Cointegration: ADF p=0.999 > 0.1

  LYV / META:
    ✗  REJECTED: Failed Split-Half
       Live z=+4.41 SHORT | BT: 23 trades, WR 57%, PF 1.57x, P&L $+113
       Gates: Failed H2 P&L ($-75) | Low Recent Momentum: last 5 trades P&L=$-54 | Low Recent Cointegration: ADF p=0.948 > 0.1

  IBKR / WFC:
    ✗  REJECTED: Failed Split-Half
       Live z=+2.31 SHORT | BT: 24 trades, WR 50%, PF 0.82x, P&L $-66
       Gates: PF 0.82x < 1.1x | P&L $-65.77 ≤ $0 | Failed H1 P&L ($-11) | Failed H2 P&L ($-55) | Low Recent Momentum: last 5 trades P&L=$-87 | Low Recent Cointegration: ADF p=0.289 > 0.1

  CEG / XEL:
    ✗  REJECTED: Failed Split-Half
       Live z=+2.37 SHORT | BT: 23 trades, WR 52%, PF 1.21x, P&L $+93
       Gates: Failed H2 P&L ($-118) | Low Recent Momentum: last 5 trades P&L=$-19 | Low Recent Cointegration: ADF p=0.971 > 0.1

  BF-B / KHC:
    ✗  REJECTED: Failed Split-Half
       Live z=-2.45 LONG | BT: 25 trades, WR 60%, PF 1.16x, P&L $+39
       Gates: Failed H2 P&L ($-14) | Low Recent Momentum: last 5 trades P&L=$-68 | Low Recent Cointegration: ADF p=0.583 > 0.1

  AMZN / WSM:
    ✗  REJECTED: Failed Cointegration / ADF
       Live z=+2.23 SHORT | BT: 26 trades, WR 50%, PF 2.34x, P&L $+280
       Gates: Low Recent Momentum: last 5 trades P&L=$-33 | Low Recent Cointegration: ADF p=0.564 > 0.1

  GL / JPM:
    ✗  REJECTED: Failed Split-Half
       Live z=+2.90 SHORT | BT: 29 trades, WR 41%, PF 0.51x, P&L $-274
       Gates: WR 41.4% < 50.0% | PF 0.51x < 1.1x | P&L $-274.31 ≤ $0 | Failed H1 P&L ($-239) | Failed H2 P&L ($-35) | Low Recent Cointegration: ADF p=0.446 > 0.1

  GILD / DGX:
    ✗  REJECTED: Failed Split-Half
       Live z=-1.52 LONG | BT: 27 trades, WR 41%, PF 0.64x, P&L $-149
       Gates: WR 40.7% < 50.0% | PF 0.64x < 1.1x | P&L $-149.10 ≤ $0 | Failed H2 P&L ($-170) | Low Recent Momentum: last 5 trades P&L=$-84 | Low Recent Cointegration: ADF p=0.668 > 0.1

  CMS / XEL:
    ✗  REJECTED: Failed Split-Half
       Live z=-2.06 LONG | BT: 27 trades, WR 41%, PF 1.12x, P&L $+16
       Gates: WR 40.7% < 50.0% | Failed H2 P&L ($-10) | Low Recent Momentum: last 5 trades P&L=$-17 | Low Recent Cointegration: ADF p=0.931 > 0.1

  CEG / NRG:
    ✗  REJECTED: Failed Split-Half
       Live z=+1.52 SHORT | BT: 29 trades, WR 38%, PF 0.32x, P&L $-499
       Gates: WR 37.9% < 50.0% | PF 0.32x < 1.1x | P&L $-498.68 ≤ $0 | Failed H1 P&L ($-316) | Failed H2 P&L ($-183)

  ESS / MAA:
    ✗  REJECTED: Failed Split-Half
       Live z=-1.57 LONG | BT: 25 trades, WR 40%, PF 0.59x, P&L $-62
       Gates: WR 40.0% < 50.0% | PF 0.59x < 1.1x | P&L $-62.50 ≤ $0 | Failed H1 P&L ($-10) | Failed H2 P&L ($-52) | Low Recent Momentum: last 5 trades P&L=$-42

  BK / GL:
    ✗  REJECTED: Failed Split-Half
       Live z=+3.25 SHORT | BT: 27 trades, WR 52%, PF 1.29x, P&L $+66
       Gates: Failed H1 P&L ($-23) | Low Recent Cointegration: ADF p=0.245 > 0.1

  CBOE / L:
    ✗  REJECTED: Failed Split-Half
       Live z=-1.53 LONG | BT: 34 trades, WR 53%, PF 0.94x, P&L $-17
       Gates: PF 0.94x < 1.1x | P&L $-17.31 ≤ $0 | Failed H2 P&L ($-88) | Low Recent Momentum: last 5 trades P&L=$-66

  ALL / BLK:
    ✗  REJECTED: Failed Split-Half
       Live z=+3.14 SHORT | BT: 20 trades, WR 35%, PF 0.52x, P&L $-162
       Gates: WR 35.0% < 50.0% | PF 0.52x < 1.1x | P&L $-161.62 ≤ $0 | Failed H1 P&L ($-31) | Failed H2 P&L ($-130) | Low Recent Momentum: last 5 trades P&L=$-72 | Low Recent Cointegration: ADF p=0.789 > 0.1

  WEC / XEL:
    ✗  REJECTED: Failed Split-Half
       Live z=-2.50 LONG | BT: 30 trades, WR 30%, PF 0.25x, P&L $-182
       Gates: WR 30.0% < 50.0% | PF 0.25x < 1.1x | P&L $-181.55 ≤ $0 | Failed H1 P&L ($-111) | Failed H2 P&L ($-70) | Low Recent Momentum: last 5 trades P&L=$-21 | Low Recent Cointegration: ADF p=0.179 > 0.1

  ANET / HPE:
    ✗  REJECTED: Failed Split-Half
       Live z=+1.58 SHORT | BT: 24 trades, WR 38%, PF 0.30x, P&L $-623
       Gates: WR 37.5% < 50.0% | PF 0.30x < 1.1x | P&L $-622.83 ≤ $0 | Failed H1 P&L ($-385) | Failed H2 P&L ($-238) | Low Recent Momentum: last 5 trades P&L=$-231 | Low Recent Cointegration: ADF p=0.961 > 0.1

  BAC / GS:
    ✗  REJECTED: Failed Split-Half
       Live z=+3.85 SHORT | BT: 25 trades, WR 44%, PF 1.02x, P&L $+4
       Gates: WR 44.0% < 50.0% | PF 1.02x < 1.1x | Failed H1 P&L ($-60) | Low Recent Cointegration: ADF p=0.926 > 0.1

  BLK / GL:
    ✗  REJECTED: Failed Cointegration / ADF
       Live z=+3.12 SHORT | BT: 27 trades, WR 52%, PF 1.40x, P&L $+103
       Gates: Low Recent Momentum: last 5 trades P&L=$-64 | Low Recent Cointegration: ADF p=0.221 > 0.1

  DASH / ORLY:
    ✗  REJECTED: Failed Split-Half
       Live z=-2.21 LONG | BT: 22 trades, WR 50%, PF 1.14x, P&L $+54
       Gates: Failed H1 P&L ($-49) | Low Recent Cointegration: ADF p=0.200 > 0.1

  EBAY / ORLY:
    ✗  REJECTED: Failed Split-Half
       Live z=-2.14 LONG | BT: 26 trades, WR 54%, PF 0.78x, P&L $-75
       Gates: PF 0.78x < 1.1x | P&L $-75.15 ≤ $0 | Failed H1 P&L ($-117) | Low Recent Cointegration: ADF p=0.323 > 0.1

  NI / PPL:
    ✗  REJECTED: Failed Split-Half
       Live z=-2.23 LONG | BT: 25 trades, WR 40%, PF 0.48x, P&L $-86
       Gates: WR 40.0% < 50.0% | PF 0.48x < 1.1x | P&L $-86.37 ≤ $0 | Failed H1 P&L ($-67) | Failed H2 P&L ($-19) | Low Recent Cointegration: ADF p=0.519 > 0.1

  NDSN / TXT:
    ✗  REJECTED: Failed Split-Half
       Live z=-1.69 LONG | BT: 25 trades, WR 44%, PF 1.00x, P&L $-0
       Gates: WR 44.0% < 50.0% | PF 1.00x < 1.1x | P&L $-0.02 ≤ $0 | Failed H2 P&L ($-14) | Low Recent Cointegration: ADF p=0.229 > 0.1

  IEX / ODFL:
    ✗  REJECTED: Failed Split-Half
       Live z=-1.78 LONG | BT: 29 trades, WR 48%, PF 0.86x, P&L $-42
       Gates: WR 48.3% < 50.0% | PF 0.86x < 1.1x | P&L $-42.12 ≤ $0 | Failed H1 P&L ($-41) | Failed H2 P&L ($-2) | Low Recent Momentum: last 5 trades P&L=$-4 | Low Recent Cointegration: ADF p=0.350 > 0.1

  AMP / APO:
    ✗  REJECTED: Failed Split-Half
       Live z=+1.63 SHORT | BT: 26 trades, WR 54%, PF 1.25x, P&L $+66
       Gates: Failed H1 P&L ($-84)

  GOOGL / GOOG:
    ✗  REJECTED: Failed Split-Half
       Live z=-3.20 LONG | BT: 25 trades, WR 4%, PF 0.00x, P&L $-59
       Gates: WR 4.0% < 50.0% | PF 0.00x < 1.1x | P&L $-58.95 ≤ $0 | Failed H1 P&L ($-18) | Failed H2 P&L ($-41) | Low Recent Momentum: last 5 trades P&L=$-15 | Low Recent Cointegration: ADF p=0.913 > 0.1

  BK / CBOE:
    ✗  REJECTED: Failed Split-Half
       Live z=+3.66 SHORT | BT: 26 trades, WR 42%, PF 0.96x, P&L $-9
       Gates: WR 42.3% < 50.0% | PF 0.96x < 1.1x | P&L $-9.36 ≤ $0 | Failed H1 P&L ($-32) | Low Recent Cointegration: ADF p=0.180 > 0.1

  LDOS / URI:
    ✗  REJECTED: Failed Split-Half
       Live z=+3.06 SHORT | BT: 27 trades, WR 30%, PF 0.25x, P&L $-463
       Gates: WR 29.6% < 50.0% | PF 0.25x < 1.1x | P&L $-462.69 ≤ $0 | Failed H1 P&L ($-154) | Failed H2 P&L ($-309) | Low Recent Momentum: last 5 trades P&L=$-111

  BF-B / TGT:
    ✗  REJECTED: Failed Split-Half
       Live z=-1.94 LONG | BT: 33 trades, WR 42%, PF 0.51x, P&L $-224
       Gates: WR 42.4% < 50.0% | PF 0.51x < 1.1x | P&L $-224.03 ≤ $0 | Failed H1 P&L ($-86) | Failed H2 P&L ($-138) | Low Recent Momentum: last 5 trades P&L=$-77 | Low Recent Cointegration: ADF p=0.223 > 0.1

  CRL / WST:
    ✗  REJECTED: Failed Split-Half
       Live z=-1.95 LONG | BT: 33 trades, WR 55%, PF 0.81x, P&L $-171
       Gates: PF 0.81x < 1.1x | P&L $-170.94 ≤ $0 | Failed H1 P&L ($-98) | Failed H2 P&L ($-73) | Low Recent Cointegration: ADF p=0.357 > 0.1

  NSC / PWR:
    ✗  REJECTED: Failed Split-Half
       Live z=-1.59 LONG | BT: 23 trades, WR 39%, PF 0.58x, P&L $-200
       Gates: WR 39.1% < 50.0% | PF 0.58x < 1.1x | P&L $-199.98 ≤ $0 | Failed H1 P&L ($-2) | Failed H2 P&L ($-198) | Low Recent Momentum: last 5 trades P&L=$-64 | Low Recent Cointegration: ADF p=0.192 > 0.1

  BF-B / CPB:
    ✗  REJECTED: Failed Cointegration / ADF
       Live z=-2.33 LONG | BT: 19 trades, WR 53%, PF 2.39x, P&L $+263
       Gates: Low Recent Cointegration: ADF p=0.429 > 0.1

  LRCX / WDC:
    ✗  REJECTED: Failed Split-Half
       Live z=+1.72 SHORT | BT: 25 trades, WR 44%, PF 0.52x, P&L $-246
       Gates: WR 44.0% < 50.0% | PF 0.52x < 1.1x | P&L $-245.97 ≤ $0 | Failed H2 P&L ($-339) | Low Recent Momentum: last 5 trades P&L=$-135

  LUV / WAB:
    ✗  REJECTED: Failed Cointegration / ADF
       Live z=+2.44 SHORT | BT: 25 trades, WR 68%, PF 3.23x, P&L $+394
       Gates: Low Recent Cointegration: ADF p=0.405 > 0.1


  ✓ system_log.csv updated (0 diamond, 56 rejected)

  ════════════════════════════════════════════════════════════
    DAILY RESULTS  (Standard + Split-Half + ADF90 + Momentum)
  ════════════════════════════════════════════════════════════
    Pairs scanned   : 100
    No live signal  : 43
    Download errors : 1
    ◆ Diamond       : 0
    ✗ Rejected      : 56

  No diamond signals today.

  ── Rejected (56 pairs: had live signal, failed regime gates) ──
    ✗    ATO/XEL      LONG  z=-2.96  WR=38%  PF=0.33x  P&L=$-170
    ✗    LNT/XEL      LONG  z=-2.41  WR=44%  PF=0.94x  P&L=$-8
    ✗   CBOE/HIG      LONG  z=-1.53  WR=40%  PF=0.52x  P&L=$-151
    ✗     NI/XEL      LONG  z=-2.88  WR=32%  PF=0.47x  P&L=$-102
    ✗    BAC/MS      SHORT  z=+1.64  WR=26%  PF=0.36x  P&L=$-199
    ✗     DG/DLTR    SHORT  z=+2.84  WR=57%  PF=1.11x  P&L=$+40
    ✗    KEY/RF      SHORT  z=+2.44  WR=41%  PF=0.40x  P&L=$-113
    ✗     ES/FE       LONG  z=-3.58  WR=40%  PF=0.59x  P&L=$-139
    ✗     GL/TRV      LONG  z=-1.77  WR=42%  PF=0.79x  P&L=$-58
    ✗    PPL/XEL      LONG  z=-3.44  WR=39%  PF=0.49x  P&L=$-78
    ✗    DUK/XEL      LONG  z=-2.80  WR=30%  PF=0.83x  P&L=$-27
    ✗    DTE/DUK      LONG  z=-2.77  WR=42%  PF=0.94x  P&L=$-7
    ✗    HWM/JCI      LONG  z=-2.00  WR=31%  PF=0.29x  P&L=$-426
    ✗     IR/ODFL     LONG  z=-2.12  WR=38%  PF=0.35x  P&L=$-320
    ✗   AMZN/TSLA     LONG  z=-2.31  WR=41%  PF=0.70x  P&L=$-278
    ✗   CBOE/TRV      LONG  z=-1.95  WR=36%  PF=0.39x  P&L=$-210
    ✗   GOOG/WBD     SHORT  z=+3.03  WR=45%  PF=0.65x  P&L=$-254
    ✗  GOOGL/WBD     SHORT  z=+3.01  WR=45%  PF=0.85x  P&L=$-110
    ✗   AMZN/CCL     SHORT  z=+2.73  WR=35%  PF=0.78x  P&L=$-92
    ✗    BAX/MOH     SHORT  z=+1.98  WR=54%  PF=1.39x  P&L=$+181
    ✗   IBKR/JPM     SHORT  z=+3.50  WR=28%  PF=0.53x  P&L=$-206
    ✗    DHR/REGN    SHORT  z=+2.33  WR=36%  PF=0.89x  P&L=$-41
    ✗    COF/NDAQ    SHORT  z=+1.56  WR=22%  PF=0.34x  P&L=$-277
    ✗      D/XEL      LONG  z=-2.60  WR=44%  PF=0.75x  P&L=$-39
    ✗    LYV/META    SHORT  z=+4.41  WR=57%  PF=1.57x  P&L=$+113
    ✗   IBKR/WFC     SHORT  z=+2.31  WR=50%  PF=0.82x  P&L=$-66
    ✗    CEG/XEL     SHORT  z=+2.37  WR=52%  PF=1.21x  P&L=$+93
    ✗   BF-B/KHC      LONG  z=-2.45  WR=60%  PF=1.16x  P&L=$+39
    ✗   AMZN/WSM     SHORT  z=+2.23  WR=50%  PF=2.34x  P&L=$+280
    ✗     GL/JPM     SHORT  z=+2.90  WR=41%  PF=0.51x  P&L=$-274
    ✗   GILD/DGX      LONG  z=-1.52  WR=41%  PF=0.64x  P&L=$-149
    ✗    CMS/XEL      LONG  z=-2.06  WR=41%  PF=1.12x  P&L=$+16
    ✗    CEG/NRG     SHORT  z=+1.52  WR=38%  PF=0.32x  P&L=$-499
    ✗    ESS/MAA      LONG  z=-1.57  WR=40%  PF=0.59x  P&L=$-62
    ✗     BK/GL      SHORT  z=+3.25  WR=52%  PF=1.29x  P&L=$+66
    ✗   CBOE/L        LONG  z=-1.53  WR=53%  PF=0.94x  P&L=$-17
    ✗    ALL/BLK     SHORT  z=+3.14  WR=35%  PF=0.52x  P&L=$-162
    ✗    WEC/XEL      LONG  z=-2.50  WR=30%  PF=0.25x  P&L=$-182
    ✗   ANET/HPE     SHORT  z=+1.58  WR=38%  PF=0.30x  P&L=$-623
    ✗    BAC/GS      SHORT  z=+3.85  WR=44%  PF=1.02x  P&L=$+4
    ✗    BLK/GL      SHORT  z=+3.12  WR=52%  PF=1.40x  P&L=$+103
    ✗   DASH/ORLY     LONG  z=-2.21  WR=50%  PF=1.14x  P&L=$+54
    ✗   EBAY/ORLY     LONG  z=-2.14  WR=54%  PF=0.78x  P&L=$-75
    ✗     NI/PPL      LONG  z=-2.23  WR=40%  PF=0.48x  P&L=$-86
    ✗   NDSN/TXT      LONG  z=-1.69  WR=44%  PF=1.00x  P&L=$-0
    ✗    IEX/ODFL     LONG  z=-1.78  WR=48%  PF=0.86x  P&L=$-42
    ✗    AMP/APO     SHORT  z=+1.63  WR=54%  PF=1.25x  P&L=$+66
    ✗  GOOGL/GOOG     LONG  z=-3.20  WR=4%  PF=0.00x  P&L=$-59
    ✗     BK/CBOE    SHORT  z=+3.66  WR=42%  PF=0.96x  P&L=$-9
    ✗   LDOS/URI     SHORT  z=+3.06  WR=30%  PF=0.25x  P&L=$-463
    ✗   BF-B/TGT      LONG  z=-1.94  WR=42%  PF=0.51x  P&L=$-224
    ✗    CRL/WST      LONG  z=-1.95  WR=55%  PF=0.81x  P&L=$-171
    ✗    NSC/PWR      LONG  z=-1.59  WR=39%  PF=0.58x  P&L=$-200
    ✗   BF-B/CPB      LONG  z=-2.33  WR=53%  PF=2.39x  P&L=$+263
    ✗   LRCX/WDC     SHORT  z=+1.72  WR=44%  PF=0.52x  P&L=$-246
    ✗    LUV/WAB     SHORT  z=+2.44  WR=68%  PF=3.23x  P&L=$+394

  Log     → C:\Users\User\Desktop\adf bot\logs\2026-02-24_102201.log
  Journal → C:\Users\User\Desktop\adf bot\system_log.csv
  Errors  → C:\Users\User\Desktop\adf bot\error.log

