
  ╔══════════════════════════════════════════════════════════════╗
  ║     PAIRS TRADING SYSTEM — Daily Orchestration              ║
  ║     2026-06-14 14:00:09                                        ║
  ╚══════════════════════════════════════════════════════════════╝

  ── System Health ──────────────────────────────
    Data Source      : ● ONLINE
    Pairs Loaded     : 3
    Scanner Age      : 2d old
    System Log       : Exists
    Error Log        : error.log
    Strategy         : z_entry=2.0 | z_exit=0.0 | z_stop=3.0 | hold<=20d
    Quality Gates    : WR>55.0% | PF>1.5x | P&L>$0
    Regime Gates     : Split-Half | ADF-90d | Recent Momentum
  ──────────────────────────────────────────────────

  --- PHASE 0b — Momentum Portfolio Update ---

  No momentum positions closed today.

  -- Momentum Portfolio ---------------------------------------
    Open positions : 3 / 5
    Realized P&L   : $+0.00
    Total trades   : 0
    Consec. losses : 0

    TICKER     DIR    ENTRY     PEAK     STOP   TARGET  DAYS
    -------- ----- -------- -------- -------- -------- -----
    AMAT      LONG $ 552.64 $ 567.25 $ 466.61 $ 690.77     2
    STLD      LONG $ 279.55 $ 282.76 $ 253.49 $ 322.14     2
    INTC      LONG $ 124.57 $ 124.57 $  94.88 $ 170.91     1
  -------------------------------------------------------------

  --- PHASE 0d --- Earnings Portfolio Update ---

  No earnings positions closed today.

  -- Earnings Module Portfolio --------------------------------
    Open positions : 0 / 5
    Realized P&L   : $-37.60
    Total trades   : 10
    Live win rate  : 40.0%
    Consec. losses : 0
  -------------------------------------------------------------


  -- Earnings Performance Report -----------------------------
    Closed trades      : 10
    Total net P&L      : $-37.58
    Live win rate      : 40.0%
    Hist beat rate avg : 85.0%
    Live avg P&L       : $-3.76
    Avg win            : $+42.17
    Avg loss           : $-34.38
    Profit factor      : 0.82
    Avg hold (days)    : 7.7
    Live Sharpe        : -0.44
    Best trade         : $+78.20
    Worst trade        : $-77.17
    Max consec. losses : 4
    Max drawdown       : $-167.35
    Exit breakdown:
      post_earnings    :  10 trades  P&L=$-37.58
    Verdict            : Edge degrading -- review
  -------------------------------------------------------------

  Excel Tracker: updating paper_trades.xlsx ...
    Open positions: 3  |  Newly closed: 0
    File: C:\Users\User\Desktop\adf bot\paper_trades.xlsx

  --- Global Risk Assessment ---


  -- Global Risk Manager --------------------------------------
    Status             : [OK]  ALLOW
    Capital deployed   : $  839.41  / $8000
    Open positions     :   3  / 15
    Long  exposure     : $  839.41  (100.0%)
    Short exposure     : $    0.00  (0.0%)
    Realized P&L       : $-37.58
    Unrealized P&L     : $+0.00  (estimated at cost)
    Combined drawdown  : $-63.63  (freeze: $-2000, liq: $-3500)
    Peak combined P&L  : $+26.05

    MODULE        OPEN    CAPITAL     LONG    SHORT
    ------------ ----- ---------- -------- --------
    pairs            0 $     0.00 $   0.00 $   0.00
    momentum         3 $   839.41 $ 839.41 $   0.00
    bear             0 $     0.00 $   0.00 $   0.00
    earnings         0 $     0.00 $   0.00 $   0.00
    shock            0 $     0.00 $   0.00 $   0.00
  -------------------------------------------------------------

  Pairs module disabled.

  --- PHASE 3 — Momentum Strategy ---

------------------------------------------------------------
  MOMENTUM SCANNER
  Run date : 2026-06-14
------------------------------------------------------------

[STEP 1] Building universe ...
[STEP 1] Scraped 503 S&P 500 tickers + sectors from Wikipedia.
[STEP 1b] Scraped 101 Nasdaq-100 tickers + sectors from Wikipedia.
  [SCAN] Universe: 516 unique tickers (S&P 500 + Nasdaq-100).

[STEP 2] Downloading OHLCV data ...
  [SCAN] Downloading OHLCV for 516 tickers (2021-06-15 -> 2026-06-14) in batches of 50 ...
  [DATA] Batch 1/11 (50 tickers) ... OK (50 cols)
  [DATA] Batch 2/11 (50 tickers) ... OK (50 cols)
  [DATA] Batch 3/11 (50 tickers) ... OK (50 cols)
  [DATA] Batch 4/11 (50 tickers) ... OK (50 cols)
  [DATA] Batch 5/11 (50 tickers) ... OK (50 cols)
  [DATA] Batch 6/11 (50 tickers) ... OK (50 cols)
  [DATA] Batch 7/11 (50 tickers) ... OK (50 cols)
  [DATA] Batch 8/11 (50 tickers) ... OK (50 cols)
  [DATA] Batch 9/11 (50 tickers) ... OK (50 cols)
  [DATA] Batch 10/11 (50 tickers) ... OK (50 cols)
  [DATA] Batch 11/11 (16 tickers) ... OK (16 cols)

[STEP 3] Cleaning data ...
[STEP 3] Dropped 10 tickers (>10% missing).  Remaining: 505 tickers.

  [DATA] 505 tickers after cleaning.

[STEP 4] Checking market regime ...
  [REGIME] Fetching S&P 500 and VIX data ...
  [REGIME] S&P 500 price=7431.5  EMA50=7273.8  EMA200=6860.0  above_200EMA=Y
  [REGIME] VIX=17.68  scale=1.00  -> BULL

[STEP 5] Computing blended momentum scores ...
  [SCAN] Momentum scores computed for 505 tickers.

[STEP 6] Computing technical indicators ...
  [SCAN] Technical indicators computed for 505 tickers.

[STEP 7] Merging candidates ...
  [SCAN] 505 candidates before entry filters.

[STEP 8] Applying entry filters ...
  [FILTER] avg_vol_20d >= 500,000: removed 17 (488 remain)
  [FILTER] top 10% mom_score: removed 439 (49 remain)
  [FILTER] 52w_high_pct >= 0.9: removed 15 (34 remain)
  [FILTER] vol_ratio >= 0.9: removed 5 (29 remain)
  [FILTER] RSI in [50, 80]: removed 1 (28 remain)
  [FILTER] ADX >= 20: removed 14 (14 remain)
  [FILTER] 505 -> 14 after all filters.

  [SCAN] Exported 14 candidates -> C:\Users\User\Desktop\adf bot\momentum_candidates.csv

------------------------------------------------------------
  MOMENTUM SCAN COMPLETE
  Regime   : BULL
  VIX      : 17.68000030517578
  VIX scale: 1.00
  Candidates passed: 14

  Top 5 momentum candidates:
  Ticker   Sector                        MomScore    RSI    ADX
  -------  ---------------------------  --------- ------ ------
  MU       Information Technology           2.175   60.8   35.8
  INTC     Information Technology           2.128   62.4   25.0
  WDC      Information Technology           1.840   61.4   31.0
  TXN      Information Technology           0.930   54.9   26.2
  AMAT     Information Technology           0.863   74.0   27.7
------------------------------------------------------------
  [REGIME] Fetching S&P 500 and VIX data ...
  [REGIME] S&P 500 price=7431.5  EMA50=7273.8  EMA200=6860.0  above_200EMA=Y
  [REGIME] VIX=17.68  scale=1.00  -> BULL
  [MOM-SIG] Processing 14 momentum candidates ...
  ------------------------------------------------------------
    [DIAMOND]   INTC  mom=+2.163  WR=43%  PF=1.29x  P&L=$+30  Sharpe=+0.47
FMP earnings raw fetch failed for TXN: Expecting value: line 1 column 1 (char 0)
    [REJECT]     TXN  min_trades, oos_pnl, oos_sharpe
FMP earnings raw fetch failed for CASY: Expecting value: line 1 column 1 (char 0)
    [REJECT]    CASY  min_trades
FMP earnings raw fetch failed for DVA: Expecting value: line 1 column 1 (char 0)
    [REJECT]     DVA  min_trades, win_rate, profit_factor, total_pnl, sharpe, avg_gain_loss, oos_pnl, oos_sharpe
FMP earnings raw fetch failed for NUE: Expecting value: line 1 column 1 (char 0)
    [REJECT]     NUE  min_trades
FMP earnings raw fetch failed for STLD: Expecting value: line 1 column 1 (char 0)
    [DIAMOND]   STLD  mom=+0.541  WR=80%  PF=6.37x  P&L=$+181  Sharpe=+3.62
FMP earnings raw fetch failed for FFIV: Expecting value: line 1 column 1 (char 0)
    [REJECT]    FFIV  oos_pnl, oos_sharpe
  ------------------------------------------------------------
  [MOM-SIG] Results: 2 diamonds, 5 rejected, 7 no signal, 0 errors

  ============================================================
    MOMENTUM RESULTS
  ============================================================
    Candidates      : 14
    No live signal  : 7
    Errors          : 0
    * Mom Diamond   : 2
    x Rejected      : 5

  -- MOMENTUM DIAMONDS --
    TICKER        MOM    WR%      PF        P&L   SHARPE
    -------- -------- ------ ------- ---------- --------
  * INTC       +2.163  42.9%   1.29x $  +30.09   +0.47
  * STLD       +0.541  80.0%   6.37x $ +181.27   +3.62

  Skipped 2 — correlated with open position(s)

  -- Momentum Rejected (5) --
    x    TXN  min_trades, oos_pnl, oos_sharpe
    x   CASY  min_trades
    x    DVA  min_trades, win_rate, profit_factor, total_pnl, sharpe, avg_gain_loss, oos_pnl, oos_sharpe
    x    NUE  min_trades
    x   FFIV  oos_pnl, oos_sharpe

  --- PHASE 5 --- Earnings Strategy ---


  [Earnings Signal] Scanning for earnings within 5 days ...

  [Earnings Scanner] Fetching calendar 2026-06-14 -> 2026-06-19 ...
  [Earnings Scanner] No earnings calendar data returned.

  [Earnings Signal] Verified: 0  |  Rejected: 0


  ============================================================
    EARNINGS STRATEGY RESULTS
  ============================================================
    Verified signals : 0
    Rejected         : 0

  Log     → C:\Users\User\Desktop\adf bot\logs\2026-06-14_140009.log
  Journal → C:\Users\User\Desktop\adf bot\system_log.csv
  Errors  → C:\Users\User\Desktop\adf bot\error.log

