
  ╔══════════════════════════════════════════════════════════════╗
  ║     PAIRS TRADING SYSTEM — Daily Orchestration              ║
  ║     2026-04-10 12:31:45                                        ║
  ╚══════════════════════════════════════════════════════════════╝

  ── System Health ──────────────────────────────
    Data Source      : ● ONLINE
    Pairs Loaded     : 150
    Scanner Age      : 2d old
    System Log       : Exists
    Error Log        : error.log
    Strategy         : z_entry=2.0 | z_exit=0.0 | z_stop=3.0 | hold<=20d
    Quality Gates    : WR>55.0% | PF>1.5x | P&L>$0
    Regime Gates     : Split-Half | ADF-90d | Recent Momentum
  ──────────────────────────────────────────────────

  ═══ PHASE 0 — Portfolio Update ═══

  No positions closed today.

  -- Live Portfolio -------------------------------------------
    No open positions.

    Positions open   : 0 / 10
    Total live P&L   : $+0.00
    Peak P&L         : $+0.00
    System drawdown  : $+0.00  (limit $-1500)
  ------------------------------------------------------------
  --- PHASE 0b — Momentum Portfolio Update ---

  No momentum positions closed today.

  -- Momentum Portfolio ---------------------------------------
    Open positions : 0 / 5
    Realized P&L   : $+0.00
    Total trades   : 0
    Consec. losses : 0
  -------------------------------------------------------------

  --- PHASE 0c — Bear Portfolio Update ---

  No bear positions closed today.

  -- Bear Module Portfolio ------------------------------------
    Open positions : 0 / 2
    Realized P&L   : $+0.00
    Total trades   : 0
    Consec. losses : 0
  -------------------------------------------------------------

  --- PHASE 0d --- Earnings Portfolio Update ---

  No earnings positions closed today.

  -- Earnings Module Portfolio --------------------------------
    Open positions : 3 / 5
    Realized P&L   : $+0.00
    Total trades   : 0
    Consec. losses : 0

    TICKER     DIR    ENTRY  CAPITAL    EARN DATE   BEAT%  DAYS
    -------- ----- -------- -------- ------------ ------- -----
    JPM       LONG $ 307.97 $1000.00   2026-04-14     75%     2
    WFC       LONG $  84.66 $1000.00   2026-04-14     75%     2
    GS        LONG $ 905.75 $1000.00   2026-04-13    100%     2
  -------------------------------------------------------------

  --- PHASE 0e --- Shock Portfolio Update ---

  No shock positions closed today.

  -- Shock Module Portfolio -----------------------------------
    Open positions : 0 / 3
    Realized P&L   : $+0.00
    Total trades   : 0
    Consec. losses : 0
  -------------------------------------------------------------

  Excel Tracker: updating paper_trades.xlsx ...
    Open positions: 1  |  Newly closed: 0
    File: C:\Users\User\Desktop\adf bot\paper_trades.xlsx

  --- Global Risk Assessment ---


  -- Global Risk Manager --------------------------------------
    Status             : [OK]  ALLOW
    Capital deployed   : $ 3000.00  / $8000
    Open positions     :   3  / 15
    Long  exposure     : $ 3000.00  (100.0%)
    Short exposure     : $    0.00  (0.0%)
    Realized P&L       : $+0.00
    Unrealized P&L     : $+0.00  (estimated at cost)
    Combined drawdown  : $+0.00  (freeze: $-2000, liq: $-3500)
    Peak combined P&L  : $+0.00

    MODULE        OPEN    CAPITAL     LONG    SHORT
    ------------ ----- ---------- -------- --------
    pairs            0 $     0.00 $   0.00 $   0.00
    momentum         0 $     0.00 $   0.00 $   0.00
    bear             0 $     0.00 $   0.00 $   0.00
    earnings         3 $  3000.00 $3000.00 $   0.00
    shock            0 $     0.00 $   0.00 $   0.00
  -------------------------------------------------------------

  Scanner skipped (candidates 2d old, refresh every 3d). Use --scan to force.

  ═══ PHASE 2 — Master Signal (live + backtest) ═══


╔══════════════════════════════════════════════════════════════╗
║  MASTER SIGNAL v3 — Audit-Fixed Verification Engine         ║
║  Run : 2026-04-10 12:31:55                                  ║
╚══════════════════════════════════════════════════════════════╝

  Loaded 150 pairs from daily_candidates.csv
  Strategy: β=60d | z=20d | Entry |z|>2.0 | Exit z→0.0 | Stop |z|>3.0 | Hold≤20d
  Quality gates: WR>55.0% | PF>1.5x | P&L>$0
  Slippage: 0.15% on notional (entry+exit, both legs) | Capital: $1,000/trade
  Execution: 1-bar delay (signal@close → trade@next open)

  VIX : 19.3  ✓ (threshold 25.0)

  [1/150]        ALL / GL  —  No signal  (|z| = 1.06)
  [2/150]       PPL / WEC  ⚡ z=-2.62  LONG  →  FMP earnings raw fetch failed for PPL: Expecting value: line 1 column 1 (char 0)
FMP earnings raw fetch failed for WEC: Expecting value: line 1 column 1 (char 0)
✗ REJECTED
  [3/150]      KLAC / STX  —  No signal  (|z| = 1.64)
  [4/150]        ADI / MU  ⚡ z=+2.27 SHORT  →  FMP earnings raw fetch failed for ADI: Expecting value: line 1 column 1 (char 0)
FMP earnings raw fetch failed for MU: Expecting value: line 1 column 1 (char 0)
✗ REJECTED
  [5/150]     ADSK / PANW  —  No signal  (|z| = 1.81)
  [6/150]       DTE / DUK  ⚡ z=+2.06 SHORT  →  FMP earnings raw fetch failed for DTE: Expecting value: line 1 column 1 (char 0)
FMP earnings raw fetch failed for DUK: Expecting value: line 1 column 1 (char 0)
✗ REJECTED
  [7/150]         J / PNR  —  No signal  (|z| = 1.10)
  [8/150]      GILD / DGX  ⚡ z=+3.29 SHORT  →  FMP earnings raw fetch failed for GILD: Expecting value: line 1 column 1 (char 0)
FMP earnings raw fetch failed for DGX: Expecting value: line 1 column 1 (char 0)
✗ REJECTED
  [9/150]     CDNS / MSFT  —  No signal  (|z| = 1.58)
  [10/150]        GL / HIG  —  No signal  (|z| = 1.34)
  [11/150]       EME / NSC  —  No signal  (|z| = 1.59)
  [12/150]       AME / CMI  ⚡ z=+2.73 SHORT  →  FMP earnings raw fetch failed for AME: Expecting value: line 1 column 1 (char 0)
FMP earnings raw fetch failed for CMI: Expecting value: line 1 column 1 (char 0)
✗ REJECTED
  [13/150]      FITB / USB  —  No signal  (|z| = 0.49)
  [14/150]        GL / TRV  —  No signal  (|z| = 0.01)
  [15/150]       GL / IBKR  —  No signal  (|z| = 0.90)
  [16/150]      AMZN / CCL  —  No signal  (|z| = 0.00)
  [17/150]       HWM / JCI  —  No signal  (|z| = 1.08)
  [18/150]      DOV / JBHT  —  No signal  (|z| = 1.91)
  [19/150]      ABBV / CVS  —  No signal  (|z| = 0.95)
  [20/150]      DOV / PCAR  —  No signal  (|z| = 1.59)
  [21/150]      ABBV / MDT  —  No signal  (|z| = 1.05)
  [22/150]      COO / RVTY  —  No signal  (|z| = 1.05)
  [23/150]       NVR / MHK  —  No signal  (|z| = 0.57)
  [24/150]     AMZN / TSLA  —  No signal  (|z| = 1.44)
  [25/150]      LDOS / URI  —  No signal  (|z| = 1.21)
  [26/150]     GOOGL / WBD  —  No signal  (|z| = 1.22)
  [27/150]      AMZN / WSM  —  No signal  (|z| = 1.19)
  [28/150]      ADI / LRCX  —  No signal  (|z| = 1.30)
  [29/150]        NI / PPL  ⚡ z=+2.33 SHORT  →  FMP earnings raw fetch failed for NI: Expecting value: line 1 column 1 (char 0)
✗ REJECTED
  [30/150]          BK / L  —  No signal  (|z| = 1.61)
  [31/150]      GOOG / WBD  —  No signal  (|z| = 1.23)
  [32/150]       BAX / ZTS  —  No signal  (|z| = 1.35)
  [33/150]       ADI / WDC  —  No signal  (|z| = 1.44)
  [34/150]      CHRW / CAT  ⚡ z=+2.49 SHORT  →  FMP earnings raw fetch failed for CHRW: Expecting value: line 1 column 1 (char 0)
FMP earnings raw fetch failed for CAT: Expecting value: line 1 column 1 (char 0)
✗ REJECTED
  [35/150]        CI / ELV  —  No signal  (|z| = 0.91)
  [36/150]       COR / CVS  —  No signal  (|z| = 1.44)
  [37/150]       ESS / MAA  ⚡ z=+2.09 SHORT  →  FMP earnings raw fetch failed for ESS: Expecting value: line 1 column 1 (char 0)
FMP earnings raw fetch failed for MAA: Expecting value: line 1 column 1 (char 0)
✗ REJECTED
  [38/150]       ALL / CME  ⚡ z=-3.86  LONG  →  FMP earnings raw fetch failed for ALL: Expecting value: line 1 column 1 (char 0)
FMP earnings raw fetch failed for CME: Expecting value: line 1 column 1 (char 0)
✗ REJECTED
  [39/150]      BF-B / KHC  —  No signal  (|z| = 0.31)
  [40/150]       AME / LUV  —  No signal  (|z| = 1.95)
  [41/150]       CMS / DUK  —  No signal  (|z| = 0.03)
  [42/150]       EQR / UDR  —  No signal  (|z| = 1.25)
  [43/150]      FDX / JBHT  —  No signal  (|z| = 1.41)
  [44/150]       CEG / NRG  ⚡ z=-2.71  LONG  →  FMP earnings raw fetch failed for CEG: Expecting value: line 1 column 1 (char 0)
FMP earnings raw fetch failed for NRG: Expecting value: line 1 column 1 (char 0)
✗ REJECTED
  [45/150]       PWR / ROK  —  No signal  (|z| = 0.52)
  [46/150]      CHRW / CMI  —  No signal  (|z| = 1.35)
  [47/150]       CSX / VRT  —  No signal  (|z| = 1.71)
  [48/150]        BAC / MS  —  No signal  (|z| = 0.91)
  [49/150]      ADI / COHR  —  No signal  (|z| = 1.37)
  [50/150]       PSX / VLO  —  No signal  (|z| = 1.35)
  [51/150]      JPM / NDAQ  ⚡ z=+3.61 SHORT  →  📅 EARNINGS BLOCK  (JPM earnings in 4d)
  [52/150]      NTRS / STT  —  No signal  (|z| = 1.72)
  [53/150]       ADI / STX  —  No signal  (|z| = 1.69)
  [54/150]        IR / UPS  —  No signal  (|z| = 0.66)
  [55/150]       DG / DLTR  —  No signal  (|z| = 1.41)
  [56/150]       CPT / ESS  —  No signal  (|z| = 0.98)
  [57/150]     ALLE / LDOS  —  No signal  (|z| = 1.54)
  [58/150]       HD / NCLH  —  No signal  (|z| = 1.64)
  [59/150]        AFL / GL  —  No signal  (|z| = 0.36)
  [60/150]      CBOE / TRV  ⚡ z=+2.55 SHORT  →  FMP earnings raw fetch failed for CBOE: Expecting value: line 1 column 1 (char 0)
FMP earnings raw fetch failed for TRV: Expecting value: line 1 column 1 (char 0)
✗ REJECTED
  [61/150]       AEE / PPL  ⚡ z=+2.54 SHORT  →  FMP earnings raw fetch failed for AEE: Expecting value: line 1 column 1 (char 0)
✗ REJECTED
  [62/150]       INTC / MU  ⚡ z=+2.10 SHORT  →  📅 EARNINGS BLOCK  (INTC earnings in 13d)
  [63/150]       FCX / NUE  —  No signal  (|z| = 1.23)
  [64/150]     GNRC / HUBB  ⚡ z=+3.01 SHORT  →  FMP earnings raw fetch failed for GNRC: Expecting value: line 1 column 1 (char 0)
FMP earnings raw fetch failed for HUBB: Expecting value: line 1 column 1 (char 0)
✗ REJECTED
  [65/150]         ES / FE  ⚡ z=+2.29 SHORT  →  FMP earnings raw fetch failed for ES: Expecting value: line 1 column 1 (char 0)
FMP earnings raw fetch failed for FE: Expecting value: line 1 column 1 (char 0)
✗ REJECTED
  [66/150]        ALL / BK  ⚡ z=-6.58  LONG  →  FMP earnings raw fetch failed for BK: Expecting value: line 1 column 1 (char 0)
✗ REJECTED
  [67/150]       FTV / IEX  —  No signal  (|z| = 1.63)
  [68/150]      ALL / NDAQ  ⚡ z=+3.25 SHORT  →  FMP earnings raw fetch failed for NDAQ: Expecting value: line 1 column 1 (char 0)
✗ REJECTED
  [69/150]       ADM / HSY  ⚡ z=+2.57 SHORT  →  FMP earnings raw fetch failed for ADM: Expecting value: line 1 column 1 (char 0)
FMP earnings raw fetch failed for HSY: Expecting value: line 1 column 1 (char 0)
✗ REJECTED
  [70/150]      ATO / EVRG  ⚡ z=-2.41  LONG  →  FMP earnings raw fetch failed for ATO: Expecting value: line 1 column 1 (char 0)
FMP earnings raw fetch failed for EVRG: Expecting value: line 1 column 1 (char 0)
✗ REJECTED
  [71/150]         DE / WM  ⚡ z=+2.06 SHORT  →  FMP earnings raw fetch failed for DE: Expecting value: line 1 column 1 (char 0)
FMP earnings raw fetch failed for WM: Expecting value: line 1 column 1 (char 0)
✗ REJECTED
  [72/150]       CMI / LUV  —  No signal  (|z| = 1.91)
  [73/150]       ABT / BSX  ⚡ z=+3.86 SHORT  →  FMP earnings raw fetch failed for ABT: Expecting value: line 1 column 1 (char 0)
FMP earnings raw fetch failed for BSX: Expecting value: line 1 column 1 (char 0)
✗ REJECTED
  [74/150]       CPB / GIS  —  No signal  (|z| = 0.77)
  [75/150]      CBOE / HIG  —  No signal  (|z| = 1.52)
  [76/150]      NEM / STLD  —  No signal  (|z| = 0.93)
  [77/150]        BK / TRV  —  No signal  (|z| = 0.03)
  [78/150]         J / URI  —  No signal  (|z| = 1.58)
  [79/150]     HBAN / NDAQ  —  No signal  (|z| = 0.42)
  [80/150]     FISV / MRSH  —  No signal  (|z| = 0.57)
  [81/150]      ANET / HPE  —  No signal  (|z| = 1.19)
  [82/150]      ALL / CBOE  ⚡ z=-2.73  LONG  →  ✗ REJECTED
  [83/150]       TFC / USB  —  No signal  (|z| = 0.81)
  [84/150]        KEY / RF  —  No signal  (|z| = 1.64)
  [85/150]      CHRW / LUV  —  No signal  (|z| = 1.16)
  [86/150]        BG / HSY  ⚡ z=+2.50 SHORT  →  FMP earnings raw fetch failed for BG: Expecting value: line 1 column 1 (char 0)
✗ REJECTED
  [87/150]        GL / STT  ⚡ z=-2.08  LONG  →  FMP earnings raw fetch failed for GL: Expecting value: line 1 column 1 (char 0)
FMP earnings raw fetch failed for STT: Expecting value: line 1 column 1 (char 0)
✗ REJECTED
  [88/150]      COF / NDAQ  ⚡ z=+3.31 SHORT  →  FMP earnings raw fetch failed for COF: Expecting value: line 1 column 1 (char 0)
✗ REJECTED
  [89/150]      AME / CHRW  ⚡ z=+2.31 SHORT  →  ✗ REJECTED
  [90/150]       DTE / EXC  —  No signal  (|z| = 1.90)
  [91/150]       LNT / ATO  —  No signal  (|z| = 1.84)
  [92/150]      INTC / WDC  —  No signal  (|z| = 1.39)
  [93/150]      ALL / IBKR  —  No signal  (|z| = 0.88)
  [94/150]      ADSK / GEN  —  No signal  (|z| = 1.47)
  [95/150]      IBKR / WFC  —  No signal  (|z| = 1.58)
  [96/150]       GL / NDAQ  —  No signal  (|z| = 0.31)
  [97/150]       EQR / EXR  —  No signal  (|z| = 1.51)
  [98/150]       CVS / MCK  ⚡ z=-2.50  LONG  →  FMP earnings raw fetch failed for CVS: Expecting value: line 1 column 1 (char 0)
FMP earnings raw fetch failed for MCK: Expecting value: line 1 column 1 (char 0)
✗ REJECTED
  [99/150]          GS / L  —  No signal  (|z| = 1.82)
  [100/150]      AVGO / TEL  —  No signal  (|z| = 0.28)
  [101/150]       ESS / UDR  —  No signal  (|z| = 0.58)
  [102/150]     CIEN / KEYS  ⚡ z=-2.09  LONG  →  FMP earnings raw fetch failed for CIEN: Expecting value: line 1 column 1 (char 0)
FMP earnings raw fetch failed for KEYS: Expecting value: line 1 column 1 (char 0)
✗ REJECTED
  [103/150]       MTB / USB  —  No signal  (|z| = 1.10)
  [104/150]       CMS / PPL  —  No signal  (|z| = 1.32)
  [105/150]      BRK-B / GL  —  No signal  (|z| = 0.22)
  [106/150]        GS / STT  —  No signal  (|z| = 0.03)
  [107/150]       GL / NTRS  —  No signal  (|z| = 1.52)
  [108/150]      AMCR / IFF  —  No signal  (|z| = 1.74)
  [109/150]         GL / GS  —  No signal  (|z| = 1.05)
  [110/150]       LNT / DUK  —  No signal  (|z| = 1.62)
  [111/150]       MTD / TMO  —  No signal  (|z| = 0.25)
  [112/150]        CBOE / L  ⚡ z=+2.02 SHORT  →  FMP earnings raw fetch failed for L: Expecting value: line 1 column 1 (char 0)
✗ REJECTED
  [113/150]           C / L  ⚡ z=-2.96  LONG  →  📅 EARNINGS BLOCK  (C earnings in 4d)
  [114/150]       GEV / JCI  —  No signal  (|z| = 1.85)
  [115/150]      CSCO / JBL  —  No signal  (|z| = 0.40)
  [116/150]      CINF / TRV  —  No signal  (|z| = 1.91)
  [117/150]      NDAQ / WFC  ⚡ z=+2.20 SHORT  →  📅 EARNINGS BLOCK  (WFC earnings in 4d)
  [118/150]     INTC / KLAC  —  No signal  (|z| = 1.11)
  [119/150]       ALL / JPM  ⚡ z=+2.89 SHORT  →  📅 EARNINGS BLOCK  (JPM earnings in 4d)
  [120/150]       ATO / XEL  —  No signal  (|z| = 1.78)
  [121/150]         GL / MS  —  No signal  (|z| = 1.03)
  [122/150]      AMAT / TER  ⚡ z=+2.00 SHORT  →  FMP earnings raw fetch failed for AMAT: Expecting value: line 1 column 1 (char 0)
FMP earnings raw fetch failed for TER: Expecting value: line 1 column 1 (char 0)
✗ REJECTED
  [123/150]        AEE / NI  ⚡ z=-2.26  LONG  →  ✗ REJECTED
  [124/150]      FOXA / TKO  —  No signal  (|z| = 1.26)
  [125/150]        ALB / DD  —  No signal  (|z| = 1.63)
  [126/150]       ALL / TRV  ⚡ z=-5.16  LONG  →  ✗ REJECTED
  [127/150]       KEY / USB  —  No signal  (|z| = 0.37)
  [128/150]      INTC / STX  —  No signal  (|z| = 1.19)
  [129/150]        CLX / PG  —  No signal  (|z| = 0.68)
  [130/150]       FIX / LHX  —  No signal  (|z| = 0.78)
  [131/150]      IBKR / JPM  —  No signal  (|z| = 2.00)
  [132/150]      INTC / TER  —  No signal  (|z| = 1.52)
  [133/150]        AME / PH  —  No signal  (|z| = 1.76)
  [134/150]      ADBE / HPQ  —  No signal  (|z| = 1.03)
  [135/150]       AMP / APO  —  No signal  (|z| = 1.64)
  [136/150]      ABT / PODD  ⚡ z=+2.31 SHORT  →  FMP earnings raw fetch failed for PODD: Expecting value: line 1 column 1 (char 0)
✗ REJECTED
  [137/150]      CSX / HUBB  —  No signal  (|z| = 1.22)
  [138/150]       PNC / USB  —  No signal  (|z| = 0.86)
  [139/150]       JCI / RTX  ⚡ z=+2.64 SHORT  →  FMP earnings raw fetch failed for JCI: Expecting value: line 1 column 1 (char 0)
FMP earnings raw fetch failed for RTX: Expecting value: line 1 column 1 (char 0)
✗ REJECTED
  [140/150]        MS / STT  —  No signal  (|z| = 1.36)
  [141/150]        F / ULTA  —  No signal  (|z| = 0.60)
  [142/150]       AME / CAT  —  No signal  (|z| = 1.22)
  [143/150]       AMP / MET  —  No signal  (|z| = 1.28)
  [144/150]     INTC / LRCX  —  No signal  (|z| = 1.66)
  [145/150]     ANET / NVDA  —  No signal  (|z| = 1.37)
  [146/150]        AVY / CE  —  No signal  (|z| = 1.45)
  [147/150]       AME / FIX  —  No signal  (|z| = 1.75)
  [148/150]        BLK / GL  —  No signal  (|z| = 0.75)
  [149/150]          GL / L  ⚡ z=-3.28  LONG  →  ✗ REJECTED
  [150/150]     AVGO / NVDA  —  No signal  (|z| = 0.43)


════════════════════════════════════════════════════════════════
  SCAN COMPLETE
════════════════════════════════════════════════════════════════
  Pairs scanned   : 150
  No live signal  : 111
  Download errors : 0
  Signals found   : 39
    ◆ Diamond     : 0
    ✗ Rejected    : 39
════════════════════════════════════════════════════════════════

  No diamond signals today.


  ── Rejected Signals (had live z, failed backtest) ──

  PPL / WEC:
    ✗  REJECTED: Failed Split-Half
       Live z=-2.62 LONG | BT: 87 trades, WR 34%, PF 0.35x, P&L $-122
       Gates: WR 34.5% < 55.0% | PF 0.35x < 1.5x | P&L $-121.56 ≤ $50 | Sharpe -1.91 < 1.0 | Sortino -2.36 < 1.0 | Avg P&L $-1.40 < $8.00 | Failed H1 P&L ($-67 < $30) | Failed H2 P&L ($-55 < $30) | Low Recent Momentum: last 5 trades P&L=$-2 | Walk-Forward OOS: Sharpe=-2.82, P&L=$-43.18

  ADI / MU:
    ✗  REJECTED: Unstable Hedge Ratio
       Live z=+2.27 SHORT | BT: 95 trades, WR 43%, PF 1.33x, P&L $+138
       Gates: WR 43.2% < 55.0% | PF 1.33x < 1.5x | Sharpe +0.42 < 1.0 | Unstable Beta: CV=0.91 > 0.6 | Sortino +0.89 < 1.0 | Avg P&L $+1.45 < $8.00 | Failed H1 P&L ($+1 < $30) | Low Recent Momentum: last 5 trades P&L=$-62

  DTE / DUK:
    ✗  REJECTED: Failed Split-Half
       Live z=+2.06 SHORT | BT: 94 trades, WR 23%, PF 0.28x, P&L $-135
       Gates: WR 23.4% < 55.0% | PF 0.28x < 1.5x | P&L $-134.83 ≤ $50 | Sharpe -2.65 < 1.0 | Sortino -3.67 < 1.0 | Avg P&L $-1.43 < $8.00 | Failed H1 P&L ($-64 < $30) | Failed H2 P&L ($-70 < $30) | Low Recent Momentum: last 5 trades P&L=$-0 | Walk-Forward OOS: Sharpe=-1.88, P&L=$-32.31 | Low Recent Cointegration: ADF p=0.448 > 0.1

  GILD / DGX:
    ✗  REJECTED: Unstable Hedge Ratio
       Live z=+3.29 SHORT | BT: 96 trades, WR 38%, PF 0.54x, P&L $-129
       Gates: WR 37.5% < 55.0% | PF 0.54x < 1.5x | P&L $-129.01 ≤ $50 | Sharpe -1.20 < 1.0 | Unstable Beta: CV=1.05 > 0.6 | Sortino -1.55 < 1.0 | Avg P&L $-1.34 < $8.00 | Failed H1 P&L ($-46 < $30) | Failed H2 P&L ($-83 < $30) | Low Recent Momentum: last 5 trades P&L=$-11 | Walk-Forward OOS: Sharpe=-2.04, P&L=$-80.25 | Low Recent Cointegration: ADF p=0.417 > 0.1

  AME / CMI:
    ✗  REJECTED: Unstable Hedge Ratio
       Live z=+2.73 SHORT | BT: 95 trades, WR 43%, PF 0.61x, P&L $-98
       Gates: WR 43.2% < 55.0% | PF 0.61x < 1.5x | P&L $-97.88 ≤ $50 | Sharpe -0.92 < 1.0 | Unstable Beta: CV=0.92 > 0.6 | Sortino -1.19 < 1.0 | Avg P&L $-1.03 < $8.00 | Failed H1 P&L ($-44 < $30) | Failed H2 P&L ($-54 < $30) | Walk-Forward OOS: Sharpe=-1.39, P&L=$-56.27 | Low Recent Cointegration: ADF p=0.533 > 0.1

  NI / PPL:
    ✗  REJECTED: Failed Split-Half
       Live z=+2.33 SHORT | BT: 94 trades, WR 28%, PF 0.40x, P&L $-103
       Gates: WR 27.7% < 55.0% | PF 0.40x < 1.5x | P&L $-102.58 ≤ $50 | Sharpe -1.82 < 1.0 | Sortino -2.83 < 1.0 | Avg P&L $-1.09 < $8.00 | Failed H1 P&L ($-39 < $30) | Failed H2 P&L ($-63 < $30) | Low Recent Momentum: last 5 trades P&L=$-2 | Walk-Forward OOS: Sharpe=-2.57, P&L=$-37.08 | Low Recent Cointegration: ADF p=0.493 > 0.1

  CHRW / CAT:
    ✗  REJECTED: Unstable Hedge Ratio
       Live z=+2.49 SHORT | BT: 87 trades, WR 45%, PF 1.12x, P&L $+32
       Gates: WR 44.8% < 55.0% | PF 1.12x < 1.5x | P&L $+32.34 ≤ $50 | Sharpe +0.20 < 1.0 | Unstable Beta: CV=1.61 > 0.6 | Sortino +0.38 < 1.0 | Avg P&L $+0.37 < $8.00 | Failed H2 P&L ($-16 < $30) | Low Recent Cointegration: ADF p=0.750 > 0.1 | Low Recent Correlation: ρ=0.60 < 0.7

  ESS / MAA:
    ✗  REJECTED: Failed Split-Half
       Live z=+2.09 SHORT | BT: 86 trades, WR 34%, PF 0.41x, P&L $-94
       Gates: WR 33.7% < 55.0% | PF 0.41x < 1.5x | P&L $-94.07 ≤ $50 | Sharpe -1.44 < 1.0 | Sortino -1.62 < 1.0 | Avg P&L $-1.09 < $8.00 | Failed H1 P&L ($-49 < $30) | Failed H2 P&L ($-45 < $30) | Low Recent Momentum: last 5 trades P&L=$-7 | Walk-Forward OOS: Sharpe=-2.75, P&L=$-34.18 | Low Recent Cointegration: ADF p=0.245 > 0.1

  ALL / CME:
    ✗  REJECTED: Unstable Hedge Ratio
       Live z=-3.86 LONG | BT: 94 trades, WR 36%, PF 0.58x, P&L $-127
       Gates: WR 36.2% < 55.0% | PF 0.58x < 1.5x | P&L $-127.34 ≤ $50 | Sharpe -0.99 < 1.0 | Unstable Beta: CV=2.08 > 0.6 | Sortino -1.37 < 1.0 | Avg P&L $-1.35 < $8.00 | Failed H1 P&L ($-87 < $30) | Failed H2 P&L ($-41 < $30) | Low Recent Momentum: last 5 trades P&L=$-14 | Walk-Forward OOS: Sharpe=-1.48, P&L=$-44.87 | Low Recent Cointegration: ADF p=0.174 > 0.1 | Low Recent Correlation: ρ=0.36 < 0.7

  CEG / NRG:
    ✗  REJECTED: Unstable Hedge Ratio
       Live z=-2.71 LONG | BT: 73 trades, WR 36%, PF 0.56x, P&L $-169
       Gates: WR 35.6% < 55.0% | PF 0.56x < 1.5x | P&L $-168.88 ≤ $50 | Sharpe -1.01 < 1.0 | Max DD $-219 < $-200 | Unstable Beta: CV=0.74 > 0.6 | Sortino -1.47 < 1.0 | Avg P&L $-2.31 < $8.00 | Failed H1 P&L ($-16 < $30) | Failed H2 P&L ($-153 < $30) | Low Recent Momentum: last 5 trades P&L=$-44 | Walk-Forward OOS: Sharpe=-0.81, P&L=$-41.36 | Low Recent Correlation: ρ=0.34 < 0.7

  JPM / NDAQ:
    ✗  REJECTED: Earnings Blackout
       Live z=+3.61 SHORT | BT: 0 trades, WR 0%, PF N/A, P&L $+0
       Gates: Earnings Blackout: JPM earnings in 4d

  CBOE / TRV:
    ✗  REJECTED: Unstable Hedge Ratio
       Live z=+2.55 SHORT | BT: 92 trades, WR 38%, PF 0.61x, P&L $-117
       Gates: WR 38.0% < 55.0% | PF 0.61x < 1.5x | P&L $-116.54 ≤ $50 | Sharpe -0.98 < 1.0 | Unstable Beta: CV=2.05 > 0.6 | Sortino -1.38 < 1.0 | Avg P&L $-1.27 < $8.00 | Failed H1 P&L ($-24 < $30) | Failed H2 P&L ($-93 < $30) | Walk-Forward OOS: Sharpe=-1.64, P&L=$-66.97 | Low Recent Cointegration: ADF p=0.233 > 0.1 | Low Recent Correlation: ρ=0.67 < 0.7

  AEE / PPL:
    ✗  REJECTED: Failed Split-Half
       Live z=+2.54 SHORT | BT: 99 trades, WR 32%, PF 0.40x, P&L $-122
       Gates: WR 32.3% < 55.0% | PF 0.40x < 1.5x | P&L $-122.31 ≤ $50 | Sharpe -1.66 < 1.0 | Sortino -2.27 < 1.0 | Avg P&L $-1.24 < $8.00 | Failed H1 P&L ($-102 < $30) | Failed H2 P&L ($-20 < $30) | Low Recent Momentum: last 5 trades P&L=$-4 | Walk-Forward OOS: Sharpe=-2.92, P&L=$-34.45 | Low Recent Cointegration: ADF p=0.461 > 0.1

  INTC / MU:
    ✗  REJECTED: Earnings Blackout
       Live z=+2.10 SHORT | BT: 0 trades, WR 0%, PF N/A, P&L $+0
       Gates: Earnings Blackout: INTC earnings in 13d

  GNRC / HUBB:
    ✗  REJECTED: Unstable Hedge Ratio
       Live z=+3.01 SHORT | BT: 86 trades, WR 47%, PF 1.14x, P&L $+55
       Gates: WR 46.5% < 55.0% | PF 1.14x < 1.5x | Sharpe +0.22 < 1.0 | Unstable Beta: CV=2.41 > 0.6 | Sortino +0.38 < 1.0 | Avg P&L $+0.64 < $8.00 | Failed H2 P&L ($+23 < $30) | IS/OOS decay: OOS=-0.55 vs IS=0.54 | Walk-Forward OOS: Sharpe=-0.55, P&L=$-40.80 | Low Recent Cointegration: ADF p=0.393 > 0.1

  ES / FE:
    ✗  REJECTED: Unstable Hedge Ratio
       Live z=+2.29 SHORT | BT: 108 trades, WR 31%, PF 0.32x, P&L $-195
       Gates: WR 31.5% < 55.0% | PF 0.32x < 1.5x | P&L $-195.44 ≤ $50 | Sharpe -2.02 < 1.0 | Unstable Beta: CV=0.77 > 0.6 | Sortino -2.22 < 1.0 | Avg P&L $-1.81 < $8.00 | Failed H1 P&L ($-55 < $30) | Failed H2 P&L ($-141 < $30) | Low Recent Momentum: last 5 trades P&L=$-11 | Walk-Forward OOS: Sharpe=-2.15, P&L=$-65.03 | Low Recent Cointegration: ADF p=0.117 > 0.1

  ALL / BK:
    ✗  REJECTED: Unstable Hedge Ratio
       Live z=-6.58 LONG | BT: 90 trades, WR 34%, PF 0.55x, P&L $-143
       Gates: WR 34.4% < 55.0% | PF 0.55x < 1.5x | P&L $-143.03 ≤ $50 | Sharpe -1.11 < 1.0 | Unstable Beta: CV=1.45 > 0.6 | Sortino -1.48 < 1.0 | Avg P&L $-1.59 < $8.00 | Failed H1 P&L ($-62 < $30) | Failed H2 P&L ($-81 < $30) | Low Recent Momentum: last 5 trades P&L=$-30 | Walk-Forward OOS: Sharpe=-1.47, P&L=$-58.79 | Low Recent Cointegration: ADF p=0.300 > 0.1 | Low Recent Correlation: ρ=-0.14 < 0.7

  ALL / NDAQ:
    ✗  REJECTED: Unstable Hedge Ratio
       Live z=+3.25 SHORT | BT: 98 trades, WR 47%, PF 0.87x, P&L $-35
       Gates: WR 46.9% < 55.0% | PF 0.87x < 1.5x | P&L $-34.66 ≤ $50 | Sharpe -0.24 < 1.0 | Unstable Beta: CV=2.00 > 0.6 | Sortino -0.27 < 1.0 | Avg P&L $-0.35 < $8.00 | Failed H2 P&L ($-79 < $30) | Low Recent Momentum: last 5 trades P&L=$-32 | IS/OOS decay: OOS=-1.34 vs IS=0.42 | Walk-Forward OOS: Sharpe=-1.34, P&L=$-72.59 | Low Recent Cointegration: ADF p=0.502 > 0.1 | Low Recent Correlation: ρ=-0.41 < 0.7

  ADM / HSY:
    ✗  REJECTED: Unstable Hedge Ratio
       Live z=+2.57 SHORT | BT: 85 trades, WR 36%, PF 0.60x, P&L $-130
       Gates: WR 36.5% < 55.0% | PF 0.60x < 1.5x | P&L $-129.75 ≤ $50 | Sharpe -0.96 < 1.0 | Unstable Beta: CV=2.73 > 0.6 | Sortino -1.40 < 1.0 | Avg P&L $-1.53 < $8.00 | Failed H1 P&L ($-84 < $30) | Failed H2 P&L ($-46 < $30) | Low Recent Momentum: last 5 trades P&L=$-11 | Walk-Forward OOS: Sharpe=-1.40, P&L=$-60.94 | Low Recent Cointegration: ADF p=0.359 > 0.1

  ATO / EVRG:
    ✗  REJECTED: Failed Split-Half
       Live z=-2.41 LONG | BT: 102 trades, WR 35%, PF 0.57x, P&L $-81
       Gates: WR 35.3% < 55.0% | PF 0.57x < 1.5x | P&L $-80.94 ≤ $50 | Sharpe -1.09 < 1.0 | Sortino -1.61 < 1.0 | Avg P&L $-0.79 < $8.00 | Failed H1 P&L ($-23 < $30) | Failed H2 P&L ($-58 < $30) | Low Recent Momentum: last 5 trades P&L=$-9 | Walk-Forward OOS: Sharpe=-1.25, P&L=$-24.69 | Low Recent Cointegration: ADF p=0.855 > 0.1

  DE / WM:
    ✗  REJECTED: Unstable Hedge Ratio
       Live z=+2.06 SHORT | BT: 96 trades, WR 40%, PF 0.83x, P&L $-51
       Gates: WR 39.6% < 55.0% | PF 0.83x < 1.5x | P&L $-50.69 ≤ $50 | Sharpe -0.37 < 1.0 | Unstable Beta: CV=1.74 > 0.6 | Sortino -0.55 < 1.0 | Avg P&L $-0.53 < $8.00 | Failed H1 P&L ($-36 < $30) | Failed H2 P&L ($-15 < $30) | Low Recent Cointegration: ADF p=0.435 > 0.1

  ABT / BSX:
    ✗  REJECTED: Unstable Hedge Ratio
       Live z=+3.86 SHORT | BT: 80 trades, WR 41%, PF 1.05x, P&L $+9
       Gates: WR 41.2% < 55.0% | PF 1.05x < 1.5x | P&L $+9.05 ≤ $50 | Sharpe +0.08 < 1.0 | Unstable Beta: CV=1.67 > 0.6 | Sortino +0.15 < 1.0 | Avg P&L $+0.11 < $8.00 | Failed H1 P&L ($-23 < $30) | Low Recent Cointegration: ADF p=0.110 > 0.1

  ALL / CBOE:
    ✗  REJECTED: Unstable Hedge Ratio
       Live z=-2.73 LONG | BT: 91 trades, WR 43%, PF 0.64x, P&L $-94
       Gates: WR 42.9% < 55.0% | PF 0.64x < 1.5x | P&L $-93.60 ≤ $50 | Sharpe -0.80 < 1.0 | Unstable Beta: CV=2.32 > 0.6 | Sortino -0.97 < 1.0 | Avg P&L $-1.03 < $8.00 | Failed H1 P&L ($+13 < $30) | Failed H2 P&L ($-107 < $30) | Low Recent Momentum: last 5 trades P&L=$-11 | Walk-Forward OOS: Sharpe=-2.11, P&L=$-74.01 | Low Recent Cointegration: ADF p=0.127 > 0.1 | Low Recent Correlation: ρ=0.28 < 0.7

  BG / HSY:
    ✗  REJECTED: Unstable Hedge Ratio
       Live z=+2.50 SHORT | BT: 75 trades, WR 36%, PF 0.80x, P&L $-64
       Gates: WR 36.0% < 55.0% | PF 0.80x < 1.5x | P&L $-63.60 ≤ $50 | Sharpe -0.39 < 1.0 | Unstable Beta: CV=6.49 > 0.6 | Sortino -0.56 < 1.0 | Avg P&L $-0.85 < $8.00 | Failed H1 P&L ($-59 < $30) | Failed H2 P&L ($-4 < $30) | Low Recent Momentum: last 5 trades P&L=$-0 | Walk-Forward OOS: Sharpe=-0.76, P&L=$-40.16 | Low Recent Cointegration: ADF p=0.447 > 0.1

  GL / STT:
    ✗  REJECTED: Unstable Hedge Ratio
       Live z=-2.08 LONG | BT: 92 trades, WR 48%, PF 0.85x, P&L $-53
       Gates: WR 47.8% < 55.0% | PF 0.85x < 1.5x | P&L $-53.01 ≤ $50 | Sharpe -0.24 < 1.0 | Unstable Beta: CV=2.14 > 0.6 | Sortino -0.30 < 1.0 | Avg P&L $-0.58 < $8.00 | Failed H1 P&L ($-23 < $30) | Failed H2 P&L ($-30 < $30) | Walk-Forward OOS: Sharpe=-0.81, P&L=$-42.12 | Low Recent Correlation: ρ=0.63 < 0.7

  COF / NDAQ:
    ✗  REJECTED: Unstable Hedge Ratio
       Live z=+3.31 SHORT | BT: 95 trades, WR 36%, PF 0.51x, P&L $-195
       Gates: WR 35.8% < 55.0% | PF 0.51x < 1.5x | P&L $-195.15 ≤ $50 | Sharpe -1.24 < 1.0 | Max DD $-204 < $-200 | Unstable Beta: CV=1.18 > 0.6 | Sortino -1.76 < 1.0 | Avg P&L $-2.05 < $8.00 | Failed H1 P&L ($-83 < $30) | Failed H2 P&L ($-112 < $30) | Low Recent Momentum: last 5 trades P&L=$-31 | Walk-Forward OOS: Sharpe=-1.70, P&L=$-65.38

  AME / CHRW:
    ✗  REJECTED: Unstable Hedge Ratio
       Live z=+2.31 SHORT | BT: 95 trades, WR 39%, PF 0.67x, P&L $-110
       Gates: WR 38.9% < 55.0% | PF 0.67x < 1.5x | P&L $-109.71 ≤ $50 | Sharpe -0.73 < 1.0 | Unstable Beta: CV=1.37 > 0.6 | Sortino -0.99 < 1.0 | Avg P&L $-1.15 < $8.00 | Failed H1 P&L ($-107 < $30) | Failed H2 P&L ($-2 < $30) | Low Recent Cointegration: ADF p=0.462 > 0.1

  CVS / MCK:
    ✗  REJECTED: Unstable Hedge Ratio
       Live z=-2.50 LONG | BT: 83 trades, WR 37%, PF 0.57x, P&L $-134
       Gates: WR 37.3% < 55.0% | PF 0.57x < 1.5x | P&L $-134.13 ≤ $50 | Sharpe -0.97 < 1.0 | Unstable Beta: CV=2.21 > 0.6 | Sortino -1.49 < 1.0 | Avg P&L $-1.62 < $8.00 | Failed H1 P&L ($-55 < $30) | Failed H2 P&L ($-79 < $30) | Low Recent Momentum: last 5 trades P&L=$-19 | Walk-Forward OOS: Sharpe=-0.69, P&L=$-37.63 | Low Recent Cointegration: ADF p=0.152 > 0.1 | Low Recent Correlation: ρ=-0.09 < 0.7

  CIEN / KEYS:
    ✗  REJECTED: Unstable Hedge Ratio
       Live z=-2.09 LONG | BT: 109 trades, WR 41%, PF 0.74x, P&L $-109
       Gates: WR 41.3% < 55.0% | PF 0.74x < 1.5x | P&L $-109.22 ≤ $50 | Sharpe -0.55 < 1.0 | Unstable Beta: CV=1.01 > 0.6 | Sortino -0.91 < 1.0 | Avg P&L $-1.00 < $8.00 | Failed H1 P&L ($-109 < $30) | Failed H2 P&L ($+0 < $30) | Walk-Forward OOS: Sharpe=-0.27, P&L=$-24.87

  CBOE / L:
    ✗  REJECTED: Unstable Hedge Ratio
       Live z=+2.02 SHORT | BT: 107 trades, WR 43%, PF 0.69x, P&L $-89
       Gates: WR 43.0% < 55.0% | PF 0.69x < 1.5x | P&L $-88.75 ≤ $50 | Sharpe -0.76 < 1.0 | Unstable Beta: CV=1.31 > 0.6 | Sortino -1.18 < 1.0 | Avg P&L $-0.83 < $8.00 | Failed H1 P&L ($-16 < $30) | Failed H2 P&L ($-73 < $30) | Walk-Forward OOS: Sharpe=-1.61, P&L=$-51.70 | Low Recent Correlation: ρ=0.60 < 0.7

  C / L:
    ✗  REJECTED: Earnings Blackout
       Live z=-2.96 LONG | BT: 0 trades, WR 0%, PF N/A, P&L $+0
       Gates: Earnings Blackout: C earnings in 4d

  NDAQ / WFC:
    ✗  REJECTED: Earnings Blackout
       Live z=+2.20 SHORT | BT: 0 trades, WR 0%, PF N/A, P&L $+0
       Gates: Earnings Blackout: WFC earnings in 4d

  ALL / JPM:
    ✗  REJECTED: Earnings Blackout
       Live z=+2.89 SHORT | BT: 0 trades, WR 0%, PF N/A, P&L $+0
       Gates: Earnings Blackout: JPM earnings in 4d

  AMAT / TER:
    ✗  REJECTED: Unstable Hedge Ratio
       Live z=+2.00 SHORT | BT: 97 trades, WR 40%, PF 0.85x, P&L $-58
       Gates: WR 40.2% < 55.0% | PF 0.85x < 1.5x | P&L $-58.21 ≤ $50 | Sharpe -0.27 < 1.0 | Unstable Beta: CV=0.61 > 0.6 | Sortino -0.31 < 1.0 | Avg P&L $-0.60 < $8.00 | Failed H1 P&L ($-23 < $30) | Failed H2 P&L ($-35 < $30) | Low Recent Momentum: last 5 trades P&L=$-41

  AEE / NI:
    ✗  REJECTED: Failed Split-Half
       Live z=-2.26 LONG | BT: 93 trades, WR 32%, PF 0.38x, P&L $-93
       Gates: WR 32.3% < 55.0% | PF 0.38x < 1.5x | P&L $-93.43 ≤ $50 | Sharpe -1.84 < 1.0 | Sortino -2.44 < 1.0 | Avg P&L $-1.00 < $8.00 | Failed H1 P&L ($-45 < $30) | Failed H2 P&L ($-48 < $30) | Low Recent Momentum: last 5 trades P&L=$-13 | Walk-Forward OOS: Sharpe=-2.85, P&L=$-35.88

  ALL / TRV:
    ✗  REJECTED: Failed Split-Half
       Live z=-5.16 LONG | BT: 103 trades, WR 30%, PF 0.69x, P&L $-63
       Gates: WR 30.1% < 55.0% | PF 0.69x < 1.5x | P&L $-62.51 ≤ $50 | Sharpe -0.68 < 1.0 | Sortino -1.27 < 1.0 | Avg P&L $-0.61 < $8.00 | Failed H1 P&L ($-18 < $30) | Failed H2 P&L ($-44 < $30) | Low Recent Momentum: last 5 trades P&L=$-11 | Walk-Forward OOS: Sharpe=-3.11, P&L=$-56.84 | Low Recent Cointegration: ADF p=0.479 > 0.1

  ABT / PODD:
    ✗  REJECTED: Unstable Hedge Ratio
       Live z=+2.31 SHORT | BT: 101 trades, WR 48%, PF 0.92x, P&L $-33
       Gates: WR 47.5% < 55.0% | PF 0.92x < 1.5x | P&L $-32.96 ≤ $50 | Sharpe -0.16 < 1.0 | Unstable Beta: CV=1.46 > 0.6 | Sortino -0.20 < 1.0 | Avg P&L $-0.33 < $8.00 | Failed H1 P&L ($-40 < $30) | Failed H2 P&L ($+7 < $30) | Low Recent Cointegration: ADF p=0.370 > 0.1

  JCI / RTX:
    ✗  REJECTED: Unstable Hedge Ratio
       Live z=+2.64 SHORT | BT: 88 trades, WR 38%, PF 0.52x, P&L $-159
       Gates: WR 37.5% < 55.0% | PF 0.52x < 1.5x | P&L $-158.75 ≤ $50 | Sharpe -1.11 < 1.0 | Unstable Beta: CV=1.62 > 0.6 | Sortino -1.35 < 1.0 | Avg P&L $-1.80 < $8.00 | Failed H1 P&L ($-128 < $30) | Failed H2 P&L ($-31 < $30) | Low Recent Momentum: last 5 trades P&L=$-35 | Low Recent Correlation: ρ=0.64 < 0.7

  GL / L:
    ✗  REJECTED: Unstable Hedge Ratio
       Live z=-3.28 LONG | BT: 92 trades, WR 41%, PF 0.98x, P&L $-5
       Gates: WR 41.3% < 55.0% | PF 0.98x < 1.5x | P&L $-4.96 ≤ $50 | Sharpe -0.03 < 1.0 | Unstable Beta: CV=1.16 > 0.6 | Sortino -0.06 < 1.0 | Avg P&L $-0.05 < $8.00 | Failed H1 P&L ($-67 < $30) | IS/OOS decay: OOS=-0.55 vs IS=0.12 | Walk-Forward OOS: Sharpe=-0.55, P&L=$-19.75 | Low Recent Cointegration: ADF p=0.333 > 0.1 | Low Recent Correlation: ρ=0.67 < 0.7


  ✓ system_log.csv updated (0 diamond, 39 rejected)

  ════════════════════════════════════════════════════════════
    DAILY RESULTS  (Standard + Split-Half + ADF90 + Momentum)
  ════════════════════════════════════════════════════════════
    Pairs scanned   : 150
    No live signal  : 111
    Download errors : 0
    ◆ Diamond       : 0
    ✗ Rejected      : 39

  No diamond signals today.

  ── Rejected (39 pairs: had live signal, failed regime gates) ──
    ✗    PPL/WEC      LONG  z=-2.62  WR=34%  PF=0.35x  P&L=$-122
    ✗    ADI/MU      SHORT  z=+2.27  WR=43%  PF=1.33x  P&L=$+138
    ✗    DTE/DUK     SHORT  z=+2.06  WR=23%  PF=0.28x  P&L=$-135
    ✗   GILD/DGX     SHORT  z=+3.29  WR=38%  PF=0.54x  P&L=$-129
    ✗    AME/CMI     SHORT  z=+2.73  WR=43%  PF=0.61x  P&L=$-98
    ✗     NI/PPL     SHORT  z=+2.33  WR=28%  PF=0.40x  P&L=$-103
    ✗   CHRW/CAT     SHORT  z=+2.49  WR=45%  PF=1.12x  P&L=$+32
    ✗    ESS/MAA     SHORT  z=+2.09  WR=34%  PF=0.41x  P&L=$-94
    ✗    ALL/CME      LONG  z=-3.86  WR=36%  PF=0.58x  P&L=$-127
    ✗    CEG/NRG      LONG  z=-2.71  WR=36%  PF=0.56x  P&L=$-169
    ✗    JPM/NDAQ    SHORT  z=+3.61  WR=0%  PF=0.00x  P&L=$+0
    ✗   CBOE/TRV     SHORT  z=+2.55  WR=38%  PF=0.61x  P&L=$-117
    ✗    AEE/PPL     SHORT  z=+2.54  WR=32%  PF=0.40x  P&L=$-122
    ✗   INTC/MU      SHORT  z=+2.10  WR=0%  PF=0.00x  P&L=$+0
    ✗   GNRC/HUBB    SHORT  z=+3.01  WR=47%  PF=1.14x  P&L=$+55
    ✗     ES/FE      SHORT  z=+2.29  WR=31%  PF=0.32x  P&L=$-195
    ✗    ALL/BK       LONG  z=-6.58  WR=34%  PF=0.55x  P&L=$-143
    ✗    ALL/NDAQ    SHORT  z=+3.25  WR=47%  PF=0.87x  P&L=$-35
    ✗    ADM/HSY     SHORT  z=+2.57  WR=36%  PF=0.60x  P&L=$-130
    ✗    ATO/EVRG     LONG  z=-2.41  WR=35%  PF=0.57x  P&L=$-81
    ✗     DE/WM      SHORT  z=+2.06  WR=40%  PF=0.83x  P&L=$-51
    ✗    ABT/BSX     SHORT  z=+3.86  WR=41%  PF=1.05x  P&L=$+9
    ✗    ALL/CBOE     LONG  z=-2.73  WR=43%  PF=0.64x  P&L=$-94
    ✗     BG/HSY     SHORT  z=+2.50  WR=36%  PF=0.80x  P&L=$-64
    ✗     GL/STT      LONG  z=-2.08  WR=48%  PF=0.85x  P&L=$-53
    ✗    COF/NDAQ    SHORT  z=+3.31  WR=36%  PF=0.51x  P&L=$-195
    ✗    AME/CHRW    SHORT  z=+2.31  WR=39%  PF=0.67x  P&L=$-110
    ✗    CVS/MCK      LONG  z=-2.50  WR=37%  PF=0.57x  P&L=$-134
    ✗   CIEN/KEYS     LONG  z=-2.09  WR=41%  PF=0.74x  P&L=$-109
    ✗   CBOE/L       SHORT  z=+2.02  WR=43%  PF=0.69x  P&L=$-89
    ✗      C/L        LONG  z=-2.96  WR=0%  PF=0.00x  P&L=$+0
    ✗   NDAQ/WFC     SHORT  z=+2.20  WR=0%  PF=0.00x  P&L=$+0
    ✗    ALL/JPM     SHORT  z=+2.89  WR=0%  PF=0.00x  P&L=$+0
    ✗   AMAT/TER     SHORT  z=+2.00  WR=40%  PF=0.85x  P&L=$-58
    ✗    AEE/NI       LONG  z=-2.26  WR=32%  PF=0.38x  P&L=$-93
    ✗    ALL/TRV      LONG  z=-5.16  WR=30%  PF=0.69x  P&L=$-63
    ✗    ABT/PODD    SHORT  z=+2.31  WR=48%  PF=0.92x  P&L=$-33
    ✗    JCI/RTX     SHORT  z=+2.64  WR=38%  PF=0.52x  P&L=$-159
    ✗     GL/L        LONG  z=-3.28  WR=41%  PF=0.98x  P&L=$-5

  --- PHASE 3 — Momentum Strategy ---

  VIX: 19.3  |  Pairs diamonds: 0  |  Mode: complement

------------------------------------------------------------
  MOMENTUM SCANNER
  Run date : 2026-04-10
------------------------------------------------------------

[STEP 1] Building universe ...
[STEP 1] Scraped 503 S&P 500 tickers + sectors from Wikipedia.
[STEP 1b] Scraped 101 Nasdaq-100 tickers + sectors from Wikipedia.
  [SCAN] Universe: 517 unique tickers (S&P 500 + Nasdaq-100).

[STEP 2] Downloading OHLCV data ...
  [SCAN] Downloading OHLCV for 517 tickers (2021-04-11 -> 2026-04-10) in batches of 50 ...
  [DATA] Batch 1/11 (50 tickers) ... OK (50 cols)
  [DATA] Batch 2/11 (50 tickers) ... OK (50 cols)
  [DATA] Batch 3/11 (50 tickers) ... OK (50 cols)
  [DATA] Batch 4/11 (50 tickers) ... OK (50 cols)
  [DATA] Batch 5/11 (50 tickers) ... OK (50 cols)
  [DATA] Batch 6/11 (50 tickers) ... OK (50 cols)
  [DATA] Batch 7/11 (50 tickers) ... OK (50 cols)
  [DATA] Batch 8/11 (50 tickers) ... OK (50 cols)
  [DATA] Batch 9/11 (50 tickers) ... OK (50 cols)
  [DATA] Batch 10/11 (50 tickers) ... OK (50 cols)
  [DATA] Batch 11/11 (17 tickers) ... OK (17 cols)

[STEP 3] Cleaning data ...
[STEP 3] Dropped 9 tickers (>10% missing).  Remaining: 505 tickers.

  [DATA] 505 tickers after cleaning.

[STEP 4] Checking market regime ...
  [REGIME] Fetching S&P 500 and VIX data ...
  [REGIME] S&P 500 price=6824.7  EMA50=6715.8  EMA200=6591.9  above_200EMA=Y
  [REGIME] VIX=19.29  scale=1.00  -> BULL
  [REGIME] VIX overridden to 19.33

[STEP 5] Computing blended momentum scores ...
  [SCAN] Momentum scores computed for 505 tickers.

[STEP 6] Computing technical indicators ...
  [SCAN] Technical indicators computed for 505 tickers.

[STEP 7] Merging candidates ...
  [SCAN] 505 candidates before entry filters.

[STEP 8] Applying entry filters ...
  [FILTER] avg_vol_20d >= 500,000: removed 21 (484 remain)
  [FILTER] top 10% mom_score: removed 435 (49 remain)
  [FILTER] 52w_high_pct >= 0.9: removed 7 (42 remain)
  [FILTER] vol_ratio >= 1.2: removed 41 (1 remain)
  [FILTER] ADX >= 20: removed 1 (0 remain)
  [FILTER] 505 -> 0 after all filters.

  [SCAN] Exported 0 candidates -> C:\Users\User\Desktop\adf bot\momentum_candidates.csv

------------------------------------------------------------
  MOMENTUM SCAN COMPLETE
  Regime   : BULL
  VIX      : 19.329999923706055
  VIX scale: 1.00
  Candidates passed: 0
  No candidates passed all filters today.
------------------------------------------------------------
  No momentum candidates passed filters.


  Bear module skipped (VIX 19.3 <= 25.0).

  --- PHASE 5 --- Earnings Strategy ---


  [Earnings Signal] Scanning for earnings within 7 days ...

  [Earnings Scanner] Fetching calendar 2026-04-10 -> 2026-04-17 ...
[STEP 1] Scraped 503 S&P 500 tickers + sectors from Wikipedia.
[STEP 1b] Scraped 101 Nasdaq-100 tickers + sectors from Wikipedia.
  [Earnings Scanner] 9 calendar entries -> 8 in universe
  [Earnings Scanner] 8 candidates with quality data.
    x NFLX     FAIL  beat_rate 67% < 75%
    + PEP      PASS  earnings=2026-04-16  days=6  beat=75%  eps_surp=+1.5%  trend=growing  price=$157.49  SMA200=$145.88
    x BAC      FAIL  quarters 2 < 3
    x WFC      SKIP  already in open trade
    x C        FAIL  avg_eps_surprise -0.6% <= 0
    x JNJ      FAIL  eps_trend declining
    x JPM      SKIP  already in open trade
    x GS       SKIP  already in open trade

  [Earnings Signal] Verified: 1  |  Rejected: 7


  ============================================================
    EARNINGS STRATEGY RESULTS
  ============================================================
    Verified signals : 1
    Rejected         : 7

  + Earnings trade logged: PEP  [20260410_earn_PEP]

  -- Earnings Rejected (7) --
    x   NFLX  beat_rate 67% < 75%
    x    BAC  quarters 2 < 3
    x    WFC  already in open trade
    x      C  avg_eps_surprise -0.6% <= 0
    x    JNJ  eps_trend declining
    ... and 2 more

  --- PHASE 6 --- Policy Shock Bounce ---


  [SHOCK] =======================================================
  [SHOCK] Policy Shock Bounce Signal Engine
  [SHOCK] 2026-04-10 12:38:56
  [SHOCK] =======================================================

  [SHOCK] Fetching VIX history ...
  [SHOCK] VIX: 19.5

  [SHOCK] --------------------------------------------------
  [SHOCK] Checking SPY for policy shock bounce ...
  [SHOCK] No signal: no_shock_detected

  [SHOCK] --------------------------------------------------
  [SHOCK] Checking QQQ for policy shock bounce ...
  [SHOCK] No signal: no_shock_detected

  [SHOCK] =======================================================
  [SHOCK] Results: 0 diamond(s), 0 rejected
  [SHOCK] =======================================================


  ============================================================
    POLICY SHOCK BOUNCE RESULTS
  ============================================================
    Verified signals : 0
    Rejected         : 0

  Log     → C:\Users\User\Desktop\adf bot\logs\2026-04-10_123145.log
  Journal → C:\Users\User\Desktop\adf bot\system_log.csv
  Errors  → C:\Users\User\Desktop\adf bot\error.log

