
  ╔══════════════════════════════════════════════════════════════╗
  ║     PAIRS TRADING SYSTEM — Daily Orchestration              ║
  ║     2026-02-17 19:54:20                                        ║
  ╚══════════════════════════════════════════════════════════════╝

  ── System Health ──────────────────────────────
    Data Source      : ● ONLINE
    Pairs Loaded     : 50
    Scanner Age      : 0d old
    System Log       : Exists
    Error Log        : error.log
    Strategy         : z_entry=1.5 | z_exit=0.0 | z_stop=3.5 | hold<=30d
    Quality Gates    : WR>50.0% | PF>1.1x | P&L>$0
  ──────────────────────────────────────────────────

  Scanner skipped (candidates 0d old, refresh every 7d). Use --scan to force.

  ═══ PHASE 2 — Master Signal (live + backtest) ═══


╔══════════════════════════════════════════════════════════════╗
║  MASTER SIGNAL — Live + Backtest Verification Engine        ║
║  Run : 2026-02-17 19:54:32                                  ║
╚══════════════════════════════════════════════════════════════╝

  Loaded 50 pairs from daily_candidates.csv
  Strategy: β=60d | z=20d | Entry |z|>1.5 | Exit z→0.0 | Stop |z|>3.5 | Hold≤30d
  Quality gates: WR>50.0% | PF>1.1x | P&L>$0
  Slippage: 0.10% per leg | Capital: $1,000/trade

  [1/50]       HWM / JCI  ⚡ z=-2.70  LONG  →  ✗ REJECTED
  [2/50]        APD / IP  ⚡ z=-1.88  LONG  →  ✗ REJECTED
  [3/50]      CBOE / HIG  —  No signal  (|z| = 0.08)
  [4/50]       ATO / XEL  —  No signal  (|z| = 0.38)
  [5/50]      KLAC / STX  —  No signal  (|z| = 1.22)
  [6/50]      ABBV / MDT  —  No signal  (|z| = 0.99)
  [7/50]        BAC / MS  —  No signal  (|z| = 0.04)
  [8/50]       PPL / WEC  ⚡ z=+1.76 SHORT  →  ✗ REJECTED
  [9/50]         J / PNR  ⚡ z=+1.62 SHORT  →  ✗ REJECTED
  [10/50]        NI / XEL  ⚡ z=-4.05  LONG  →  ✗ REJECTED
  [11/50]       AME / LUV  ⚡ z=-1.66  LONG  →  ✗ REJECTED
  [12/50]        KEY / RF  ⚡ z=+3.06 SHORT  →  ✗ REJECTED
  [13/50]      BF-B / STZ  —  No signal  (|z| = 0.28)
  [14/50]       EME / NSC  ⚡ z=-1.84  LONG  →  ✗ REJECTED
  [15/50]       LNT / XEL  ⚡ z=-3.02  LONG  →  ✗ REJECTED
  [16/50]       PPL / XEL  —  No signal  (|z| = 0.81)
  [17/50]         ES / FE  —  No signal  (|z| = 1.05)
  [18/50]       IRM / PSA  —  No signal  (|z| = 0.15)
  [19/50]         J / URI  —  No signal  (|z| = 0.46)
  [20/50]      BF-B / KHC  —  No signal  (|z| = 0.13)
  [21/50]       COF / JPM  —  No signal  (|z| = 1.46)
  [22/50]       DTE / DUK  —  No signal  (|z| = 0.68)
  [23/50]      CBOE / TRV  —  No signal  (|z| = 0.07)
  [24/50]       ALL / TRV  ⚡ z=+2.62 SHORT  →  ✗ REJECTED
  [25/50]       CMI / LUV  ⚡ z=+2.30 SHORT  →  ✗ REJECTED
  [26/50]     CDNS / MSFT  —  No signal  (|z| = 0.90)
  [27/50]        GL / TRV  ⚡ z=-1.51  LONG  →  ✗ REJECTED
  [28/50]       CEG / XEL  ⚡ z=+3.91 SHORT  →  ✗ REJECTED
  [29/50]      LYV / META  —  No signal  (|z| = 0.26)
  [30/50]      GOOG / WBD  ⚡ z=+2.60 SHORT  →  ✗ REJECTED
  [31/50]      DHR / REGN  ⚡ z=+2.19 SHORT  →  ✗ REJECTED
  [32/50]     GOOGL / WBD  ⚡ z=+2.60 SHORT  →  ✗ REJECTED
  [33/50]       BK / CBOE  —  No signal  (|z| = 0.95)
  [34/50]        BAC / GS  —  No signal  (|z| = 0.29)
  [35/50]       COF / WFC  ⚡ z=+1.53 SHORT  →  ✗ REJECTED
  [36/50]       BAX / MOH  ⚡ z=+2.14 SHORT  →  ✗ REJECTED
  [37/50]       EQR / UDR  —  No signal  (|z| = 0.00)
  [38/50]     AMZN / TSLA  ⚡ z=-3.46  LONG  →  ✗ REJECTED
  [39/50]        CBOE / L  —  No signal  (|z| = 0.32)
  [40/50]       HD / NCLH  ⚡ z=-2.51  LONG  →  ✗ REJECTED
  [41/50]      ALL / CBOE  —  No signal  (|z| = 0.61)
  [42/50]       AXP / BAC  ⚡ z=+1.52 SHORT  →  ✗ REJECTED
  [43/50]    GOOGL / GOOG  ⚡ z=-2.46  LONG  →  ✗ REJECTED
  [44/50]       IR / ODFL  ⚡ z=-1.90  LONG  →  ✗ REJECTED
  [45/50]      CEG / EVRG  —  No signal  (|z| = 1.36)
  [46/50]       CEG / NRG  —  No signal  (|z| = 1.45)
  [47/50]      IBKR / WFC  ⚡ z=-1.70  LONG  →  ✗ REJECTED
  [48/50]       HWM / ROL  —  No signal  (|z| = 0.78)
  [49/50]      BF-B / GIS  ⚡ z=-2.89  LONG  →  ✗ REJECTED
  [50/50]       DG / DLTR  ⚡ z=+2.61 SHORT  →  ✗ REJECTED


════════════════════════════════════════════════════════════════
  SCAN COMPLETE
════════════════════════════════════════════════════════════════
  Pairs scanned   : 50
  No live signal  : 24
  Download errors : 0
  Signals found   : 26
    ★ Verified    : 0
    ✗ Rejected    : 26
════════════════════════════════════════════════════════════════

  No verified signals today.


  ── Rejected Signals (had live z, failed backtest) ──

  HWM / JCI:
    ✗  Signal Rejected: Historically Unprofitable
       Live z=-2.70 LONG | BT: 25 trades, WR 28%, PF 0.38x, P&L $-369
       Failed: WR 28.0% < 50.0% | PF 0.38x < 1.1x | P&L $-368.53 ≤ $0 | H1 weak: WR=25% P&L=$-345 | H2 weak: WR=31% P&L=$-23 | Recent coint weak: ADF p=0.640 > 0.1

  APD / IP:
    ✗  Signal Rejected: Historically Unprofitable
       Live z=-1.88 LONG | BT: 27 trades, WR 59%, PF 2.99x, P&L $+291
       Failed: Recent coint weak: ADF p=0.727 > 0.1

  PPL / WEC:
    ✗  Signal Rejected: Historically Unprofitable
       Live z=+1.76 SHORT | BT: 28 trades, WR 36%, PF 0.55x, P&L $-63
       Failed: WR 35.7% < 50.0% | PF 0.55x < 1.1x | P&L $-63.18 ≤ $0 | H1 weak: WR=43% P&L=$+6 | H2 weak: WR=29% P&L=$-70 | Recent coint weak: ADF p=0.348 > 0.1

  J / PNR:
    ✗  Signal Rejected: Historically Unprofitable
       Live z=+1.62 SHORT | BT: 18 trades, WR 44%, PF 1.08x, P&L $+22
       Failed: WR 44.4% < 50.0% | PF 1.08x < 1.1x | H1 weak: WR=22% P&L=$-132 | Recent coint weak: ADF p=0.367 > 0.1

  NI / XEL:
    ✗  Signal Rejected: Historically Unprofitable
       Live z=-4.05 LONG | BT: 23 trades, WR 39%, PF 0.51x, P&L $-79
       Failed: WR 39.1% < 50.0% | PF 0.51x < 1.1x | P&L $-79.29 ≤ $0 | H1 weak: WR=18% P&L=$-88 | Recent coint weak: ADF p=0.211 > 0.1

  AME / LUV:
    ✗  Signal Rejected: Historically Unprofitable
       Live z=-1.66 LONG | BT: 32 trades, WR 38%, PF 0.68x, P&L $-188
       Failed: WR 37.5% < 50.0% | PF 0.68x < 1.1x | P&L $-187.82 ≤ $0 | H1 weak: WR=31% P&L=$-285 | H2 weak: WR=44% P&L=$+97 | Recent coint weak: ADF p=0.425 > 0.1

  KEY / RF:
    ✗  Signal Rejected: Historically Unprofitable
       Live z=+3.06 SHORT | BT: 33 trades, WR 27%, PF 0.30x, P&L $-135
       Failed: WR 27.3% < 50.0% | PF 0.30x < 1.1x | P&L $-135.33 ≤ $0 | H1 weak: WR=31% P&L=$-89 | H2 weak: WR=24% P&L=$-46 | Recent coint weak: ADF p=0.769 > 0.1

  EME / NSC:
    ✗  Signal Rejected: Historically Unprofitable
       Live z=-1.84 LONG | BT: 25 trades, WR 52%, PF 0.99x, P&L $-4
       Failed: PF 0.99x < 1.1x | P&L $-4.13 ≤ $0 | H2 weak: WR=54% P&L=$-38 | Recent coint weak: ADF p=0.401 > 0.1

  LNT / XEL:
    ✗  Signal Rejected: Historically Unprofitable
       Live z=-3.02 LONG | BT: 32 trades, WR 28%, PF 0.64x, P&L $-52
       Failed: WR 28.1% < 50.0% | PF 0.64x < 1.1x | P&L $-51.52 ≤ $0 | H1 weak: WR=25% P&L=$-61 | H2 weak: WR=31% P&L=$+10 | Recent coint weak: ADF p=0.743 > 0.1

  ALL / TRV:
    ✗  Signal Rejected: Historically Unprofitable
       Live z=+2.62 SHORT | BT: 29 trades, WR 38%, PF 0.50x, P&L $-116
       Failed: WR 37.9% < 50.0% | PF 0.50x < 1.1x | P&L $-116.07 ≤ $0 | H1 weak: WR=43% P&L=$-39 | H2 weak: WR=33% P&L=$-77 | Recent coint weak: ADF p=0.178 > 0.1

  CMI / LUV:
    ✗  Signal Rejected: Historically Unprofitable
       Live z=+2.30 SHORT | BT: 26 trades, WR 27%, PF 0.62x, P&L $-216
       Failed: WR 26.9% < 50.0% | PF 0.62x < 1.1x | P&L $-215.65 ≤ $0 | H1 weak: WR=31% P&L=$-188 | H2 weak: WR=23% P&L=$-28

  GL / TRV:
    ✗  Signal Rejected: Historically Unprofitable
       Live z=-1.51 LONG | BT: 30 trades, WR 50%, PF 1.26x, P&L $+90
       Failed: H1 weak: WR=40% P&L=$+88 | Recent coint weak: ADF p=0.289 > 0.1

  CEG / XEL:
    ✗  Signal Rejected: Historically Unprofitable
       Live z=+3.91 SHORT | BT: 21 trades, WR 52%, PF 1.32x, P&L $+115
       Failed: Recent coint weak: ADF p=0.976 > 0.1

  GOOG / WBD:
    ✗  Signal Rejected: Historically Unprofitable
       Live z=+2.60 SHORT | BT: 28 trades, WR 39%, PF 0.70x, P&L $-213
       Failed: WR 39.3% < 50.0% | PF 0.70x < 1.1x | P&L $-213.03 ≤ $0 | H1 weak: WR=43% P&L=$-70 | H2 weak: WR=36% P&L=$-143 | Recent coint weak: ADF p=0.383 > 0.1

  DHR / REGN:
    ✗  Signal Rejected: Historically Unprofitable
       Live z=+2.19 SHORT | BT: 25 trades, WR 44%, PF 1.05x, P&L $+21
       Failed: WR 44.0% < 50.0% | PF 1.05x < 1.1x | H2 weak: WR=31% P&L=$-129 | Recent coint weak: ADF p=0.454 > 0.1

  GOOGL / WBD:
    ✗  Signal Rejected: Historically Unprofitable
       Live z=+2.60 SHORT | BT: 28 trades, WR 43%, PF 0.74x, P&L $-185
       Failed: WR 42.9% < 50.0% | PF 0.74x < 1.1x | P&L $-184.93 ≤ $0 | H1 weak: WR=43% P&L=$-50 | H2 weak: WR=43% P&L=$-135 | Recent coint weak: ADF p=0.392 > 0.1

  COF / WFC:
    ✗  Signal Rejected: Historically Unprofitable
       Live z=+1.53 SHORT | BT: 28 trades, WR 29%, PF 0.73x, P&L $-44
       Failed: WR 28.6% < 50.0% | PF 0.73x < 1.1x | P&L $-43.51 ≤ $0 | H1 weak: WR=36% P&L=$+15 | H2 weak: WR=21% P&L=$-59 | Last 5 trades ALL losers | Recent coint weak: ADF p=0.849 > 0.1

  BAX / MOH:
    ✗  Signal Rejected: Historically Unprofitable
       Live z=+2.14 SHORT | BT: 23 trades, WR 43%, PF 0.89x, P&L $-48
       Failed: WR 43.5% < 50.0% | PF 0.89x < 1.1x | P&L $-47.92 ≤ $0 | H2 weak: WR=25% P&L=$-213 | Recent coint weak: ADF p=0.104 > 0.1

  AMZN / TSLA:
    ✗  Signal Rejected: Historically Unprofitable
       Live z=-3.46 LONG | BT: 28 trades, WR 36%, PF 0.56x, P&L $-374
       Failed: WR 35.7% < 50.0% | PF 0.56x < 1.1x | P&L $-374.34 ≤ $0 | H1 weak: WR=21% P&L=$+8 | H2 weak: WR=50% P&L=$-382 | Recent coint weak: ADF p=0.291 > 0.1

  HD / NCLH:
    ✗  Signal Rejected: Historically Unprofitable
       Live z=-2.51 LONG | BT: 27 trades, WR 41%, PF 0.79x, P&L $-104
       Failed: WR 40.7% < 50.0% | PF 0.79x < 1.1x | P&L $-104.32 ≤ $0 | H2 weak: WR=36% P&L=$-102

  AXP / BAC:
    ✗  Signal Rejected: Historically Unprofitable
       Live z=+1.52 SHORT | BT: 23 trades, WR 26%, PF 0.31x, P&L $-174
       Failed: WR 26.1% < 50.0% | PF 0.31x < 1.1x | P&L $-174.01 ≤ $0 | H1 weak: WR=18% P&L=$-165 | H2 weak: WR=33% P&L=$-9 | Recent coint weak: ADF p=0.799 > 0.1

  GOOGL / GOOG:
    ✗  Signal Rejected: Historically Unprofitable
       Live z=-2.46 LONG | BT: 24 trades, WR 0%, PF 0.00x, P&L $-62
       Failed: WR 0.0% < 50.0% | PF 0.00x < 1.1x | P&L $-61.82 ≤ $0 | H1 weak: WR=0% P&L=$-28 | H2 weak: WR=0% P&L=$-34 | Last 5 trades ALL losers | Recent coint weak: ADF p=0.302 > 0.1

  IR / ODFL:
    ✗  Signal Rejected: Historically Unprofitable
       Live z=-1.90 LONG | BT: 25 trades, WR 48%, PF 0.27x, P&L $-333
       Failed: WR 48.0% < 50.0% | PF 0.27x < 1.1x | P&L $-333.34 ≤ $0 | H1 weak: WR=33% P&L=$-299 | H2 weak: WR=62% P&L=$-34 | Recent coint weak: ADF p=0.285 > 0.1

  IBKR / WFC:
    ✗  Signal Rejected: Historically Unprofitable
       Live z=-1.70 LONG | BT: 23 trades, WR 48%, PF 0.54x, P&L $-184
       Failed: WR 47.8% < 50.0% | PF 0.54x < 1.1x | P&L $-184.41 ≤ $0 | H1 weak: WR=36% P&L=$-122 | H2 weak: WR=58% P&L=$-62 | Recent coint weak: ADF p=0.420 > 0.1

  BF-B / GIS:
    ✗  Signal Rejected: Historically Unprofitable
       Live z=-2.89 LONG | BT: 23 trades, WR 61%, PF 3.40x, P&L $+387
       Failed: Recent coint weak: ADF p=0.553 > 0.1

  DG / DLTR:
    ✗  Signal Rejected: Historically Unprofitable
       Live z=+2.61 SHORT | BT: 22 trades, WR 50%, PF 1.34x, P&L $+126
       Failed: H2 weak: WR=18% P&L=$-297 | Recent coint weak: ADF p=0.649 > 0.1


  ✓ system_log.csv updated (0 verified, 26 rejected)

  ════════════════════════════════════════════════════════════
    DAILY RESULTS
  ════════════════════════════════════════════════════════════
    Pairs scanned   : 50
    No live signal  : 24
    Download errors : 0
    ★ Verified      : 0
    ✗ Rejected      : 26

  No verified signals today.

  ── Rejected (26 pairs: had live signal, failed backtest) ──
    ✗    HWM/JCI      LONG  z=-2.70  WR=28%  PF=0.38x  P&L=$-369
    ✗    APD/IP       LONG  z=-1.88  WR=59%  PF=2.99x  P&L=$+291
    ✗    PPL/WEC     SHORT  z=+1.76  WR=36%  PF=0.55x  P&L=$-63
    ✗      J/PNR     SHORT  z=+1.62  WR=44%  PF=1.08x  P&L=$+22
    ✗     NI/XEL      LONG  z=-4.05  WR=39%  PF=0.51x  P&L=$-79
    ✗    AME/LUV      LONG  z=-1.66  WR=38%  PF=0.68x  P&L=$-188
    ✗    KEY/RF      SHORT  z=+3.06  WR=27%  PF=0.30x  P&L=$-135
    ✗    EME/NSC      LONG  z=-1.84  WR=52%  PF=0.99x  P&L=$-4
    ✗    LNT/XEL      LONG  z=-3.02  WR=28%  PF=0.64x  P&L=$-52
    ✗    ALL/TRV     SHORT  z=+2.62  WR=38%  PF=0.50x  P&L=$-116
    ✗    CMI/LUV     SHORT  z=+2.30  WR=27%  PF=0.62x  P&L=$-216
    ✗     GL/TRV      LONG  z=-1.51  WR=50%  PF=1.26x  P&L=$+90
    ✗    CEG/XEL     SHORT  z=+3.91  WR=52%  PF=1.32x  P&L=$+115
    ✗   GOOG/WBD     SHORT  z=+2.60  WR=39%  PF=0.70x  P&L=$-213
    ✗    DHR/REGN    SHORT  z=+2.19  WR=44%  PF=1.05x  P&L=$+21
    ✗  GOOGL/WBD     SHORT  z=+2.60  WR=43%  PF=0.74x  P&L=$-185
    ✗    COF/WFC     SHORT  z=+1.53  WR=29%  PF=0.73x  P&L=$-44
    ✗    BAX/MOH     SHORT  z=+2.14  WR=43%  PF=0.89x  P&L=$-48
    ✗   AMZN/TSLA     LONG  z=-3.46  WR=36%  PF=0.56x  P&L=$-374
    ✗     HD/NCLH     LONG  z=-2.51  WR=41%  PF=0.79x  P&L=$-104
    ✗    AXP/BAC     SHORT  z=+1.52  WR=26%  PF=0.31x  P&L=$-174
    ✗  GOOGL/GOOG     LONG  z=-2.46  WR=0%  PF=0.00x  P&L=$-62
    ✗     IR/ODFL     LONG  z=-1.90  WR=48%  PF=0.27x  P&L=$-333
    ✗   IBKR/WFC      LONG  z=-1.70  WR=48%  PF=0.54x  P&L=$-184
    ✗   BF-B/GIS      LONG  z=-2.89  WR=61%  PF=3.40x  P&L=$+387
    ✗     DG/DLTR    SHORT  z=+2.61  WR=50%  PF=1.34x  P&L=$+126

  Log     → C:\Users\User\Desktop\adf bot\logs\2026-02-17_195420.log
  Journal → C:\Users\User\Desktop\adf bot\system_log.csv
  Errors  → C:\Users\User\Desktop\adf bot\error.log

