
  ╔══════════════════════════════════════════════════════════════╗
  ║     PAIRS TRADING SYSTEM — Daily Orchestration              ║
  ║     2026-03-28 14:50:34                                        ║
  ╚══════════════════════════════════════════════════════════════╝

  ── System Health ──────────────────────────────
    Data Source      : ● ONLINE
    Pairs Loaded     : 150
    Scanner Age      : 4d old
    System Log       : Exists
    Error Log        : error.log
    Strategy         : z_entry=2.0 | z_exit=0.0 | z_stop=3.0 | hold<=30d
    Quality Gates    : WR>50.0% | PF>1.3x | P&L>$0
    Regime Gates     : Split-Half | ADF-90d | Recent Momentum
  ──────────────────────────────────────────────────

  ═══ PHASE 0 — Portfolio Update ═══

  No positions closed today.

  -- Live Portfolio -------------------------------------------
    No open positions.

    Positions open   : 0 / 10
    Total live P&L   : $+0.00
    Peak P&L         : $+0.00
    System drawdown  : $+0.00  (limit $-1500)
  ------------------------------------------------------------
  --- PHASE 0b — Momentum Portfolio Update ---

  No momentum positions closed today.

  -- Momentum Portfolio ---------------------------------------
    Open positions : 0 / 5
    Realized P&L   : $+0.00
    Total trades   : 0
    Consec. losses : 0
  -------------------------------------------------------------


  ═══ PHASE 1 — Refreshing Candidates (nightly_scanner) ═══


╔══════════════════════════════════════════════════════════════╗
║  NIGHTLY SCANNER v2 — Cointegration + Sector Filtering      ║
║  Run : 2026-03-28 14:50:35                                ║
╚══════════════════════════════════════════════════════════════╝

[STEP 1] Scraped 503 S&P 500 tickers + sectors from Wikipedia.
[STEP 1b] Using hardcoded list of 67 Nasdaq-100 tickers.
[STEP 1] Using hardcoded list of 366 tickers with sectors.
[STEP 1c] Skipped 23 removed tickers (no sector resolved): ['MOH', 'LW', 'PAYC', 'DAY', 'SOLS', 'K', 'IPG', 'MKTX', 'WBA', 'HES']...
[STEP 1] Historical constituents: 503 current + 15 historical = 518 total tickers.
[STEP 1b] Scraped 101 Nasdaq-100 tickers + sectors from Wikipedia.
[STEP 1b] Combined universe: 532 unique tickers (S&P 500 + Nasdaq-100).


[STEP 2] Downloading 532 tickers  (2024-03-28 → 2026-03-28) in batches of 50 …
  Batch 1/11  (50 tickers) … OK  (50 cols)
  Batch 2/11  (50 tickers) … OK  (50 cols)
  Batch 3/11  (50 tickers) … OK  (50 cols)
  Batch 4/11  (50 tickers) … OK  (50 cols)
  Batch 5/11  (50 tickers) … OK  (50 cols)
  Batch 6/11  (50 tickers) … OK  (50 cols)
  Batch 7/11  (50 tickers) … OK  (50 cols)
  Batch 8/11  (50 tickers) … OK  (50 cols)
  Batch 9/11  (50 tickers) … OK  (50 cols)
  Batch 10/11  (50 tickers) … OK  (50 cols)
  Batch 11/11  (32 tickers) … OK  (32 cols)
[STEP 2] Raw price matrix: 501 days × 532 tickers.

[STEP 3] Dropped 2 tickers (>10% missing).  Remaining: 529 tickers.

[STEP 4] Same-sector correlation pre-filter …
         Same-sector pairs with ρ ≥ 0.8: 1767

[STEP 5] Running Engle-Granger cointegration on 1767 pairs …
         … 200/1767
         … 400/1767
         … 600/1767
         … 800/1767
         … 1000/1767
         … 1200/1767
         … 1400/1767
         … 1600/1767
         Tested: 1767  |  Cointegrated (p < 0.05): 228

[STEP 5b] Half-life filter (max 30 days) ...
         Before: 228 | Dropped (HL > 30d): 1 | Remaining: 227
         Half-life range: 5.4 - 29.6 days  (median: 14.2)

[STEP 6] Saved → daily_candidates.csv  (150 rows)

  Top 10 Preview:
  ------------------------------------------------------------------------
       ALL / GL      Sector: Financials                 p=0.0000  HL=5.4d
       PPL / WEC     Sector: Utilities                  p=0.0002  HL=8.2d
      KLAC / STX     Sector: Information Technology     p=0.0002  HL=9.1d
       HWM / JCI     Sector: Industrials                p=0.0003  HL=15.2d
         J / PNR     Sector: Industrials                p=0.0006  HL=12.1d
       DTE / DUK     Sector: Utilities                  p=0.0007  HL=10.7d
       EME / NSC     Sector: Industrials                p=0.0010  HL=10.0d
        GL / HIG     Sector: Financials                 p=0.0011  HL=6.3d
        GL / IBKR    Sector: Financials                 p=0.0011  HL=6.6d
        GL / TRV     Sector: Financials                 p=0.0013  HL=6.2d

  NOTE: Universe includes historical S&P 500 constituents (survivorship bias reduced). + Nasdaq-100.


  ✓ Scanner completed.

  ═══ PHASE 2 — Master Signal (live + backtest) ═══


╔══════════════════════════════════════════════════════════════╗
║  MASTER SIGNAL v3 — Audit-Fixed Verification Engine         ║
║  Run : 2026-03-28 14:51:22                                  ║
╚══════════════════════════════════════════════════════════════╝

  Loaded 150 pairs from daily_candidates.csv
  Strategy: β=60d | z=20d | Entry |z|>2.0 | Exit z→0.0 | Stop |z|>3.0 | Hold≤30d
  Quality gates: WR>50.0% | PF>1.3x | P&L>$0
  Slippage: 0.10% on notional (entry+exit, both legs) | Capital: $1,000/trade
  Execution: 1-bar delay (signal@close → trade@next close)


  !!!!!!!!!!!!!!!!!!!!!!!!!!!!!!!!!!!!!!!!!!!!!!!!!!!!!!!!!!!!
  ⚠  VIX REGIME BLOCK: 31.0 > 25.0
  Signals shown but flagged BLOCKED. No new entries advised.
  !!!!!!!!!!!!!!!!!!!!!!!!!!!!!!!!!!!!!!!!!!!!!!!!!!!!!!!!!!!!

  [1/150]        ALL / GL  —  No signal  (|z| = 0.14)
  [2/150]       PPL / WEC  —  No signal  (|z| = 0.29)
  [3/150]      KLAC / STX  —  No signal  (|z| = 1.96)
  [4/150]       HWM / JCI  —  No signal  (|z| = 2.00)
  [5/150]         J / PNR  —  No signal  (|z| = 1.38)
  [6/150]       DTE / DUK  ⚡ z=+2.38 SHORT  →  ✗ REJECTED
  [7/150]       EME / NSC  ⚡ z=+2.13 SHORT  →  ✗ REJECTED
  [8/150]        GL / HIG  —  No signal  (|z| = 0.10)
  [9/150]       GL / IBKR  —  No signal  (|z| = 0.37)
  [10/150]        GL / TRV  —  No signal  (|z| = 1.03)
  [11/150]      GILD / DGX  —  No signal  (|z| = 1.10)
  [12/150]     CDNS / MSFT  —  No signal  (|z| = 0.29)
  [13/150]       AME / CMI  —  No signal  (|z| = 0.37)
  [14/150]     ADSK / PANW  ⚡ z=+2.09 SHORT  →  ✗ REJECTED
  [15/150]       AME / LUV  —  No signal  (|z| = 1.65)
  [16/150]      AMZN / CCL  —  No signal  (|z| = 1.39)
  [17/150]      ABBV / MDT  —  No signal  (|z| = 1.92)
  [18/150]       GL / NDAQ  —  No signal  (|z| = 1.76)
  [19/150]       COR / CVS  ⚡ z=-2.71  LONG  →  ✗ REJECTED
  [20/150]      COO / RVTY  —  No signal  (|z| = 1.54)
  [21/150]          BK / L  —  No signal  (|z| = 0.82)
  [22/150]        ADI / MU  —  No signal  (|z| = 0.58)
  [23/150]       CEG / NRG  —  No signal  (|z| = 0.18)
  [24/150]      INTC / WDC  ⚡ z=+2.98 SHORT  →  ✗ REJECTED
  [25/150]      CBOE / HIG  —  No signal  (|z| = 0.22)
  [26/150]      AMZN / WSM  ⚡ z=-2.14  LONG  →  ✗ REJECTED
  [27/150]       CINF / GL  —  No signal  (|z| = 1.26)
  [28/150]       NVR / MHK  —  No signal  (|z| = 1.49)
  [29/150]      CBOE / TRV  —  No signal  (|z| = 0.67)
  [30/150]        NI / PPL  —  No signal  (|z| = 0.09)
  [31/150]      LDOS / URI  —  No signal  (|z| = 1.98)
  [32/150]         BK / GL  —  No signal  (|z| = 0.02)
  [33/150]       CSX / VRT  ⚡ z=+2.10 SHORT  →  ✗ REJECTED
  [34/150]      INTC / STX  ⚡ z=+3.03 SHORT  →  ✗ REJECTED
  [35/150]       ALL / CME  —  No signal  (|z| = 1.59)
  [36/150]      DOV / JBHT  —  No signal  (|z| = 1.63)
  [37/150]       CMS / DUK  —  No signal  (|z| = 0.45)
  [38/150]       ESS / MAA  —  No signal  (|z| = 0.89)
  [39/150]       CPT / ESS  ⚡ z=-2.29  LONG  →  ✗ REJECTED
  [40/150]        CI / ELV  —  No signal  (|z| = 1.44)
  [41/150]       EQR / UDR  —  No signal  (|z| = 1.55)
  [42/150]       ABT / BSX  —  No signal  (|z| = 0.48)
  [43/150]     AMZN / TSLA  ⚡ z=-2.15  LONG  →  ✗ REJECTED
  [44/150]      COF / NDAQ  —  No signal  (|z| = 0.99)
  [45/150]      ABBV / CVS  ⚡ z=-2.10  LONG  →  ✗ REJECTED
  [46/150]      ADI / LRCX  —  No signal  (|z| = 1.19)
  [47/150]      NTRS / STT  —  No signal  (|z| = 0.35)
  [48/150]      FITB / USB  —  No signal  (|z| = 1.17)
  [49/150]       ADM / HSY  ⚡ z=+2.69 SHORT  →  ✗ REJECTED
  [50/150]       HD / NCLH  ⚡ z=-2.25  LONG  →  ✗ REJECTED
  [51/150]        GL / JPM  —  No signal  (|z| = 1.54)
  [52/150]      ANET / HPE  —  No signal  (|z| = 1.13)
  [53/150]       ADI / STX  ⚡ z=+2.34 SHORT  →  ✗ REJECTED
  [54/150]        IR / UPS  —  No signal  (|z| = 1.85)
  [55/150]      BF-B / KHC  —  No signal  (|z| = 0.50)
  [56/150]        CBOE / L  —  No signal  (|z| = 0.07)
  [57/150]       FTV / IEX  ⚡ z=-3.00  LONG  →  ✗ REJECTED
  [58/150]       ADI / WDC  —  No signal  (|z| = 1.92)
  [59/150]       DG / DLTR  —  No signal  (|z| = 1.17)
  [60/150]       INTC / MU  ⚡ z=+2.41 SHORT  →  ✗ REJECTED
  [61/150]      ADI / COHR  —  No signal  (|z| = 1.93)
  [62/150]       CMI / LUV  —  No signal  (|z| = 1.83)
  [63/150]      JPM / NDAQ  —  No signal  (|z| = 0.86)
  [64/150]        GL / STT  —  No signal  (|z| = 0.26)
  [65/150]        AFL / GL  —  No signal  (|z| = 1.12)
  [66/150]      ALL / CBOE  —  No signal  (|z| = 1.70)
  [67/150]        KEY / RF  —  No signal  (|z| = 0.69)
  [68/150]       FCX / NUE  —  No signal  (|z| = 1.52)
  [69/150]       AIZ / TFC  —  No signal  (|z| = 1.47)
  [70/150]        MS / STT  —  No signal  (|z| = 0.97)
  [71/150]       CVS / MCK  —  No signal  (|z| = 0.01)
  [72/150]         ES / FE  ⚡ z=+4.16 SHORT  →  ✗ REJECTED
  [73/150]        ALL / BK  —  No signal  (|z| = 0.43)
  [74/150]       AEE / PPL  —  No signal  (|z| = 0.25)
  [75/150]      ATO / EVRG  —  No signal  (|z| = 1.76)
  [76/150]       GEV / JCI  —  No signal  (|z| = 1.46)
  [77/150]      ALL / NDAQ  ⚡ z=+2.64 SHORT  →  ✗ REJECTED
  [78/150]        BAC / MS  —  No signal  (|z| = 0.96)
  [79/150]     HBAN / NDAQ  —  No signal  (|z| = 1.75)
  [80/150]         J / URI  —  No signal  (|z| = 1.49)
  [81/150]      CSX / HUBB  —  No signal  (|z| = 1.47)
  [82/150]      CHRW / CMI  —  No signal  (|z| = 0.27)
  [83/150]      CHRW / LUV  —  No signal  (|z| = 1.42)
  [84/150]      BRK-B / GL  —  No signal  (|z| = 1.47)
  [85/150]        BG / HSY  ⚡ z=+2.52 SHORT  →  ✗ REJECTED
  [86/150]      NEM / STLD  —  No signal  (|z| = 0.54)
  [87/150]        GS / STT  —  No signal  (|z| = 1.49)
  [88/150]      HAS / ULTA  —  No signal  (|z| = 1.57)
  [89/150]       TFC / USB  —  No signal  (|z| = 1.48)
  [90/150]         GL / MS  —  No signal  (|z| = 1.07)
  [91/150]     GOOGL / WBD  ⚡ z=-3.05  LONG  →  ✗ REJECTED
  [92/150]       AXP / BAC  —  No signal  (|z| = 0.27)
  [93/150]        AME / PH  —  No signal  (|z| = 1.30)
  [94/150]        BK / TRV  —  No signal  (|z| = 0.99)
  [95/150]          GS / L  —  No signal  (|z| = 0.72)
  [96/150]       BAX / ZTS  —  No signal  (|z| = 1.47)
  [97/150]      GOOG / WBD  ⚡ z=-3.02  LONG  →  ✗ REJECTED
  [98/150]       PWR / ROK  —  No signal  (|z| = 0.92)
  [99/150]     FISV / MRSH  —  No signal  (|z| = 1.49)
  [100/150]     ALLE / LDOS  —  No signal  (|z| = 1.46)
  [101/150]      ALL / CINF  ⚡ z=+3.21 SHORT  →  ✗ REJECTED
  [102/150]      IBKR / WFC  —  No signal  (|z| = 1.55)
  [103/150]      FDX / JBHT  ⚡ z=+2.01 SHORT  →  ✗ REJECTED
  [104/150]      SATS / WBD  —  No signal  (|z| = 0.23)
  [105/150]       CMS / PPL  —  No signal  (|z| = 1.04)
  [106/150]      ALL / IBKR  —  No signal  (|z| = 1.22)
  [107/150]     CIEN / LITE  —  No signal  (|z| = 1.55)
  [108/150]      ADSK / GEN  —  No signal  (|z| = 1.71)
  [109/150]      IEX / ODFL  —  No signal  (|z| = 1.33)
  [110/150]        GE / ROK  —  No signal  (|z| = 1.99)
  [111/150]      AME / CHRW  —  No signal  (|z| = 1.87)
  [112/150]      FOXA / TKO  —  No signal  (|z| = 1.05)
  [113/150]       ATO / XEL  —  No signal  (|z| = 1.50)
  [114/150]        AEE / NI  —  No signal  (|z| = 1.69)
  [115/150]        BLK / GL  —  No signal  (|z| = 1.91)
  [116/150]       LNT / DUK  —  No signal  (|z| = 1.71)
  [117/150]           C / L  —  No signal  (|z| = 0.77)
  [118/150]        GL / WFC  —  No signal  (|z| = 1.16)
  [119/150]         DE / WM  —  No signal  (|z| = 1.90)
  [120/150]       PSX / VLO  —  No signal  (|z| = 1.13)
  [121/150]       LNT / ATO  —  No signal  (|z| = 1.65)
  [122/150]       HON / WAB  ⚡ z=+3.16 SHORT  →  ✗ REJECTED
  [123/150]       CPB / GIS  —  No signal  (|z| = 0.72)
  [124/150]       ESS / UDR  ⚡ z=-2.17  LONG  →  ✗ REJECTED
  [125/150]       ALL / JPM  —  No signal  (|z| = 1.18)
  [126/150]      IBKR / JPM  —  No signal  (|z| = 1.84)
  [127/150]      GRMN / RCL  —  No signal  (|z| = 1.65)
  [128/150]      ABT / PODD  —  No signal  (|z| = 1.79)
  [129/150]      NDAQ / WFC  —  No signal  (|z| = 1.12)
  [130/150]     INTC / LRCX  —  No signal  (|z| = 1.72)
  [131/150]      AVGO / TEL  —  No signal  (|z| = 0.69)
  [132/150]       MTD / TMO  —  No signal  (|z| = 1.10)
  [133/150]       IR / ODFL  —  No signal  (|z| = 0.84)
  [134/150]        GL / WRB  —  No signal  (|z| = 1.28)
  [135/150]      CHRW / CAT  —  No signal  (|z| = 1.85)
  [136/150]     CIEN / KEYS  —  No signal  (|z| = 0.36)
  [137/150]       KEY / USB  —  No signal  (|z| = 1.01)
  [138/150]        NSC / PH  —  No signal  (|z| = 1.96)
  [139/150]          GL / L  —  No signal  (|z| = 0.65)
  [140/150]       PNC / USB  —  No signal  (|z| = 1.93)
  [141/150]        BAX / CI  ⚡ z=-2.06  LONG  →  ✗ REJECTED
  [142/150]       IRM / PSA  ⚡ z=+3.01 SHORT  →  ✗ REJECTED
  [143/150]         KR / PM  ⚡ z=+2.30 SHORT  →  ✗ REJECTED
  [144/150]       AMP / APO  —  No signal  (|z| = 1.71)
  [145/150]       FOX / TKO  —  No signal  (|z| = 1.35)
  [146/150]      ORLY / RCL  —  No signal  (|z| = 1.51)
  [147/150]       CAT / LHX  —  No signal  (|z| = 0.00)
  [148/150]       BK / CBOE  —  No signal  (|z| = 1.50)
  [149/150]        F / ULTA  —  No signal  (|z| = 1.41)
  [150/150]      AZO / DASH  ⚡ z=-2.48  LONG  →  ✗ REJECTED


════════════════════════════════════════════════════════════════
  SCAN COMPLETE
════════════════════════════════════════════════════════════════
  Pairs scanned   : 150
  No live signal  : 121
  Download errors : 0
  Signals found   : 29
    ◆ Diamond     : 0
    ✗ Rejected    : 29
════════════════════════════════════════════════════════════════

  No diamond signals today.


  ── Rejected Signals (had live z, failed backtest) ──

  DTE / DUK:
    ✗  REJECTED: Failed Split-Half
       Live z=+2.38 SHORT | BT: 28 trades, WR 50%, PF 0.65x, P&L $-45
       Gates: PF 0.65x < 1.3x | P&L $-45.43 ≤ $50 | Sharpe -0.80 < 0.5 | Sortino -1.21 < 0.5 | Avg P&L $-1.62 < $5.00 | Failed H1 P&L ($+17 < $20) | Failed H2 P&L ($-62 < $20) | Walk-Forward OOS: Sharpe=-0.14, P&L=$-1.60 | Low Recent Cointegration: ADF p=0.507 > 0.2

  EME / NSC:
    ✗  REJECTED: Correlation Breakdown
       Live z=+2.13 SHORT | BT: 27 trades, WR 30%, PF 0.92x, P&L $-26
       Gates: WR 29.6% < 50.0% | PF 0.92x < 1.3x | P&L $-25.95 ≤ $50 | Sharpe -0.11 < 0.5 | Sortino -0.21 < 0.5 | Avg P&L $-0.96 < $5.00 | Failed H2 P&L ($-95 < $20) | Low Recent Momentum: last 5 trades P&L=$-100 | Walk-Forward OOS: Sharpe=-1.31, P&L=$-81.18 | Low Recent Cointegration: ADF p=0.326 > 0.2 | Low Recent Correlation: ρ=0.62 < 0.65

  ADSK / PANW:
    ✗  REJECTED: Failed Split-Half
       Live z=+2.09 SHORT | BT: 34 trades, WR 38%, PF 0.68x, P&L $-133
       Gates: WR 38.2% < 50.0% | PF 0.68x < 1.3x | P&L $-132.90 ≤ $50 | Sharpe -0.74 < 0.5 | Max DD $-210 < $-200 | Sortino -1.33 < 0.5 | Avg P&L $-3.91 < $5.00 | Failed H1 P&L ($-101 < $20) | Failed H2 P&L ($-32 < $20) | Walk-Forward OOS: Sharpe=-0.33, P&L=$-12.90

  COR / CVS:
    ✗  REJECTED: Correlation Breakdown
       Live z=-2.71 LONG | BT: 30 trades, WR 47%, PF 0.87x, P&L $-43
       Gates: WR 46.7% < 50.0% | PF 0.87x < 1.3x | P&L $-43.24 ≤ $50 | Sharpe -0.24 < 0.5 | Sortino -0.30 < 0.5 | Avg P&L $-1.44 < $5.00 | Failed H1 P&L ($-73 < $20) | Low Recent Momentum: last 5 trades P&L=$-9 | Walk-Forward OOS: Sharpe=-1.37, P&L=$-30.99 | Low Recent Correlation: ρ=0.42 < 0.65

  INTC / WDC:
    ✗  REJECTED: Failed Split-Half
       Live z=+2.98 SHORT | BT: 32 trades, WR 41%, PF 0.39x, P&L $-508
       Gates: WR 40.6% < 50.0% | PF 0.39x < 1.3x | P&L $-507.55 ≤ $50 | Sharpe -1.68 < 0.5 | Max DD $-514 < $-200 | Sortino -1.92 < 0.5 | Avg P&L $-15.86 < $5.00 | Failed H1 P&L ($-136 < $20) | Failed H2 P&L ($-371 < $20) | Low Recent Momentum: last 5 trades P&L=$-134 | Walk-Forward OOS: Sharpe=-2.31, P&L=$-232.47

  AMZN / WSM:
    ✗  REJECTED: Correlation Breakdown
       Live z=-2.14 LONG | BT: 35 trades, WR 49%, PF 1.44x, P&L $+166
       Gates: WR 48.6% < 50.0% | Avg P&L $+4.75 < $5.00 | Failed H2 P&L ($-55 < $20) | Low Recent Momentum: last 5 trades P&L=$-111 | Walk-Forward OOS: Sharpe=-0.89, P&L=$-77.19 | Low Recent Correlation: ρ=0.01 < 0.65

  CSX / VRT:
    ✗  REJECTED: Failed Split-Half
       Live z=+2.10 SHORT | BT: 30 trades, WR 33%, PF 0.73x, P&L $-179
       Gates: WR 33.3% < 50.0% | PF 0.73x < 1.3x | P&L $-179.32 ≤ $50 | Sharpe -0.59 < 0.5 | Max DD $-386 < $-200 | Sortino -1.17 < 0.5 | Avg P&L $-5.98 < $5.00 | Failed H1 P&L ($-5 < $20) | Failed H2 P&L ($-174 < $20) | Low Recent Momentum: last 5 trades P&L=$-101 | Walk-Forward OOS: Sharpe=-0.29, P&L=$-17.40 | Low Recent Cointegration: ADF p=0.435 > 0.2

  INTC / STX:
    ✗  REJECTED: Failed Split-Half
       Live z=+3.03 SHORT | BT: 30 trades, WR 43%, PF 0.44x, P&L $-650
       Gates: WR 43.3% < 50.0% | PF 0.44x < 1.3x | P&L $-650.00 ≤ $50 | Sharpe -1.38 < 0.5 | Max DD $-727 < $-200 | Sortino -1.70 < 0.5 | Avg P&L $-21.67 < $5.00 | Failed H1 P&L ($-186 < $20) | Failed H2 P&L ($-464 < $20) | Walk-Forward OOS: Sharpe=-2.14, P&L=$-119.08

  CPT / ESS:
    ✗  REJECTED: Failed Split-Half
       Live z=-2.29 LONG | BT: 32 trades, WR 28%, PF 0.27x, P&L $-158
       Gates: WR 28.1% < 50.0% | PF 0.27x < 1.3x | P&L $-157.92 ≤ $50 | Sharpe -2.17 < 0.5 | Sortino -2.46 < 0.5 | Avg P&L $-4.94 < $5.00 | Failed H1 P&L ($-96 < $20) | Failed H2 P&L ($-62 < $20) | Low Recent Momentum: last 5 trades P&L=$-7 | Walk-Forward OOS: Sharpe=-1.53, P&L=$-29.23 | Low Recent Cointegration: ADF p=0.423 > 0.2

  AMZN / TSLA:
    ✗  REJECTED: Correlation Breakdown
       Live z=-2.15 LONG | BT: 33 trades, WR 33%, PF 0.82x, P&L $-131
       Gates: WR 33.3% < 50.0% | PF 0.82x < 1.3x | P&L $-130.61 ≤ $50 | Sharpe -0.27 < 0.5 | Max DD $-523 < $-200 | Sortino -0.50 < 0.5 | Avg P&L $-3.96 < $5.00 | Failed H2 P&L ($-295 < $20) | Walk-Forward OOS: Sharpe=-1.73, P&L=$-234.45 | Low Recent Cointegration: ADF p=0.926 > 0.2 | Low Recent Correlation: ρ=0.59 < 0.65

  ABBV / CVS:
    ✗  REJECTED: Correlation Breakdown
       Live z=-2.10 LONG | BT: 27 trades, WR 44%, PF 0.83x, P&L $-81
       Gates: WR 44.4% < 50.0% | PF 0.83x < 1.3x | P&L $-80.98 ≤ $50 | Sharpe -0.31 < 0.5 | Max DD $-255 < $-200 | Sortino -0.52 < 0.5 | Avg P&L $-3.00 < $5.00 | Failed H2 P&L ($-246 < $20) | Low Recent Momentum: last 5 trades P&L=$-17 | Walk-Forward OOS: Sharpe=-1.28, P&L=$-66.38 | Low Recent Cointegration: ADF p=0.283 > 0.2 | Low Recent Correlation: ρ=0.45 < 0.65

  ADM / HSY:
    ✗  REJECTED: Failed Split-Half
       Live z=+2.69 SHORT | BT: 36 trades, WR 44%, PF 0.87x, P&L $-44
       Gates: WR 44.4% < 50.0% | PF 0.87x < 1.3x | P&L $-44.21 ≤ $50 | Sharpe -0.26 < 0.5 | Sortino -0.48 < 0.5 | Avg P&L $-1.23 < $5.00 | Failed H2 P&L ($-137 < $20) | Low Recent Momentum: last 5 trades P&L=$-6 | Walk-Forward OOS: Sharpe=-2.48, P&L=$-112.98

  HD / NCLH:
    ✗  REJECTED: Correlation Breakdown
       Live z=-2.25 LONG | BT: 34 trades, WR 44%, PF 0.85x, P&L $-68
       Gates: WR 44.1% < 50.0% | PF 0.85x < 1.3x | P&L $-67.69 ≤ $50 | Sharpe -0.28 < 0.5 | Max DD $-253 < $-200 | Sortino -0.41 < 0.5 | Avg P&L $-1.99 < $5.00 | Failed H2 P&L ($-105 < $20) | Low Recent Cointegration: ADF p=0.338 > 0.2 | Low Recent Correlation: ρ=0.59 < 0.65

  ADI / STX:
    ✗  REJECTED: Failed Split-Half
       Live z=+2.34 SHORT | BT: 35 trades, WR 49%, PF 0.78x, P&L $-147
       Gates: WR 48.6% < 50.0% | PF 0.78x < 1.3x | P&L $-146.99 ≤ $50 | Sharpe -0.40 < 0.5 | Max DD $-331 < $-200 | Sortino -0.40 < 0.5 | Avg P&L $-4.20 < $5.00 | Failed H1 P&L ($-19 < $20) | Failed H2 P&L ($-128 < $20) | Low Recent Momentum: last 5 trades P&L=$-186 | Walk-Forward OOS: Sharpe=-0.86, P&L=$-140.77

  FTV / IEX:
    ✗  REJECTED: Failed Split-Half
       Live z=-3.00 LONG | BT: 28 trades, WR 57%, PF 1.03x, P&L $+5
       Gates: PF 1.03x < 1.3x | P&L $+5.23 ≤ $50 | Sharpe +0.04 < 0.5 | Sortino +0.05 < 0.5 | Avg P&L $+0.19 < $5.00 | Failed H1 P&L ($-20 < $20) | Low Recent Cointegration: ADF p=0.486 > 0.2

  INTC / MU:
    ✗  REJECTED: Failed Split-Half
       Live z=+2.41 SHORT | BT: 31 trades, WR 55%, PF 0.81x, P&L $-132
       Gates: PF 0.81x < 1.3x | P&L $-131.96 ≤ $50 | Sharpe -0.40 < 0.5 | Max DD $-331 < $-200 | Sortino -0.64 < 0.5 | Avg P&L $-4.26 < $5.00 | Failed H1 P&L ($-90 < $20) | Failed H2 P&L ($-42 < $20) | Walk-Forward OOS: Sharpe=-1.14, P&L=$-130.11

  ES / FE:
    ✗  REJECTED: Failed Split-Half
       Live z=+4.16 SHORT | BT: 40 trades, WR 35%, PF 0.56x, P&L $-153
       Gates: WR 35.0% < 50.0% | PF 0.56x < 1.3x | P&L $-153.26 ≤ $50 | Sharpe -0.98 < 0.5 | Max DD $-256 < $-200 | Sortino -1.16 < 0.5 | Avg P&L $-3.83 < $5.00 | Failed H1 P&L ($-6 < $20) | Failed H2 P&L ($-147 < $20) | Low Recent Momentum: last 5 trades P&L=$-38 | Walk-Forward OOS: Sharpe=-3.41, P&L=$-139.29

  ALL / NDAQ:
    ✗  REJECTED: Correlation Breakdown
       Live z=+2.64 SHORT | BT: 26 trades, WR 38%, PF 0.57x, P&L $-179
       Gates: WR 38.5% < 50.0% | PF 0.57x < 1.3x | P&L $-178.53 ≤ $50 | Sharpe -0.87 < 0.5 | Max DD $-219 < $-200 | Sortino -0.94 < 0.5 | Avg P&L $-6.87 < $5.00 | Failed H1 P&L ($-101 < $20) | Failed H2 P&L ($-78 < $20) | Low Recent Momentum: last 5 trades P&L=$-199 | Walk-Forward OOS: Sharpe=-1.06, P&L=$-91.76 | Low Recent Cointegration: ADF p=0.300 > 0.2 | Low Recent Correlation: ρ=-0.41 < 0.65

  BG / HSY:
    ✗  REJECTED: Failed Split-Half
       Live z=+2.52 SHORT | BT: 28 trades, WR 46%, PF 1.31x, P&L $+109
       Gates: WR 46.4% < 50.0% | Sharpe +0.42 < 0.5 | Avg P&L $+3.88 < $5.00 | Failed H2 P&L ($-122 < $20) | Walk-Forward OOS: Sharpe=-1.30, P&L=$-138.88 | Low Recent Cointegration: ADF p=0.477 > 0.2

  GOOGL / WBD:
    ✗  REJECTED: Correlation Breakdown
       Live z=-3.05 LONG | BT: 33 trades, WR 42%, PF 0.71x, P&L $-207
       Gates: WR 42.4% < 50.0% | PF 0.71x < 1.3x | P&L $-207.35 ≤ $50 | Sharpe -0.62 < 0.5 | Max DD $-313 < $-200 | Sortino -1.10 < 0.5 | Avg P&L $-6.28 < $5.00 | Failed H1 P&L ($-193 < $20) | Failed H2 P&L ($-14 < $20) | Low Recent Momentum: last 5 trades P&L=$-0 | Walk-Forward OOS: Sharpe=-1.27, P&L=$-76.02 | Low Recent Cointegration: ADF p=0.312 > 0.2 | Low Recent Correlation: ρ=0.22 < 0.65

  GOOG / WBD:
    ✗  REJECTED: Correlation Breakdown
       Live z=-3.02 LONG | BT: 32 trades, WR 44%, PF 0.47x, P&L $-377
       Gates: WR 43.8% < 50.0% | PF 0.47x < 1.3x | P&L $-376.62 ≤ $50 | Sharpe -1.44 < 0.5 | Max DD $-363 < $-200 | Sortino -2.07 < 0.5 | Avg P&L $-11.77 < $5.00 | Failed H1 P&L ($-188 < $20) | Failed H2 P&L ($-189 < $20) | Low Recent Momentum: last 5 trades P&L=$-3 | Walk-Forward OOS: Sharpe=-1.34, P&L=$-77.35 | Low Recent Cointegration: ADF p=0.319 > 0.2 | Low Recent Correlation: ρ=0.22 < 0.65

  ALL / CINF:
    ✗  REJECTED: Correlation Breakdown
       Live z=+3.21 SHORT | BT: 32 trades, WR 47%, PF 0.75x, P&L $-48
       Gates: WR 46.9% < 50.0% | PF 0.75x < 1.3x | P&L $-47.56 ≤ $50 | Sharpe -0.58 < 0.5 | Sortino -0.90 < 0.5 | Avg P&L $-1.49 < $5.00 | Failed H1 P&L ($-42 < $20) | Failed H2 P&L ($-5 < $20) | Low Recent Momentum: last 5 trades P&L=$-40 | Walk-Forward OOS: Sharpe=-4.08, P&L=$-84.02 | Low Recent Cointegration: ADF p=0.432 > 0.2 | Low Recent Correlation: ρ=0.55 < 0.65

  FDX / JBHT:
    ✗  REJECTED: Failed Cointegration / ADF
       Live z=+2.01 SHORT | BT: 26 trades, WR 58%, PF 2.15x, P&L $+141
       Gates: Low Recent Cointegration: ADF p=0.271 > 0.2

  HON / WAB:
    ✗  REJECTED: Failed Split-Half
       Live z=+3.16 SHORT | BT: 39 trades, WR 31%, PF 0.60x, P&L $-111
       Gates: WR 30.8% < 50.0% | PF 0.60x < 1.3x | P&L $-111.18 ≤ $50 | Sharpe -1.03 < 0.5 | Sortino -1.53 < 0.5 | Avg P&L $-2.85 < $5.00 | Failed H1 P&L ($-48 < $20) | Failed H2 P&L ($-63 < $20) | Walk-Forward OOS: Sharpe=-0.98, P&L=$-19.38 | Low Recent Cointegration: ADF p=0.343 > 0.2

  ESS / UDR:
    ✗  REJECTED: Correlation Breakdown
       Live z=-2.17 LONG | BT: 32 trades, WR 38%, PF 1.04x, P&L $+5
       Gates: WR 37.5% < 50.0% | PF 1.04x < 1.3x | P&L $+4.78 ≤ $50 | Sharpe +0.06 < 0.5 | Sortino +0.10 < 0.5 | Avg P&L $+0.15 < $5.00 | Failed H1 P&L ($+13 < $20) | Failed H2 P&L ($-8 < $20) | Low Recent Momentum: last 5 trades P&L=$-4 | Walk-Forward OOS: Sharpe=-0.23, P&L=$-7.33 | Low Recent Cointegration: ADF p=0.556 > 0.2 | Low Recent Correlation: ρ=0.50 < 0.65

  BAX / CI:
    ✗  REJECTED: Failed Split-Half
       Live z=-2.06 LONG | BT: 38 trades, WR 39%, PF 0.51x, P&L $-210
       Gates: WR 39.5% < 50.0% | PF 0.51x < 1.3x | P&L $-209.86 ≤ $50 | Sharpe -1.06 < 0.5 | Max DD $-224 < $-200 | Sortino -1.21 < 0.5 | Avg P&L $-5.52 < $5.00 | Failed H1 P&L ($-31 < $20) | Failed H2 P&L ($-179 < $20) | Low Recent Momentum: last 5 trades P&L=$-76 | Walk-Forward OOS: Sharpe=-0.91, P&L=$-83.17

  IRM / PSA:
    ✗  REJECTED: Alpha Decay (Recent Trades)
       Live z=+3.01 SHORT | BT: 35 trades, WR 60%, PF 2.39x, P&L $+242
       Gates: Low Recent Momentum: last 5 trades P&L=$-68

  KR / PM:
    ✗  REJECTED: Correlation Breakdown
       Live z=+2.30 SHORT | BT: 31 trades, WR 48%, PF 0.70x, P&L $-102
       Gates: WR 48.4% < 50.0% | PF 0.70x < 1.3x | P&L $-102.19 ≤ $50 | Sharpe -0.62 < 0.5 | Sortino -0.85 < 0.5 | Avg P&L $-3.30 < $5.00 | Failed H1 P&L ($-56 < $20) | Failed H2 P&L ($-47 < $20) | Low Recent Cointegration: ADF p=0.264 > 0.2 | Low Recent Correlation: ρ=0.38 < 0.65

  AZO / DASH:
    ✗  REJECTED: Correlation Breakdown
       Live z=-2.48 LONG | BT: 31 trades, WR 42%, PF 0.51x, P&L $-354
       Gates: WR 41.9% < 50.0% | PF 0.51x < 1.3x | P&L $-353.96 ≤ $50 | Sharpe -1.01 < 0.5 | Max DD $-517 < $-200 | Sortino -1.05 < 0.5 | Avg P&L $-11.42 < $5.00 | Failed H2 P&L ($-393 < $20) | Low Recent Momentum: last 5 trades P&L=$-187 | Walk-Forward OOS: Sharpe=-2.29, P&L=$-322.53 | Low Recent Cointegration: ADF p=0.509 > 0.2 | Low Recent Correlation: ρ=-0.18 < 0.65


  ✓ system_log.csv updated (0 diamond, 29 rejected)

  ════════════════════════════════════════════════════════════
    DAILY RESULTS  (Standard + Split-Half + ADF90 + Momentum)
  ════════════════════════════════════════════════════════════
    Pairs scanned   : 150
    No live signal  : 121
    Download errors : 0
    ◆ Diamond       : 0
    ✗ Rejected      : 29

  No diamond signals today.

  ── Rejected (29 pairs: had live signal, failed regime gates) ──
    ✗    DTE/DUK     SHORT  z=+2.38  WR=50%  PF=0.65x  P&L=$-45
    ✗    EME/NSC     SHORT  z=+2.13  WR=30%  PF=0.92x  P&L=$-26
    ✗   ADSK/PANW    SHORT  z=+2.09  WR=38%  PF=0.68x  P&L=$-133
    ✗    COR/CVS      LONG  z=-2.71  WR=47%  PF=0.87x  P&L=$-43
    ✗   INTC/WDC     SHORT  z=+2.98  WR=41%  PF=0.39x  P&L=$-508
    ✗   AMZN/WSM      LONG  z=-2.14  WR=49%  PF=1.44x  P&L=$+166
    ✗    CSX/VRT     SHORT  z=+2.10  WR=33%  PF=0.73x  P&L=$-179
    ✗   INTC/STX     SHORT  z=+3.03  WR=43%  PF=0.44x  P&L=$-650
    ✗    CPT/ESS      LONG  z=-2.29  WR=28%  PF=0.27x  P&L=$-158
    ✗   AMZN/TSLA     LONG  z=-2.15  WR=33%  PF=0.82x  P&L=$-131
    ✗   ABBV/CVS      LONG  z=-2.10  WR=44%  PF=0.83x  P&L=$-81
    ✗    ADM/HSY     SHORT  z=+2.69  WR=44%  PF=0.87x  P&L=$-44
    ✗     HD/NCLH     LONG  z=-2.25  WR=44%  PF=0.85x  P&L=$-68
    ✗    ADI/STX     SHORT  z=+2.34  WR=49%  PF=0.78x  P&L=$-147
    ✗    FTV/IEX      LONG  z=-3.00  WR=57%  PF=1.03x  P&L=$+5
    ✗   INTC/MU      SHORT  z=+2.41  WR=55%  PF=0.81x  P&L=$-132
    ✗     ES/FE      SHORT  z=+4.16  WR=35%  PF=0.56x  P&L=$-153
    ✗    ALL/NDAQ    SHORT  z=+2.64  WR=38%  PF=0.57x  P&L=$-179
    ✗     BG/HSY     SHORT  z=+2.52  WR=46%  PF=1.31x  P&L=$+109
    ✗  GOOGL/WBD      LONG  z=-3.05  WR=42%  PF=0.71x  P&L=$-207
    ✗   GOOG/WBD      LONG  z=-3.02  WR=44%  PF=0.47x  P&L=$-377
    ✗    ALL/CINF    SHORT  z=+3.21  WR=47%  PF=0.75x  P&L=$-48
    ✗    FDX/JBHT    SHORT  z=+2.01  WR=58%  PF=2.15x  P&L=$+141
    ✗    HON/WAB     SHORT  z=+3.16  WR=31%  PF=0.60x  P&L=$-111
    ✗    ESS/UDR      LONG  z=-2.17  WR=38%  PF=1.04x  P&L=$+5
    ✗    BAX/CI       LONG  z=-2.06  WR=39%  PF=0.51x  P&L=$-210
    ✗    IRM/PSA     SHORT  z=+3.01  WR=60%  PF=2.39x  P&L=$+242
    ✗     KR/PM      SHORT  z=+2.30  WR=48%  PF=0.70x  P&L=$-102
    ✗    AZO/DASH     LONG  z=-2.48  WR=42%  PF=0.51x  P&L=$-354

  --- PHASE 3 — Momentum Strategy ---

  VIX: 31.0  |  Pairs diamonds: 0  |  Mode: complement

------------------------------------------------------------
  MOMENTUM SCANNER
  Run date : 2026-03-28
------------------------------------------------------------

[STEP 1] Building universe ...
[STEP 1] Scraped 503 S&P 500 tickers + sectors from Wikipedia.
[STEP 1b] Scraped 101 Nasdaq-100 tickers + sectors from Wikipedia.
  [SCAN] Universe: 517 unique tickers (S&P 500 + Nasdaq-100).

[STEP 2] Downloading OHLCV data ...
  [SCAN] Downloading OHLCV for 517 tickers (2024-03-28 -> 2026-03-28) in batches of 50 ...
  [DATA] Batch 1/11 (50 tickers) ... OK (50 cols)
  [DATA] Batch 2/11 (50 tickers) ... OK (50 cols)
  [DATA] Batch 3/11 (50 tickers) ... OK (50 cols)
  [DATA] Batch 4/11 (50 tickers) ... OK (50 cols)
  [DATA] Batch 5/11 (50 tickers) ... OK (50 cols)
  [DATA] Batch 6/11 (50 tickers) ... OK (50 cols)
  [DATA] Batch 7/11 (50 tickers) ... OK (50 cols)
  [DATA] Batch 8/11 (50 tickers) ... OK (50 cols)
  [DATA] Batch 9/11 (50 tickers) ... OK (50 cols)
  [DATA] Batch 10/11 (50 tickers) ... OK (50 cols)
  [DATA] Batch 11/11 (17 tickers) ... OK (17 cols)

[STEP 3] Cleaning data ...
[STEP 3] Dropped 2 tickers (>10% missing).  Remaining: 515 tickers.

  [DATA] 515 tickers after cleaning.

[STEP 4] Checking market regime ...
  [REGIME] Fetching S&P 500 and VIX data ...
  [REGIME] S&P 500 price=6368.9  EMA50=6751.8  EMA200=6594.2  -> BULL
  [REGIME] VIX=31.05  scale=0.75
  [REGIME] VIX overridden to 31.05

[STEP 5] Computing blended momentum scores ...
  [SCAN] Momentum scores computed for 515 tickers.

[STEP 6] Computing technical indicators ...
  [SCAN] Technical indicators computed for 515 tickers.

[STEP 7] Merging candidates ...
  [SCAN] 515 candidates before entry filters.

[STEP 8] Applying entry filters ...
  [FILTER] price >= 10.0: removed 1 (514 remain)
  [FILTER] avg_vol_20d >= 500,000: removed 17 (497 remain)
  [FILTER] top 10% mom_score: removed 447 (50 remain)
  [FILTER] 52w_high_pct >= 0.9: removed 34 (16 remain)
  [FILTER] vol_ratio >= 1.2: removed 14 (2 remain)
  [FILTER] RSI in [50, 80]: removed 1 (1 remain)
  [FILTER] defensive: vol_6mo <= 0.25 (VIX=31.0 > 30.0): removed 1 (0 remain)
  [FILTER] 515 -> 0 after all filters.

  [SCAN] Exported 0 candidates -> C:\Users\User\Desktop\adf bot\momentum_candidates.csv

------------------------------------------------------------
  MOMENTUM SCAN COMPLETE
  Regime   : BULL
  VIX      : 31.049999237060547
  VIX scale: 0.75
  Candidates passed: 0
  No candidates passed all filters today.
------------------------------------------------------------
  No momentum candidates passed filters.

  Log     → C:\Users\User\Desktop\adf bot\logs\2026-03-28_145034.log
  Journal → C:\Users\User\Desktop\adf bot\system_log.csv
  Errors  → C:\Users\User\Desktop\adf bot\error.log

