
  ╔══════════════════════════════════════════════════════════════╗
  ║     PAIRS TRADING SYSTEM — Daily Orchestration              ║
  ║     2026-02-17 22:48:58                                        ║
  ╚══════════════════════════════════════════════════════════════╝

  ── System Health ──────────────────────────────
    Data Source      : ● ONLINE
    Pairs Loaded     : 50
    Scanner Age      : 0d old
    System Log       : Exists
    Error Log        : error.log
    Strategy         : z_entry=1.5 | z_exit=0.0 | z_stop=3.5 | hold<=30d
    Quality Gates    : WR>50.0% | PF>1.1x | P&L>$0
    Regime Gates     : Split-Half | ADF-90d | Recent Momentum
  ──────────────────────────────────────────────────

  Scanner skipped (candidates 0d old, refresh every 7d). Use --scan to force.

  ═══ PHASE 2 — Master Signal (live + backtest) ═══


╔══════════════════════════════════════════════════════════════╗
║  MASTER SIGNAL v3 — Audit-Fixed Verification Engine         ║
║  Run : 2026-02-17 22:49:00                                  ║
╚══════════════════════════════════════════════════════════════╝

  Loaded 50 pairs from daily_candidates.csv
  Strategy: β=60d | z=20d | Entry |z|>1.5 | Exit z→0.0 | Stop |z|>3.5 | Hold≤30d
  Quality gates: WR>50.0% | PF>1.1x | P&L>$0
  Slippage: 0.10% on notional (entry+exit, both legs) | Capital: $1,000/trade
  Execution: 1-bar delay (signal@close → trade@next close)

  [1/50]       HWM / JCI  ⚡ z=-2.70  LONG  →  ✗ REJECTED
  [2/50]        APD / IP  ⚡ z=-1.88  LONG  →  ✗ REJECTED
  [3/50]      CBOE / HIG  —  No signal  (|z| = 0.08)
  [4/50]       ATO / XEL  —  No signal  (|z| = 0.38)
  [5/50]      KLAC / STX  —  No signal  (|z| = 1.22)
  [6/50]      ABBV / MDT  —  No signal  (|z| = 0.99)
  [7/50]        BAC / MS  —  No signal  (|z| = 0.04)
  [8/50]       PPL / WEC  ⚡ z=+1.76 SHORT  →  ✗ REJECTED
  [9/50]         J / PNR  ⚡ z=+1.62 SHORT  →  ✗ REJECTED
  [10/50]        NI / XEL  ⚡ z=-4.05  LONG  →  ✗ REJECTED
  [11/50]       AME / LUV  ⚡ z=-1.66  LONG  →  ✗ REJECTED
  [12/50]        KEY / RF  ⚡ z=+3.06 SHORT  →  ✗ REJECTED
  [13/50]      BF-B / STZ  —  No signal  (|z| = 0.28)
  [14/50]       EME / NSC  ⚡ z=-1.84  LONG  →  ✗ REJECTED
  [15/50]       LNT / XEL  ⚡ z=-3.02  LONG  →  ✗ REJECTED
  [16/50]       PPL / XEL  —  No signal  (|z| = 0.81)
  [17/50]         ES / FE  —  No signal  (|z| = 1.05)
  [18/50]       IRM / PSA  —  No signal  (|z| = 0.15)
  [19/50]         J / URI  —  No signal  (|z| = 0.46)
  [20/50]      BF-B / KHC  —  No signal  (|z| = 0.13)
  [21/50]       COF / JPM  —  No signal  (|z| = 1.46)
  [22/50]       DTE / DUK  —  No signal  (|z| = 0.68)
  [23/50]      CBOE / TRV  —  No signal  (|z| = 0.07)
  [24/50]       ALL / TRV  ⚡ z=+2.62 SHORT  →  ✗ REJECTED
  [25/50]       CMI / LUV  ⚡ z=+2.30 SHORT  →  ✗ REJECTED
  [26/50]     CDNS / MSFT  —  No signal  (|z| = 0.90)
  [27/50]        GL / TRV  ⚡ z=-1.51  LONG  →  ✗ REJECTED
  [28/50]       CEG / XEL  ⚡ z=+3.91 SHORT  →  ✗ REJECTED
  [29/50]      LYV / META  —  No signal  (|z| = 0.26)
  [30/50]      GOOG / WBD  ⚡ z=+2.60 SHORT  →  ✗ REJECTED
  [31/50]      DHR / REGN  ⚡ z=+2.19 SHORT  →  ✗ REJECTED
  [32/50]     GOOGL / WBD  ⚡ z=+2.60 SHORT  →  ✗ REJECTED
  [33/50]       BK / CBOE  —  No signal  (|z| = 0.95)
  [34/50]        BAC / GS  —  No signal  (|z| = 0.29)
  [35/50]       COF / WFC  ⚡ z=+1.53 SHORT  →  ✗ REJECTED
  [36/50]       BAX / MOH  ⚡ z=+2.14 SHORT  →  ✗ REJECTED
  [37/50]       EQR / UDR  —  No signal  (|z| = 0.00)
  [38/50]     AMZN / TSLA  ⚡ z=-3.46  LONG  →  ✗ REJECTED
  [39/50]        CBOE / L  —  No signal  (|z| = 0.32)
  [40/50]       HD / NCLH  ⚡ z=-2.51  LONG  →  ✗ REJECTED
  [41/50]      ALL / CBOE  —  No signal  (|z| = 0.61)
  [42/50]       AXP / BAC  ⚡ z=+1.52 SHORT  →  ✗ REJECTED
  [43/50]    GOOGL / GOOG  ⚡ z=-2.46  LONG  →  ✗ REJECTED
  [44/50]       IR / ODFL  ⚡ z=-1.90  LONG  →  ✗ REJECTED
  [45/50]      CEG / EVRG  —  No signal  (|z| = 1.36)
  [46/50]       CEG / NRG  —  No signal  (|z| = 1.45)
  [47/50]      IBKR / WFC  ⚡ z=-1.70  LONG  →  ✗ REJECTED
  [48/50]       HWM / ROL  —  No signal  (|z| = 0.78)
  [49/50]      BF-B / GIS  ⚡ z=-2.89  LONG  →  ✗ REJECTED
  [50/50]       DG / DLTR  ⚡ z=+2.61 SHORT  →  ✗ REJECTED


════════════════════════════════════════════════════════════════
  SCAN COMPLETE
════════════════════════════════════════════════════════════════
  Pairs scanned   : 50
  No live signal  : 24
  Download errors : 0
  Signals found   : 26
    ◆ Diamond     : 0
    ✗ Rejected    : 26
════════════════════════════════════════════════════════════════

  No diamond signals today.


  ── Rejected Signals (had live z, failed backtest) ──

  HWM / JCI:
    ✗  REJECTED: Failed Split-Half
       Live z=-2.70 LONG | BT: 26 trades, WR 31%, PF 0.30x, P&L $-396
       Gates: WR 30.8% < 50.0% | PF 0.30x < 1.1x | P&L $-395.91 ≤ $0 | Failed H1 P&L ($-282) | Failed H2 P&L ($-114) | Low Recent Cointegration: ADF p=0.640 > 0.1

  APD / IP:
    ✗  REJECTED: Failed Cointegration / ADF
       Live z=-1.88 LONG | BT: 28 trades, WR 82%, PF 3.12x, P&L $+307
       Gates: Low Recent Cointegration: ADF p=0.727 > 0.1

  PPL / WEC:
    ✗  REJECTED: Failed Split-Half
       Live z=+1.76 SHORT | BT: 29 trades, WR 24%, PF 0.30x, P&L $-120
       Gates: WR 24.1% < 50.0% | PF 0.30x < 1.1x | P&L $-120.45 ≤ $0 | Failed H1 P&L ($-50) | Failed H2 P&L ($-71) | Low Recent Momentum: last 5 trades P&L=$-29 | Low Recent Cointegration: ADF p=0.348 > 0.1

  J / PNR:
    ✗  REJECTED: Failed Split-Half
       Live z=+1.62 SHORT | BT: 19 trades, WR 53%, PF 0.86x, P&L $-39
       Gates: PF 0.86x < 1.1x | P&L $-38.83 ≤ $0 | Failed H1 P&L ($-129) | Low Recent Cointegration: ADF p=0.367 > 0.1

  NI / XEL:
    ✗  REJECTED: Failed Split-Half
       Live z=-4.05 LONG | BT: 23 trades, WR 30%, PF 0.48x, P&L $-94
       Gates: WR 30.4% < 50.0% | PF 0.48x < 1.1x | P&L $-93.93 ≤ $0 | Failed H1 P&L ($-105) | Low Recent Cointegration: ADF p=0.211 > 0.1

  AME / LUV:
    ✗  REJECTED: Failed Split-Half
       Live z=-1.66 LONG | BT: 33 trades, WR 33%, PF 0.42x, P&L $-362
       Gates: WR 33.3% < 50.0% | PF 0.42x < 1.1x | P&L $-362.11 ≤ $0 | Failed H1 P&L ($-241) | Failed H2 P&L ($-122) | Low Recent Momentum: last 5 trades P&L=$-63 | Low Recent Cointegration: ADF p=0.425 > 0.1

  KEY / RF:
    ✗  REJECTED: Failed Split-Half
       Live z=+3.06 SHORT | BT: 34 trades, WR 41%, PF 0.40x, P&L $-111
       Gates: WR 41.2% < 50.0% | PF 0.40x < 1.1x | P&L $-111.19 ≤ $0 | Failed H1 P&L ($-119) | Low Recent Momentum: last 5 trades P&L=$-7 | Low Recent Cointegration: ADF p=0.769 > 0.1

  EME / NSC:
    ✗  REJECTED: Failed Split-Half
       Live z=-1.84 LONG | BT: 26 trades, WR 31%, PF 0.70x, P&L $-147
       Gates: WR 30.8% < 50.0% | PF 0.70x < 1.1x | P&L $-146.62 ≤ $0 | Failed H1 P&L ($-11) | Failed H2 P&L ($-135) | Low Recent Momentum: last 5 trades P&L=$-85 | Low Recent Cointegration: ADF p=0.401 > 0.1

  LNT / XEL:
    ✗  REJECTED: Failed Split-Half
       Live z=-3.02 LONG | BT: 33 trades, WR 45%, PF 1.02x, P&L $+2
       Gates: WR 45.5% < 50.0% | PF 1.02x < 1.1x | Failed H1 P&L ($-57) | Low Recent Cointegration: ADF p=0.743 > 0.1

  ALL / TRV:
    ✗  REJECTED: Failed Split-Half
       Live z=+2.62 SHORT | BT: 30 trades, WR 43%, PF 0.86x, P&L $-26
       Gates: WR 43.3% < 50.0% | PF 0.86x < 1.1x | P&L $-26.11 ≤ $0 | Failed H2 P&L ($-78) | Low Recent Momentum: last 5 trades P&L=$-44 | Low Recent Cointegration: ADF p=0.178 > 0.1

  CMI / LUV:
    ✗  REJECTED: Failed Split-Half
       Live z=+2.30 SHORT | BT: 27 trades, WR 37%, PF 0.58x, P&L $-269
       Gates: WR 37.0% < 50.0% | PF 0.58x < 1.1x | P&L $-268.98 ≤ $0 | Failed H1 P&L ($-84) | Failed H2 P&L ($-185)

  GL / TRV:
    ✗  REJECTED: Failed Cointegration / ADF
       Live z=-1.51 LONG | BT: 30 trades, WR 47%, PF 1.69x, P&L $+175
       Gates: WR 46.7% < 50.0% | Low Recent Cointegration: ADF p=0.289 > 0.1

  CEG / XEL:
    ✗  REJECTED: Failed Split-Half
       Live z=+3.91 SHORT | BT: 21 trades, WR 48%, PF 1.18x, P&L $+77
       Gates: WR 47.6% < 50.0% | Failed H2 P&L ($-61) | Low Recent Momentum: last 5 trades P&L=$-41 | Low Recent Cointegration: ADF p=0.976 > 0.1

  GOOG / WBD:
    ✗  REJECTED: Failed Split-Half
       Live z=+2.60 SHORT | BT: 29 trades, WR 45%, PF 0.64x, P&L $-261
       Gates: WR 44.8% < 50.0% | PF 0.64x < 1.1x | P&L $-261.48 ≤ $0 | Failed H1 P&L ($-151) | Failed H2 P&L ($-110) | Low Recent Momentum: last 5 trades P&L=$-16 | Low Recent Cointegration: ADF p=0.383 > 0.1

  DHR / REGN:
    ✗  REJECTED: Failed Split-Half
       Live z=+2.19 SHORT | BT: 26 trades, WR 38%, PF 0.95x, P&L $-20
       Gates: WR 38.5% < 50.0% | PF 0.95x < 1.1x | P&L $-20.12 ≤ $0 | Failed H2 P&L ($-81) | Low Recent Momentum: last 5 trades P&L=$-112 | Low Recent Cointegration: ADF p=0.454 > 0.1

  GOOGL / WBD:
    ✗  REJECTED: Failed Split-Half
       Live z=+2.60 SHORT | BT: 29 trades, WR 45%, PF 0.84x, P&L $-118
       Gates: WR 44.8% < 50.0% | PF 0.84x < 1.1x | P&L $-117.95 ≤ $0 | Failed H1 P&L ($-159) | Low Recent Momentum: last 5 trades P&L=$-17 | Low Recent Cointegration: ADF p=0.392 > 0.1

  COF / WFC:
    ✗  REJECTED: Failed Split-Half
       Live z=+1.53 SHORT | BT: 29 trades, WR 52%, PF 1.02x, P&L $+4
       Gates: PF 1.02x < 1.1x | Failed H2 P&L ($-21) | Low Recent Momentum: last 5 trades P&L=$-22 | Low Recent Cointegration: ADF p=0.849 > 0.1

  BAX / MOH:
    ✗  REJECTED: Failed Split-Half
       Live z=+2.14 SHORT | BT: 24 trades, WR 54%, PF 1.31x, P&L $+145
       Gates: Failed H2 P&L ($-57) | Low Recent Cointegration: ADF p=0.104 > 0.1

  AMZN / TSLA:
    ✗  REJECTED: Failed Split-Half
       Live z=-3.46 LONG | BT: 29 trades, WR 38%, PF 0.66x, P&L $-316
       Gates: WR 37.9% < 50.0% | PF 0.66x < 1.1x | P&L $-315.71 ≤ $0 | Failed H2 P&L ($-472) | Low Recent Momentum: last 5 trades P&L=$-82 | Low Recent Cointegration: ADF p=0.291 > 0.1

  HD / NCLH:
    ✗  REJECTED: Failed Split-Half
       Live z=-2.51 LONG | BT: 28 trades, WR 36%, PF 0.67x, P&L $-189
       Gates: WR 35.7% < 50.0% | PF 0.67x < 1.1x | P&L $-188.97 ≤ $0 | Failed H1 P&L ($-43) | Failed H2 P&L ($-146) | Low Recent Momentum: last 5 trades P&L=$-76

  AXP / BAC:
    ✗  REJECTED: Failed Split-Half
       Live z=+1.52 SHORT | BT: 24 trades, WR 42%, PF 0.44x, P&L $-133
       Gates: WR 41.7% < 50.0% | PF 0.44x < 1.1x | P&L $-133.40 ≤ $0 | Failed H1 P&L ($-164) | Low Recent Cointegration: ADF p=0.799 > 0.1

  GOOGL / GOOG:
    ✗  REJECTED: Failed Split-Half
       Live z=-2.46 LONG | BT: 25 trades, WR 4%, PF 0.00x, P&L $-59
       Gates: WR 4.0% < 50.0% | PF 0.00x < 1.1x | P&L $-59.09 ≤ $0 | Failed H1 P&L ($-18) | Failed H2 P&L ($-41) | Low Recent Momentum: last 5 trades P&L=$-15 | Low Recent Cointegration: ADF p=0.302 > 0.1

  IR / ODFL:
    ✗  REJECTED: Failed Split-Half
       Live z=-1.90 LONG | BT: 26 trades, WR 42%, PF 0.40x, P&L $-273
       Gates: WR 42.3% < 50.0% | PF 0.40x < 1.1x | P&L $-273.37 ≤ $0 | Failed H1 P&L ($-314) | Low Recent Momentum: last 5 trades P&L=$-35 | Low Recent Cointegration: ADF p=0.285 > 0.1

  IBKR / WFC:
    ✗  REJECTED: Failed Split-Half
       Live z=-1.70 LONG | BT: 24 trades, WR 50%, PF 0.85x, P&L $-54
       Gates: PF 0.85x < 1.1x | P&L $-54.23 ≤ $0 | Failed H1 P&L ($-11) | Failed H2 P&L ($-43) | Low Recent Momentum: last 5 trades P&L=$-76 | Low Recent Cointegration: ADF p=0.420 > 0.1

  BF-B / GIS:
    ✗  REJECTED: Failed Cointegration / ADF
       Live z=-2.89 LONG | BT: 24 trades, WR 62%, PF 2.97x, P&L $+299
       Gates: Low Recent Cointegration: ADF p=0.553 > 0.1

  DG / DLTR:
    ✗  REJECTED: Failed Split-Half
       Live z=+2.61 SHORT | BT: 23 trades, WR 57%, PF 1.05x, P&L $+20
       Gates: PF 1.05x < 1.1x | Failed H2 P&L ($-184) | Low Recent Momentum: last 5 trades P&L=$-51 | Low Recent Cointegration: ADF p=0.649 > 0.1


  ✓ system_log.csv updated (0 diamond, 26 rejected)

  ════════════════════════════════════════════════════════════
    DAILY RESULTS  (Standard + Split-Half + ADF90 + Momentum)
  ════════════════════════════════════════════════════════════
    Pairs scanned   : 50
    No live signal  : 24
    Download errors : 0
    ◆ Diamond       : 0
    ✗ Rejected      : 26

  No diamond signals today.

  ── Rejected (26 pairs: had live signal, failed regime gates) ──
    ✗    HWM/JCI      LONG  z=-2.70  WR=31%  PF=0.30x  P&L=$-396
    ✗    APD/IP       LONG  z=-1.88  WR=82%  PF=3.12x  P&L=$+307
    ✗    PPL/WEC     SHORT  z=+1.76  WR=24%  PF=0.30x  P&L=$-120
    ✗      J/PNR     SHORT  z=+1.62  WR=53%  PF=0.86x  P&L=$-39
    ✗     NI/XEL      LONG  z=-4.05  WR=30%  PF=0.48x  P&L=$-94
    ✗    AME/LUV      LONG  z=-1.66  WR=33%  PF=0.42x  P&L=$-362
    ✗    KEY/RF      SHORT  z=+3.06  WR=41%  PF=0.40x  P&L=$-111
    ✗    EME/NSC      LONG  z=-1.84  WR=31%  PF=0.70x  P&L=$-147
    ✗    LNT/XEL      LONG  z=-3.02  WR=45%  PF=1.02x  P&L=$+2
    ✗    ALL/TRV     SHORT  z=+2.62  WR=43%  PF=0.86x  P&L=$-26
    ✗    CMI/LUV     SHORT  z=+2.30  WR=37%  PF=0.58x  P&L=$-269
    ✗     GL/TRV      LONG  z=-1.51  WR=47%  PF=1.69x  P&L=$+175
    ✗    CEG/XEL     SHORT  z=+3.91  WR=48%  PF=1.18x  P&L=$+77
    ✗   GOOG/WBD     SHORT  z=+2.60  WR=45%  PF=0.64x  P&L=$-261
    ✗    DHR/REGN    SHORT  z=+2.19  WR=38%  PF=0.95x  P&L=$-20
    ✗  GOOGL/WBD     SHORT  z=+2.60  WR=45%  PF=0.84x  P&L=$-118
    ✗    COF/WFC     SHORT  z=+1.53  WR=52%  PF=1.02x  P&L=$+4
    ✗    BAX/MOH     SHORT  z=+2.14  WR=54%  PF=1.31x  P&L=$+145
    ✗   AMZN/TSLA     LONG  z=-3.46  WR=38%  PF=0.66x  P&L=$-316
    ✗     HD/NCLH     LONG  z=-2.51  WR=36%  PF=0.67x  P&L=$-189
    ✗    AXP/BAC     SHORT  z=+1.52  WR=42%  PF=0.44x  P&L=$-133
    ✗  GOOGL/GOOG     LONG  z=-2.46  WR=4%  PF=0.00x  P&L=$-59
    ✗     IR/ODFL     LONG  z=-1.90  WR=42%  PF=0.40x  P&L=$-273
    ✗   IBKR/WFC      LONG  z=-1.70  WR=50%  PF=0.85x  P&L=$-54
    ✗   BF-B/GIS      LONG  z=-2.89  WR=62%  PF=2.97x  P&L=$+299
    ✗     DG/DLTR    SHORT  z=+2.61  WR=57%  PF=1.05x  P&L=$+20

  Log     → c:\Users\User\Desktop\adf bot\logs\2026-02-17_224858.log
  Journal → c:\Users\User\Desktop\adf bot\system_log.csv
  Errors  → c:\Users\User\Desktop\adf bot\error.log

