
  ╔══════════════════════════════════════════════════════════════╗
  ║     PAIRS TRADING SYSTEM — Daily Orchestration              ║
  ║     2026-03-20 19:35:40                                        ║
  ╚══════════════════════════════════════════════════════════════╝

  ── System Health ──────────────────────────────
    Data Source      : ● ONLINE
    Pairs Loaded     : 150
    Scanner Age      : 7d old
    System Log       : Exists
    Error Log        : error.log
    Strategy         : z_entry=2.0 | z_exit=0.0 | z_stop=3.0 | hold<=30d
    Quality Gates    : WR>50.0% | PF>1.3x | P&L>$0
    Regime Gates     : Split-Half | ADF-90d | Recent Momentum
  ──────────────────────────────────────────────────

  ═══ PHASE 0 — Portfolio Update ═══

  No positions closed today.

  -- Live Portfolio -------------------------------------------
    No open positions.

    Positions open   : 0 / 10
    Total live P&L   : $+0.00
    Peak P&L         : $+0.00
    System drawdown  : $+0.00  (limit $-1500)
  ------------------------------------------------------------

  ═══ PHASE 1 — Refreshing Candidates (nightly_scanner) ═══


╔══════════════════════════════════════════════════════════════╗
║  NIGHTLY SCANNER v2 — Cointegration + Sector Filtering      ║
║  Run : 2026-03-20 19:35:51                                ║
╚══════════════════════════════════════════════════════════════╝

[STEP 1] Scraped 503 S&P 500 tickers + sectors from Wikipedia.
[STEP 1b] Using hardcoded list of 67 Nasdaq-100 tickers.
[STEP 1] Using hardcoded list of 366 tickers with sectors.
[STEP 1c] Skipped 20 removed tickers (no sector resolved): ['DAY', 'SOLS', 'K', 'IPG', 'MKTX', 'WBA', 'HES', 'ANSS', 'JNPR', 'DFS']...
[STEP 1] Historical constituents: 503 current + 14 historical = 517 total tickers.
[STEP 1b] Wikipedia Nasdaq-100 scrape failed (403 Client Error: Too many requests. Please respect our robot policy https://w.wiki/4wJS. (dd12474) for url: https://en.wikipedia.org/wiki/Nasdaq-100); using hardcoded list.
[STEP 1b] Using hardcoded list of 67 Nasdaq-100 tickers.
[STEP 1b] Combined universe: 518 unique tickers (S&P 500 + Nasdaq-100).


[STEP 2] Downloading 518 tickers  (2024-03-20 → 2026-03-20) in batches of 50 …
  Batch 1/11  (50 tickers) … OK  (50 cols)
  Batch 2/11  (50 tickers) … OK  (50 cols)
  Batch 3/11  (50 tickers) … OK  (50 cols)
  Batch 4/11  (50 tickers) … OK  (50 cols)
  Batch 5/11  (50 tickers) … OK  (50 cols)
  Batch 6/11  (50 tickers) … OK  (50 cols)
  Batch 7/11  (50 tickers) … OK  (50 cols)
  Batch 8/11  (50 tickers) … OK  (50 cols)
  Batch 9/11  (50 tickers) … OK  (50 cols)
  Batch 10/11  (50 tickers) … OK  (50 cols)
  Batch 11/11  (18 tickers) … OK  (18 cols)
[STEP 2] Raw price matrix: 501 days × 518 tickers.

[STEP 3] Dropped 2 tickers (>10% missing).  Remaining: 513 tickers.

[STEP 4] Same-sector correlation pre-filter …
         Same-sector pairs with ρ ≥ 0.8: 1710

[STEP 5] Running Engle-Granger cointegration on 1710 pairs …
         … 200/1710
         … 400/1710
         … 600/1710
         … 800/1710
         … 1000/1710
         … 1200/1710
         … 1400/1710
         … 1600/1710
         Tested: 1710  |  Cointegrated (p < 0.05): 209

[STEP 5b] Half-life filter (max 30 days) ...
         Before: 209 | Dropped (HL > 30d): 4 | Remaining: 205
         Half-life range: 5.8 - 28.3 days  (median: 14.1)

[STEP 6] Saved → daily_candidates.csv  (150 rows)

  Top 10 Preview:
  ------------------------------------------------------------------------
       ALL / GL      Sector: Financials                 p=0.0000  HL=5.8d
       PPL / WEC     Sector: Utilities                  p=0.0002  HL=8.4d
       HWM / JCI     Sector: Industrials                p=0.0003  HL=15.7d
      KLAC / STX     Sector: Information Technology     p=0.0003  HL=9.0d
         J / PNR     Sector: Industrials                p=0.0006  HL=12.0d
       EME / NSC     Sector: Industrials                p=0.0011  HL=10.1d
       DTE / DUK     Sector: Utilities                  p=0.0013  HL=11.6d
      CDNS / MSFT    Sector: Information Technology     p=0.0014  HL=9.9d
      BF-B / KHC     Sector: Consumer Staples           p=0.0016  HL=10.3d
      GILD / DGX     Sector: Health Care                p=0.0016  HL=8.7d

  NOTE: Universe includes historical S&P 500 constituents (survivorship bias reduced). + Nasdaq-100.


  ✓ Scanner completed.

  ═══ PHASE 2 — Master Signal (live + backtest) ═══


╔══════════════════════════════════════════════════════════════╗
║  MASTER SIGNAL v3 — Audit-Fixed Verification Engine         ║
║  Run : 2026-03-20 19:37:11                                  ║
╚══════════════════════════════════════════════════════════════╝

  Loaded 150 pairs from daily_candidates.csv
  Strategy: β=60d | z=20d | Entry |z|>2.0 | Exit z→0.0 | Stop |z|>3.0 | Hold≤30d
  Quality gates: WR>50.0% | PF>1.3x | P&L>$0
  Slippage: 0.10% on notional (entry+exit, both legs) | Capital: $1,000/trade
  Execution: 1-bar delay (signal@close → trade@next close)


  !!!!!!!!!!!!!!!!!!!!!!!!!!!!!!!!!!!!!!!!!!!!!!!!!!!!!!!!!!!!
  ⚠  VIX REGIME BLOCK: 28.2 > 25.0
  Signals shown but flagged BLOCKED. No new entries advised.
  !!!!!!!!!!!!!!!!!!!!!!!!!!!!!!!!!!!!!!!!!!!!!!!!!!!!!!!!!!!!

  [1/150]        ALL / GL  —  No signal  (|z| = 1.12)
  [2/150]       PPL / WEC  —  No signal  (|z| = 0.03)
  [3/150]       HWM / JCI  —  No signal  (|z| = 0.02)
  [4/150]      KLAC / STX  ⚡ z=+2.62 SHORT  →  ✗ REJECTED
  [5/150]         J / PNR  ⚡ z=-2.20  LONG  →  ✗ REJECTED
  [6/150]       EME / NSC  ⚡ z=+2.14 SHORT  →  ✗ REJECTED
  [7/150]       DTE / DUK  —  No signal  (|z| = 0.65)
  [8/150]     CDNS / MSFT  —  No signal  (|z| = 1.20)
  [9/150]      BF-B / KHC  —  No signal  (|z| = 1.66)
  [10/150]      GILD / DGX  —  No signal  (|z| = 1.49)
  [11/150]       AME / CMI  —  No signal  (|z| = 1.74)
  [12/150]       AME / LUV  ⚡ z=+2.00 SHORT  →  ✗ REJECTED
  [13/150]      AMZN / CCL  ⚡ z=-2.22  LONG  →  ✗ REJECTED
  [14/150]       GL / IBKR  —  No signal  (|z| = 1.36)
  [15/150]       INTC / MU  —  No signal  (|z| = 1.25)
  [16/150]       CINF / GL  —  No signal  (|z| = 1.49)
  [17/150]     ADSK / PANW  —  No signal  (|z| = 1.07)
  [18/150]       CEG / NRG  —  No signal  (|z| = 0.69)
  [19/150]      ABBV / MDT  —  No signal  (|z| = 1.48)
  [20/150]       GL / NDAQ  —  No signal  (|z| = 0.00)
  [21/150]      GOOG / WBD  —  No signal  (|z| = 0.33)
  [22/150]     GOOGL / WBD  —  No signal  (|z| = 0.19)
  [23/150]        KEY / RF  —  No signal  (|z| = 0.51)
  [24/150]       ALL / CME  —  No signal  (|z| = 1.11)
  [25/150]          BK / L  —  No signal  (|z| = 1.78)
  [26/150]     AMZN / TSLA  ⚡ z=-2.22  LONG  →  ✗ REJECTED
  [27/150]      AMZN / WSM  ⚡ z=-2.28  LONG  →  ✗ REJECTED
  [28/150]        GL / HIG  —  No signal  (|z| = 0.94)
  [29/150]      CBOE / TRV  —  No signal  (|z| = 0.91)
  [30/150]      CSX / HUBB  —  No signal  (|z| = 2.00)
  [31/150]      COO / RVTY  ⚡ z=-2.52  LONG  →  ✗ REJECTED
  [32/150]       NVR / MHK  ⚡ z=-2.57  LONG  →  ✗ REJECTED
  [33/150]         ES / FE  —  No signal  (|z| = 0.61)
  [34/150]        IR / UPS  ⚡ z=+2.03 SHORT  →  ✗ REJECTED
  [35/150]       ESS / MAA  —  No signal  (|z| = 1.37)
  [36/150]        NI / PPL  —  No signal  (|z| = 1.20)
  [37/150]       HD / NCLH  ⚡ z=-2.49  LONG  →  ✗ REJECTED
  [38/150]         BK / GL  —  No signal  (|z| = 1.11)
  [39/150]      ALL / NDAQ  —  No signal  (|z| = 0.77)
  [40/150]       ADM / HSY  —  No signal  (|z| = 1.05)
  [41/150]      ALL / CBOE  —  No signal  (|z| = 1.15)
  [42/150]       CMS / DUK  —  No signal  (|z| = 0.33)
  [43/150]       CPT / ESS  ⚡ z=-2.89  LONG  →  ✗ REJECTED
  [44/150]        ALL / BK  —  No signal  (|z| = 1.25)
  [45/150]       IR / ODFL  —  No signal  (|z| = 0.62)
  [46/150]        GL / JPM  —  No signal  (|z| = 0.26)
  [47/150]       BAX / MOH  ⚡ z=-2.50  LONG  →  ✗ REJECTED
  [48/150]      JPM / NDAQ  ⚡ z=-2.05  LONG  →  ✗ REJECTED
  [49/150]      NTRS / STT  —  No signal  (|z| = 0.92)
  [50/150]        CI / ELV  —  No signal  (|z| = 1.26)
  [51/150]        MS / STT  —  No signal  (|z| = 1.73)
  [52/150]       EQR / UDR  ⚡ z=-2.59  LONG  →  ✗ REJECTED
  [53/150]      ADSK / GEN  —  No signal  (|z| = 1.94)
  [54/150]        BAC / MS  —  No signal  (|z| = 1.43)
  [55/150]       DG / DLTR  —  No signal  (|z| = 0.44)
  [56/150]      ADI / LRCX  ⚡ z=-2.42  LONG  →  ✗ REJECTED
  [57/150]      CBOE / HIG  —  No signal  (|z| = 0.03)
  [58/150]      LDOS / URI  ⚡ z=-2.35  LONG  →  ✗ REJECTED
  [59/150]      ABBV / CVS  ⚡ z=-2.64  LONG  →  ✗ REJECTED
  [60/150]       FTV / IEX  ⚡ z=-2.90  LONG  →  ✗ REJECTED
  [61/150]       AIZ / TFC  ⚡ z=-2.05  LONG  →  ✗ REJECTED
  [62/150]      BRK-B / GL  —  No signal  (|z| = 1.69)
  [63/150]         DE / WM  —  No signal  (|z| = 1.27)
  [64/150]       ABT / BSX  —  No signal  (|z| = 1.04)
  [65/150]      ATO / EVRG  —  No signal  (|z| = 1.49)
  [66/150]        BLK / GL  —  No signal  (|z| = 0.27)
  [67/150]      ALL / IBKR  ⚡ z=+2.55 SHORT  →  ✗ REJECTED
  [68/150]      COF / NDAQ  —  No signal  (|z| = 1.80)
  [69/150]       ALL / WRB  —  No signal  (|z| = 0.81)
  [70/150]       ATO / XEL  —  No signal  (|z| = 1.65)
  [71/150]       ADI / STX  —  No signal  (|z| = 0.11)
  [72/150]        CBOE / L  —  No signal  (|z| = 0.65)
  [73/150]       COR / CVS  ⚡ z=-4.26  LONG  →  ✗ REJECTED
  [74/150]       AXP / BAC  —  No signal  (|z| = 0.67)
  [75/150]      CHRW / CAT  —  No signal  (|z| = 1.64)
  [76/150]       ALL / JPM  —  No signal  (|z| = 1.44)
  [77/150]         J / URI  ⚡ z=-2.04  LONG  →  ✗ REJECTED
  [78/150]      CHRW / LUV  ⚡ z=+2.57 SHORT  →  ✗ REJECTED
  [79/150]        GS / STT  ⚡ z=-2.27  LONG  →  ✗ REJECTED
  [80/150]         GL / GS  —  No signal  (|z| = 0.70)
  [81/150]      FDX / JBHT  —  No signal  (|z| = 0.62)
  [82/150]      IEX / ODFL  —  No signal  (|z| = 0.59)
  [83/150]       AEE / PPL  —  No signal  (|z| = 1.13)
  [84/150]       ALL / BLK  —  No signal  (|z| = 1.82)
  [85/150]      BF-B / CAG  ⚡ z=-2.58  LONG  →  ✗ REJECTED
  [86/150]      ANET / HPE  —  No signal  (|z| = 1.68)
  [87/150]        GL / TRV  —  No signal  (|z| = 1.90)
  [88/150]          GS / L  —  No signal  (|z| = 1.72)
  [89/150]        AME / PH  ⚡ z=+2.22 SHORT  →  ✗ REJECTED
  [90/150]      FITB / USB  ⚡ z=-2.79  LONG  →  ✗ REJECTED
  [91/150]      HIG / NDAQ  —  No signal  (|z| = 1.24)
  [92/150]     IBKR / NTRS  —  No signal  (|z| = 0.51)
  [93/150]         GL / MS  —  No signal  (|z| = 0.15)
  [94/150]     HBAN / NDAQ  ⚡ z=-2.59  LONG  →  ✗ REJECTED
  [95/150]        ADI / MU  —  No signal  (|z| = 1.86)
  [96/150]       LUV / WAB  —  No signal  (|z| = 0.99)
  [97/150]      MTB / NDAQ  —  No signal  (|z| = 1.45)
  [98/150]     ALLE / LDOS  ⚡ z=-2.16  LONG  →  ✗ REJECTED
  [99/150]      DOV / JBHT  —  No signal  (|z| = 0.75)
  [100/150]      AZO / DASH  ⚡ z=-3.24  LONG  →  ✗ REJECTED
  [101/150]      LDOS / NSC  ⚡ z=-2.21  LONG  →  ✗ REJECTED
  [102/150]        COF / GL  —  No signal  (|z| = 0.31)
  [103/150]        BK / TRV  —  No signal  (|z| = 1.42)
  [104/150]       CPB / GIS  ⚡ z=-2.17  LONG  →  ✗ REJECTED
  [105/150]        PNC / RF  ⚡ z=+2.62 SHORT  →  ✗ REJECTED
  [106/150]       CMI / LUV  ⚡ z=+3.08 SHORT  →  ✗ REJECTED
  [107/150]           C / L  —  No signal  (|z| = 1.66)
  [108/150]      CINF / STT  —  No signal  (|z| = 0.25)
  [109/150]        NSC / PH  —  No signal  (|z| = 1.93)
  [110/150]       ESS / UDR  ⚡ z=-3.19  LONG  →  ✗ REJECTED
  [111/150]       LNT / ATO  —  No signal  (|z| = 1.51)
  [112/150]     DASH / ORLY  ⚡ z=-3.54  LONG  →  ✗ REJECTED
  [113/150]      ADBE / HPQ  ⚡ z=-2.19  LONG  →  ✗ REJECTED
  [114/150]       MTD / TMO  ⚡ z=-2.06  LONG  →  ✗ REJECTED
  [115/150]      AMCR / IFF  ⚡ z=-3.65  LONG  →  ✗ REJECTED
  [116/150]      BF-B / CPB  —  No signal  (|z| = 1.79)
  [117/150]        ACN / IT  —  No signal  (|z| = 1.40)
  [118/150]       LNT / DUK  —  No signal  (|z| = 0.91)
  [119/150]       ALL / STT  —  No signal  (|z| = 0.40)
  [120/150]       KEY / USB  —  No signal  (|z| = 0.57)
  [121/150]       TFC / USB  ⚡ z=-2.68  LONG  →  ✗ REJECTED
  [122/150]      AME / CHRW  ⚡ z=+3.19 SHORT  →  ✗ REJECTED
  [123/150]      ULTA / BWA  —  No signal  (|z| = 1.39)
  [124/150]       GM / ULTA  —  No signal  (|z| = 0.58)
  [125/150]     INTC / LRCX  —  No signal  (|z| = 1.73)
  [126/150]     FISV / MRSH  ⚡ z=-2.35  LONG  →  ✗ REJECTED
  [127/150]       PSX / VLO  —  No signal  (|z| = 0.36)
  [128/150]       AME / CAT  ⚡ z=+2.11 SHORT  →  ✗ REJECTED
  [129/150]        BAX / CI  ⚡ z=-2.13  LONG  →  ✗ REJECTED
  [130/150]      LYV / META  —  No signal  (|z| = 1.12)
  [131/150]       ADI / WDC  —  No signal  (|z| = 0.40)
  [132/150]       IQV / TMO  ⚡ z=+2.58 SHORT  →  ✗ REJECTED
  [133/150]      LULU / KMX  —  No signal  (|z| = 0.96)
  [134/150]      BF-B / GIS  —  No signal  (|z| = 0.94)
  [135/150]      INTC / WDC  —  No signal  (|z| = 1.02)
  [136/150]       AMP / APO  ⚡ z=-2.70  LONG  →  ✗ REJECTED
  [137/150]      GRMN / RCL  ⚡ z=+2.42 SHORT  →  ✗ REJECTED
  [138/150]     CIEN / KEYS  —  No signal  (|z| = 0.90)
  [139/150]        F / ULTA  ⚡ z=-2.73  LONG  →  ✗ REJECTED
  [140/150]       CMS / PPL  —  No signal  (|z| = 1.58)
  [141/150]      HAS / ULTA  ⚡ z=+2.23 SHORT  →  ✗ REJECTED
  [142/150]      FOXA / TKO  —  No signal  (|z| = 0.09)
  [143/150]       AMP / MET  ⚡ z=-2.37  LONG  →  ✗ REJECTED
  [144/150]      IBKR / JPM  —  No signal  (|z| = 1.89)
  [145/150]        AEE / NI  —  No signal  (|z| = 0.59)
  [146/150]       IEX / UPS  ⚡ z=+3.41 SHORT  →  ✗ REJECTED
  [147/150]       CEG / ETR  —  No signal  (|z| = 1.23)
  [148/150]     AMZN / CVNA  —  No signal  (|z| = 0.50)
  [149/150]       ALL / COF  —  No signal  (|z| = 0.92)
  [150/150]      ALL / CINF  —  No signal  (|z| = 0.30)


════════════════════════════════════════════════════════════════
  SCAN COMPLETE
════════════════════════════════════════════════════════════════
  Pairs scanned   : 150
  No live signal  : 98
  Download errors : 0
  Signals found   : 52
    ◆ Diamond     : 0
    ✗ Rejected    : 52
════════════════════════════════════════════════════════════════

  No diamond signals today.


  ── Rejected Signals (had live z, failed backtest) ──

  KLAC / STX:
    ✗  REJECTED: Failed Split-Half
       Live z=+2.62 SHORT | BT: 30 trades, WR 43%, PF 0.73x, P&L $-126
       Gates: WR 43.3% < 50.0% | PF 0.73x < 1.3x | P&L $-125.52 ≤ $50 | Sharpe -0.62 < 0.5 | Max DD $-250 < $-200 | Sortino -0.92 < 0.5 | Avg P&L $-4.18 < $5.00 | Failed H1 P&L ($-2 < $20) | Failed H2 P&L ($-123 < $20) | Low Recent Momentum: last 5 trades P&L=$-148 | Walk-Forward OOS: Sharpe=-4.59, P&L=$-227.19 | Low Recent Cointegration: ADF p=0.259 > 0.2

  J / PNR:
    ✗  REJECTED: Correlation Breakdown
       Live z=-2.20 LONG | BT: 29 trades, WR 34%, PF 0.42x, P&L $-222
       Gates: WR 34.5% < 50.0% | PF 0.42x < 1.3x | P&L $-222.13 ≤ $50 | Sharpe -1.34 < 0.5 | Sortino -1.67 < 0.5 | Avg P&L $-7.66 < $5.00 | Failed H1 P&L ($-202 < $20) | Failed H2 P&L ($-20 < $20) | Low Recent Momentum: last 5 trades P&L=$-75 | Walk-Forward OOS: Sharpe=-0.17, P&L=$-8.67 | Low Recent Cointegration: ADF p=0.248 > 0.2 | Low Recent Correlation: ρ=0.33 < 0.65

  EME / NSC:
    ✗  REJECTED: Failed Split-Half
       Live z=+2.14 SHORT | BT: 26 trades, WR 31%, PF 0.93x, P&L $-22
       Gates: WR 30.8% < 50.0% | PF 0.93x < 1.3x | P&L $-22.24 ≤ $50 | Sharpe -0.10 < 0.5 | Sortino -0.18 < 0.5 | Avg P&L $-0.86 < $5.00 | Failed H2 P&L ($-88 < $20) | Low Recent Momentum: last 5 trades P&L=$-41 | Walk-Forward OOS: Sharpe=-1.27, P&L=$-77.47 | Low Recent Cointegration: ADF p=0.317 > 0.2

  AME / LUV:
    ✗  REJECTED: Failed Split-Half
       Live z=+2.00 SHORT | BT: 35 trades, WR 23%, PF 0.42x, P&L $-418
       Gates: WR 22.9% < 50.0% | PF 0.42x < 1.3x | P&L $-417.87 ≤ $50 | Sharpe -1.49 < 0.5 | Max DD $-568 < $-200 | Sortino -2.21 < 0.5 | Avg P&L $-11.94 < $5.00 | Failed H1 P&L ($-275 < $20) | Failed H2 P&L ($-143 < $20)

  AMZN / CCL:
    ✗  REJECTED: Correlation Breakdown
       Live z=-2.22 LONG | BT: 24 trades, WR 50%, PF 0.65x, P&L $-182
       Gates: PF 0.65x < 1.3x | P&L $-181.93 ≤ $50 | Sharpe -0.60 < 0.5 | Max DD $-296 < $-200 | Sortino -0.81 < 0.5 | Avg P&L $-7.58 < $5.00 | Failed H1 P&L ($-60 < $20) | Failed H2 P&L ($-122 < $20) | Low Recent Momentum: last 5 trades P&L=$-296 | Walk-Forward OOS: Sharpe=-1.42, P&L=$-163.94 | Low Recent Correlation: ρ=-0.07 < 0.65

  AMZN / TSLA:
    ✗  REJECTED: Correlation Breakdown
       Live z=-2.22 LONG | BT: 33 trades, WR 33%, PF 0.82x, P&L $-131
       Gates: WR 33.3% < 50.0% | PF 0.82x < 1.3x | P&L $-130.61 ≤ $50 | Sharpe -0.27 < 0.5 | Max DD $-523 < $-200 | Sortino -0.51 < 0.5 | Avg P&L $-3.96 < $5.00 | Failed H2 P&L ($-392 < $20) | Walk-Forward OOS: Sharpe=-1.78, P&L=$-234.45 | Low Recent Cointegration: ADF p=0.954 > 0.2 | Low Recent Correlation: ρ=0.48 < 0.65

  AMZN / WSM:
    ✗  REJECTED: Correlation Breakdown
       Live z=-2.28 LONG | BT: 34 trades, WR 50%, PF 1.47x, P&L $+174
       Gates: Failed H2 P&L ($-61 < $20) | Low Recent Momentum: last 5 trades P&L=$-101 | Walk-Forward OOS: Sharpe=-0.68, P&L=$-58.97 | Low Recent Cointegration: ADF p=0.289 > 0.2 | Low Recent Correlation: ρ=-0.11 < 0.65

  COO / RVTY:
    ✗  REJECTED: Correlation Breakdown
       Live z=-2.52 LONG | BT: 37 trades, WR 27%, PF 0.37x, P&L $-321
       Gates: WR 27.0% < 50.0% | PF 0.37x < 1.3x | P&L $-321.21 ≤ $50 | Sharpe -1.65 < 0.5 | Max DD $-330 < $-200 | Sortino -2.23 < 0.5 | Avg P&L $-8.68 < $5.00 | Failed H1 P&L ($-264 < $20) | Failed H2 P&L ($-58 < $20) | Low Recent Momentum: last 5 trades P&L=$-89 | Walk-Forward OOS: Sharpe=-2.37, P&L=$-164.83 | Low Recent Cointegration: ADF p=0.400 > 0.2 | Low Recent Correlation: ρ=0.57 < 0.65

  NVR / MHK:
    ✗  REJECTED: Failed Split-Half
       Live z=-2.57 LONG | BT: 30 trades, WR 50%, PF 0.87x, P&L $-38
       Gates: PF 0.87x < 1.3x | P&L $-37.83 ≤ $50 | Sharpe -0.25 < 0.5 | Sortino -0.35 < 0.5 | Avg P&L $-1.26 < $5.00 | Failed H1 P&L ($-19 < $20) | Failed H2 P&L ($-19 < $20) | Walk-Forward OOS: Sharpe=-0.13, P&L=$-6.29 | Low Recent Cointegration: ADF p=0.402 > 0.2

  IR / UPS:
    ✗  REJECTED: Failed Cointegration / ADF
       Live z=+2.03 SHORT | BT: 33 trades, WR 67%, PF 4.51x, P&L $+361
       Gates: Low Recent Momentum: last 5 trades P&L=$-21 | Walk-Forward OOS: Sharpe=-0.61, P&L=$-14.90 | Low Recent Cointegration: ADF p=0.817 > 0.2

  HD / NCLH:
    ✗  REJECTED: Correlation Breakdown
       Live z=-2.49 LONG | BT: 31 trades, WR 45%, PF 0.86x, P&L $-59
       Gates: WR 45.2% < 50.0% | PF 0.86x < 1.3x | P&L $-58.70 ≤ $50 | Sharpe -0.24 < 0.5 | Max DD $-243 < $-200 | Sortino -0.36 < 0.5 | Avg P&L $-1.89 < $5.00 | Failed H2 P&L ($-96 < $20) | Low Recent Momentum: last 5 trades P&L=$-37 | Walk-Forward OOS: Sharpe=-0.01, P&L=$-0.24 | Low Recent Cointegration: ADF p=0.549 > 0.2 | Low Recent Correlation: ρ=0.50 < 0.65

  CPT / ESS:
    ✗  REJECTED: Correlation Breakdown
       Live z=-2.89 LONG | BT: 31 trades, WR 26%, PF 0.27x, P&L $-156
       Gates: WR 25.8% < 50.0% | PF 0.27x < 1.3x | P&L $-155.98 ≤ $50 | Sharpe -2.17 < 0.5 | Sortino -2.48 < 0.5 | Avg P&L $-5.03 < $5.00 | Failed H1 P&L ($-96 < $20) | Failed H2 P&L ($-60 < $20) | Low Recent Momentum: last 5 trades P&L=$-34 | Walk-Forward OOS: Sharpe=-1.21, P&L=$-24.49 | Low Recent Cointegration: ADF p=0.304 > 0.2 | Low Recent Correlation: ρ=0.43 < 0.65

  BAX / MOH:
    ✗  REJECTED: Correlation Breakdown
       Live z=-2.50 LONG | BT: 33 trades, WR 55%, PF 0.81x, P&L $-116
       Gates: PF 0.81x < 1.3x | P&L $-116.49 ≤ $50 | Sharpe -0.36 < 0.5 | Max DD $-330 < $-200 | Sortino -0.44 < 0.5 | Avg P&L $-3.53 < $5.00 | Failed H2 P&L ($-298 < $20) | Low Recent Momentum: last 5 trades P&L=$-45 | Walk-Forward OOS: Sharpe=-1.39, P&L=$-86.73 | Low Recent Cointegration: ADF p=0.742 > 0.2 | Low Recent Correlation: ρ=0.24 < 0.65

  JPM / NDAQ:
    ✗  REJECTED: Correlation Breakdown
       Live z=-2.05 LONG | BT: 27 trades, WR 33%, PF 0.18x, P&L $-320
       Gates: WR 33.3% < 50.0% | PF 0.18x < 1.3x | P&L $-320.34 ≤ $50 | Sharpe -2.57 < 0.5 | Max DD $-322 < $-200 | Sortino -2.97 < 0.5 | Avg P&L $-11.86 < $5.00 | Failed H1 P&L ($-115 < $20) | Failed H2 P&L ($-205 < $20) | Low Recent Momentum: last 5 trades P&L=$-131 | Walk-Forward OOS: Sharpe=-5.51, P&L=$-195.90 | Low Recent Correlation: ρ=0.48 < 0.65

  EQR / UDR:
    ✗  REJECTED: Failed Split-Half
       Live z=-2.59 LONG | BT: 30 trades, WR 37%, PF 0.61x, P&L $-44
       Gates: WR 36.7% < 50.0% | PF 0.61x < 1.3x | P&L $-44.21 ≤ $50 | Sharpe -0.89 < 0.5 | Sortino -1.70 < 0.5 | Avg P&L $-1.47 < $5.00 | Failed H1 P&L ($-35 < $20) | Failed H2 P&L ($-9 < $20) | Low Recent Momentum: last 5 trades P&L=$-8 | Walk-Forward OOS: Sharpe=-0.70, P&L=$-12.13 | Low Recent Cointegration: ADF p=0.542 > 0.2

  ADI / LRCX:
    ✗  REJECTED: Failed Split-Half
       Live z=-2.42 LONG | BT: 32 trades, WR 31%, PF 0.42x, P&L $-453
       Gates: WR 31.2% < 50.0% | PF 0.42x < 1.3x | P&L $-452.79 ≤ $50 | Sharpe -1.30 < 0.5 | Max DD $-425 < $-200 | Sortino -1.78 < 0.5 | Avg P&L $-14.15 < $5.00 | Failed H1 P&L ($-79 < $20) | Failed H2 P&L ($-374 < $20) | Low Recent Momentum: last 5 trades P&L=$-237 | Walk-Forward OOS: Sharpe=-1.28, P&L=$-222.81

  LDOS / URI:
    ✗  REJECTED: Correlation Breakdown
       Live z=-2.35 LONG | BT: 43 trades, WR 35%, PF 0.45x, P&L $-323
       Gates: WR 34.9% < 50.0% | PF 0.45x < 1.3x | P&L $-323.03 ≤ $50 | Sharpe -1.49 < 0.5 | Max DD $-330 < $-200 | Sortino -1.78 < 0.5 | Avg P&L $-7.51 < $5.00 | Failed H1 P&L ($-54 < $20) | Failed H2 P&L ($-269 < $20) | Low Recent Momentum: last 5 trades P&L=$-87 | Walk-Forward OOS: Sharpe=-3.28, P&L=$-120.10 | Low Recent Cointegration: ADF p=0.768 > 0.2 | Low Recent Correlation: ρ=0.41 < 0.65

  ABBV / CVS:
    ✗  REJECTED: Correlation Breakdown
       Live z=-2.64 LONG | BT: 26 trades, WR 42%, PF 0.85x, P&L $-75
       Gates: WR 42.3% < 50.0% | PF 0.85x < 1.3x | P&L $-75.30 ≤ $50 | Sharpe -0.28 < 0.5 | Max DD $-256 < $-200 | Sortino -0.48 < 0.5 | Avg P&L $-2.90 < $5.00 | Failed H2 P&L ($-256 < $20) | Low Recent Momentum: last 5 trades P&L=$-54 | Walk-Forward OOS: Sharpe=-1.70, P&L=$-84.58 | Low Recent Cointegration: ADF p=0.257 > 0.2 | Low Recent Correlation: ρ=0.16 < 0.65

  FTV / IEX:
    ✗  REJECTED: Failed Split-Half
       Live z=-2.90 LONG | BT: 27 trades, WR 59%, PF 1.08x, P&L $+15
       Gates: PF 1.08x < 1.3x | P&L $+15.43 ≤ $50 | Sharpe +0.12 < 0.5 | Sortino +0.14 < 0.5 | Avg P&L $+0.57 < $5.00 | Failed H1 P&L ($-26 < $20) | Low Recent Momentum: last 5 trades P&L=$-13 | Low Recent Cointegration: ADF p=0.645 > 0.2

  AIZ / TFC:
    ✗  REJECTED: Correlation Breakdown
       Live z=-2.05 LONG | BT: 25 trades, WR 40%, PF 0.40x, P&L $-180
       Gates: WR 40.0% < 50.0% | PF 0.40x < 1.3x | P&L $-180.21 ≤ $50 | Sharpe -1.36 < 0.5 | Sortino -1.59 < 0.5 | Avg P&L $-7.21 < $5.00 | Failed H1 P&L ($-141 < $20) | Failed H2 P&L ($-39 < $20) | Low Recent Momentum: last 5 trades P&L=$-51 | Walk-Forward OOS: Sharpe=-0.37, P&L=$-18.75 | Low Recent Correlation: ρ=0.54 < 0.65

  ALL / IBKR:
    ✗  REJECTED: Correlation Breakdown
       Live z=+2.55 SHORT | BT: 29 trades, WR 48%, PF 0.64x, P&L $-193
       Gates: WR 48.3% < 50.0% | PF 0.64x < 1.3x | P&L $-192.88 ≤ $50 | Sharpe -0.71 < 0.5 | Max DD $-275 < $-200 | Sortino -0.88 < 0.5 | Avg P&L $-6.65 < $5.00 | Failed H1 P&L ($-238 < $20) | Low Recent Momentum: last 5 trades P&L=$-28 | Walk-Forward OOS: Sharpe=-0.34, P&L=$-35.78 | Low Recent Cointegration: ADF p=0.328 > 0.2 | Low Recent Correlation: ρ=-0.50 < 0.65

  COR / CVS:
    ✗  REJECTED: Correlation Breakdown
       Live z=-4.26 LONG | BT: 27 trades, WR 52%, PF 0.91x, P&L $-28
       Gates: PF 0.91x < 1.3x | P&L $-28.46 ≤ $50 | Sharpe -0.16 < 0.5 | Sortino -0.20 < 0.5 | Avg P&L $-1.05 < $5.00 | Failed H1 P&L ($-73 < $20) | Low Recent Cointegration: ADF p=0.238 > 0.2 | Low Recent Correlation: ρ=0.16 < 0.65

  J / URI:
    ✗  REJECTED: Correlation Breakdown
       Live z=-2.04 LONG | BT: 33 trades, WR 52%, PF 0.79x, P&L $-79
       Gates: PF 0.79x < 1.3x | P&L $-78.96 ≤ $50 | Sharpe -0.43 < 0.5 | Max DD $-233 < $-200 | Sortino -0.66 < 0.5 | Avg P&L $-2.39 < $5.00 | Failed H2 P&L ($-100 < $20) | Low Recent Momentum: last 5 trades P&L=$-45 | Low Recent Correlation: ρ=0.37 < 0.65

  CHRW / LUV:
    ✗  REJECTED: Alpha Decay (Recent Trades)
       Live z=+2.57 SHORT | BT: 35 trades, WR 46%, PF 2.40x, P&L $+440
       Gates: WR 45.7% < 50.0% | Low Recent Momentum: last 5 trades P&L=$-7

  GS / STT:
    ✗  REJECTED: Failed Split-Half
       Live z=-2.27 LONG | BT: 34 trades, WR 26%, PF 0.55x, P&L $-105
       Gates: WR 26.5% < 50.0% | PF 0.55x < 1.3x | P&L $-104.61 ≤ $50 | Sharpe -1.04 < 0.5 | Sortino -1.61 < 0.5 | Avg P&L $-3.08 < $5.00 | Failed H1 P&L ($-9 < $20) | Failed H2 P&L ($-96 < $20) | Walk-Forward OOS: Sharpe=-0.93, P&L=$-39.11 | Low Recent Cointegration: ADF p=0.458 > 0.2

  BF-B / CAG:
    ✗  REJECTED: Correlation Breakdown
       Live z=-2.58 LONG | BT: 31 trades, WR 48%, PF 1.89x, P&L $+233
       Gates: WR 48.4% < 50.0% | Low Recent Momentum: last 5 trades P&L=$-1 | Walk-Forward OOS: Sharpe=-0.67, P&L=$-32.29 | Low Recent Correlation: ρ=0.51 < 0.65

  AME / PH:
    ✗  REJECTED: Failed Split-Half
       Live z=+2.22 SHORT | BT: 30 trades, WR 43%, PF 0.34x, P&L $-140
       Gates: WR 43.3% < 50.0% | PF 0.34x < 1.3x | P&L $-139.95 ≤ $50 | Sharpe -1.50 < 0.5 | Sortino -1.52 < 0.5 | Avg P&L $-4.66 < $5.00 | Failed H1 P&L ($-19 < $20) | Failed H2 P&L ($-121 < $20) | Low Recent Momentum: last 5 trades P&L=$-48 | Walk-Forward OOS: Sharpe=-1.86, P&L=$-68.45 | Low Recent Cointegration: ADF p=0.738 > 0.2

  FITB / USB:
    ✗  REJECTED: Failed Split-Half
       Live z=-2.79 LONG | BT: 29 trades, WR 31%, PF 0.63x, P&L $-50
       Gates: WR 31.0% < 50.0% | PF 0.63x < 1.3x | P&L $-49.89 ≤ $50 | Sharpe -0.72 < 0.5 | Sortino -1.07 < 0.5 | Avg P&L $-1.72 < $5.00 | Failed H2 P&L ($-86 < $20) | Low Recent Momentum: last 5 trades P&L=$-38 | Walk-Forward OOS: Sharpe=-1.56, P&L=$-25.39 | Low Recent Cointegration: ADF p=0.415 > 0.2

  HBAN / NDAQ:
    ✗  REJECTED: Correlation Breakdown
       Live z=-2.59 LONG | BT: 33 trades, WR 52%, PF 1.21x, P&L $+63
       Gates: PF 1.21x < 1.3x | Sharpe +0.27 < 0.5 | Sortino +0.33 < 0.5 | Avg P&L $+1.91 < $5.00 | Low Recent Cointegration: ADF p=0.678 > 0.2 | Low Recent Correlation: ρ=0.38 < 0.65

  ALLE / LDOS:
    ✗  REJECTED: Correlation Breakdown
       Live z=-2.16 LONG | BT: 39 trades, WR 49%, PF 1.43x, P&L $+126
       Gates: WR 48.7% < 50.0% | Avg P&L $+3.24 < $5.00 | Walk-Forward OOS: Sharpe=-0.03, P&L=$-1.93 | Low Recent Correlation: ρ=0.49 < 0.65

  AZO / DASH:
    ✗  REJECTED: Correlation Breakdown
       Live z=-3.24 LONG | BT: 30 trades, WR 37%, PF 0.47x, P&L $-382
       Gates: WR 36.7% < 50.0% | PF 0.47x < 1.3x | P&L $-381.67 ≤ $50 | Sharpe -1.10 < 0.5 | Max DD $-517 < $-200 | Sortino -1.17 < 0.5 | Avg P&L $-12.72 < $5.00 | Failed H2 P&L ($-414 < $20) | Low Recent Momentum: last 5 trades P&L=$-216 | Walk-Forward OOS: Sharpe=-2.38, P&L=$-327.03 | Low Recent Cointegration: ADF p=0.550 > 0.2 | Low Recent Correlation: ρ=-0.41 < 0.65

  LDOS / NSC:
    ✗  REJECTED: Correlation Breakdown
       Live z=-2.21 LONG | BT: 34 trades, WR 41%, PF 0.45x, P&L $-248
       Gates: WR 41.2% < 50.0% | PF 0.45x < 1.3x | P&L $-247.81 ≤ $50 | Sharpe -1.46 < 0.5 | Max DD $-222 < $-200 | Sortino -1.99 < 0.5 | Avg P&L $-7.29 < $5.00 | Failed H1 P&L ($-181 < $20) | Failed H2 P&L ($-66 < $20) | Low Recent Momentum: last 5 trades P&L=$-17 | Low Recent Cointegration: ADF p=0.458 > 0.2 | Low Recent Correlation: ρ=-0.52 < 0.65

  CPB / GIS:
    ✗  REJECTED: Failed Split-Half
       Live z=-2.17 LONG | BT: 32 trades, WR 41%, PF 0.91x, P&L $-16
       Gates: WR 40.6% < 50.0% | PF 0.91x < 1.3x | P&L $-16.29 ≤ $50 | Sharpe -0.14 < 0.5 | Sortino -0.25 < 0.5 | Avg P&L $-0.51 < $5.00 | Failed H1 P&L ($-45 < $20) | Low Recent Momentum: last 5 trades P&L=$-5

  PNC / RF:
    ✗  REJECTED: Failed Split-Half
       Live z=+2.62 SHORT | BT: 35 trades, WR 37%, PF 0.96x, P&L $-5
       Gates: WR 37.1% < 50.0% | PF 0.96x < 1.3x | P&L $-4.73 ≤ $50 | Sharpe -0.07 < 0.5 | Sortino -0.13 < 0.5 | Avg P&L $-0.14 < $5.00 | Failed H2 P&L ($-32 < $20) | Low Recent Momentum: last 5 trades P&L=$-58 | Walk-Forward OOS: Sharpe=-0.63, P&L=$-18.09 | Low Recent Cointegration: ADF p=0.398 > 0.2

  CMI / LUV:
    ✗  REJECTED: Failed Split-Half
       Live z=+3.08 SHORT | BT: 36 trades, WR 42%, PF 0.67x, P&L $-224
       Gates: WR 41.7% < 50.0% | PF 0.67x < 1.3x | P&L $-223.53 ≤ $50 | Sharpe -0.71 < 0.5 | Max DD $-291 < $-200 | Sortino -0.97 < 0.5 | Avg P&L $-6.21 < $5.00 | Failed H1 P&L ($-26 < $20) | Failed H2 P&L ($-198 < $20)

  ESS / UDR:
    ✗  REJECTED: Correlation Breakdown
       Live z=-3.19 LONG | BT: 30 trades, WR 33%, PF 1.01x, P&L $+1
       Gates: WR 33.3% < 50.0% | PF 1.01x < 1.3x | P&L $+1.11 ≤ $50 | Sharpe +0.01 < 0.5 | Sortino +0.02 < 0.5 | Avg P&L $+0.04 < $5.00 | Failed H1 P&L ($+13 < $20) | Failed H2 P&L ($-12 < $20) | Low Recent Momentum: last 5 trades P&L=$-40 | Walk-Forward OOS: Sharpe=-0.28, P&L=$-8.69 | Low Recent Cointegration: ADF p=0.570 > 0.2 | Low Recent Correlation: ρ=0.25 < 0.65

  DASH / ORLY:
    ✗  REJECTED: Correlation Breakdown
       Live z=-3.54 LONG | BT: 28 trades, WR 46%, PF 1.09x, P&L $+39
       Gates: WR 46.4% < 50.0% | PF 1.09x < 1.3x | P&L $+39.04 ≤ $50 | Sharpe +0.13 < 0.5 | Max DD $-260 < $-200 | Sortino +0.21 < 0.5 | Avg P&L $+1.39 < $5.00 | Failed H1 P&L ($-28 < $20) | Low Recent Cointegration: ADF p=0.301 > 0.2 | Low Recent Correlation: ρ=0.08 < 0.65

  ADBE / HPQ:
    ✗  REJECTED: Failed Split-Half
       Live z=-2.19 LONG | BT: 34 trades, WR 53%, PF 0.95x, P&L $-17
       Gates: PF 0.95x < 1.3x | P&L $-16.93 ≤ $50 | Sharpe -0.08 < 0.5 | Sortino -0.08 < 0.5 | Avg P&L $-0.50 < $5.00 | Failed H1 P&L ($-216 < $20) | Low Recent Momentum: last 5 trades P&L=$-4 | Low Recent Cointegration: ADF p=0.981 > 0.2

  MTD / TMO:
    ✗  REJECTED: Failed Split-Half
       Live z=-2.06 LONG | BT: 33 trades, WR 33%, PF 0.46x, P&L $-136
       Gates: WR 33.3% < 50.0% | PF 0.46x < 1.3x | P&L $-136.11 ≤ $50 | Sharpe -1.16 < 0.5 | Sortino -1.70 < 0.5 | Avg P&L $-4.12 < $5.00 | Failed H1 P&L ($-38 < $20) | Failed H2 P&L ($-98 < $20) | Low Recent Momentum: last 5 trades P&L=$-33 | Walk-Forward OOS: Sharpe=-3.25, P&L=$-108.55 | Low Recent Cointegration: ADF p=0.421 > 0.2

  AMCR / IFF:
    ✗  REJECTED: Failed Split-Half
       Live z=-3.65 LONG | BT: 28 trades, WR 29%, PF 0.57x, P&L $-128
       Gates: WR 28.6% < 50.0% | PF 0.57x < 1.3x | P&L $-127.87 ≤ $50 | Sharpe -0.99 < 0.5 | Sortino -1.83 < 0.5 | Avg P&L $-4.57 < $5.00 | Failed H1 P&L ($-29 < $20) | Failed H2 P&L ($-99 < $20) | Low Recent Momentum: last 5 trades P&L=$-32 | Walk-Forward OOS: Sharpe=-3.30, P&L=$-58.47 | Low Recent Cointegration: ADF p=0.919 > 0.2

  TFC / USB:
    ✗  REJECTED: Failed Split-Half
       Live z=-2.68 LONG | BT: 27 trades, WR 41%, PF 1.67x, P&L $+66
       Gates: WR 40.7% < 50.0% | Avg P&L $+2.44 < $5.00 | Failed H2 P&L ($-7 < $20) | Low Recent Momentum: last 5 trades P&L=$-21 | Low Recent Cointegration: ADF p=0.738 > 0.2

  AME / CHRW:
    ✗  REJECTED: Failed Split-Half
       Live z=+3.19 SHORT | BT: 33 trades, WR 39%, PF 1.29x, P&L $+99
       Gates: WR 39.4% < 50.0% | PF 1.29x < 1.3x | Sharpe +0.46 < 0.5 | Avg P&L $+3.01 < $5.00 | Failed H1 P&L ($-84 < $20) | Low Recent Cointegration: ADF p=0.674 > 0.2

  FISV / MRSH:
    ✗  REJECTED: Correlation Breakdown
       Live z=-2.35 LONG | BT: 37 trades, WR 46%, PF 1.22x, P&L $+79
       Gates: WR 45.9% < 50.0% | PF 1.22x < 1.3x | Sharpe +0.27 < 0.5 | Avg P&L $+2.14 < $5.00 | Failed H1 P&L ($-46 < $20) | Low Recent Momentum: last 5 trades P&L=$-6 | Low Recent Cointegration: ADF p=0.611 > 0.2 | Low Recent Correlation: ρ=0.56 < 0.65

  AME / CAT:
    ✗  REJECTED: Failed Split-Half
       Live z=+2.11 SHORT | BT: 27 trades, WR 44%, PF 0.49x, P&L $-203
       Gates: WR 44.4% < 50.0% | PF 0.49x < 1.3x | P&L $-202.91 ≤ $50 | Sharpe -1.01 < 0.5 | Max DD $-206 < $-200 | Sortino -1.16 < 0.5 | Avg P&L $-7.52 < $5.00 | Failed H1 P&L ($-76 < $20) | Failed H2 P&L ($-127 < $20) | Low Recent Momentum: last 5 trades P&L=$-94 | Walk-Forward OOS: Sharpe=-2.21, P&L=$-180.59 | Low Recent Cointegration: ADF p=0.341 > 0.2

  BAX / CI:
    ✗  REJECTED: Failed Split-Half
       Live z=-2.13 LONG | BT: 38 trades, WR 42%, PF 0.54x, P&L $-188
       Gates: WR 42.1% < 50.0% | PF 0.54x < 1.3x | P&L $-187.69 ≤ $50 | Sharpe -0.95 < 0.5 | Max DD $-224 < $-200 | Sortino -1.05 < 0.5 | Avg P&L $-4.94 < $5.00 | Failed H1 P&L ($-14 < $20) | Failed H2 P&L ($-173 < $20) | Low Recent Momentum: last 5 trades P&L=$-62 | Walk-Forward OOS: Sharpe=-0.91, P&L=$-82.72

  IQV / TMO:
    ✗  REJECTED: Failed Split-Half
       Live z=+2.58 SHORT | BT: 33 trades, WR 21%, PF 0.23x, P&L $-206
       Gates: WR 21.2% < 50.0% | PF 0.23x < 1.3x | P&L $-205.76 ≤ $50 | Sharpe -2.33 < 0.5 | Max DD $-248 < $-200 | Sortino -2.70 < 0.5 | Avg P&L $-6.24 < $5.00 | Failed H1 P&L ($-80 < $20) | Failed H2 P&L ($-125 < $20) | Walk-Forward OOS: Sharpe=-1.01, P&L=$-20.62 | Low Recent Cointegration: ADF p=0.519 > 0.2

  AMP / APO:
    ✗  REJECTED: Correlation Breakdown
       Live z=-2.70 LONG | BT: 31 trades, WR 35%, PF 0.73x, P&L $-97
       Gates: WR 35.5% < 50.0% | PF 0.73x < 1.3x | P&L $-96.63 ≤ $50 | Sharpe -0.56 < 0.5 | Max DD $-223 < $-200 | Sortino -0.88 < 0.5 | Avg P&L $-3.12 < $5.00 | Failed H1 P&L ($-143 < $20) | Low Recent Correlation: ρ=0.57 < 0.65

  GRMN / RCL:
    ✗  REJECTED: Correlation Breakdown
       Live z=+2.42 SHORT | BT: 31 trades, WR 42%, PF 0.51x, P&L $-261
       Gates: WR 41.9% < 50.0% | PF 0.51x < 1.3x | P&L $-261.08 ≤ $50 | Sharpe -1.00 < 0.5 | Max DD $-294 < $-200 | Sortino -1.25 < 0.5 | Avg P&L $-8.42 < $5.00 | Failed H1 P&L ($-61 < $20) | Failed H2 P&L ($-200 < $20) | Low Recent Momentum: last 5 trades P&L=$-33 | Walk-Forward OOS: Sharpe=-3.37, P&L=$-135.70 | Low Recent Cointegration: ADF p=0.719 > 0.2 | Low Recent Correlation: ρ=0.32 < 0.65

  F / ULTA:
    ✗  REJECTED: Correlation Breakdown
       Live z=-2.73 LONG | BT: 33 trades, WR 42%, PF 0.95x, P&L $-28
       Gates: WR 42.4% < 50.0% | PF 0.95x < 1.3x | P&L $-28.38 ≤ $50 | Sharpe -0.10 < 0.5 | Max DD $-228 < $-200 | Sortino -0.17 < 0.5 | Avg P&L $-0.86 < $5.00 | Failed H1 P&L ($+2 < $20) | Failed H2 P&L ($-30 < $20) | Low Recent Momentum: last 5 trades P&L=$-35 | Low Recent Cointegration: ADF p=0.737 > 0.2 | Low Recent Correlation: ρ=0.61 < 0.65

  HAS / ULTA:
    ✗  REJECTED: Failed Split-Half
       Live z=+2.23 SHORT | BT: 30 trades, WR 33%, PF 1.11x, P&L $+32
       Gates: WR 33.3% < 50.0% | PF 1.11x < 1.3x | P&L $+32.11 ≤ $50 | Sharpe +0.19 < 0.5 | Sortino +0.35 < 0.5 | Avg P&L $+1.07 < $5.00 | Failed H1 P&L ($-83 < $20)

  AMP / MET:
    ✗  REJECTED: Correlation Breakdown
       Live z=-2.37 LONG | BT: 32 trades, WR 47%, PF 1.92x, P&L $+134
       Gates: WR 46.9% < 50.0% | Avg P&L $+4.19 < $5.00 | Low Recent Cointegration: ADF p=0.287 > 0.2 | Low Recent Correlation: ρ=0.57 < 0.65

  IEX / UPS:
    ✗  REJECTED: Failed Split-Half
       Live z=+3.41 SHORT | BT: 38 trades, WR 45%, PF 1.18x, P&L $+47
       Gates: WR 44.7% < 50.0% | PF 1.18x < 1.3x | P&L $+47.14 ≤ $50 | Sharpe +0.32 < 0.5 | Avg P&L $+1.24 < $5.00 | Failed H2 P&L ($-23 < $20) | Low Recent Momentum: last 5 trades P&L=$-21 | Walk-Forward OOS: Sharpe=-1.55, P&L=$-55.06 | Low Recent Cointegration: ADF p=0.455 > 0.2


  ✓ system_log.csv updated (0 diamond, 52 rejected)

  ════════════════════════════════════════════════════════════
    DAILY RESULTS  (Standard + Split-Half + ADF90 + Momentum)
  ════════════════════════════════════════════════════════════
    Pairs scanned   : 150
    No live signal  : 98
    Download errors : 0
    ◆ Diamond       : 0
    ✗ Rejected      : 52

  No diamond signals today.

  ── Rejected (52 pairs: had live signal, failed regime gates) ──
    ✗   KLAC/STX     SHORT  z=+2.62  WR=43%  PF=0.73x  P&L=$-126
    ✗      J/PNR      LONG  z=-2.20  WR=34%  PF=0.42x  P&L=$-222
    ✗    EME/NSC     SHORT  z=+2.14  WR=31%  PF=0.93x  P&L=$-22
    ✗    AME/LUV     SHORT  z=+2.00  WR=23%  PF=0.42x  P&L=$-418
    ✗   AMZN/CCL      LONG  z=-2.22  WR=50%  PF=0.65x  P&L=$-182
    ✗   AMZN/TSLA     LONG  z=-2.22  WR=33%  PF=0.82x  P&L=$-131
    ✗   AMZN/WSM      LONG  z=-2.28  WR=50%  PF=1.47x  P&L=$+174
    ✗    COO/RVTY     LONG  z=-2.52  WR=27%  PF=0.37x  P&L=$-321
    ✗    NVR/MHK      LONG  z=-2.57  WR=50%  PF=0.87x  P&L=$-38
    ✗     IR/UPS     SHORT  z=+2.03  WR=67%  PF=4.51x  P&L=$+361
    ✗     HD/NCLH     LONG  z=-2.49  WR=45%  PF=0.86x  P&L=$-59
    ✗    CPT/ESS      LONG  z=-2.89  WR=26%  PF=0.27x  P&L=$-156
    ✗    BAX/MOH      LONG  z=-2.50  WR=55%  PF=0.81x  P&L=$-116
    ✗    JPM/NDAQ     LONG  z=-2.05  WR=33%  PF=0.18x  P&L=$-320
    ✗    EQR/UDR      LONG  z=-2.59  WR=37%  PF=0.61x  P&L=$-44
    ✗    ADI/LRCX     LONG  z=-2.42  WR=31%  PF=0.42x  P&L=$-453
    ✗   LDOS/URI      LONG  z=-2.35  WR=35%  PF=0.45x  P&L=$-323
    ✗   ABBV/CVS      LONG  z=-2.64  WR=42%  PF=0.85x  P&L=$-75
    ✗    FTV/IEX      LONG  z=-2.90  WR=59%  PF=1.08x  P&L=$+15
    ✗    AIZ/TFC      LONG  z=-2.05  WR=40%  PF=0.40x  P&L=$-180
    ✗    ALL/IBKR    SHORT  z=+2.55  WR=48%  PF=0.64x  P&L=$-193
    ✗    COR/CVS      LONG  z=-4.26  WR=52%  PF=0.91x  P&L=$-28
    ✗      J/URI      LONG  z=-2.04  WR=52%  PF=0.79x  P&L=$-79
    ✗   CHRW/LUV     SHORT  z=+2.57  WR=46%  PF=2.40x  P&L=$+440
    ✗     GS/STT      LONG  z=-2.27  WR=26%  PF=0.55x  P&L=$-105
    ✗   BF-B/CAG      LONG  z=-2.58  WR=48%  PF=1.89x  P&L=$+233
    ✗    AME/PH      SHORT  z=+2.22  WR=43%  PF=0.34x  P&L=$-140
    ✗   FITB/USB      LONG  z=-2.79  WR=31%  PF=0.63x  P&L=$-50
    ✗   HBAN/NDAQ     LONG  z=-2.59  WR=52%  PF=1.21x  P&L=$+63
    ✗   ALLE/LDOS     LONG  z=-2.16  WR=49%  PF=1.43x  P&L=$+126
    ✗    AZO/DASH     LONG  z=-3.24  WR=37%  PF=0.47x  P&L=$-382
    ✗   LDOS/NSC      LONG  z=-2.21  WR=41%  PF=0.45x  P&L=$-248
    ✗    CPB/GIS      LONG  z=-2.17  WR=41%  PF=0.91x  P&L=$-16
    ✗    PNC/RF      SHORT  z=+2.62  WR=37%  PF=0.96x  P&L=$-5
    ✗    CMI/LUV     SHORT  z=+3.08  WR=42%  PF=0.67x  P&L=$-224
    ✗    ESS/UDR      LONG  z=-3.19  WR=33%  PF=1.01x  P&L=$+1
    ✗   DASH/ORLY     LONG  z=-3.54  WR=46%  PF=1.09x  P&L=$+39
    ✗   ADBE/HPQ      LONG  z=-2.19  WR=53%  PF=0.95x  P&L=$-17
    ✗    MTD/TMO      LONG  z=-2.06  WR=33%  PF=0.46x  P&L=$-136
    ✗   AMCR/IFF      LONG  z=-3.65  WR=29%  PF=0.57x  P&L=$-128
    ✗    TFC/USB      LONG  z=-2.68  WR=41%  PF=1.67x  P&L=$+66
    ✗    AME/CHRW    SHORT  z=+3.19  WR=39%  PF=1.29x  P&L=$+99
    ✗   FISV/MRSH     LONG  z=-2.35  WR=46%  PF=1.22x  P&L=$+79
    ✗    AME/CAT     SHORT  z=+2.11  WR=44%  PF=0.49x  P&L=$-203
    ✗    BAX/CI       LONG  z=-2.13  WR=42%  PF=0.54x  P&L=$-188
    ✗    IQV/TMO     SHORT  z=+2.58  WR=21%  PF=0.23x  P&L=$-206
    ✗    AMP/APO      LONG  z=-2.70  WR=35%  PF=0.73x  P&L=$-97
    ✗   GRMN/RCL     SHORT  z=+2.42  WR=42%  PF=0.51x  P&L=$-261
    ✗      F/ULTA     LONG  z=-2.73  WR=42%  PF=0.95x  P&L=$-28
    ✗    HAS/ULTA    SHORT  z=+2.23  WR=33%  PF=1.11x  P&L=$+32
    ✗    AMP/MET      LONG  z=-2.37  WR=47%  PF=1.92x  P&L=$+134
    ✗    IEX/UPS     SHORT  z=+3.41  WR=45%  PF=1.18x  P&L=$+47

  Log     → C:\Users\User\Desktop\adf bot\logs\2026-03-20_193540.log
  Journal → C:\Users\User\Desktop\adf bot\system_log.csv
  Errors  → C:\Users\User\Desktop\adf bot\error.log

