
  ╔══════════════════════════════════════════════════════════════╗
  ║     ADF TRADING SYSTEM  — Daily Orchestration               ║
  ║     2026-06-20 03:33:56                                        ║
  ╚══════════════════════════════════════════════════════════════╝

  ── System Health ──────────────────────────────
    Data Source      : ● OFFLINE
    Pairs Loaded     : 0
    Scanner Age      : N/A
    System Log       : Exists
    Error Log        : error.log
    Strategy         : z_entry=2.0 | z_exit=0.0 | z_stop=3.0 | hold<=20d
    Quality Gates    : WR>55.0% | PF>1.5x | P&L>$0
    Regime Gates     : Split-Half | ADF-90d | Recent Momentum
  ──────────────────────────────────────────────────

  --- PHASE 0b — Momentum Portfolio Update ---

  No momentum positions closed today.

  -- Momentum Portfolio ---------------------------------------
    Open positions : 3 / 5
    Realized P&L   : $+0.00
    Total trades   : 0
    Consec. losses : 0

    TICKER     DIR    ENTRY     PEAK     STOP   TARGET  DAYS
    -------- ----- -------- -------- -------- -------- -----
    AMAT      LONG $ 552.64 $ 617.11 $ 497.91 $ 690.77     8
    STLD      LONG $ 279.55 $ 282.76 $    nan $ 322.14     8
    INTC      LONG $ 124.57 $ 133.99 $ 102.83 $ 170.91     7
  -------------------------------------------------------------

  --- PHASE 0d --- Earnings Portfolio Update ---

  No earnings positions closed today.

  -- Earnings Module Portfolio --------------------------------
    Open positions : 0 / 5
    Realized P&L   : $-37.60
    Total trades   : 10
    Live win rate  : 40.0%
    Consec. losses : 0
  -------------------------------------------------------------


  -- Earnings Performance Report -----------------------------
    Closed trades      : 10
    Total net P&L      : $-37.58
    Live win rate      : 40.0%
    Hist beat rate avg : 85.0%
    Live avg P&L       : $-3.76
    Avg win            : $+42.17
    Avg loss           : $-34.38
    Profit factor      : 0.82
    Avg hold (days)    : 7.7
    Live Sharpe        : -0.44
    Best trade         : $+78.20
    Worst trade        : $-77.17
    Max consec. losses : 4
    Max drawdown       : $-167.35
    Exit breakdown:
      post_earnings    :  10 trades  P&L=$-37.58
    Verdict            : Edge degrading -- review
  -------------------------------------------------------------

  Excel Tracker: updating paper_trades.xlsx ...
    Open positions: 3  |  Newly closed: 0
    File: C:\Users\User\Desktop\adf bot\paper_trades.xlsx

  --- Global Risk Assessment ---


  -- Global Risk Manager --------------------------------------
    Status             : [OK]  ALLOW
    Capital deployed   : $  839.41  / $8000
    Open positions     :   3  / 15
    Long  exposure     : $  839.41  (100.0%)
    Short exposure     : $    0.00  (0.0%)
    Realized P&L       : $-37.58
    Unrealized P&L     : $+0.00  (estimated at cost)
    Combined drawdown  : $-63.63  (freeze: $-2000, liq: $-3500)
    Peak combined P&L  : $+26.05

    MODULE        OPEN    CAPITAL     LONG    SHORT
    ------------ ----- ---------- -------- --------
    pairs            0 $     0.00 $   0.00 $   0.00
    momentum         3 $   839.41 $ 839.41 $   0.00
    bear             0 $     0.00 $   0.00 $   0.00
    earnings         0 $     0.00 $   0.00 $   0.00
    shock            0 $     0.00 $   0.00 $   0.00
  -------------------------------------------------------------

  Pairs module disabled.

  --- PHASE 3 — Momentum Strategy ---

------------------------------------------------------------
  MOMENTUM SCANNER
  Run date : 2026-06-20
------------------------------------------------------------

[STEP 1] Building universe ...
[STEP 1] Scraped 503 S&P 500 tickers + sectors from Wikipedia.
[STEP 1b] Scraped 101 Nasdaq-100 tickers + sectors from Wikipedia.
  [SCAN] Universe: 515 unique tickers (S&P 500 + Nasdaq-100).

[STEP 2] Downloading OHLCV data ...
  [SCAN] Downloading OHLCV for 515 tickers (2021-06-21 -> 2026-06-20) in batches of 50 ...
  [DATA] Batch 1/11 (50 tickers) ... OK (50 cols)
  [DATA] Batch 2/11 (50 tickers) ... OK (50 cols)
  [DATA] Batch 3/11 (50 tickers) ... OK (50 cols)
  [DATA] Batch 4/11 (50 tickers) ... OK (50 cols)
  [DATA] Batch 5/11 (50 tickers) ... OK (50 cols)
  [DATA] Batch 6/11 (50 tickers) ... OK (50 cols)
  [DATA] Batch 7/11 (50 tickers) ... OK (50 cols)
  [DATA] Batch 8/11 (50 tickers) ... OK (50 cols)
  [DATA] Batch 9/11 (50 tickers) ... OK (50 cols)
  [DATA] Batch 10/11 (50 tickers) ... OK (50 cols)
  [DATA] Batch 11/11 (15 tickers) ... OK (15 cols)

[STEP 3] Cleaning data ...
[STEP 3] Dropped 10 tickers (>10% missing).  Remaining: 504 tickers.

  [DATA] 504 tickers after cleaning.

[STEP 4] Checking market regime ...
  [REGIME] Fetching S&P 500 and VIX data ...
  [REGIME] S&P 500 price=7420.1  EMA50=7298.6  EMA200=6878.7  above_200EMA=Y
  [REGIME] VIX=16.78  scale=1.00  -> BULL

[STEP 5] Computing blended momentum scores ...
  [SCAN] Momentum scores computed for 504 tickers.

[STEP 6] Computing technical indicators ...
  [SCAN] Technical indicators computed for 504 tickers.

[STEP 7] Merging candidates ...
  [SCAN] 504 candidates before entry filters.

[STEP 8] Applying entry filters ...
  [FILTER] price >= 10.0: removed 1 (503 remain)
  [FILTER] avg_vol_20d >= 500,000: removed 19 (484 remain)
  [FILTER] top 10% mom_score: removed 435 (49 remain)
  [FILTER] 52w_high_pct >= 0.9: removed 15 (34 remain)
  [FILTER] vol_ratio >= 0.9: removed 4 (30 remain)
  [FILTER] RSI in [50, 80]: removed 3 (27 remain)
  [FILTER] ADX >= 20: removed 12 (15 remain)
  [FILTER] 504 -> 15 after all filters.

  [SCAN] Exported 15 candidates -> C:\Users\User\Desktop\adf bot\momentum_candidates.csv

------------------------------------------------------------
  MOMENTUM SCAN COMPLETE
  Regime   : BULL
  VIX      : 16.780000686645508
  VIX scale: 1.00
  Candidates passed: 15

  Top 5 momentum candidates:
  Ticker   Sector                        MomScore    RSI    ADX
  -------  ---------------------------  --------- ------ ------
  INTC     Information Technology           2.119   64.2   23.8
  WDC      Information Technology           1.892   78.0   35.8
  STX      Information Technology           1.853   74.1   38.6
  MU       Information Technology           1.833   66.4   33.7
  ON       Information Technology           1.260   54.7   23.3
------------------------------------------------------------
  [REGIME] Fetching S&P 500 and VIX data ...
  [REGIME] S&P 500 price=7420.1  EMA50=7298.6  EMA200=6878.7  above_200EMA=Y
  [REGIME] VIX=16.78  scale=1.00  -> BULL
  [MOM-SIG] Processing 15 momentum candidates ...
  ------------------------------------------------------------
    [DIAMOND]   INTC  mom=+2.012  WR=43%  PF=1.29x  P&L=$+30  Sharpe=+0.47
    [REJECT]    MRVL  oos_sharpe
    [REJECT]     TXN  min_trades, oos_pnl, oos_sharpe
    [REJECT]    FFIV  oos_pnl, oos_sharpe
    [REJECT]    CASY  min_trades
    [REJECT]    FTNT  min_trades, profit_factor, total_pnl, sharpe, avg_gain_loss, oos_pnl, oos_sharpe
    [DIAMOND]   CSCO  mom=+0.553  WR=57%  PF=3.18x  P&L=$+105  Sharpe=+1.64
  ------------------------------------------------------------
  [MOM-SIG] Results: 2 diamonds, 5 rejected, 8 no signal, 0 errors

  ============================================================
    MOMENTUM RESULTS
  ============================================================
    Candidates      : 15
    No live signal  : 8
    Errors          : 0
    * Mom Diamond   : 2
    x Rejected      : 5

  -- MOMENTUM DIAMONDS --
    TICKER        MOM    WR%      PF        P&L   SHARPE
    -------- -------- ------ ------- ---------- --------
  * INTC       +2.012  42.9%   1.29x $  +30.09   +0.47
  * CSCO       +0.553  57.1%   3.18x $ +104.90   +1.64

  Momentum trades logged (1):
    + CSCO  LONG  [20260620_CSCO]
  Skipped 1 — correlated with open position(s)

  -- Momentum Rejected (5) --
    x   MRVL  oos_sharpe
    x    TXN  min_trades, oos_pnl, oos_sharpe
    x   FFIV  oos_pnl, oos_sharpe
    x   CASY  min_trades
    x   FTNT  min_trades, profit_factor, total_pnl, sharpe, avg_gain_loss, oos_pnl, oos_sharpe

  --- PHASE 5 --- Earnings Strategy ---


  [Earnings Signal] Scanning for earnings within 5 days ...

  [Earnings Scanner] Fetching calendar 2026-06-20 -> 2026-06-25 ...
[STEP 1] Scraped 503 S&P 500 tickers + sectors from Wikipedia.
[STEP 1b] Scraped 101 Nasdaq-100 tickers + sectors from Wikipedia.
  [Earnings Scanner] 2 calendar entries -> 2 in universe
  [Earnings Scanner] 2 candidates with quality data.
    x CCL      FAIL  eps_trend declining
    x FDX      FAIL  backtest: win_rate, profit_factor, sharpe, total_pnl

  [Earnings Signal] Verified: 0  |  Rejected: 2


  ============================================================
    EARNINGS STRATEGY RESULTS
  ============================================================
    Verified signals : 0
    Rejected         : 2


  -- Earnings Rejected (2) --
    x    CCL  eps_trend declining
    x    FDX  win_rate, profit_factor, sharpe, total_pnl

  Log     → C:\Users\User\Desktop\adf bot\logs\2026-06-20_033356.log
  Journal → C:\Users\User\Desktop\adf bot\system_log.csv
  Errors  → C:\Users\User\Desktop\adf bot\error.log

