
  ╔══════════════════════════════════════════════════════════════╗
  ║     PAIRS TRADING SYSTEM — Daily Orchestration              ║
  ║     2026-02-24 20:02:52                                        ║
  ╚══════════════════════════════════════════════════════════════╝

  ── System Health ──────────────────────────────
    Data Source      : ● ONLINE
    Pairs Loaded     : 100
    Scanner Age      : 0d old
    System Log       : Exists
    Error Log        : error.log
    Strategy         : z_entry=2.0 | z_exit=0.0 | z_stop=3.0 | hold<=30d
    Quality Gates    : WR>55.0% | PF>1.3x | P&L>$0
    Regime Gates     : Split-Half | ADF-90d | Recent Momentum
  ──────────────────────────────────────────────────


  ═══ PHASE 1 — Refreshing Candidates (nightly_scanner) ═══


╔══════════════════════════════════════════════════════════════╗
║  NIGHTLY SCANNER v2 — Cointegration + Sector Filtering      ║
║  Run : 2026-02-24 20:03:02                                ║
╚══════════════════════════════════════════════════════════════╝

[STEP 1] Scraped 503 S&P 500 tickers + sectors from Wikipedia.

[STEP 2] Downloading 503 tickers  (2024-02-25 → 2026-02-24) in batches of 50 …
  Batch 1/11  (50 tickers) … OK  (50 cols)
  Batch 2/11  (50 tickers) … OK  (50 cols)
  Batch 3/11  (50 tickers) … OK  (50 cols)
  Batch 4/11  (50 tickers) … OK  (50 cols)
  Batch 5/11  (50 tickers) … OK  (50 cols)
  Batch 6/11  (50 tickers) … OK  (50 cols)
  Batch 7/11  (50 tickers) … OK  (50 cols)
  Batch 8/11  (50 tickers) … OK  (50 cols)
  Batch 9/11  (50 tickers) … OK  (50 cols)
  Batch 10/11  (50 tickers) … OK  (50 cols)
  Batch 11/11  (3 tickers) … OK  (3 cols)
[STEP 2] Raw price matrix: 500 days × 503 tickers.

[STEP 3] Dropped 2 tickers (>10% missing).  Remaining: 499 tickers.

[STEP 4] Same-sector correlation pre-filter …
         Same-sector pairs with ρ ≥ 0.8: 1746

[STEP 5] Running Engle-Granger cointegration on 1746 pairs …
         … 200/1746
         … 400/1746
         … 600/1746
         … 800/1746
         … 1000/1746
         … 1200/1746
         … 1400/1746
         … 1600/1746
         Tested: 1746  |  Cointegrated (p < 0.05): 214

[STEP 6] Saved → daily_candidates.csv  (100 rows)

  Top 10 Preview:
  ------------------------------------------------------------------------
       APD / IP      Sector: Materials                     ρ=0.880  coint p=0.0003
      KLAC / STX     Sector: Information Technology        ρ=0.966  coint p=0.0003
       ATO / XEL     Sector: Utilities                     ρ=0.981  coint p=0.0004
       LNT / XEL     Sector: Utilities                     ρ=0.975  coint p=0.0006
      CBOE / HIG     Sector: Financials                    ρ=0.942  coint p=0.0006
      ABBV / MDT     Sector: Health Care                   ρ=0.914  coint p=0.0008
       PPL / WEC     Sector: Utilities                     ρ=0.986  coint p=0.0012
        NI / XEL     Sector: Utilities                     ρ=0.975  coint p=0.0013
       BAC / MS      Sector: Financials                    ρ=0.979  coint p=0.0013
        DG / DLTR    Sector: Consumer Staples              ρ=0.945  coint p=0.0016

  ⚠  NOTE: Universe is current S&P 500 constituents.
     Historical backtest results may exhibit survivorship bias.


  ✓ Scanner completed.

  --scan-only set. Stopping here.

