
  ╔══════════════════════════════════════════════════════════════╗
  ║     PAIRS TRADING SYSTEM — Daily Orchestration              ║
  ║     2026-03-24 12:59:47                                        ║
  ╚══════════════════════════════════════════════════════════════╝

  ── System Health ──────────────────────────────
    Data Source      : ● OFFLINE
    Pairs Loaded     : 0
    Scanner Age      : 0d old
    System Log       : Exists
    Error Log        : error.log
    Strategy         : z_entry=2.0 | z_exit=0.0 | z_stop=3.0 | hold<=30d
    Quality Gates    : WR>50.0% | PF>1.3x | P&L>$0
    Regime Gates     : Split-Half | ADF-90d | Recent Momentum
  ──────────────────────────────────────────────────

  ═══ PHASE 0 — Portfolio Update ═══

  No positions closed today.

  -- Live Portfolio -------------------------------------------
    No open positions.

    Positions open   : 0 / 10
    Total live P&L   : $+0.00
    Peak P&L         : $+0.00
    System drawdown  : $+0.00  (limit $-1500)
  ------------------------------------------------------------

  ═══ PHASE 1 — Refreshing Candidates (nightly_scanner) ═══


╔══════════════════════════════════════════════════════════════╗
║  NIGHTLY SCANNER v2 — Cointegration + Sector Filtering      ║
║  Run : 2026-03-24 12:59:52                                ║
╚══════════════════════════════════════════════════════════════╝

[STEP 1] Scraped 503 S&P 500 tickers + sectors from Wikipedia.
[STEP 1b] Using hardcoded list of 67 Nasdaq-100 tickers.
[STEP 1] Using hardcoded list of 366 tickers with sectors.
[STEP 1c] Skipped 20 removed tickers (no sector resolved): ['DAY', 'SOLS', 'K', 'IPG', 'MKTX', 'WBA', 'HES', 'ANSS', 'JNPR', 'DFS']...
[STEP 1] Historical constituents: 503 current + 14 historical = 517 total tickers.
[STEP 1b] Scraped 101 Nasdaq-100 tickers + sectors from Wikipedia.
[STEP 1b] Combined universe: 531 unique tickers (S&P 500 + Nasdaq-100).


[STEP 2] Downloading 531 tickers  (2024-03-24 → 2026-03-24) in batches of 50 …
  Batch 1/11  (50 tickers) … OK  (50 cols)
  Batch 2/11  (50 tickers) … OK  (50 cols)
  Batch 3/11  (50 tickers) … OK  (50 cols)
  Batch 4/11  (50 tickers) … OK  (50 cols)
  Batch 5/11  (50 tickers) … OK  (50 cols)
  Batch 6/11  (50 tickers) … OK  (50 cols)
  Batch 7/11  (50 tickers) … OK  (50 cols)
  Batch 8/11  (50 tickers) … OK  (50 cols)
  Batch 9/11  (50 tickers) … OK  (50 cols)
  Batch 10/11  (50 tickers) … OK  (50 cols)
  Batch 11/11  (31 tickers) … OK  (31 cols)
[STEP 2] Raw price matrix: 500 days × 531 tickers.

[STEP 3] Dropped 2 tickers (>10% missing).  Remaining: 526 tickers.

[STEP 4] Same-sector correlation pre-filter …
         Same-sector pairs with ρ ≥ 0.8: 1697

[STEP 5] Running Engle-Granger cointegration on 1697 pairs …
         … 200/1697
         … 400/1697
         … 600/1697
         … 800/1697
         … 1000/1697
         … 1200/1697
         … 1400/1697
         … 1600/1697
         Tested: 1697  |  Cointegrated (p < 0.05): 212

[STEP 5b] Half-life filter (max 30 days) ...
         Before: 212 | Dropped (HL > 30d): 2 | Remaining: 210
         Half-life range: 5.7 - 28.2 days  (median: 14.1)

[STEP 6] Saved → daily_candidates.csv  (150 rows)

  Top 10 Preview:
  ------------------------------------------------------------------------
       ALL / GL      Sector: Financials                 p=0.0000  HL=5.7d
      KLAC / STX     Sector: Information Technology     p=0.0002  HL=9.1d
       PPL / WEC     Sector: Utilities                  p=0.0002  HL=8.3d
      GILD / DGX     Sector: Health Care                p=0.0002  HL=8.4d
       HWM / JCI     Sector: Industrials                p=0.0002  HL=15.5d
         J / PNR     Sector: Industrials                p=0.0006  HL=12.1d
       DTE / DUK     Sector: Utilities                  p=0.0011  HL=11.4d
      CDNS / MSFT    Sector: Information Technology     p=0.0016  HL=9.9d
       AME / CMI     Sector: Industrials                p=0.0017  HL=10.4d
       EME / NSC     Sector: Industrials                p=0.0017  HL=10.6d

  NOTE: Universe includes historical S&P 500 constituents (survivorship bias reduced). + Nasdaq-100.


  ✓ Scanner completed.

  ═══ PHASE 2 — Master Signal (live + backtest) ═══


╔══════════════════════════════════════════════════════════════╗
║  MASTER SIGNAL v3 — Audit-Fixed Verification Engine         ║
║  Run : 2026-03-24 13:00:36                                  ║
╚══════════════════════════════════════════════════════════════╝

  Loaded 150 pairs from daily_candidates.csv
  Strategy: β=60d | z=20d | Entry |z|>2.0 | Exit z→0.0 | Stop |z|>3.0 | Hold≤30d
  Quality gates: WR>50.0% | PF>1.3x | P&L>$0
  Slippage: 0.10% on notional (entry+exit, both legs) | Capital: $1,000/trade
  Execution: 1-bar delay (signal@close → trade@next close)


  !!!!!!!!!!!!!!!!!!!!!!!!!!!!!!!!!!!!!!!!!!!!!!!!!!!!!!!!!!!!
  ⚠  VIX REGIME BLOCK: 27.1 > 25.0
  Signals shown but flagged BLOCKED. No new entries advised.
  !!!!!!!!!!!!!!!!!!!!!!!!!!!!!!!!!!!!!!!!!!!!!!!!!!!!!!!!!!!!

  [1/150]        ALL / GL  —  No signal  (|z| = 0.68)
  [2/150]      KLAC / STX  ⚡ z=+2.44 SHORT  →  ✗ REJECTED
  [3/150]       PPL / WEC  —  No signal  (|z| = 0.51)
  [4/150]      GILD / DGX  —  No signal  (|z| = 1.23)
  [5/150]       HWM / JCI  —  No signal  (|z| = 0.79)
  [6/150]         J / PNR  —  No signal  (|z| = 1.85)
  [7/150]       DTE / DUK  —  No signal  (|z| = 1.83)
  [8/150]     CDNS / MSFT  —  No signal  (|z| = 0.90)
  [9/150]       AME / CMI  —  No signal  (|z| = 1.50)
  [10/150]       EME / NSC  ⚡ z=+2.43 SHORT  →  ✗ REJECTED
  [11/150]       AME / LUV  ⚡ z=+2.00 SHORT  →  ✗ REJECTED
  [12/150]      AMZN / CCL  —  No signal  (|z| = 1.92)
  [13/150]      ABBV / MDT  ⚡ z=-2.44  LONG  →  ✗ REJECTED
  [14/150]      FITB / USB  ⚡ z=-2.20  LONG  →  ✗ REJECTED
  [15/150]     ADSK / PANW  —  No signal  (|z| = 1.29)
  [16/150]       GL / NDAQ  —  No signal  (|z| = 0.63)
  [17/150]      COO / RVTY  ⚡ z=-2.14  LONG  →  ✗ REJECTED
  [18/150]      CBOE / HIG  —  No signal  (|z| = 0.21)
  [19/150]      CBOE / TRV  —  No signal  (|z| = 0.84)
  [20/150]      AMZN / WSM  ⚡ z=-2.61  LONG  →  ✗ REJECTED
  [21/150]      BF-B / KHC  —  No signal  (|z| = 1.72)
  [22/150]       GL / IBKR  —  No signal  (|z| = 0.85)
  [23/150]     GOOGL / WBD  —  No signal  (|z| = 0.88)
  [24/150]      GOOG / WBD  —  No signal  (|z| = 1.11)
  [25/150]       ALL / CME  —  No signal  (|z| = 1.01)
  [26/150]       ESS / MAA  —  No signal  (|z| = 0.52)
  [27/150]     AMZN / TSLA  ⚡ z=-2.55  LONG  →  ✗ REJECTED
  [28/150]       CEG / NRG  —  No signal  (|z| = 0.33)
  [29/150]          BK / L  —  No signal  (|z| = 1.25)
  [30/150]       ADM / HSY  —  No signal  (|z| = 1.41)
  [31/150]        IR / UPS  ⚡ z=+2.62 SHORT  →  ✗ REJECTED
  [32/150]       NVR / MHK  ⚡ z=-2.16  LONG  →  ✗ REJECTED
  [33/150]      BF-B / STZ  ⚡ z=-2.44  LONG  →  ✗ REJECTED
  [34/150]        NI / PPL  —  No signal  (|z| = 0.90)
  [35/150]       PSX / VLO  —  No signal  (|z| = 0.30)
  [36/150]      BRK-B / GL  —  No signal  (|z| = 1.56)
  [37/150]         ES / FE  —  No signal  (|z| = 0.28)
  [38/150]        KEY / RF  —  No signal  (|z| = 0.45)
  [39/150]       CPT / ESS  ⚡ z=-3.19  LONG  →  ✗ REJECTED
  [40/150]        ADI / MU  —  No signal  (|z| = 1.18)
  [41/150]        MS / STT  —  No signal  (|z| = 1.36)
  [42/150]       CMI / LUV  ⚡ z=+2.57 SHORT  →  ✗ REJECTED
  [43/150]      INTC / TER  ⚡ z=+2.45 SHORT  →  ✗ REJECTED
  [44/150]       COR / CVS  ⚡ z=-4.15  LONG  →  ✗ REJECTED
  [45/150]       HD / NCLH  ⚡ z=-3.87  LONG  →  ✗ REJECTED
  [46/150]       BAX / MOH  ⚡ z=-2.63  LONG  →  ✗ REJECTED
  [47/150]       CMS / DUK  —  No signal  (|z| = 1.10)
  [48/150]      LDOS / URI  ⚡ z=-2.09  LONG  →  ✗ REJECTED
  [49/150]       ADI / STX  —  No signal  (|z| = 1.80)
  [50/150]      NTRS / STT  —  No signal  (|z| = 0.52)
  [51/150]      JPM / NDAQ  —  No signal  (|z| = 1.66)
  [52/150]       EQR / UDR  ⚡ z=-3.51  LONG  →  ✗ REJECTED
  [53/150]        CI / ELV  —  No signal  (|z| = 1.60)
  [54/150]      ABBV / CVS  ⚡ z=-3.48  LONG  →  ✗ REJECTED
  [55/150]      ALL / CBOE  —  No signal  (|z| = 1.14)
  [56/150]      COF / NDAQ  —  No signal  (|z| = 1.50)
  [57/150]        CBOE / L  —  No signal  (|z| = 0.45)
  [58/150]       ADI / WDC  —  No signal  (|z| = 0.86)
  [59/150]      ADSK / GEN  —  No signal  (|z| = 1.76)
  [60/150]      ADI / LRCX  —  No signal  (|z| = 1.74)
  [61/150]        ALL / BK  —  No signal  (|z| = 0.87)
  [62/150]       ABT / BSX  —  No signal  (|z| = 0.83)
  [63/150]       DG / DLTR  —  No signal  (|z| = 0.01)
  [64/150]       IR / ODFL  —  No signal  (|z| = 0.91)
  [65/150]      CHRW / LUV  —  No signal  (|z| = 1.88)
  [66/150]      ALL / NDAQ  —  No signal  (|z| = 1.39)
  [67/150]        BLK / GL  —  No signal  (|z| = 1.35)
  [68/150]      CHRW / CAT  —  No signal  (|z| = 1.45)
  [69/150]      ATO / EVRG  —  No signal  (|z| = 1.53)
  [70/150]       AXP / BAC  —  No signal  (|z| = 0.52)
  [71/150]       AIZ / TFC  ⚡ z=-2.11  LONG  →  ✗ REJECTED
  [72/150]       FTV / IEX  ⚡ z=-2.73  LONG  →  ✗ REJECTED
  [73/150]      CSX / HUBB  —  No signal  (|z| = 1.89)
  [74/150]      CHRW / CMI  —  No signal  (|z| = 0.84)
  [75/150]       INTC / MU  —  No signal  (|z| = 0.41)
  [76/150]      ANET / HPE  ⚡ z=-3.10  LONG  →  ✗ REJECTED
  [77/150]        GS / STT  —  No signal  (|z| = 1.89)
  [78/150]       FCX / NUE  —  No signal  (|z| = 1.93)
  [79/150]         J / URI  —  No signal  (|z| = 1.89)
  [80/150]      ALL / CINF  —  No signal  (|z| = 1.60)
  [81/150]       CMS / PPL  —  No signal  (|z| = 1.44)
  [82/150]     HBAN / NDAQ  ⚡ z=-2.13  LONG  →  ✗ REJECTED
  [83/150]       AEE / PPL  —  No signal  (|z| = 1.00)
  [84/150]      DOV / JBHT  —  No signal  (|z| = 1.90)
  [85/150]     FISV / MRSH  —  No signal  (|z| = 1.91)
  [86/150]       LNT / ATO  —  No signal  (|z| = 1.47)
  [87/150]         DE / WM  —  No signal  (|z| = 1.64)
  [88/150]        BAC / MS  —  No signal  (|z| = 1.29)
  [89/150]      IEX / ODFL  —  No signal  (|z| = 0.98)
  [90/150]        APD / IP  ⚡ z=+2.51 SHORT  →  ✗ REJECTED
  [91/150]        GL / WFC  —  No signal  (|z| = 0.09)
  [92/150]      ALL / IBKR  ⚡ z=+2.22 SHORT  →  ✗ REJECTED
  [93/150]     ALLE / LDOS  ⚡ z=-2.05  LONG  →  ✗ REJECTED
  [94/150]        AME / PH  —  No signal  (|z| = 1.92)
  [95/150]       ESS / UDR  ⚡ z=-3.83  LONG  →  ✗ REJECTED
  [96/150]        BK / TRV  —  No signal  (|z| = 1.49)
  [97/150]       LUV / WAB  —  No signal  (|z| = 0.81)
  [98/150]      MTB / NDAQ  ⚡ z=-2.20  LONG  →  ✗ REJECTED
  [99/150]       CVS / MCK  —  No signal  (|z| = 1.25)
  [100/150]        COF / GL  —  No signal  (|z| = 1.34)
  [101/150]       CPB / GIS  —  No signal  (|z| = 1.56)
  [102/150]        PNC / RF  ⚡ z=+2.08 SHORT  →  ✗ REJECTED
  [103/150]       TFC / USB  ⚡ z=-2.17  LONG  →  ✗ REJECTED
  [104/150]          GS / L  —  No signal  (|z| = 1.19)
  [105/150]       ATO / XEL  —  No signal  (|z| = 1.61)
  [106/150]       LNT / DUK  —  No signal  (|z| = 1.10)
  [107/150]      INTC / WDC  ⚡ z=+2.41 SHORT  →  ✗ REJECTED
  [108/150]      CINF / STT  —  No signal  (|z| = 0.45)
  [109/150]     CIEN / KEYS  —  No signal  (|z| = 0.61)
  [110/150]           C / L  —  No signal  (|z| = 1.25)
  [111/150]        GL / TRV  —  No signal  (|z| = 1.60)
  [112/150]      LYV / META  —  No signal  (|z| = 0.76)
  [113/150]        BAX / CI  ⚡ z=-2.91  LONG  →  ✗ REJECTED
  [114/150]      AME / CHRW  ⚡ z=+2.82 SHORT  →  ✗ REJECTED
  [115/150]       ALL / JPM  —  No signal  (|z| = 1.23)
  [116/150]     IBKR / NTRS  —  No signal  (|z| = 1.02)
  [117/150]        AEE / NI  —  No signal  (|z| = 0.82)
  [118/150]      AMCR / IFF  ⚡ z=-3.10  LONG  →  ✗ REJECTED
  [119/150]       MTD / TMO  —  No signal  (|z| = 1.68)
  [120/150]       IFF / EMN  —  No signal  (|z| = 0.33)
  [121/150]      IBKR / WFC  —  No signal  (|z| = 1.74)
  [122/150]       KEY / USB  —  No signal  (|z| = 0.95)
  [123/150]      IBKR / JPM  ⚡ z=-2.03  LONG  →  ✗ REJECTED
  [124/150]       AMP / APO  ⚡ z=-2.23  LONG  →  ✗ REJECTED
  [125/150]        F / ULTA  ⚡ z=-2.23  LONG  →  ✗ REJECTED
  [126/150]      HBAN / RJF  —  No signal  (|z| = 1.65)
  [127/150]       AME / CAT  —  No signal  (|z| = 1.95)
  [128/150]      GRMN / RCL  ⚡ z=+2.04 SHORT  →  ✗ REJECTED
  [129/150]      ADBE / HPQ  —  No signal  (|z| = 1.88)
  [130/150]      NEM / STLD  —  No signal  (|z| = 1.09)
  [131/150]      AMAT / TER  ⚡ z=+3.02 SHORT  →  ✗ REJECTED
  [132/150]       PNC / USB  —  No signal  (|z| = 1.92)
  [133/150]      AZO / DASH  ⚡ z=-3.42  LONG  →  ✗ REJECTED
  [134/150]      NDAQ / WFC  —  No signal  (|z| = 1.52)
  [135/150]     INTC / LRCX  —  No signal  (|z| = 1.03)
  [136/150]        AVY / CE  ⚡ z=+2.90 SHORT  →  ✗ REJECTED
  [137/150]      AVGO / TEL  —  No signal  (|z| = 1.08)
  [138/150]       BAX / ZTS  ⚡ z=-2.15  LONG  →  ✗ REJECTED
  [139/150]       AMP / MET  ⚡ z=-2.03  LONG  →  ✗ REJECTED
  [140/150]     DASH / ORLY  ⚡ z=-3.76  LONG  →  ✗ REJECTED
  [141/150]      RVTY / UNH  ⚡ z=-2.20  LONG  →  ✗ REJECTED
  [142/150]     AMZN / CVNA  —  No signal  (|z| = 1.13)
  [143/150]       PFG / USB  —  No signal  (|z| = 0.23)
  [144/150]      BF-B / CAG  ⚡ z=-2.29  LONG  →  ✗ REJECTED
  [145/150]       CRL / IQV  ⚡ z=-2.22  LONG  →  ✗ REJECTED
  [146/150]       IQV / TMO  ⚡ z=+2.25 SHORT  →  ✗ REJECTED
  [147/150]       ALL / STT  —  No signal  (|z| = 0.42)
  [148/150]       HON / WAB  —  No signal  (|z| = 1.19)
  [149/150]      FOXA / TKO  —  No signal  (|z| = 0.69)
  [150/150]      BF-B / CPB  —  No signal  (|z| = 1.74)


════════════════════════════════════════════════════════════════
  SCAN COMPLETE
════════════════════════════════════════════════════════════════
  Pairs scanned   : 150
  No live signal  : 101
  Download errors : 0
  Signals found   : 49
    ◆ Diamond     : 0
    ✗ Rejected    : 49
════════════════════════════════════════════════════════════════

  No diamond signals today.


  ── Rejected Signals (had live z, failed backtest) ──

  KLAC / STX:
    ✗  REJECTED: Failed Split-Half
       Live z=+2.44 SHORT | BT: 30 trades, WR 40%, PF 0.66x, P&L $-163
       Gates: WR 40.0% < 50.0% | PF 0.66x < 1.3x | P&L $-163.06 ≤ $50 | Sharpe -0.80 < 0.5 | Max DD $-265 < $-200 | Sortino -1.22 < 0.5 | Avg P&L $-5.44 < $5.00 | Failed H1 P&L ($-2 < $20) | Failed H2 P&L ($-161 < $20) | Low Recent Momentum: last 5 trades P&L=$-186 | Walk-Forward OOS: Sharpe=-6.00, P&L=$-264.73 | Low Recent Cointegration: ADF p=0.226 > 0.2

  EME / NSC:
    ✗  REJECTED: Failed Split-Half
       Live z=+2.43 SHORT | BT: 27 trades, WR 30%, PF 0.91x, P&L $-31
       Gates: WR 29.6% < 50.0% | PF 0.91x < 1.3x | P&L $-31.01 ≤ $50 | Sharpe -0.14 < 0.5 | Sortino -0.25 < 0.5 | Avg P&L $-1.15 < $5.00 | Failed H2 P&L ($-90 < $20) | Low Recent Momentum: last 5 trades P&L=$-105 | Walk-Forward OOS: Sharpe=-1.42, P&L=$-86.24 | Low Recent Cointegration: ADF p=0.299 > 0.2

  AME / LUV:
    ✗  REJECTED: Failed Split-Half
       Live z=+2.00 SHORT | BT: 36 trades, WR 25%, PF 0.43x, P&L $-416
       Gates: WR 25.0% < 50.0% | PF 0.43x < 1.3x | P&L $-416.19 ≤ $50 | Sharpe -1.48 < 0.5 | Max DD $-568 < $-200 | Sortino -2.17 < 0.5 | Avg P&L $-11.56 < $5.00 | Failed H1 P&L ($-275 < $20) | Failed H2 P&L ($-141 < $20)

  ABBV / MDT:
    ✗  REJECTED: Correlation Breakdown
       Live z=-2.44 LONG | BT: 25 trades, WR 52%, PF 0.69x, P&L $-69
       Gates: PF 0.69x < 1.3x | P&L $-68.86 ≤ $50 | Sharpe -0.55 < 0.5 | Sortino -0.68 < 0.5 | Avg P&L $-2.75 < $5.00 | Failed H1 P&L ($+11 < $20) | Failed H2 P&L ($-80 < $20) | Low Recent Momentum: last 5 trades P&L=$-67 | Walk-Forward OOS: Sharpe=-0.73, P&L=$-31.25 | Low Recent Correlation: ρ=0.24 < 0.65

  FITB / USB:
    ✗  REJECTED: Failed Split-Half
       Live z=-2.20 LONG | BT: 29 trades, WR 38%, PF 0.80x, P&L $-25
       Gates: WR 37.9% < 50.0% | PF 0.80x < 1.3x | P&L $-24.51 ≤ $50 | Sharpe -0.35 < 0.5 | Sortino -0.50 < 0.5 | Avg P&L $-0.85 < $5.00 | Failed H2 P&L ($-67 < $20) | Low Recent Momentum: last 5 trades P&L=$-21 | Walk-Forward OOS: Sharpe=-0.44, P&L=$-8.23 | Low Recent Cointegration: ADF p=0.317 > 0.2

  COO / RVTY:
    ✗  REJECTED: Correlation Breakdown
       Live z=-2.14 LONG | BT: 37 trades, WR 27%, PF 0.36x, P&L $-333
       Gates: WR 27.0% < 50.0% | PF 0.36x < 1.3x | P&L $-332.51 ≤ $50 | Sharpe -1.70 < 0.5 | Max DD $-341 < $-200 | Sortino -2.33 < 0.5 | Avg P&L $-8.99 < $5.00 | Failed H1 P&L ($-264 < $20) | Failed H2 P&L ($-69 < $20) | Low Recent Momentum: last 5 trades P&L=$-100 | Walk-Forward OOS: Sharpe=-2.54, P&L=$-176.13 | Low Recent Cointegration: ADF p=0.403 > 0.2 | Low Recent Correlation: ρ=0.59 < 0.65

  AMZN / WSM:
    ✗  REJECTED: Correlation Breakdown
       Live z=-2.61 LONG | BT: 35 trades, WR 49%, PF 1.45x, P&L $+169
       Gates: WR 48.6% < 50.0% | Avg P&L $+4.82 < $5.00 | Failed H2 P&L ($-53 < $20) | Low Recent Momentum: last 5 trades P&L=$-109 | Walk-Forward OOS: Sharpe=-0.87, P&L=$-74.53 | Low Recent Cointegration: ADF p=0.375 > 0.2 | Low Recent Correlation: ρ=-0.08 < 0.65

  AMZN / TSLA:
    ✗  REJECTED: Correlation Breakdown
       Live z=-2.55 LONG | BT: 33 trades, WR 33%, PF 0.83x, P&L $-128
       Gates: WR 33.3% < 50.0% | PF 0.83x < 1.3x | P&L $-128.02 ≤ $50 | Sharpe -0.27 < 0.5 | Max DD $-523 < $-200 | Sortino -0.50 < 0.5 | Avg P&L $-3.88 < $5.00 | Failed H2 P&L ($-389 < $20) | Walk-Forward OOS: Sharpe=-1.74, P&L=$-231.85 | Low Recent Cointegration: ADF p=0.978 > 0.2 | Low Recent Correlation: ρ=0.51 < 0.65

  IR / UPS:
    ✗  REJECTED: Failed Cointegration / ADF
       Live z=+2.62 SHORT | BT: 34 trades, WR 68%, PF 4.53x, P&L $+363
       Gates: Low Recent Momentum: last 5 trades P&L=$-26 | Walk-Forward OOS: Sharpe=-0.53, P&L=$-13.01 | Low Recent Cointegration: ADF p=0.761 > 0.2

  NVR / MHK:
    ✗  REJECTED: Failed Split-Half
       Live z=-2.16 LONG | BT: 29 trades, WR 52%, PF 0.85x, P&L $-42
       Gates: PF 0.85x < 1.3x | P&L $-42.46 ≤ $50 | Sharpe -0.30 < 0.5 | Sortino -0.41 < 0.5 | Avg P&L $-1.46 < $5.00 | Failed H1 P&L ($-15 < $20) | Failed H2 P&L ($-27 < $20) | Walk-Forward OOS: Sharpe=-0.31, P&L=$-15.13 | Low Recent Cointegration: ADF p=0.318 > 0.2

  BF-B / STZ:
    ✗  REJECTED: Correlation Breakdown
       Live z=-2.44 LONG | BT: 43 trades, WR 51%, PF 0.90x, P&L $-46
       Gates: PF 0.90x < 1.3x | P&L $-46.16 ≤ $50 | Sharpe -0.20 < 0.5 | Max DD $-208 < $-200 | Sortino -0.23 < 0.5 | Avg P&L $-1.07 < $5.00 | Failed H1 P&L ($+9 < $20) | Failed H2 P&L ($-55 < $20) | Low Recent Momentum: last 5 trades P&L=$-208 | Walk-Forward OOS: Sharpe=-2.11, P&L=$-185.69 | Low Recent Cointegration: ADF p=0.508 > 0.2 | Low Recent Correlation: ρ=0.05 < 0.65

  CPT / ESS:
    ✗  REJECTED: Correlation Breakdown
       Live z=-3.19 LONG | BT: 31 trades, WR 26%, PF 0.27x, P&L $-156
       Gates: WR 25.8% < 50.0% | PF 0.27x < 1.3x | P&L $-156.11 ≤ $50 | Sharpe -2.17 < 0.5 | Sortino -2.48 < 0.5 | Avg P&L $-5.04 < $5.00 | Failed H1 P&L ($-96 < $20) | Failed H2 P&L ($-60 < $20) | Low Recent Momentum: last 5 trades P&L=$-34 | Walk-Forward OOS: Sharpe=-1.20, P&L=$-24.62 | Low Recent Cointegration: ADF p=0.364 > 0.2 | Low Recent Correlation: ρ=0.56 < 0.65

  CMI / LUV:
    ✗  REJECTED: Failed Split-Half
       Live z=+2.57 SHORT | BT: 37 trades, WR 41%, PF 0.67x, P&L $-227
       Gates: WR 40.5% < 50.0% | PF 0.67x < 1.3x | P&L $-227.43 ≤ $50 | Sharpe -0.72 < 0.5 | Max DD $-291 < $-200 | Sortino -0.98 < 0.5 | Avg P&L $-6.15 < $5.00 | Failed H1 P&L ($-26 < $20) | Failed H2 P&L ($-202 < $20) | Low Recent Momentum: last 5 trades P&L=$-23

  INTC / TER:
    ✗  REJECTED: Failed Split-Half
       Live z=+2.45 SHORT | BT: 32 trades, WR 31%, PF 0.47x, P&L $-536
       Gates: WR 31.2% < 50.0% | PF 0.47x < 1.3x | P&L $-535.65 ≤ $50 | Sharpe -1.26 < 0.5 | Max DD $-617 < $-200 | Sortino -1.83 < 0.5 | Avg P&L $-16.74 < $5.00 | Failed H1 P&L ($+19 < $20) | Failed H2 P&L ($-554 < $20) | Low Recent Momentum: last 5 trades P&L=$-205 | Walk-Forward OOS: Sharpe=-2.63, P&L=$-327.39

  COR / CVS:
    ✗  REJECTED: Correlation Breakdown
       Live z=-4.15 LONG | BT: 28 trades, WR 50%, PF 0.89x, P&L $-35
       Gates: PF 0.89x < 1.3x | P&L $-35.10 ≤ $50 | Sharpe -0.19 < 0.5 | Sortino -0.24 < 0.5 | Avg P&L $-1.25 < $5.00 | Failed H1 P&L ($-73 < $20) | Low Recent Cointegration: ADF p=0.237 > 0.2 | Low Recent Correlation: ρ=0.28 < 0.65

  HD / NCLH:
    ✗  REJECTED: Correlation Breakdown
       Live z=-3.87 LONG | BT: 32 trades, WR 44%, PF 0.83x, P&L $-76
       Gates: WR 43.8% < 50.0% | PF 0.83x < 1.3x | P&L $-75.81 ≤ $50 | Sharpe -0.31 < 0.5 | Max DD $-243 < $-200 | Sortino -0.46 < 0.5 | Avg P&L $-2.37 < $5.00 | Failed H2 P&L ($-113 < $20) | Low Recent Momentum: last 5 trades P&L=$-41 | Walk-Forward OOS: Sharpe=-0.08, P&L=$-3.71 | Low Recent Cointegration: ADF p=0.583 > 0.2 | Low Recent Correlation: ρ=0.53 < 0.65

  BAX / MOH:
    ✗  REJECTED: Correlation Breakdown
       Live z=-2.63 LONG | BT: 32 trades, WR 56%, PF 0.80x, P&L $-119
       Gates: PF 0.80x < 1.3x | P&L $-119.41 ≤ $50 | Sharpe -0.37 < 0.5 | Max DD $-328 < $-200 | Sortino -0.46 < 0.5 | Avg P&L $-3.73 < $5.00 | Failed H2 P&L ($-284 < $20) | Low Recent Momentum: last 5 trades P&L=$-22 | Walk-Forward OOS: Sharpe=-0.97, P&L=$-63.72 | Low Recent Cointegration: ADF p=0.684 > 0.2 | Low Recent Correlation: ρ=0.27 < 0.65

  LDOS / URI:
    ✗  REJECTED: Correlation Breakdown
       Live z=-2.09 LONG | BT: 42 trades, WR 33%, PF 0.43x, P&L $-341
       Gates: WR 33.3% < 50.0% | PF 0.43x < 1.3x | P&L $-341.42 ≤ $50 | Sharpe -1.58 < 0.5 | Max DD $-318 < $-200 | Sortino -1.92 < 0.5 | Avg P&L $-8.13 < $5.00 | Failed H1 P&L ($-141 < $20) | Failed H2 P&L ($-200 < $20) | Low Recent Momentum: last 5 trades P&L=$-105 | Walk-Forward OOS: Sharpe=-3.54, P&L=$-138.16 | Low Recent Cointegration: ADF p=0.846 > 0.2 | Low Recent Correlation: ρ=0.47 < 0.65

  EQR / UDR:
    ✗  REJECTED: Failed Split-Half
       Live z=-3.51 LONG | BT: 30 trades, WR 40%, PF 0.65x, P&L $-38
       Gates: WR 40.0% < 50.0% | PF 0.65x < 1.3x | P&L $-37.86 ≤ $50 | Sharpe -0.76 < 0.5 | Sortino -1.41 < 0.5 | Avg P&L $-1.26 < $5.00 | Failed H1 P&L ($-35 < $20) | Failed H2 P&L ($-3 < $20) | Low Recent Momentum: last 5 trades P&L=$-2 | Walk-Forward OOS: Sharpe=-0.34, P&L=$-5.78 | Low Recent Cointegration: ADF p=0.502 > 0.2

  ABBV / CVS:
    ✗  REJECTED: Correlation Breakdown
       Live z=-3.48 LONG | BT: 26 trades, WR 42%, PF 0.86x, P&L $-69
       Gates: WR 42.3% < 50.0% | PF 0.86x < 1.3x | P&L $-69.13 ≤ $50 | Sharpe -0.26 < 0.5 | Max DD $-255 < $-200 | Sortino -0.45 < 0.5 | Avg P&L $-2.66 < $5.00 | Failed H2 P&L ($-255 < $20) | Low Recent Momentum: last 5 trades P&L=$-53 | Walk-Forward OOS: Sharpe=-1.67, P&L=$-83.72 | Low Recent Cointegration: ADF p=0.324 > 0.2 | Low Recent Correlation: ρ=0.31 < 0.65

  AIZ / TFC:
    ✗  REJECTED: Correlation Breakdown
       Live z=-2.11 LONG | BT: 25 trades, WR 44%, PF 0.40x, P&L $-181
       Gates: WR 44.0% < 50.0% | PF 0.40x < 1.3x | P&L $-181.01 ≤ $50 | Sharpe -1.35 < 0.5 | Sortino -1.56 < 0.5 | Avg P&L $-7.24 < $5.00 | Failed H1 P&L ($-143 < $20) | Failed H2 P&L ($-38 < $20) | Low Recent Momentum: last 5 trades P&L=$-40 | Walk-Forward OOS: Sharpe=-0.32, P&L=$-14.50 | Low Recent Correlation: ρ=0.56 < 0.65

  FTV / IEX:
    ✗  REJECTED: Failed Split-Half
       Live z=-2.73 LONG | BT: 28 trades, WR 57%, PF 1.03x, P&L $+7
       Gates: PF 1.03x < 1.3x | P&L $+6.63 ≤ $50 | Sharpe +0.05 < 0.5 | Sortino +0.06 < 0.5 | Avg P&L $+0.24 < $5.00 | Failed H1 P&L ($-27 < $20) | Low Recent Cointegration: ADF p=0.611 > 0.2

  ANET / HPE:
    ✗  REJECTED: Correlation Breakdown
       Live z=-3.10 LONG | BT: 35 trades, WR 37%, PF 0.33x, P&L $-534
       Gates: WR 37.1% < 50.0% | PF 0.33x < 1.3x | P&L $-534.31 ≤ $50 | Sharpe -1.91 < 0.5 | Max DD $-556 < $-200 | Sortino -2.08 < 0.5 | Avg P&L $-15.27 < $5.00 | Failed H1 P&L ($-319 < $20) | Failed H2 P&L ($-215 < $20) | Low Recent Momentum: last 5 trades P&L=$-126 | Walk-Forward OOS: Sharpe=-3.03, P&L=$-373.03 | Low Recent Cointegration: ADF p=0.798 > 0.2 | Low Recent Correlation: ρ=0.08 < 0.65

  HBAN / NDAQ:
    ✗  REJECTED: Correlation Breakdown
       Live z=-2.13 LONG | BT: 33 trades, WR 58%, PF 1.28x, P&L $+82
       Gates: PF 1.28x < 1.3x | Sharpe +0.35 < 0.5 | Sortino +0.40 < 0.5 | Avg P&L $+2.47 < $5.00 | Low Recent Cointegration: ADF p=0.700 > 0.2 | Low Recent Correlation: ρ=0.39 < 0.65

  APD / IP:
    ✗  REJECTED: Correlation Breakdown
       Live z=+2.51 SHORT | BT: 33 trades, WR 76%, PF 5.84x, P&L $+465
       Gates: Low Recent Cointegration: ADF p=0.390 > 0.2 | Low Recent Correlation: ρ=0.48 < 0.65

  ALL / IBKR:
    ✗  REJECTED: Correlation Breakdown
       Live z=+2.22 SHORT | BT: 30 trades, WR 50%, PF 0.65x, P&L $-190
       Gates: PF 0.65x < 1.3x | P&L $-189.81 ≤ $50 | Sharpe -0.70 < 0.5 | Max DD $-275 < $-200 | Sortino -0.86 < 0.5 | Avg P&L $-6.33 < $5.00 | Failed H1 P&L ($-246 < $20) | Low Recent Momentum: last 5 trades P&L=$-19 | Walk-Forward OOS: Sharpe=-0.23, P&L=$-24.95 | Low Recent Correlation: ρ=-0.50 < 0.65

  ALLE / LDOS:
    ✗  REJECTED: Correlation Breakdown
       Live z=-2.05 LONG | BT: 38 trades, WR 53%, PF 1.47x, P&L $+133
       Gates: Avg P&L $+3.49 < $5.00 | Low Recent Correlation: ρ=0.54 < 0.65

  ESS / UDR:
    ✗  REJECTED: Correlation Breakdown
       Live z=-3.83 LONG | BT: 31 trades, WR 35%, PF 1.03x, P&L $+3
       Gates: WR 35.5% < 50.0% | PF 1.03x < 1.3x | P&L $+2.78 ≤ $50 | Sharpe +0.04 < 0.5 | Sortino +0.06 < 0.5 | Avg P&L $+0.09 < $5.00 | Failed H1 P&L ($+13 < $20) | Failed H2 P&L ($-10 < $20) | Low Recent Momentum: last 5 trades P&L=$-11 | Walk-Forward OOS: Sharpe=-0.23, P&L=$-7.03 | Low Recent Cointegration: ADF p=0.617 > 0.2 | Low Recent Correlation: ρ=0.37 < 0.65

  MTB / NDAQ:
    ✗  REJECTED: Correlation Breakdown
       Live z=-2.20 LONG | BT: 36 trades, WR 44%, PF 0.87x, P&L $-39
       Gates: WR 44.4% < 50.0% | PF 0.87x < 1.3x | P&L $-39.05 ≤ $50 | Sharpe -0.21 < 0.5 | Sortino -0.30 < 0.5 | Avg P&L $-1.08 < $5.00 | Failed H1 P&L ($-30 < $20) | Failed H2 P&L ($-9 < $20) | Low Recent Cointegration: ADF p=0.487 > 0.2 | Low Recent Correlation: ρ=-0.08 < 0.65

  PNC / RF:
    ✗  REJECTED: Failed Split-Half
       Live z=+2.08 SHORT | BT: 35 trades, WR 34%, PF 0.91x, P&L $-11
       Gates: WR 34.3% < 50.0% | PF 0.91x < 1.3x | P&L $-10.73 ≤ $50 | Sharpe -0.16 < 0.5 | Sortino -0.30 < 0.5 | Avg P&L $-0.31 < $5.00 | Failed H2 P&L ($-32 < $20) | Low Recent Momentum: last 5 trades P&L=$-57 | Walk-Forward OOS: Sharpe=-0.61, P&L=$-17.84 | Low Recent Cointegration: ADF p=0.526 > 0.2

  TFC / USB:
    ✗  REJECTED: Failed Split-Half
       Live z=-2.17 LONG | BT: 27 trades, WR 44%, PF 1.78x, P&L $+75
       Gates: WR 44.4% < 50.0% | Avg P&L $+2.77 < $5.00 | Failed H2 P&L ($+2 < $20) | Low Recent Momentum: last 5 trades P&L=$-12 | Low Recent Cointegration: ADF p=0.563 > 0.2

  INTC / WDC:
    ✗  REJECTED: Failed Split-Half
       Live z=+2.41 SHORT | BT: 30 trades, WR 43%, PF 0.42x, P&L $-458
       Gates: WR 43.3% < 50.0% | PF 0.42x < 1.3x | P&L $-457.76 ≤ $50 | Sharpe -1.53 < 0.5 | Max DD $-463 < $-200 | Sortino -1.73 < 0.5 | Avg P&L $-15.26 < $5.00 | Failed H1 P&L ($-145 < $20) | Failed H2 P&L ($-313 < $20) | Low Recent Momentum: last 5 trades P&L=$-112 | Walk-Forward OOS: Sharpe=-2.42, P&L=$-244.58

  BAX / CI:
    ✗  REJECTED: Failed Split-Half
       Live z=-2.91 LONG | BT: 38 trades, WR 42%, PF 0.55x, P&L $-189
       Gates: WR 42.1% < 50.0% | PF 0.55x < 1.3x | P&L $-189.13 ≤ $50 | Sharpe -0.95 < 0.5 | Max DD $-224 < $-200 | Sortino -1.08 < 0.5 | Avg P&L $-4.98 < $5.00 | Failed H1 P&L ($-31 < $20) | Failed H2 P&L ($-159 < $20) | Low Recent Momentum: last 5 trades P&L=$-55 | Walk-Forward OOS: Sharpe=-0.68, P&L=$-62.44

  AME / CHRW:
    ✗  REJECTED: Failed Split-Half
       Live z=+2.82 SHORT | BT: 33 trades, WR 39%, PF 1.28x, P&L $+95
       Gates: WR 39.4% < 50.0% | PF 1.28x < 1.3x | Sharpe +0.44 < 0.5 | Avg P&L $+2.87 < $5.00 | Failed H1 P&L ($-73 < $20) | Walk-Forward OOS: Sharpe=-0.21, P&L=$-10.37 | Low Recent Cointegration: ADF p=0.710 > 0.2

  AMCR / IFF:
    ✗  REJECTED: Failed Split-Half
       Live z=-3.10 LONG | BT: 29 trades, WR 31%, PF 0.57x, P&L $-127
       Gates: WR 31.0% < 50.0% | PF 0.57x < 1.3x | P&L $-127.13 ≤ $50 | Sharpe -0.99 < 0.5 | Sortino -1.79 < 0.5 | Avg P&L $-4.38 < $5.00 | Failed H1 P&L ($-29 < $20) | Failed H2 P&L ($-98 < $20) | Low Recent Momentum: last 5 trades P&L=$-44 | Walk-Forward OOS: Sharpe=-4.21, P&L=$-66.60 | Low Recent Cointegration: ADF p=0.936 > 0.2

  IBKR / JPM:
    ✗  REJECTED: Correlation Breakdown
       Live z=-2.03 LONG | BT: 36 trades, WR 31%, PF 0.69x, P&L $-106
       Gates: WR 30.6% < 50.0% | PF 0.69x < 1.3x | P&L $-106.38 ≤ $50 | Sharpe -0.68 < 0.5 | Max DD $-246 < $-200 | Sortino -1.16 < 0.5 | Avg P&L $-2.95 < $5.00 | Failed H2 P&L ($-237 < $20) | Low Recent Momentum: last 5 trades P&L=$-25 | Walk-Forward OOS: Sharpe=-3.73, P&L=$-83.81 | Low Recent Correlation: ρ=0.07 < 0.65

  AMP / APO:
    ✗  REJECTED: Correlation Breakdown
       Live z=-2.23 LONG | BT: 31 trades, WR 39%, PF 0.77x, P&L $-82
       Gates: WR 38.7% < 50.0% | PF 0.77x < 1.3x | P&L $-82.29 ≤ $50 | Sharpe -0.47 < 0.5 | Max DD $-223 < $-200 | Sortino -0.75 < 0.5 | Avg P&L $-2.65 < $5.00 | Failed H1 P&L ($-143 < $20) | Low Recent Correlation: ρ=0.59 < 0.65

  F / ULTA:
    ✗  REJECTED: Correlation Breakdown
       Live z=-2.23 LONG | BT: 34 trades, WR 44%, PF 0.99x, P&L $-7
       Gates: WR 44.1% < 50.0% | PF 0.99x < 1.3x | P&L $-6.90 ≤ $50 | Sharpe -0.02 < 0.5 | Max DD $-228 < $-200 | Sortino -0.04 < 0.5 | Avg P&L $-0.20 < $5.00 | Failed H1 P&L ($+0 < $20) | Failed H2 P&L ($-7 < $20) | Low Recent Cointegration: ADF p=0.755 > 0.2 | Low Recent Correlation: ρ=0.64 < 0.65

  GRMN / RCL:
    ✗  REJECTED: Correlation Breakdown
       Live z=+2.04 SHORT | BT: 30 trades, WR 43%, PF 0.47x, P&L $-275
       Gates: WR 43.3% < 50.0% | PF 0.47x < 1.3x | P&L $-275.44 ≤ $50 | Sharpe -1.08 < 0.5 | Max DD $-294 < $-200 | Sortino -1.34 < 0.5 | Avg P&L $-9.18 < $5.00 | Failed H1 P&L ($-80 < $20) | Failed H2 P&L ($-195 < $20) | Low Recent Momentum: last 5 trades P&L=$-28 | Walk-Forward OOS: Sharpe=-3.27, P&L=$-115.66 | Low Recent Cointegration: ADF p=0.681 > 0.2 | Low Recent Correlation: ρ=0.29 < 0.65

  AMAT / TER:
    ✗  REJECTED: Failed Split-Half
       Live z=+3.02 SHORT | BT: 29 trades, WR 45%, PF 0.94x, P&L $-29
       Gates: WR 44.8% < 50.0% | PF 0.94x < 1.3x | P&L $-29.30 ≤ $50 | Sharpe -0.09 < 0.5 | Max DD $-213 < $-200 | Sortino -0.11 < 0.5 | Avg P&L $-1.01 < $5.00 | Failed H1 P&L ($-125 < $20) | Low Recent Momentum: last 5 trades P&L=$-165 | Walk-Forward OOS: Sharpe=-0.92, P&L=$-106.17

  AZO / DASH:
    ✗  REJECTED: Correlation Breakdown
       Live z=-3.42 LONG | BT: 30 trades, WR 37%, PF 0.48x, P&L $-378
       Gates: WR 36.7% < 50.0% | PF 0.48x < 1.3x | P&L $-377.70 ≤ $50 | Sharpe -1.09 < 0.5 | Max DD $-519 < $-200 | Sortino -1.16 < 0.5 | Avg P&L $-12.59 < $5.00 | Failed H2 P&L ($-417 < $20) | Low Recent Momentum: last 5 trades P&L=$-215 | Walk-Forward OOS: Sharpe=-2.57, P&L=$-346.27 | Low Recent Cointegration: ADF p=0.448 > 0.2 | Low Recent Correlation: ρ=-0.32 < 0.65

  AVY / CE:
    ✗  REJECTED: Correlation Breakdown
       Live z=+2.90 SHORT | BT: 32 trades, WR 44%, PF 0.89x, P&L $-78
       Gates: WR 43.8% < 50.0% | PF 0.89x < 1.3x | P&L $-77.54 ≤ $50 | Sharpe -0.20 < 0.5 | Max DD $-255 < $-200 | Sortino -0.27 < 0.5 | Avg P&L $-2.42 < $5.00 | Failed H2 P&L ($-136 < $20) | Walk-Forward OOS: Sharpe=-0.67, P&L=$-75.15 | Low Recent Cointegration: ADF p=0.652 > 0.2 | Low Recent Correlation: ρ=0.35 < 0.65

  BAX / ZTS:
    ✗  REJECTED: Failed Split-Half
       Live z=-2.15 LONG | BT: 31 trades, WR 42%, PF 0.54x, P&L $-133
       Gates: WR 41.9% < 50.0% | PF 0.54x < 1.3x | P&L $-132.73 ≤ $50 | Sharpe -1.09 < 0.5 | Sortino -1.34 < 0.5 | Avg P&L $-4.28 < $5.00 | Failed H1 P&L ($-112 < $20) | Failed H2 P&L ($-21 < $20) | Low Recent Momentum: last 5 trades P&L=$-25 | Low Recent Cointegration: ADF p=0.869 > 0.2

  AMP / MET:
    ✗  REJECTED: Correlation Breakdown
       Live z=-2.03 LONG | BT: 32 trades, WR 50%, PF 1.97x, P&L $+140
       Gates: Avg P&L $+4.38 < $5.00 | Low Recent Cointegration: ADF p=0.293 > 0.2 | Low Recent Correlation: ρ=0.60 < 0.65

  DASH / ORLY:
    ✗  REJECTED: Correlation Breakdown
       Live z=-3.76 LONG | BT: 28 trades, WR 46%, PF 1.13x, P&L $+56
       Gates: WR 46.4% < 50.0% | PF 1.13x < 1.3x | Sharpe +0.18 < 0.5 | Max DD $-260 < $-200 | Sortino +0.30 < 0.5 | Avg P&L $+1.99 < $5.00 | Failed H1 P&L ($-5 < $20) | Low Recent Cointegration: ADF p=0.319 > 0.2 | Low Recent Correlation: ρ=0.15 < 0.65

  RVTY / UNH:
    ✗  REJECTED: Correlation Breakdown
       Live z=-2.20 LONG | BT: 39 trades, WR 36%, PF 0.44x, P&L $-396
       Gates: WR 35.9% < 50.0% | PF 0.44x < 1.3x | P&L $-396.33 ≤ $50 | Sharpe -1.31 < 0.5 | Max DD $-542 < $-200 | Sortino -1.50 < 0.5 | Avg P&L $-10.16 < $5.00 | Failed H1 P&L ($-55 < $20) | Failed H2 P&L ($-341 < $20) | Low Recent Cointegration: ADF p=0.399 > 0.2 | Low Recent Correlation: ρ=0.44 < 0.65

  BF-B / CAG:
    ✗  REJECTED: Correlation Breakdown
       Live z=-2.29 LONG | BT: 31 trades, WR 48%, PF 1.82x, P&L $+223
       Gates: WR 48.4% < 50.0% | Low Recent Momentum: last 5 trades P&L=$-11 | Walk-Forward OOS: Sharpe=-0.87, P&L=$-42.40 | Low Recent Cointegration: ADF p=0.219 > 0.2 | Low Recent Correlation: ρ=0.56 < 0.65

  CRL / IQV:
    ✗  REJECTED: Failed Split-Half
       Live z=-2.22 LONG | BT: 31 trades, WR 42%, PF 0.78x, P&L $-95
       Gates: WR 41.9% < 50.0% | PF 0.78x < 1.3x | P&L $-94.57 ≤ $50 | Sharpe -0.38 < 0.5 | Max DD $-331 < $-200 | Sortino -0.49 < 0.5 | Avg P&L $-3.05 < $5.00 | Failed H1 P&L ($+15 < $20) | Failed H2 P&L ($-109 < $20) | Walk-Forward OOS: Sharpe=-0.67, P&L=$-35.99

  IQV / TMO:
    ✗  REJECTED: Failed Split-Half
       Live z=+2.25 SHORT | BT: 33 trades, WR 24%, PF 0.28x, P&L $-190
       Gates: WR 24.2% < 50.0% | PF 0.28x < 1.3x | P&L $-190.28 ≤ $50 | Sharpe -2.07 < 0.5 | Max DD $-248 < $-200 | Sortino -2.47 < 0.5 | Avg P&L $-5.77 < $5.00 | Failed H1 P&L ($-72 < $20) | Failed H2 P&L ($-118 < $20) | Walk-Forward OOS: Sharpe=-0.65, P&L=$-13.71 | Low Recent Cointegration: ADF p=0.545 > 0.2


  ✓ system_log.csv updated (0 diamond, 49 rejected)

  ════════════════════════════════════════════════════════════
    DAILY RESULTS  (Standard + Split-Half + ADF90 + Momentum)
  ════════════════════════════════════════════════════════════
    Pairs scanned   : 150
    No live signal  : 101
    Download errors : 0
    ◆ Diamond       : 0
    ✗ Rejected      : 49

  No diamond signals today.

  ── Rejected (49 pairs: had live signal, failed regime gates) ──
    ✗   KLAC/STX     SHORT  z=+2.44  WR=40%  PF=0.66x  P&L=$-163
    ✗    EME/NSC     SHORT  z=+2.43  WR=30%  PF=0.91x  P&L=$-31
    ✗    AME/LUV     SHORT  z=+2.00  WR=25%  PF=0.43x  P&L=$-416
    ✗   ABBV/MDT      LONG  z=-2.44  WR=52%  PF=0.69x  P&L=$-69
    ✗   FITB/USB      LONG  z=-2.20  WR=38%  PF=0.80x  P&L=$-25
    ✗    COO/RVTY     LONG  z=-2.14  WR=27%  PF=0.36x  P&L=$-333
    ✗   AMZN/WSM      LONG  z=-2.61  WR=49%  PF=1.45x  P&L=$+169
    ✗   AMZN/TSLA     LONG  z=-2.55  WR=33%  PF=0.83x  P&L=$-128
    ✗     IR/UPS     SHORT  z=+2.62  WR=68%  PF=4.53x  P&L=$+363
    ✗    NVR/MHK      LONG  z=-2.16  WR=52%  PF=0.85x  P&L=$-42
    ✗   BF-B/STZ      LONG  z=-2.44  WR=51%  PF=0.90x  P&L=$-46
    ✗    CPT/ESS      LONG  z=-3.19  WR=26%  PF=0.27x  P&L=$-156
    ✗    CMI/LUV     SHORT  z=+2.57  WR=41%  PF=0.67x  P&L=$-227
    ✗   INTC/TER     SHORT  z=+2.45  WR=31%  PF=0.47x  P&L=$-536
    ✗    COR/CVS      LONG  z=-4.15  WR=50%  PF=0.89x  P&L=$-35
    ✗     HD/NCLH     LONG  z=-3.87  WR=44%  PF=0.83x  P&L=$-76
    ✗    BAX/MOH      LONG  z=-2.63  WR=56%  PF=0.80x  P&L=$-119
    ✗   LDOS/URI      LONG  z=-2.09  WR=33%  PF=0.43x  P&L=$-341
    ✗    EQR/UDR      LONG  z=-3.51  WR=40%  PF=0.65x  P&L=$-38
    ✗   ABBV/CVS      LONG  z=-3.48  WR=42%  PF=0.86x  P&L=$-69
    ✗    AIZ/TFC      LONG  z=-2.11  WR=44%  PF=0.40x  P&L=$-181
    ✗    FTV/IEX      LONG  z=-2.73  WR=57%  PF=1.03x  P&L=$+7
    ✗   ANET/HPE      LONG  z=-3.10  WR=37%  PF=0.33x  P&L=$-534
    ✗   HBAN/NDAQ     LONG  z=-2.13  WR=58%  PF=1.28x  P&L=$+82
    ✗    APD/IP      SHORT  z=+2.51  WR=76%  PF=5.84x  P&L=$+465
    ✗    ALL/IBKR    SHORT  z=+2.22  WR=50%  PF=0.65x  P&L=$-190
    ✗   ALLE/LDOS     LONG  z=-2.05  WR=53%  PF=1.47x  P&L=$+133
    ✗    ESS/UDR      LONG  z=-3.83  WR=35%  PF=1.03x  P&L=$+3
    ✗    MTB/NDAQ     LONG  z=-2.20  WR=44%  PF=0.87x  P&L=$-39
    ✗    PNC/RF      SHORT  z=+2.08  WR=34%  PF=0.91x  P&L=$-11
    ✗    TFC/USB      LONG  z=-2.17  WR=44%  PF=1.78x  P&L=$+75
    ✗   INTC/WDC     SHORT  z=+2.41  WR=43%  PF=0.42x  P&L=$-458
    ✗    BAX/CI       LONG  z=-2.91  WR=42%  PF=0.55x  P&L=$-189
    ✗    AME/CHRW    SHORT  z=+2.82  WR=39%  PF=1.28x  P&L=$+95
    ✗   AMCR/IFF      LONG  z=-3.10  WR=31%  PF=0.57x  P&L=$-127
    ✗   IBKR/JPM      LONG  z=-2.03  WR=31%  PF=0.69x  P&L=$-106
    ✗    AMP/APO      LONG  z=-2.23  WR=39%  PF=0.77x  P&L=$-82
    ✗      F/ULTA     LONG  z=-2.23  WR=44%  PF=0.99x  P&L=$-7
    ✗   GRMN/RCL     SHORT  z=+2.04  WR=43%  PF=0.47x  P&L=$-275
    ✗   AMAT/TER     SHORT  z=+3.02  WR=45%  PF=0.94x  P&L=$-29
    ✗    AZO/DASH     LONG  z=-3.42  WR=37%  PF=0.48x  P&L=$-378
    ✗    AVY/CE      SHORT  z=+2.90  WR=44%  PF=0.89x  P&L=$-78
    ✗    BAX/ZTS      LONG  z=-2.15  WR=42%  PF=0.54x  P&L=$-133
    ✗    AMP/MET      LONG  z=-2.03  WR=50%  PF=1.97x  P&L=$+140
    ✗   DASH/ORLY     LONG  z=-3.76  WR=46%  PF=1.13x  P&L=$+56
    ✗   RVTY/UNH      LONG  z=-2.20  WR=36%  PF=0.44x  P&L=$-396
    ✗   BF-B/CAG      LONG  z=-2.29  WR=48%  PF=1.82x  P&L=$+223
    ✗    CRL/IQV      LONG  z=-2.22  WR=42%  PF=0.78x  P&L=$-95
    ✗    IQV/TMO     SHORT  z=+2.25  WR=24%  PF=0.28x  P&L=$-190

  Log     → C:\Users\User\Desktop\adf bot\logs\2026-03-24_125947.log
  Journal → C:\Users\User\Desktop\adf bot\system_log.csv
  Errors  → C:\Users\User\Desktop\adf bot\error.log

