
  ╔══════════════════════════════════════════════════════════════╗
  ║     PAIRS TRADING SYSTEM — Daily Orchestration              ║
  ║     2026-06-11 15:34:37                                        ║
  ╚══════════════════════════════════════════════════════════════╝

  ── System Health ──────────────────────────────
    Data Source      : ● ONLINE
    Pairs Loaded     : 3
    Scanner Age      : 4d old
    System Log       : Exists
    Error Log        : error.log
    Strategy         : z_entry=2.0 | z_exit=0.0 | z_stop=3.0 | hold<=20d
    Quality Gates    : WR>55.0% | PF>1.5x | P&L>$0
    Regime Gates     : Split-Half | ADF-90d | Recent Momentum
  ──────────────────────────────────────────────────

  ═══ PHASE 0 — Portfolio Update ═══

  No positions closed today.

  -- Live Portfolio -------------------------------------------
    No open positions.

    Positions open   : 0 / 10
    Total live P&L   : $+0.00
    Peak P&L         : $+0.00
    System drawdown  : $+0.00  (limit $-1500)
  ------------------------------------------------------------
  --- PHASE 0b — Momentum Portfolio Update ---

  No momentum positions closed today.

  -- Momentum Portfolio ---------------------------------------
    Open positions : 0 / 5
    Realized P&L   : $+0.00
    Total trades   : 0
    Consec. losses : 0
  -------------------------------------------------------------

  --- PHASE 0c — Bear Portfolio Update ---

  No bear positions closed today.

  -- Bear Module Portfolio ------------------------------------
    Open positions : 0 / 2
    Realized P&L   : $+0.00
    Total trades   : 0
    Consec. losses : 0
  -------------------------------------------------------------

  --- PHASE 0d --- Earnings Portfolio Update ---

  No earnings positions closed today.

  -- Earnings Module Portfolio --------------------------------
    Open positions : 0 / 5
    Realized P&L   : $-37.60
    Total trades   : 10
    Live win rate  : 40.0%
    Consec. losses : 0
  -------------------------------------------------------------


  -- Earnings Performance Report -----------------------------
    Closed trades      : 10
    Total net P&L      : $-37.58
    Live win rate      : 40.0%
    Hist beat rate avg : 85.0%
    Live avg P&L       : $-3.76
    Avg win            : $+42.17
    Avg loss           : $-34.38
    Profit factor      : 0.82
    Avg hold (days)    : 7.7
    Live Sharpe        : -0.44
    Best trade         : $+78.20
    Worst trade        : $-77.17
    Max consec. losses : 4
    Max drawdown       : $-167.35
    Exit breakdown:
      post_earnings    :  10 trades  P&L=$-37.58
    Verdict            : Edge degrading -- review
  -------------------------------------------------------------

  --- PHASE 0e --- Shock Portfolio Update ---

  No shock positions closed today.

  -- Shock Module Portfolio -----------------------------------
    Open positions : 0 / 3
    Realized P&L   : $+0.00
    Total trades   : 0
    Consec. losses : 0
  -------------------------------------------------------------

  Excel Tracker: updating paper_trades.xlsx ...
    Open positions: 0  |  Newly closed: 0
    File: C:\Users\User\Desktop\adf bot\paper_trades.xlsx

  --- Global Risk Assessment ---


  -- Global Risk Manager --------------------------------------
    Status             : [OK]  ALLOW
    Capital deployed   : $    0.00  / $8000
    Open positions     :   0  / 15
    Long  exposure     : $    0.00  (0.0%)
    Short exposure     : $    0.00  (0.0%)
    Realized P&L       : $-37.58
    Unrealized P&L     : $+0.00  (estimated at cost)
    Combined drawdown  : $-63.63  (freeze: $-2000, liq: $-3500)
    Peak combined P&L  : $+26.05

    MODULE        OPEN    CAPITAL     LONG    SHORT
    ------------ ----- ---------- -------- --------
    pairs            0 $     0.00 $   0.00 $   0.00
    momentum         0 $     0.00 $   0.00 $   0.00
    bear             0 $     0.00 $   0.00 $   0.00
    earnings         0 $     0.00 $   0.00 $   0.00
    shock            0 $     0.00 $   0.00 $   0.00
  -------------------------------------------------------------


  ═══ PHASE 1 — Refreshing Candidates (nightly_scanner) ═══


╔══════════════════════════════════════════════════════════════╗
║  NIGHTLY SCANNER v2 — Cointegration + Sector Filtering      ║
║  Run : 2026-06-11 15:34:49                                ║
╚══════════════════════════════════════════════════════════════╝

[STEP 1] Scraped 503 S&P 500 tickers + sectors from Wikipedia.
[STEP 1b] Using hardcoded list of 67 Nasdaq-100 tickers.
[STEP 1] Using hardcoded list of 366 tickers with sectors.
[STEP 1c] Skipped 66 removed tickers (no sector resolved): ['EPAM', 'MOH', 'LW', 'PAYC', 'DAY', 'SOLS', 'K', 'IPG', 'MKTX', 'WBA']...
[STEP 1] Historical constituents: 503 current + 20 historical = 523 total tickers.
[STEP 1b] Scraped 101 Nasdaq-100 tickers + sectors from Wikipedia.
[STEP 1b] Combined universe: 536 unique tickers (S&P 500 + Nasdaq-100).


[STEP 2] Downloading 536 tickers  (2021-06-12 → 2026-06-11) in batches of 50 …
  Batch 1/11  (50 tickers) … OK  (50 cols)
  Batch 2/11  (50 tickers) … OK  (50 cols)
  Batch 3/11  (50 tickers) … OK  (50 cols)
  Batch 4/11  (50 tickers) … OK  (50 cols)
  Batch 5/11  (50 tickers) … OK  (50 cols)
  Batch 6/11  (50 tickers) … OK  (50 cols)
  Batch 7/11  (50 tickers) … OK  (50 cols)
  Batch 8/11  (50 tickers) … OK  (50 cols)
  Batch 9/11  (50 tickers) … OK  (50 cols)
  Batch 10/11  (50 tickers) … OK  (50 cols)
  Batch 11/11  (36 tickers) … $HOLX: possibly delisted; no price data found  (1d 2021-06-12 -> 2026-06-11) (Yahoo error = "No data found, symbol may be delisted")
$CMA: possibly delisted; no price data found  (1d 2021-06-12 -> 2026-06-11) (Yahoo error = "No data found, symbol may be delisted")

2 Failed downloads:
['HOLX', 'CMA']: possibly delisted; no price data found  (1d 2021-06-12 -> 2026-06-11) (Yahoo error = "No data found, symbol may be delisted")
OK  (36 cols)
[STEP 2] Raw price matrix: 1254 days × 536 tickers.

[STEP 3] Dropped 12 tickers (>10% missing).  Remaining: 522 tickers.

[STEP 4] Same-sector correlation pre-filter …
         Same-sector pairs with ρ ≥ 0.8: 2856

[STEP 5] Running Engle-Granger cointegration on 2856 pairs …
         … 200/2856
         … 400/2856
         … 600/2856
         … 800/2856
         … 1000/2856
         … 1200/2856
         … 1400/2856
         … 1600/2856
         … 1800/2856
         … 2000/2856
         … 2200/2856
         … 2400/2856
         … 2600/2856
         … 2800/2856
         Tested: 2856  |  Cointegrated (p < 0.05): 400

[STEP 5b] Half-life filter (max 20 days) ...
         Before: 400 | Dropped (HL > 20d): 397 | Remaining: 3
         Half-life range: 13.7 - 19.7 days  (median: 18.9)

[STEP 6] Saved → daily_candidates.csv  (3 rows)

  Top 10 Preview:
  ------------------------------------------------------------------------
       CMS / DUK     Sector: Utilities                  p=0.0006  HL=19.7d
       XYZ / TROW    Sector: Financials                 p=0.0012  HL=13.7d
      SMCI / SNPS    Sector: Information Technology     p=0.0061  HL=18.9d

  NOTE: Universe includes historical S&P 500 constituents (survivorship bias reduced). + Nasdaq-100.


  ✓ Scanner completed.

  ═══ PHASE 2 — Master Signal (live + backtest) ═══


╔══════════════════════════════════════════════════════════════╗
║  MASTER SIGNAL v3 — Audit-Fixed Verification Engine         ║
║  Run : 2026-06-11 15:37:15                                  ║
╚══════════════════════════════════════════════════════════════╝

  Loaded 3 pairs from daily_candidates.csv
  Strategy: β=60d | z=20d | Entry |z|>2.0 | Exit z→0.0 | Stop |z|>3.0 | Hold≤20d
  Quality gates: WR>55.0% | PF>1.5x | P&L>$0
  Slippage: 0.15% on notional (entry+exit, both legs) | Capital: $1,000/trade
  Execution: 1-bar delay (signal@close → trade@next open)

  VIX : 21.5  ✓ (threshold 25.0)

  [1/3]       CMS / DUK  ⚡ z=-2.51  LONG  →  FMP earnings raw fetch failed for CMS: Expecting value: line 1 column 1 (char 0)
FMP earnings raw fetch failed for DUK: Expecting value: line 1 column 1 (char 0)
✗ REJECTED
  [2/3]      XYZ / TROW  —  No signal  (|z| = 0.78)
  [3/3]     SMCI / SNPS  ⚡ z=-2.44  LONG  →  FMP earnings raw fetch failed for SMCI: Expecting value: line 1 column 1 (char 0)
FMP earnings raw fetch failed for SNPS: Expecting value: line 1 column 1 (char 0)
✗ REJECTED


════════════════════════════════════════════════════════════════
  SCAN COMPLETE
════════════════════════════════════════════════════════════════
  Pairs scanned   : 3
  No live signal  : 1
  Download errors : 0
  Signals found   : 2
    ◆ Diamond     : 0
    ✗ Rejected    : 2
════════════════════════════════════════════════════════════════

  No diamond signals today.


  ── Rejected Signals (had live z, failed backtest) ──

  CMS / DUK:
    ✗  REJECTED: Failed Split-Half
       Live z=-2.51 LONG | BT: 81 trades, WR 22%, PF 0.24x, P&L $-144
       Gates: WR 22.2% < 55.0% | PF 0.24x < 1.5x | P&L $-144.45 ≤ $50 | Sharpe -2.73 < 1.0 | Sortino -4.02 < 1.0 | Avg P&L $-1.78 < $8.00 | Failed H1 P&L ($-45 < $30) | Failed H2 P&L ($-99 < $30) | Low Recent Momentum: last 5 trades P&L=$-9 | Walk-Forward OOS: Sharpe=-3.66, P&L=$-56.12 | Low Recent Cointegration: ADF p=0.997 > 0.1

  SMCI / SNPS:
    ✗  REJECTED: Unstable Hedge Ratio
       Live z=-2.44 LONG | BT: 101 trades, WR 41%, PF 0.72x, P&L $-241
       Gates: WR 40.6% < 55.0% | PF 0.72x < 1.5x | P&L $-241.48 ≤ $50 | Sharpe -0.54 < 1.0 | Max DD $-323 < $-200 | Unstable Beta: CV=1.73 > 0.6 | Sortino -0.73 < 1.0 | Avg P&L $-2.39 < $8.00 | Failed H1 P&L ($-214 < $30) | Failed H2 P&L ($-28 < $30) | Low Recent Momentum: last 5 trades P&L=$-22 | Low Recent Cointegration: ADF p=0.915 > 0.1 | Low Recent Correlation: ρ=0.56 < 0.7


  ✓ system_log.csv updated (0 diamond, 2 rejected)

  ════════════════════════════════════════════════════════════
    DAILY RESULTS  (Standard + Split-Half + ADF90 + Momentum)
  ════════════════════════════════════════════════════════════
    Pairs scanned   : 3
    No live signal  : 1
    Download errors : 0
    ◆ Diamond       : 0
    ✗ Rejected      : 2

  No diamond signals today.

  ── Rejected (2 pairs: had live signal, failed regime gates) ──
    ✗    CMS/DUK      LONG  z=-2.51  WR=22%  PF=0.24x  P&L=$-144
    ✗   SMCI/SNPS     LONG  z=-2.44  WR=41%  PF=0.72x  P&L=$-241

  --- PHASE 3 — Momentum Strategy ---

  VIX: 21.5  |  Pairs diamonds: 0  |  Mode: complement

------------------------------------------------------------
  MOMENTUM SCANNER
  Run date : 2026-06-11
------------------------------------------------------------

[STEP 1] Building universe ...
[STEP 1] Scraped 503 S&P 500 tickers + sectors from Wikipedia.
[STEP 1b] Scraped 101 Nasdaq-100 tickers + sectors from Wikipedia.
  [SCAN] Universe: 516 unique tickers (S&P 500 + Nasdaq-100).

[STEP 2] Downloading OHLCV data ...
  [SCAN] Downloading OHLCV for 516 tickers (2021-06-12 -> 2026-06-11) in batches of 50 ...
  [DATA] Batch 1/11 (50 tickers) ... OK (50 cols)
  [DATA] Batch 2/11 (50 tickers) ... OK (50 cols)
  [DATA] Batch 3/11 (50 tickers) ... OK (50 cols)
  [DATA] Batch 4/11 (50 tickers) ... OK (50 cols)
  [DATA] Batch 5/11 (50 tickers) ... OK (50 cols)
  [DATA] Batch 6/11 (50 tickers) ... OK (50 cols)
  [DATA] Batch 7/11 (50 tickers) ... OK (50 cols)
  [DATA] Batch 8/11 (50 tickers) ... OK (50 cols)
  [DATA] Batch 9/11 (50 tickers) ... OK (50 cols)
  [DATA] Batch 10/11 (50 tickers) ... OK (50 cols)
  [DATA] Batch 11/11 (16 tickers) ... OK (16 cols)

[STEP 3] Cleaning data ...
[STEP 3] Dropped 10 tickers (>10% missing).  Remaining: 505 tickers.

  [DATA] 505 tickers after cleaning.

[STEP 4] Checking market regime ...
  [REGIME] Fetching S&P 500 and VIX data ...
  [REGIME] S&P 500 price=7267.0  EMA50=7262.2  EMA200=6848.8  above_200EMA=Y
  [REGIME] VIX=21.48  scale=1.00  -> BULL
  [REGIME] VIX overridden to 21.47

[STEP 5] Computing blended momentum scores ...
  [SCAN] Momentum scores computed for 505 tickers.

[STEP 6] Computing technical indicators ...
  [SCAN] Technical indicators computed for 505 tickers.

[STEP 7] Merging candidates ...
  [SCAN] 505 candidates before entry filters.

[STEP 8] Applying entry filters ...
  [FILTER] avg_vol_20d >= 500,000: removed 17 (488 remain)
  [FILTER] top 10% mom_score: removed 439 (49 remain)
  [FILTER] 52w_high_pct >= 0.9: removed 33 (16 remain)
  [FILTER] vol_ratio >= 0.9: removed 2 (14 remain)
  [FILTER] RSI in [50, 80]: removed 3 (11 remain)
  [FILTER] ADX >= 20: removed 3 (8 remain)
  [FILTER] 505 -> 8 after all filters.

  [SCAN] Exported 8 candidates -> C:\Users\User\Desktop\adf bot\momentum_candidates.csv

------------------------------------------------------------
  MOMENTUM SCAN COMPLETE
  Regime   : BULL
  VIX      : 21.469999313354492
  VIX scale: 1.00
  Candidates passed: 8

  Top 5 momentum candidates:
  Ticker   Sector                        MomScore    RSI    ADX
  -------  ---------------------------  --------- ------ ------
  AMAT     Information Technology           0.906   63.3   24.7
  LRCX     Information Technology           0.831   57.0   24.0
  CASY     Consumer Staples                 0.679   70.3   28.6
  DVA      Health Care                      0.637   63.4   27.1
  NUE      Materials                        0.615   62.9   44.0
------------------------------------------------------------
  [REGIME] Fetching S&P 500 and VIX data ...
  [REGIME] S&P 500 price=7267.0  EMA50=7262.2  EMA200=6848.8  above_200EMA=Y
  [REGIME] VIX=21.48  scale=1.00  -> BULL
  [MOM-SIG] Processing 8 momentum candidates ...
  ------------------------------------------------------------
FMP earnings raw fetch failed for DVA: Expecting value: line 1 column 1 (char 0)
    [REJECT]     DVA  min_trades, win_rate, profit_factor, total_pnl, sharpe, avg_gain_loss, oos_pnl, oos_sharpe
FMP earnings raw fetch failed for NUE: Expecting value: line 1 column 1 (char 0)
    [REJECT]     NUE  min_trades
FMP earnings raw fetch failed for STLD: Expecting value: line 1 column 1 (char 0)
    [REJECT]    STLD  min_trades, avg_gain_loss
  ------------------------------------------------------------
  [MOM-SIG] Results: 0 diamonds, 3 rejected, 5 no signal, 0 errors

  ============================================================
    MOMENTUM RESULTS
  ============================================================
    Candidates      : 8
    No live signal  : 5
    Errors          : 0
    * Mom Diamond   : 0
    x Rejected      : 3

  -- Momentum Rejected (3) --
    x    DVA  min_trades, win_rate, profit_factor, total_pnl, sharpe, avg_gain_loss, oos_pnl, oos_sharpe
    x    NUE  min_trades
    x   STLD  min_trades, avg_gain_loss


  Bear module skipped (VIX 21.5 <= 25.0).

  --- PHASE 5 --- Earnings Strategy ---


  [Earnings Signal] Scanning for earnings within 5 days ...

  [Earnings Scanner] Fetching calendar 2026-06-11 -> 2026-06-16 ...
[STEP 1] Scraped 503 S&P 500 tickers + sectors from Wikipedia.
[STEP 1b] Scraped 101 Nasdaq-100 tickers + sectors from Wikipedia.
  [Earnings Scanner] 1 calendar entries -> 1 in universe
  [Earnings Scanner] 1 candidates with quality data.
    x ADBE     FAIL  earnings too soon (0d < 2d minimum)

  [Earnings Signal] Verified: 0  |  Rejected: 1


  ============================================================
    EARNINGS STRATEGY RESULTS
  ============================================================
    Verified signals : 0
    Rejected         : 1


  -- Earnings Rejected (1) --
    x   ADBE  earnings too soon (0d < 2d minimum)

  --- PHASE 6 --- Policy Shock Bounce ---


  [SHOCK] =======================================================
  [SHOCK] Policy Shock Bounce Signal Engine
  [SHOCK] 2026-06-11 15:37:52
  [SHOCK] =======================================================

  [SHOCK] Fetching VIX history ...
  [SHOCK] VIX: 22.2

  [SHOCK] --------------------------------------------------
  [SHOCK] Checking SPY for policy shock bounce ...
  [SHOCK] No signal: no_shock_detected

  [SHOCK] --------------------------------------------------
  [SHOCK] Checking QQQ for policy shock bounce ...
  [SHOCK] No signal: no_shock_detected

  [SHOCK] =======================================================
  [SHOCK] Results: 0 diamond(s), 0 rejected
  [SHOCK] =======================================================


  ============================================================
    POLICY SHOCK BOUNCE RESULTS
  ============================================================
    Verified signals : 0
    Rejected         : 0

  Log     → C:\Users\User\Desktop\adf bot\logs\2026-06-11_153437.log
  Journal → C:\Users\User\Desktop\adf bot\system_log.csv
  Errors  → C:\Users\User\Desktop\adf bot\error.log

