
  ╔══════════════════════════════════════════════════════════════╗
  ║     PAIRS TRADING SYSTEM — Daily Orchestration              ║
  ║     2026-02-18 12:33:46                                        ║
  ╚══════════════════════════════════════════════════════════════╝

  ── System Health ──────────────────────────────
    Data Source      : ● ONLINE
    Pairs Loaded     : 50
    Scanner Age      : 0d old
    System Log       : Exists
    Error Log        : error.log
    Strategy         : z_entry=1.5 | z_exit=0.0 | z_stop=3.5 | hold<=30d
    Quality Gates    : WR>50.0% | PF>1.1x | P&L>$0
    Regime Gates     : Split-Half | ADF-90d | Recent Momentum
  ──────────────────────────────────────────────────

  Scanner skipped (candidates 0d old, refresh every 7d). Use --scan to force.

  ═══ PHASE 2 — Master Signal (live + backtest) ═══


╔══════════════════════════════════════════════════════════════╗
║  MASTER SIGNAL v3 — Audit-Fixed Verification Engine         ║
║  Run : 2026-02-18 12:33:48                                  ║
╚══════════════════════════════════════════════════════════════╝

  Loaded 50 pairs from daily_candidates.csv
  Strategy: β=60d | z=20d | Entry |z|>1.5 | Exit z→0.0 | Stop |z|>3.5 | Hold≤30d
  Quality gates: WR>50.0% | PF>1.1x | P&L>$0
  Slippage: 0.10% on notional (entry+exit, both legs) | Capital: $1,000/trade
  Execution: 1-bar delay (signal@close → trade@next close)

  [1/50]        APD / IP  ⚡ z=-1.64  LONG  →  ✗ REJECTED
  [2/50]       HWM / JCI  ⚡ z=-2.86  LONG  →  ✗ REJECTED
  [3/50]      KLAC / STX  —  No signal  (|z| = 1.38)
  [4/50]      CBOE / HIG  —  No signal  (|z| = 0.11)
  [5/50]       ATO / XEL  —  No signal  (|z| = 1.35)
  [6/50]      ABBV / MDT  —  No signal  (|z| = 0.57)
  [7/50]        BAC / MS  —  No signal  (|z| = 0.07)
  [8/50]       PPL / WEC  —  No signal  (|z| = 1.50)
  [9/50]        NI / XEL  ⚡ z=-5.22  LONG  →  ✗ REJECTED
  [10/50]       AME / LUV  ⚡ z=-1.58  LONG  →  ✗ REJECTED
  [11/50]      BF-B / STZ  —  No signal  (|z| = 0.55)
  [12/50]       EME / NSC  ⚡ z=-1.70  LONG  →  ✗ REJECTED
  [13/50]        KEY / RF  ⚡ z=+3.05 SHORT  →  ✗ REJECTED
  [14/50]         J / URI  —  No signal  (|z| = 0.31)
  [15/50]       PPL / XEL  —  No signal  (|z| = 0.34)
  [16/50]       LNT / XEL  ⚡ z=-3.61  LONG  →  ✗ REJECTED
  [17/50]         ES / FE  —  No signal  (|z| = 0.58)
  [18/50]       IRM / PSA  —  No signal  (|z| = 0.72)
  [19/50]       CEG / XEL  ⚡ z=+3.81 SHORT  →  ✗ REJECTED
  [20/50]     CDNS / MSFT  —  No signal  (|z| = 0.87)
  [21/50]         J / PNR  —  No signal  (|z| = 1.41)
  [22/50]       HD / NCLH  ⚡ z=-2.80  LONG  →  ✗ REJECTED
  [23/50]       ALL / TRV  ⚡ z=+2.16 SHORT  →  ✗ REJECTED
  [24/50]      CEG / EVRG  —  No signal  (|z| = 1.00)
  [25/50]      ALL / CINF  ⚡ z=+1.51 SHORT  →  ✗ REJECTED
  [26/50]      IBKR / JPM  —  No signal  (|z| = 1.07)
  [27/50]       DTE / DUK  ⚡ z=-2.15  LONG  →  ✗ REJECTED
  [28/50]       DG / DLTR  ⚡ z=+2.20 SHORT  →  ✗ REJECTED
  [29/50]       CEG / NRG  —  No signal  (|z| = 0.77)
  [30/50]     AMZN / TSLA  ⚡ z=-3.49  LONG  →  ✗ REJECTED
  [31/50]        GL / TRV  ⚡ z=-1.55  LONG  →  ✗ REJECTED
  [32/50]      BF-B / KHC  —  No signal  (|z| = 0.32)
  [33/50]      LYV / META  —  No signal  (|z| = 0.57)
  [34/50]      CBOE / TRV  —  No signal  (|z| = 0.27)
  [35/50]       AXP / BAC  —  No signal  (|z| = 1.43)
  [36/50]      IBKR / WFC  —  No signal  (|z| = 0.98)
  [37/50]       EQR / UDR  —  No signal  (|z| = 0.09)
  [38/50]       BAX / MOH  ⚡ z=+2.19 SHORT  →  ✗ REJECTED
  [39/50]    GOOGL / GOOG  ⚡ z=-2.46  LONG  →  ✗ REJECTED
  [40/50]       COF / JPM  ⚡ z=+1.74 SHORT  →  ✗ REJECTED
  [41/50]        BAC / GS  —  No signal  (|z| = 0.52)
  [42/50]      ALL / CBOE  —  No signal  (|z| = 0.49)
  [43/50]     DASH / ORLY  ⚡ z=-1.58  LONG  →  ✗ REJECTED
  [44/50]      AMAT / TER  ⚡ z=+1.75 SHORT  →  ✗ REJECTED
  [45/50]      GOOG / WBD  ⚡ z=+2.81 SHORT  →  ✗ REJECTED
  [46/50]        CBOE / L  —  No signal  (|z| = 0.49)
  [47/50]         D / XEL  ⚡ z=-3.81  LONG  →  ✗ REJECTED
  [48/50]       IR / ODFL  ⚡ z=-1.91  LONG  →  ✗ REJECTED
  [49/50]     GOOGL / WBD  ⚡ z=+2.80 SHORT  →  ✗ REJECTED
  [50/50]      DHR / REGN  ⚡ z=+2.88 SHORT  →  ✗ REJECTED


════════════════════════════════════════════════════════════════
  SCAN COMPLETE
════════════════════════════════════════════════════════════════
  Pairs scanned   : 50
  No live signal  : 25
  Download errors : 0
  Signals found   : 25
    ◆ Diamond     : 0
    ✗ Rejected    : 25
════════════════════════════════════════════════════════════════

  No diamond signals today.


  ── Rejected Signals (had live z, failed backtest) ──

  APD / IP:
    ✗  REJECTED: Failed Cointegration / ADF
       Live z=-1.64 LONG | BT: 28 trades, WR 82%, PF 3.05x, P&L $+304
       Gates: Low Recent Cointegration: ADF p=0.685 > 0.1

  HWM / JCI:
    ✗  REJECTED: Failed Split-Half
       Live z=-2.86 LONG | BT: 26 trades, WR 31%, PF 0.30x, P&L $-402
       Gates: WR 30.8% < 50.0% | PF 0.30x < 1.1x | P&L $-402.20 ≤ $0 | Failed H1 P&L ($-282) | Failed H2 P&L ($-120) | Low Recent Cointegration: ADF p=0.610 > 0.1

  NI / XEL:
    ✗  REJECTED: Failed Split-Half
       Live z=-5.22 LONG | BT: 23 trades, WR 35%, PF 0.52x, P&L $-85
       Gates: WR 34.8% < 50.0% | PF 0.52x < 1.1x | P&L $-85.10 ≤ $0 | Failed H1 P&L ($-105) | Low Recent Cointegration: ADF p=0.645 > 0.1

  AME / LUV:
    ✗  REJECTED: Failed Split-Half
       Live z=-1.58 LONG | BT: 33 trades, WR 33%, PF 0.38x, P&L $-392
       Gates: WR 33.3% < 50.0% | PF 0.38x < 1.1x | P&L $-392.02 ≤ $0 | Failed H1 P&L ($-249) | Failed H2 P&L ($-143) | Low Recent Momentum: last 5 trades P&L=$-84 | Low Recent Cointegration: ADF p=0.477 > 0.1

  EME / NSC:
    ✗  REJECTED: Failed Split-Half
       Live z=-1.70 LONG | BT: 26 trades, WR 31%, PF 0.69x, P&L $-151
       Gates: WR 30.8% < 50.0% | PF 0.69x < 1.1x | P&L $-150.96 ≤ $0 | Failed H1 P&L ($-11) | Failed H2 P&L ($-140) | Low Recent Momentum: last 5 trades P&L=$-89 | Low Recent Cointegration: ADF p=0.399 > 0.1

  KEY / RF:
    ✗  REJECTED: Failed Split-Half
       Live z=+3.05 SHORT | BT: 34 trades, WR 41%, PF 0.40x, P&L $-110
       Gates: WR 41.2% < 50.0% | PF 0.40x < 1.1x | P&L $-110.29 ≤ $0 | Failed H1 P&L ($-119) | Low Recent Momentum: last 5 trades P&L=$-7 | Low Recent Cointegration: ADF p=0.394 > 0.1

  LNT / XEL:
    ✗  REJECTED: Failed Split-Half
       Live z=-3.61 LONG | BT: 33 trades, WR 48%, PF 1.07x, P&L $+8
       Gates: WR 48.5% < 50.0% | PF 1.07x < 1.1x | Failed H1 P&L ($-55) | Low Recent Cointegration: ADF p=0.942 > 0.1

  CEG / XEL:
    ✗  REJECTED: Failed Split-Half
       Live z=+3.81 SHORT | BT: 22 trades, WR 45%, PF 1.15x, P&L $+67
       Gates: WR 45.5% < 50.0% | Failed H2 P&L ($-63) | Low Recent Momentum: last 5 trades P&L=$-37 | Low Recent Cointegration: ADF p=0.991 > 0.1

  HD / NCLH:
    ✗  REJECTED: Failed Split-Half
       Live z=-2.80 LONG | BT: 28 trades, WR 32%, PF 0.58x, P&L $-255
       Gates: WR 32.1% < 50.0% | PF 0.58x < 1.1x | P&L $-255.41 ≤ $0 | Failed H1 P&L ($-43) | Failed H2 P&L ($-212) | Low Recent Momentum: last 5 trades P&L=$-143

  ALL / TRV:
    ✗  REJECTED: Failed Split-Half
       Live z=+2.16 SHORT | BT: 30 trades, WR 43%, PF 0.84x, P&L $-30
       Gates: WR 43.3% < 50.0% | PF 0.84x < 1.1x | P&L $-29.68 ≤ $0 | Failed H2 P&L ($-81) | Low Recent Momentum: last 5 trades P&L=$-48 | Low Recent Cointegration: ADF p=0.179 > 0.1

  ALL / CINF:
    ✗  REJECTED: Failed Split-Half
       Live z=+1.51 SHORT | BT: 27 trades, WR 52%, PF 0.82x, P&L $-39
       Gates: PF 0.82x < 1.1x | P&L $-38.79 ≤ $0 | Failed H1 P&L ($-26) | Failed H2 P&L ($-13) | Low Recent Momentum: last 5 trades P&L=$-95 | Low Recent Cointegration: ADF p=0.844 > 0.1

  DTE / DUK:
    ✗  REJECTED: Failed Split-Half
       Live z=-2.15 LONG | BT: 23 trades, WR 39%, PF 0.88x, P&L $-14
       Gates: WR 39.1% < 50.0% | PF 0.88x < 1.1x | P&L $-14.46 ≤ $0 | Failed H2 P&L ($-41)

  DG / DLTR:
    ✗  REJECTED: Failed Split-Half
       Live z=+2.20 SHORT | BT: 23 trades, WR 57%, PF 1.12x, P&L $+43
       Gates: Failed H2 P&L ($-161) | Low Recent Momentum: last 5 trades P&L=$-28 | Low Recent Cointegration: ADF p=0.703 > 0.1

  AMZN / TSLA:
    ✗  REJECTED: Failed Split-Half
       Live z=-3.49 LONG | BT: 29 trades, WR 41%, PF 0.67x, P&L $-302
       Gates: WR 41.4% < 50.0% | PF 0.67x < 1.1x | P&L $-301.63 ≤ $0 | Failed H2 P&L ($-458) | Low Recent Momentum: last 5 trades P&L=$-68 | Low Recent Cointegration: ADF p=0.324 > 0.1

  GL / TRV:
    ✗  REJECTED: Failed Cointegration / ADF
       Live z=-1.55 LONG | BT: 31 trades, WR 45%, PF 1.68x, P&L $+172
       Gates: WR 45.2% < 50.0% | Low Recent Cointegration: ADF p=0.290 > 0.1

  BAX / MOH:
    ✗  REJECTED: Failed Split-Half
       Live z=+2.19 SHORT | BT: 24 trades, WR 54%, PF 1.27x, P&L $+125
       Gates: Failed H2 P&L ($-78) | Low Recent Cointegration: ADF p=0.113 > 0.1

  GOOGL / GOOG:
    ✗  REJECTED: Failed Split-Half
       Live z=-2.46 LONG | BT: 25 trades, WR 4%, PF 0.00x, P&L $-60
       Gates: WR 4.0% < 50.0% | PF 0.00x < 1.1x | P&L $-59.83 ≤ $0 | Failed H1 P&L ($-18) | Failed H2 P&L ($-42) | Low Recent Momentum: last 5 trades P&L=$-16 | Low Recent Cointegration: ADF p=0.300 > 0.1

  COF / JPM:
    ✗  REJECTED: Failed Split-Half
       Live z=+1.74 SHORT | BT: 26 trades, WR 38%, PF 0.85x, P&L $-30
       Gates: WR 38.5% < 50.0% | PF 0.85x < 1.1x | P&L $-30.19 ≤ $0 | Failed H1 P&L ($-22) | Failed H2 P&L ($-9) | Low Recent Cointegration: ADF p=0.819 > 0.1

  DASH / ORLY:
    ✗  REJECTED: Failed Split-Half
       Live z=-1.58 LONG | BT: 24 trades, WR 54%, PF 1.20x, P&L $+78
       Gates: Failed H1 P&L ($-32) | Low Recent Cointegration: ADF p=0.553 > 0.1

  AMAT / TER:
    ✗  REJECTED: Failed Split-Half
       Live z=+1.75 SHORT | BT: 24 trades, WR 42%, PF 0.72x, P&L $-173
       Gates: WR 41.7% < 50.0% | PF 0.72x < 1.1x | P&L $-173.36 ≤ $0 | Failed H1 P&L ($-204) | Low Recent Momentum: last 5 trades P&L=$-70

  GOOG / WBD:
    ✗  REJECTED: Failed Split-Half
       Live z=+2.81 SHORT | BT: 29 trades, WR 45%, PF 0.67x, P&L $-243
       Gates: WR 44.8% < 50.0% | PF 0.67x < 1.1x | P&L $-243.26 ≤ $0 | Failed H1 P&L ($-151) | Failed H2 P&L ($-92) | Low Recent Cointegration: ADF p=0.440 > 0.1

  D / XEL:
    ✗  REJECTED: Failed Split-Half
       Live z=-3.81 LONG | BT: 26 trades, WR 46%, PF 0.84x, P&L $-22
       Gates: WR 46.2% < 50.0% | PF 0.84x < 1.1x | P&L $-21.76 ≤ $0 | Failed H1 P&L ($-8) | Failed H2 P&L ($-14) | Low Recent Momentum: last 5 trades P&L=$-34 | Low Recent Cointegration: ADF p=1.000 > 0.1

  IR / ODFL:
    ✗  REJECTED: Failed Split-Half
       Live z=-1.91 LONG | BT: 26 trades, WR 42%, PF 0.40x, P&L $-272
       Gates: WR 42.3% < 50.0% | PF 0.40x < 1.1x | P&L $-272.29 ≤ $0 | Failed H1 P&L ($-314) | Low Recent Momentum: last 5 trades P&L=$-34 | Low Recent Cointegration: ADF p=0.323 > 0.1

  GOOGL / WBD:
    ✗  REJECTED: Failed Split-Half
       Live z=+2.80 SHORT | BT: 29 trades, WR 45%, PF 0.86x, P&L $-99
       Gates: WR 44.8% < 50.0% | PF 0.86x < 1.1x | P&L $-98.96 ≤ $0 | Failed H1 P&L ($-159) | Low Recent Cointegration: ADF p=0.447 > 0.1

  DHR / REGN:
    ✗  REJECTED: Failed Split-Half
       Live z=+2.88 SHORT | BT: 26 trades, WR 42%, PF 0.96x, P&L $-14
       Gates: WR 42.3% < 50.0% | PF 0.96x < 1.1x | P&L $-13.55 ≤ $0 | Failed H2 P&L ($-73) | Low Recent Momentum: last 5 trades P&L=$-103 | Low Recent Cointegration: ADF p=0.796 > 0.1


  ✓ system_log.csv updated (0 diamond, 25 rejected)

  ════════════════════════════════════════════════════════════
    DAILY RESULTS  (Standard + Split-Half + ADF90 + Momentum)
  ════════════════════════════════════════════════════════════
    Pairs scanned   : 50
    No live signal  : 25
    Download errors : 0
    ◆ Diamond       : 0
    ✗ Rejected      : 25

  No diamond signals today.

  ── Rejected (25 pairs: had live signal, failed regime gates) ──
    ✗    APD/IP       LONG  z=-1.64  WR=82%  PF=3.05x  P&L=$+304
    ✗    HWM/JCI      LONG  z=-2.86  WR=31%  PF=0.30x  P&L=$-402
    ✗     NI/XEL      LONG  z=-5.22  WR=35%  PF=0.52x  P&L=$-85
    ✗    AME/LUV      LONG  z=-1.58  WR=33%  PF=0.38x  P&L=$-392
    ✗    EME/NSC      LONG  z=-1.70  WR=31%  PF=0.69x  P&L=$-151
    ✗    KEY/RF      SHORT  z=+3.05  WR=41%  PF=0.40x  P&L=$-110
    ✗    LNT/XEL      LONG  z=-3.61  WR=48%  PF=1.07x  P&L=$+8
    ✗    CEG/XEL     SHORT  z=+3.81  WR=45%  PF=1.15x  P&L=$+67
    ✗     HD/NCLH     LONG  z=-2.80  WR=32%  PF=0.58x  P&L=$-255
    ✗    ALL/TRV     SHORT  z=+2.16  WR=43%  PF=0.84x  P&L=$-30
    ✗    ALL/CINF    SHORT  z=+1.51  WR=52%  PF=0.82x  P&L=$-39
    ✗    DTE/DUK      LONG  z=-2.15  WR=39%  PF=0.88x  P&L=$-14
    ✗     DG/DLTR    SHORT  z=+2.20  WR=57%  PF=1.12x  P&L=$+43
    ✗   AMZN/TSLA     LONG  z=-3.49  WR=41%  PF=0.67x  P&L=$-302
    ✗     GL/TRV      LONG  z=-1.55  WR=45%  PF=1.68x  P&L=$+172
    ✗    BAX/MOH     SHORT  z=+2.19  WR=54%  PF=1.27x  P&L=$+125
    ✗  GOOGL/GOOG     LONG  z=-2.46  WR=4%  PF=0.00x  P&L=$-60
    ✗    COF/JPM     SHORT  z=+1.74  WR=38%  PF=0.85x  P&L=$-30
    ✗   DASH/ORLY     LONG  z=-1.58  WR=54%  PF=1.20x  P&L=$+78
    ✗   AMAT/TER     SHORT  z=+1.75  WR=42%  PF=0.72x  P&L=$-173
    ✗   GOOG/WBD     SHORT  z=+2.81  WR=45%  PF=0.67x  P&L=$-243
    ✗      D/XEL      LONG  z=-3.81  WR=46%  PF=0.84x  P&L=$-22
    ✗     IR/ODFL     LONG  z=-1.91  WR=42%  PF=0.40x  P&L=$-272
    ✗  GOOGL/WBD     SHORT  z=+2.80  WR=45%  PF=0.86x  P&L=$-99
    ✗    DHR/REGN    SHORT  z=+2.88  WR=42%  PF=0.96x  P&L=$-14

  Log     → c:\Users\User\Desktop\adf bot\logs\2026-02-18_123346.log
  Journal → c:\Users\User\Desktop\adf bot\system_log.csv
  Errors  → c:\Users\User\Desktop\adf bot\error.log

