
  ╔══════════════════════════════════════════════════════════════╗
  ║     PAIRS TRADING SYSTEM — Daily Orchestration              ║
  ║     2026-03-24 12:55:44                                        ║
  ╚══════════════════════════════════════════════════════════════╝

  ── System Health ──────────────────────────────
    Data Source      : ● OFFLINE
    Pairs Loaded     : 0
    Scanner Age      : 0d old
    System Log       : Exists
    Error Log        : error.log
    Strategy         : z_entry=2.0 | z_exit=0.0 | z_stop=3.0 | hold<=30d
    Quality Gates    : WR>50.0% | PF>1.3x | P&L>$0
    Regime Gates     : Split-Half | ADF-90d | Recent Momentum
  ──────────────────────────────────────────────────

  ═══ PHASE 0 — Portfolio Update ═══

  No positions closed today.

  -- Live Portfolio -------------------------------------------
    No open positions.

    Positions open   : 0 / 10
    Total live P&L   : $+0.00
    Peak P&L         : $+0.00
    System drawdown  : $+0.00  (limit $-1500)
  ------------------------------------------------------------
  Scanner skipped (candidates 0d old, refresh every 3d). Use --scan to force.

  ✗ No candidates available. Run with --scan first.

