
  ╔══════════════════════════════════════════════════════════════╗
  ║     PAIRS TRADING SYSTEM — Daily Orchestration              ║
  ║     2026-03-13 19:07:13                                        ║
  ╚══════════════════════════════════════════════════════════════╝

  ── System Health ──────────────────────────────
    Data Source      : ● ONLINE
    Pairs Loaded     : 150
    Scanner Age      : 8d old
    System Log       : Exists
    Error Log        : error.log
    Strategy         : z_entry=2.0 | z_exit=0.0 | z_stop=3.0 | hold<=30d
    Quality Gates    : WR>55.0% | PF>1.3x | P&L>$0
    Regime Gates     : Split-Half | ADF-90d | Recent Momentum
  ──────────────────────────────────────────────────

  ═══ PHASE 0 — Portfolio Update ═══

  No positions closed today.

  -- Live Portfolio -------------------------------------------
    No open positions.

    Positions open   : 0 / 10
    Total live P&L   : $+0.00
    Peak P&L         : $+0.00
    System drawdown  : $+0.00  (limit $-1500)
  ------------------------------------------------------------

  ═══ PHASE 1 — Refreshing Candidates (nightly_scanner) ═══


╔══════════════════════════════════════════════════════════════╗
║  NIGHTLY SCANNER v2 — Cointegration + Sector Filtering      ║
║  Run : 2026-03-13 19:07:20                                ║
╚══════════════════════════════════════════════════════════════╝

[STEP 1] Scraped 503 S&P 500 tickers + sectors from Wikipedia.
[STEP 1b] Using hardcoded list of 67 Nasdaq-100 tickers.
[STEP 1] Using hardcoded list of 366 tickers with sectors.
[STEP 1c] Skipped 20 removed tickers (no sector resolved): ['DAY', 'SOLS', 'K', 'IPG', 'MKTX', 'WBA', 'HES', 'ANSS', 'JNPR', 'DFS']...
[STEP 1] Historical constituents: 503 current + 16 historical = 519 total tickers.
[STEP 1b] Scraped 101 Nasdaq-100 tickers + sectors from Wikipedia.
[STEP 1b] Combined universe: 533 unique tickers (S&P 500 + Nasdaq-100).


[STEP 2] Downloading 533 tickers  (2024-03-13 → 2026-03-13) in batches of 50 …
  Batch 1/11  (50 tickers) … OK  (50 cols)
  Batch 2/11  (50 tickers) … OK  (50 cols)
  Batch 3/11  (50 tickers) … OK  (50 cols)
  Batch 4/11  (50 tickers) … OK  (50 cols)
  Batch 5/11  (50 tickers) … OK  (50 cols)
  Batch 6/11  (50 tickers) … OK  (50 cols)
  Batch 7/11  (50 tickers) … OK  (50 cols)
  Batch 8/11  (50 tickers) … OK  (50 cols)
  Batch 9/11  (50 tickers) … OK  (50 cols)
  Batch 10/11  (50 tickers) … OK  (50 cols)
  Batch 11/11  (33 tickers) … OK  (33 cols)
[STEP 2] Raw price matrix: 501 days × 533 tickers.

[STEP 3] Dropped 2 tickers (>10% missing).  Remaining: 528 tickers.

[STEP 4] Same-sector correlation pre-filter …
         Same-sector pairs with ρ ≥ 0.8: 1770

[STEP 5] Running Engle-Granger cointegration on 1770 pairs …
         … 200/1770
         … 400/1770
         … 600/1770
         … 800/1770
         … 1000/1770
         … 1200/1770
         … 1400/1770
         … 1600/1770
         Tested: 1770  |  Cointegrated (p < 0.05): 209

[STEP 6] Saved → daily_candidates.csv  (150 rows)

  Top 10 Preview:
  ------------------------------------------------------------------------
       ALL / GL      Sector: Financials                    ρ=0.865  coint p=0.0001
      KLAC / STX     Sector: Information Technology        ρ=0.970  coint p=0.0002
       EME / NSC     Sector: Industrials                   ρ=0.918  coint p=0.0002
       PPL / WEC     Sector: Utilities                     ρ=0.987  coint p=0.0003
      BF-B / KHC     Sector: Consumer Staples              ρ=0.938  coint p=0.0004
         J / PNR     Sector: Industrials                   ρ=0.876  coint p=0.0006
      CDNS / MSFT    Sector: Information Technology        ρ=0.832  coint p=0.0016
      GILD / DGX     Sector: Health Care                   ρ=0.954  coint p=0.0018
        GM / ULTA    Sector: Consumer Discretionary        ρ=0.851  coint p=0.0019
      BF-B / GIS     Sector: Consumer Staples              ρ=0.920  coint p=0.0019

  NOTE: Universe includes historical S&P 500 constituents (survivorship bias reduced). + Nasdaq-100.


  ✓ Scanner completed.

  ═══ PHASE 2 — Master Signal (live + backtest) ═══


╔══════════════════════════════════════════════════════════════╗
║  MASTER SIGNAL v3 — Audit-Fixed Verification Engine         ║
║  Run : 2026-03-13 19:08:06                                  ║
╚══════════════════════════════════════════════════════════════╝

  Loaded 150 pairs from daily_candidates.csv
  Strategy: β=60d | z=20d | Entry |z|>2.0 | Exit z→0.0 | Stop |z|>3.0 | Hold≤30d
  Quality gates: WR>55.0% | PF>1.3x | P&L>$0
  Slippage: 0.10% on notional (entry+exit, both legs) | Capital: $1,000/trade
  Execution: 1-bar delay (signal@close → trade@next close)


  !!!!!!!!!!!!!!!!!!!!!!!!!!!!!!!!!!!!!!!!!!!!!!!!!!!!!!!!!!!!
  ⚠  VIX REGIME BLOCK: 26.8 > 25.0
  Signals shown but flagged BLOCKED. No new entries advised.
  !!!!!!!!!!!!!!!!!!!!!!!!!!!!!!!!!!!!!!!!!!!!!!!!!!!!!!!!!!!!

  [1/150]        ALL / GL  —  No signal  (|z| = 1.99)
  [2/150]      KLAC / STX  —  No signal  (|z| = 1.41)
  [3/150]       EME / NSC  —  No signal  (|z| = 1.33)
  [4/150]       PPL / WEC  —  No signal  (|z| = 0.19)
  [5/150]      BF-B / KHC  —  No signal  (|z| = 0.84)
  [6/150]         J / PNR  ⚡ z=-3.12  LONG  →  ✗ REJECTED
  [7/150]     CDNS / MSFT  ⚡ z=+2.13 SHORT  →  ✗ REJECTED
  [8/150]      GILD / DGX  —  No signal  (|z| = 1.09)
  [9/150]       GM / ULTA  —  No signal  (|z| = 1.53)
  [10/150]      BF-B / GIS  ⚡ z=-2.75  LONG  →  ✗ REJECTED
  [11/150]        GL / TRV  —  No signal  (|z| = 1.48)
  [12/150]       DTE / DUK  —  No signal  (|z| = 0.76)
  [13/150]      AMZN / CCL  —  No signal  (|z| = 0.65)
  [14/150]       AME / CMI  —  No signal  (|z| = 0.07)
  [15/150]        GL / HIG  ⚡ z=+2.61 SHORT  →  ✗ REJECTED
  [16/150]        KEY / RF  —  No signal  (|z| = 1.21)
  [17/150]       CEG / NRG  —  No signal  (|z| = 1.06)
  [18/150]       ABT / BSX  —  No signal  (|z| = 1.07)
  [19/150]       HWM / JCI  —  No signal  (|z| = 0.81)
  [20/150]       GL / IBKR  ⚡ z=+2.04 SHORT  →  ✗ REJECTED
  [21/150]      HAS / ULTA  —  No signal  (|z| = 1.38)
  [22/150]        BAC / MS  —  No signal  (|z| = 1.97)
  [23/150]       ALL / CME  —  No signal  (|z| = 1.28)
  [24/150]     INTC / LRCX  ⚡ z=-2.20  LONG  →  ✗ REJECTED
  [25/150]         ES / FE  —  No signal  (|z| = 0.92)
  [26/150]      GOOG / WBD  —  No signal  (|z| = 1.29)
  [27/150]     GOOGL / WBD  —  No signal  (|z| = 1.32)
  [28/150]       HD / NCLH  —  No signal  (|z| = 1.67)
  [29/150]       INTC / MU  ⚡ z=-2.13  LONG  →  ✗ REJECTED
  [30/150]       AME / LUV  —  No signal  (|z| = 0.02)
  [31/150]       CINF / GL  ⚡ z=-2.18  LONG  →  ✗ REJECTED
  [32/150]       IR / ODFL  —  No signal  (|z| = 0.12)
  [33/150]     AMZN / TSLA  —  No signal  (|z| = 1.05)
  [34/150]      CBOE / TRV  —  No signal  (|z| = 1.19)
  [35/150]      AMZN / WSM  —  No signal  (|z| = 0.20)
  [36/150]        NI / PPL  —  No signal  (|z| = 1.64)
  [37/150]        PPG / CE  —  No signal  (|z| = 0.86)
  [38/150]      ULTA / BWA  —  No signal  (|z| = 0.80)
  [39/150]      CBOE / HIG  —  No signal  (|z| = 0.88)
  [40/150]     ADSK / PANW  —  No signal  (|z| = 1.31)
  [41/150]      BF-B / CAG  ⚡ z=-2.55  LONG  →  ✗ REJECTED
  [42/150]      ADBE / HPQ  ⚡ z=-2.21  LONG  →  ✗ REJECTED
  [43/150]       ESS / MAA  —  No signal  (|z| = 0.58)
  [44/150]       BAX / MOH  —  No signal  (|z| = 0.04)
  [45/150]      COF / NDAQ  ⚡ z=-2.33  LONG  →  ✗ REJECTED
  [46/150]      FDX / JBHT  —  No signal  (|z| = 0.88)
  [47/150]         BK / GL  —  No signal  (|z| = 1.39)
  [48/150]      ATO / EVRG  —  No signal  (|z| = 1.41)
  [49/150]       NVR / MHK  —  No signal  (|z| = 1.85)
  [50/150]       CPT / ESS  —  No signal  (|z| = 0.05)
  [51/150]      BF-B / CPB  —  No signal  (|z| = 0.20)
  [52/150]      ALL / CBOE  —  No signal  (|z| = 1.22)
  [53/150]          BK / L  —  No signal  (|z| = 1.93)
  [54/150]        APD / IP  ⚡ z=+2.22 SHORT  →  ✗ REJECTED
  [55/150]        ALL / BK  —  No signal  (|z| = 1.98)
  [56/150]      ALL / NDAQ  —  No signal  (|z| = 0.05)
  [57/150]        GL / JPM  —  No signal  (|z| = 1.17)
  [58/150]       EQR / UDR  —  No signal  (|z| = 0.86)
  [59/150]        CI / ELV  —  No signal  (|z| = 0.07)
  [60/150]       CMI / LUV  —  No signal  (|z| = 1.77)
  [61/150]      JPM / NDAQ  ⚡ z=-2.49  LONG  →  ✗ REJECTED
  [62/150]       CMS / DUK  —  No signal  (|z| = 1.56)
  [63/150]       ADM / HSY  —  No signal  (|z| = 1.71)
  [64/150]       ATO / XEL  —  No signal  (|z| = 1.37)
  [65/150]       AXP / BAC  —  No signal  (|z| = 1.40)
  [66/150]      NTRS / STT  ⚡ z=+2.08 SHORT  →  ✗ REJECTED
  [67/150]       CEG / XEL  —  No signal  (|z| = 0.68)
  [68/150]      ABBV / MDT  —  No signal  (|z| = 0.83)
  [69/150]         DE / WM  —  No signal  (|z| = 0.04)
  [70/150]       DG / DLTR  —  No signal  (|z| = 1.61)
  [71/150]       ADI / WDC  —  No signal  (|z| = 1.51)
  [72/150]      COO / RVTY  —  No signal  (|z| = 0.72)
  [73/150]        CBOE / L  —  No signal  (|z| = 1.29)
  [74/150]       ADI / STX  —  No signal  (|z| = 0.83)
  [75/150]        NSC / PH  —  No signal  (|z| = 1.42)
  [76/150]     HBAN / NDAQ  —  No signal  (|z| = 0.02)
  [77/150]      ALL / CINF  —  No signal  (|z| = 1.23)
  [78/150]      ALL / IBKR  —  No signal  (|z| = 0.36)
  [79/150]      IEX / ODFL  —  No signal  (|z| = 0.16)
  [80/150]       FTV / IEX  —  No signal  (|z| = 0.07)
  [81/150]    GOOGL / GOOG  ⚡ z=+2.19 SHORT  →  ✗ REJECTED
  [82/150]         J / URI  —  No signal  (|z| = 1.48)
  [83/150]       ALL / WRB  —  No signal  (|z| = 1.61)
  [84/150]       AIZ / TFC  —  No signal  (|z| = 0.35)
  [85/150]       GL / NDAQ  —  No signal  (|z| = 0.82)
  [86/150]       AEE / PPL  —  No signal  (|z| = 1.59)
  [87/150]      LYV / META  —  No signal  (|z| = 0.99)
  [88/150]      TPR / ULTA  —  No signal  (|z| = 0.63)
  [89/150]      ANET / HPE  —  No signal  (|z| = 0.96)
  [90/150]       CMI / PWR  —  No signal  (|z| = 1.53)
  [91/150]      KLAC / WDC  —  No signal  (|z| = 1.25)
  [92/150]        BAX / CI  —  No signal  (|z| = 0.71)
  [93/150]       IRM / PSA  —  No signal  (|z| = 0.46)
  [94/150]       ALL / JPM  ⚡ z=+2.08 SHORT  →  ✗ REJECTED
  [95/150]      BRK-B / GL  —  No signal  (|z| = 1.96)
  [96/150]      ABT / PODD  —  No signal  (|z| = 1.25)
  [97/150]       CMS / PPL  ⚡ z=-2.00  LONG  →  ✗ REJECTED
  [98/150]        BAC / GS  ⚡ z=-2.67  LONG  →  ✗ REJECTED
  [99/150]      ADI / LRCX  ⚡ z=-2.26  LONG  →  ✗ REJECTED
  [100/150]     MCHP / NXPI  ⚡ z=+2.16 SHORT  →  ✗ REJECTED
  [101/150]       TFC / USB  ⚡ z=-3.72  LONG  →  ✗ REJECTED
  [102/150]        F / ULTA  —  No signal  (|z| = 1.46)
  [103/150]        BK / TRV  —  No signal  (|z| = 0.51)
  [104/150]       FTV / UPS  —  No signal  (|z| = 0.27)
  [105/150]      MTB / NDAQ  —  No signal  (|z| = 0.55)
  [106/150]        AEE / NI  —  No signal  (|z| = 0.84)
  [107/150]       ALL / BLK  ⚡ z=-2.46  LONG  →  ✗ REJECTED
  [108/150]      CEG / EVRG  —  No signal  (|z| = 1.53)
  [109/150]      LDOS / URI  ⚡ z=-2.18  LONG  →  ✗ REJECTED
  [110/150]       MTD / TMO  ⚡ z=-2.71  LONG  →  ✗ REJECTED
  [111/150]      CINF / STT  —  No signal  (|z| = 0.30)
  [112/150]       AME / CAT  —  No signal  (|z| = 1.17)
  [113/150]      AMCR / IFF  —  No signal  (|z| = 0.72)
  [114/150]       RL / ULTA  —  No signal  (|z| = 0.12)
  [115/150]       ALL / TRV  —  No signal  (|z| = 0.42)
  [116/150]        MS / STT  ⚡ z=-2.80  LONG  →  ✗ REJECTED
  [117/150]        AVY / CE  —  No signal  (|z| = 1.60)
  [118/150]       AMP / MET  —  No signal  (|z| = 0.54)
  [119/150]      CHRW / LUV  ⚡ z=+2.19 SHORT  →  ✗ REJECTED
  [120/150]      LULU / KMX  —  No signal  (|z| = 0.93)
  [121/150]        ADI / MU  ⚡ z=-2.19  LONG  →  ✗ REJECTED
  [122/150]       ALL / STT  —  No signal  (|z| = 0.55)
  [123/150]      GLW / LRCX  —  No signal  (|z| = 1.62)
  [124/150]        PNC / RF  ⚡ z=+3.41 SHORT  →  ✗ REJECTED
  [125/150]      CHRW / CAT  —  No signal  (|z| = 1.05)
  [126/150]      FITB / TFC  ⚡ z=+2.48 SHORT  →  ✗ REJECTED
  [127/150]       ESS / UDR  —  No signal  (|z| = 0.79)
  [128/150]     JBHT / PCAR  —  No signal  (|z| = 0.04)
  [129/150]       PWR / ROK  ⚡ z=+2.26 SHORT  →  ✗ REJECTED
  [130/150]      BRO / MRSH  —  No signal  (|z| = 0.67)
  [131/150]       LNT / DUK  —  No signal  (|z| = 0.17)
  [132/150]       NSC / PWR  —  No signal  (|z| = 0.62)
  [133/150]     AMZN / EXPE  —  No signal  (|z| = 0.39)
  [134/150]      GRMN / RCL  ⚡ z=+3.08 SHORT  →  ✗ REJECTED
  [135/150]     FISV / MRSH  ⚡ z=-2.16  LONG  →  ✗ REJECTED
  [136/150]      FOXA / TKO  —  No signal  (|z| = 1.01)
  [137/150]       FIX / LHX  —  No signal  (|z| = 1.93)
  [138/150]      IBKR / JPM  —  No signal  (|z| = 0.18)
  [139/150]        GS / STT  —  No signal  (|z| = 0.80)
  [140/150]       EQR / EXR  ⚡ z=+2.56 SHORT  →  ✗ REJECTED
  [141/150]      ABBV / DGX  —  No signal  (|z| = 1.38)
  [142/150]       KEY / USB  —  No signal  (|z| = 1.10)
  [143/150]     AMZN / CVNA  —  No signal  (|z| = 0.33)
  [144/150]      NDSN / TXT  —  No signal  (|z| = 0.72)
  [145/150]      IBKR / WFC  —  No signal  (|z| = 0.05)
  [146/150]      CINF / TRV  —  No signal  (|z| = 0.92)
  [147/150]      NDAQ / WFC  —  No signal  (|z| = 1.23)
  [148/150]     IBKR / NTRS  —  No signal  (|z| = 1.61)
  [149/150]        GL / STT  ⚡ z=+2.31 SHORT  →  ✗ REJECTED
  [150/150]       AME / FIX  —  No signal  (|z| = 1.42)


════════════════════════════════════════════════════════════════
  SCAN COMPLETE
════════════════════════════════════════════════════════════════
  Pairs scanned   : 150
  No live signal  : 116
  Download errors : 0
  Signals found   : 34
    ◆ Diamond     : 0
    ✗ Rejected    : 34
════════════════════════════════════════════════════════════════

  No diamond signals today.


  ── Rejected Signals (had live z, failed backtest) ──

  J / PNR:
    ✗  REJECTED: Unstable Hedge Ratio
       Live z=-3.12 LONG | BT: 28 trades, WR 36%, PF 0.43x, P&L $-213
       Gates: WR 35.7% < 55.0% | PF 0.43x < 1.3x | P&L $-213.20 ≤ $50 | Sharpe -1.29 < 0.5 | Unstable Beta: CV=0.89 > 0.3 | Sortino -1.61 < 0.5 | Avg P&L $-7.61 < $5.00 | Failed H1 P&L ($-202 < $20) | Failed H2 P&L ($-11 < $20) | Low Recent Momentum: last 5 trades P&L=$-39 | Walk-Forward OOS: Sharpe=-0.70, P&L=$-43.92 | Low Recent Cointegration: ADF p=0.341 > 0.1 | Low Recent Correlation: ρ=0.25 < 0.65

  CDNS / MSFT:
    ✗  REJECTED: Unstable Hedge Ratio
       Live z=+2.13 SHORT | BT: 26 trades, WR 54%, PF 1.38x, P&L $+59
       Gates: WR 53.8% < 55.0% | Unstable Beta: CV=0.49 > 0.3 | Avg P&L $+2.29 < $5.00 | Failed H1 P&L ($+16 < $20)

  BF-B / GIS:
    ✗  REJECTED: Unstable Hedge Ratio
       Live z=-2.75 LONG | BT: 31 trades, WR 52%, PF 2.16x, P&L $+229
       Gates: WR 51.6% < 55.0% | Unstable Beta: CV=1.89 > 0.3 | Low Recent Cointegration: ADF p=0.794 > 0.1 | Low Recent Correlation: ρ=0.59 < 0.65

  GL / HIG:
    ✗  REJECTED: Unstable Hedge Ratio
       Live z=+2.61 SHORT | BT: 36 trades, WR 47%, PF 0.26x, P&L $-254
       Gates: WR 47.2% < 55.0% | PF 0.26x < 1.3x | P&L $-253.94 ≤ $50 | Sharpe -1.90 < 0.5 | Max DD $-232 < $-200 | Unstable Beta: CV=1.44 > 0.3 | Sortino -1.74 < 0.5 | Avg P&L $-7.05 < $5.00 | Failed H1 P&L ($-152 < $20) | Failed H2 P&L ($-102 < $20) | Low Recent Momentum: last 5 trades P&L=$-37 | Walk-Forward OOS: Sharpe=-0.56, P&L=$-12.02

  GL / IBKR:
    ✗  REJECTED: Unstable Hedge Ratio
       Live z=+2.04 SHORT | BT: 33 trades, WR 36%, PF 0.44x, P&L $-287
       Gates: WR 36.4% < 55.0% | PF 0.44x < 1.3x | P&L $-286.57 ≤ $50 | Sharpe -1.46 < 0.5 | Max DD $-372 < $-200 | Unstable Beta: CV=27.24 > 0.3 | Sortino -1.74 < 0.5 | Avg P&L $-8.68 < $5.00 | Failed H1 P&L ($-121 < $20) | Failed H2 P&L ($-165 < $20) | Low Recent Cointegration: ADF p=0.157 > 0.1 | Low Recent Correlation: ρ=0.44 < 0.65

  INTC / LRCX:
    ✗  REJECTED: Unstable Hedge Ratio
       Live z=-2.20 LONG | BT: 38 trades, WR 39%, PF 0.46x, P&L $-442
       Gates: WR 39.5% < 55.0% | PF 0.46x < 1.3x | P&L $-441.78 ≤ $50 | Sharpe -1.37 < 0.5 | Max DD $-443 < $-200 | Unstable Beta: CV=0.99 > 0.3 | Sortino -1.66 < 0.5 | Avg P&L $-11.63 < $5.00 | Failed H1 P&L ($-116 < $20) | Failed H2 P&L ($-326 < $20) | Low Recent Momentum: last 5 trades P&L=$-63 | Walk-Forward OOS: Sharpe=-2.14, P&L=$-270.48 | Low Recent Cointegration: ADF p=0.279 > 0.1

  INTC / MU:
    ✗  REJECTED: Unstable Hedge Ratio
       Live z=-2.13 LONG | BT: 30 trades, WR 53%, PF 0.75x, P&L $-173
       Gates: WR 53.3% < 55.0% | PF 0.75x < 1.3x | P&L $-173.03 ≤ $50 | Sharpe -0.53 < 0.5 | Max DD $-331 < $-200 | Unstable Beta: CV=1.15 > 0.3 | Sortino -0.86 < 0.5 | Avg P&L $-5.77 < $5.00 | Failed H1 P&L ($-81 < $20) | Failed H2 P&L ($-92 < $20) | Low Recent Momentum: last 5 trades P&L=$-21 | Walk-Forward OOS: Sharpe=-2.03, P&L=$-195.15 | Low Recent Cointegration: ADF p=0.152 > 0.1

  CINF / GL:
    ✗  REJECTED: Unstable Hedge Ratio
       Live z=-2.18 LONG | BT: 34 trades, WR 50%, PF 2.08x, P&L $+167
       Gates: WR 50.0% < 55.0% | Unstable Beta: CV=1.80 > 0.3 | Avg P&L $+4.92 < $5.00 | Walk-Forward OOS: Sharpe=-1.77, P&L=$-42.26 | Low Recent Cointegration: ADF p=0.612 > 0.1 | Low Recent Correlation: ρ=0.44 < 0.65

  BF-B / CAG:
    ✗  REJECTED: Unstable Hedge Ratio
       Live z=-2.55 LONG | BT: 29 trades, WR 48%, PF 1.84x, P&L $+218
       Gates: WR 48.3% < 55.0% | Unstable Beta: CV=1.55 > 0.3 | Failed H1 P&L ($-25 < $20) | Low Recent Momentum: last 5 trades P&L=$-40 | Low Recent Cointegration: ADF p=0.185 > 0.1 | Low Recent Correlation: ρ=0.42 < 0.65

  ADBE / HPQ:
    ✗  REJECTED: Unstable Hedge Ratio
       Live z=-2.21 LONG | BT: 34 trades, WR 50%, PF 0.78x, P&L $-99
       Gates: WR 50.0% < 55.0% | PF 0.78x < 1.3x | P&L $-99.14 ≤ $50 | Sharpe -0.44 < 0.5 | Max DD $-216 < $-200 | Unstable Beta: CV=2.43 > 0.3 | Sortino -0.45 < 0.5 | Avg P&L $-2.92 < $5.00 | Failed H1 P&L ($-295 < $20) | Low Recent Cointegration: ADF p=0.944 > 0.1

  COF / NDAQ:
    ✗  REJECTED: Unstable Hedge Ratio
       Live z=-2.33 LONG | BT: 35 trades, WR 34%, PF 0.47x, P&L $-242
       Gates: WR 34.3% < 55.0% | PF 0.47x < 1.3x | P&L $-241.77 ≤ $50 | Sharpe -1.22 < 0.5 | Max DD $-263 < $-200 | Unstable Beta: CV=0.70 > 0.3 | Sortino -1.44 < 0.5 | Avg P&L $-6.91 < $5.00 | Failed H1 P&L ($-149 < $20) | Failed H2 P&L ($-93 < $20) | Low Recent Momentum: last 5 trades P&L=$-25 | Walk-Forward OOS: Sharpe=-0.68, P&L=$-53.79 | Low Recent Cointegration: ADF p=0.198 > 0.1

  APD / IP:
    ✗  REJECTED: Unstable Hedge Ratio
       Live z=+2.22 SHORT | BT: 30 trades, WR 80%, PF 6.45x, P&L $+449
       Gates: Unstable Beta: CV=0.52 > 0.3 | Low Recent Cointegration: ADF p=0.315 > 0.1

  JPM / NDAQ:
    ✗  REJECTED: Unstable Hedge Ratio
       Live z=-2.49 LONG | BT: 26 trades, WR 31%, PF 0.18x, P&L $-320
       Gates: WR 30.8% < 55.0% | PF 0.18x < 1.3x | P&L $-320.35 ≤ $50 | Sharpe -2.60 < 0.5 | Max DD $-322 < $-200 | Unstable Beta: CV=0.84 > 0.3 | Sortino -3.05 < 0.5 | Avg P&L $-12.32 < $5.00 | Failed H1 P&L ($-126 < $20) | Failed H2 P&L ($-194 < $20) | Low Recent Momentum: last 5 trades P&L=$-145 | Walk-Forward OOS: Sharpe=-6.47, P&L=$-195.91 | Low Recent Cointegration: ADF p=0.296 > 0.1 | Low Recent Correlation: ρ=0.44 < 0.65

  NTRS / STT:
    ✗  REJECTED: Unstable Hedge Ratio
       Live z=+2.08 SHORT | BT: 29 trades, WR 34%, PF 0.57x, P&L $-90
       Gates: WR 34.5% < 55.0% | PF 0.57x < 1.3x | P&L $-89.79 ≤ $50 | Sharpe -0.95 < 0.5 | Unstable Beta: CV=0.39 > 0.3 | Sortino -1.49 < 0.5 | Avg P&L $-3.10 < $5.00 | Failed H1 P&L ($-54 < $20) | Failed H2 P&L ($-36 < $20) | Low Recent Momentum: last 5 trades P&L=$-12 | Walk-Forward OOS: Sharpe=-0.09, P&L=$-1.22 | Low Recent Cointegration: ADF p=0.523 > 0.1

  GOOGL / GOOG:
    ✗  REJECTED: Failed Split-Half
       Live z=+2.19 SHORT | BT: 30 trades, WR 0%, PF 0.00x, P&L $-74
       Gates: WR 0.0% < 55.0% | PF 0.00x < 1.3x | P&L $-74.45 ≤ $50 | Sharpe -11.45 < 0.5 | Sortino -11.45 < 0.5 | Avg P&L $-2.48 < $5.00 | Failed H1 P&L ($-28 < $20) | Failed H2 P&L ($-46 < $20) | Low Recent Momentum: last 5 trades P&L=$-10 | Walk-Forward OOS: Sharpe=-11.07, P&L=$-22.04

  ALL / JPM:
    ✗  REJECTED: Unstable Hedge Ratio
       Live z=+2.08 SHORT | BT: 33 trades, WR 36%, PF 0.42x, P&L $-258
       Gates: WR 36.4% < 55.0% | PF 0.42x < 1.3x | P&L $-257.54 ≤ $50 | Sharpe -1.61 < 0.5 | Max DD $-321 < $-200 | Unstable Beta: CV=1.27 > 0.3 | Sortino -2.22 < 0.5 | Avg P&L $-7.80 < $5.00 | Failed H1 P&L ($-105 < $20) | Failed H2 P&L ($-152 < $20) | Low Recent Momentum: last 5 trades P&L=$-32 | Walk-Forward OOS: Sharpe=-2.75, P&L=$-114.93 | Low Recent Correlation: ρ=-0.01 < 0.65

  CMS / PPL:
    ✗  REJECTED: Unstable Hedge Ratio
       Live z=-2.00 LONG | BT: 35 trades, WR 34%, PF 0.28x, P&L $-134
       Gates: WR 34.3% < 55.0% | PF 0.28x < 1.3x | P&L $-133.90 ≤ $50 | Sharpe -2.29 < 0.5 | Unstable Beta: CV=0.38 > 0.3 | Sortino -3.12 < 0.5 | Avg P&L $-3.83 < $5.00 | Failed H1 P&L ($-68 < $20) | Failed H2 P&L ($-66 < $20) | Walk-Forward OOS: Sharpe=-0.72, P&L=$-20.21 | Low Recent Cointegration: ADF p=0.315 > 0.1

  BAC / GS:
    ✗  REJECTED: Unstable Hedge Ratio
       Live z=-2.67 LONG | BT: 37 trades, WR 43%, PF 0.77x, P&L $-61
       Gates: WR 43.2% < 55.0% | PF 0.77x < 1.3x | P&L $-61.43 ≤ $50 | Sharpe -0.45 < 0.5 | Unstable Beta: CV=0.45 > 0.3 | Sortino -0.80 < 0.5 | Avg P&L $-1.66 < $5.00 | Failed H1 P&L ($-86 < $20) | Low Recent Momentum: last 5 trades P&L=$-27 | Low Recent Cointegration: ADF p=0.260 > 0.1 | Low Recent Correlation: ρ=0.43 < 0.65

  ADI / LRCX:
    ✗  REJECTED: Unstable Hedge Ratio
       Live z=-2.26 LONG | BT: 33 trades, WR 33%, PF 0.48x, P&L $-378
       Gates: WR 33.3% < 55.0% | PF 0.48x < 1.3x | P&L $-378.38 ≤ $50 | Sharpe -1.09 < 0.5 | Max DD $-401 < $-200 | Unstable Beta: CV=0.69 > 0.3 | Sortino -1.45 < 0.5 | Avg P&L $-11.47 < $5.00 | Failed H1 P&L ($-48 < $20) | Failed H2 P&L ($-331 < $20) | Low Recent Momentum: last 5 trades P&L=$-185 | Walk-Forward OOS: Sharpe=-1.01, P&L=$-170.75 | Low Recent Cointegration: ADF p=0.152 > 0.1

  MCHP / NXPI:
    ✗  REJECTED: Unstable Hedge Ratio
       Live z=+2.16 SHORT | BT: 30 trades, WR 40%, PF 1.24x, P&L $+75
       Gates: WR 40.0% < 55.0% | PF 1.24x < 1.3x | Sharpe +0.30 < 0.5 | Unstable Beta: CV=0.52 > 0.3 | Avg P&L $+2.51 < $5.00 | Failed H1 P&L ($-131 < $20)

  TFC / USB:
    ✗  REJECTED: Unstable Hedge Ratio
       Live z=-3.72 LONG | BT: 24 trades, WR 42%, PF 1.81x, P&L $+71
       Gates: WR 41.7% < 55.0% | Unstable Beta: CV=0.37 > 0.3 | Avg P&L $+2.97 < $5.00 | Failed H2 P&L ($+15 < $20) | Low Recent Cointegration: ADF p=0.239 > 0.1

  ALL / BLK:
    ✗  REJECTED: Unstable Hedge Ratio
       Live z=-2.46 LONG | BT: 24 trades, WR 33%, PF 0.51x, P&L $-183
       Gates: WR 33.3% < 55.0% | PF 0.51x < 1.3x | P&L $-182.67 ≤ $50 | Sharpe -1.12 < 0.5 | Unstable Beta: CV=2.31 > 0.3 | Sortino -1.87 < 0.5 | Avg P&L $-7.61 < $5.00 | Failed H1 P&L ($-73 < $20) | Failed H2 P&L ($-110 < $20) | Low Recent Momentum: last 5 trades P&L=$-93 | Walk-Forward OOS: Sharpe=-2.72, P&L=$-137.73 | Low Recent Correlation: ρ=-0.48 < 0.65

  LDOS / URI:
    ✗  REJECTED: Unstable Hedge Ratio
       Live z=-2.18 LONG | BT: 42 trades, WR 36%, PF 0.47x, P&L $-306
       Gates: WR 35.7% < 55.0% | PF 0.47x < 1.3x | P&L $-306.08 ≤ $50 | Sharpe -1.41 < 0.5 | Max DD $-318 < $-200 | Unstable Beta: CV=0.74 > 0.3 | Sortino -1.69 < 0.5 | Avg P&L $-7.29 < $5.00 | Failed H1 P&L ($-69 < $20) | Failed H2 P&L ($-237 < $20) | Low Recent Momentum: last 5 trades P&L=$-81 | Walk-Forward OOS: Sharpe=-3.42, P&L=$-125.25 | Low Recent Cointegration: ADF p=0.184 > 0.1 | Low Recent Correlation: ρ=0.25 < 0.65

  MTD / TMO:
    ✗  REJECTED: Unstable Hedge Ratio
       Live z=-2.71 LONG | BT: 33 trades, WR 33%, PF 0.70x, P&L $-76
       Gates: WR 33.3% < 55.0% | PF 0.70x < 1.3x | P&L $-76.06 ≤ $50 | Sharpe -0.51 < 0.5 | Unstable Beta: CV=0.69 > 0.3 | Sortino -0.93 < 0.5 | Avg P&L $-2.30 < $5.00 | Failed H2 P&L ($-111 < $20) | Low Recent Momentum: last 5 trades P&L=$-61 | Walk-Forward OOS: Sharpe=-4.06, P&L=$-130.68 | Low Recent Cointegration: ADF p=0.464 > 0.1

  MS / STT:
    ✗  REJECTED: Unstable Hedge Ratio
       Live z=-2.80 LONG | BT: 35 trades, WR 23%, PF 0.49x, P&L $-135
       Gates: WR 22.9% < 55.0% | PF 0.49x < 1.3x | P&L $-134.58 ≤ $50 | Sharpe -1.05 < 0.5 | Unstable Beta: CV=0.39 > 0.3 | Sortino -1.64 < 0.5 | Avg P&L $-3.85 < $5.00 | Failed H1 P&L ($-45 < $20) | Failed H2 P&L ($-89 < $20) | Low Recent Momentum: last 5 trades P&L=$-15 | Walk-Forward OOS: Sharpe=-0.97, P&L=$-13.54 | Low Recent Cointegration: ADF p=0.128 > 0.1

  CHRW / LUV:
    ✗  REJECTED: Unstable Hedge Ratio
       Live z=+2.19 SHORT | BT: 33 trades, WR 45%, PF 2.38x, P&L $+424
       Gates: WR 45.5% < 55.0% | Unstable Beta: CV=4.89 > 0.3

  ADI / MU:
    ✗  REJECTED: Unstable Hedge Ratio
       Live z=-2.19 LONG | BT: 35 trades, WR 40%, PF 0.61x, P&L $-390
       Gates: WR 40.0% < 55.0% | PF 0.61x < 1.3x | P&L $-390.22 ≤ $50 | Sharpe -0.68 < 0.5 | Max DD $-558 < $-200 | Unstable Beta: CV=0.72 > 0.3 | Sortino -0.77 < 0.5 | Avg P&L $-11.15 < $5.00 | Failed H1 P&L ($-126 < $20) | Failed H2 P&L ($-265 < $20) | Low Recent Momentum: last 5 trades P&L=$-445 | Walk-Forward OOS: Sharpe=-0.62, P&L=$-245.34 | Low Recent Cointegration: ADF p=0.563 > 0.1

  PNC / RF:
    ✗  REJECTED: Failed Split-Half
       Live z=+3.41 SHORT | BT: 33 trades, WR 39%, PF 1.09x, P&L $+9
       Gates: WR 39.4% < 55.0% | PF 1.09x < 1.3x | P&L $+9.02 ≤ $50 | Sharpe +0.13 < 0.5 | Sortino +0.26 < 0.5 | Avg P&L $+0.27 < $5.00 | Failed H2 P&L ($-18 < $20) | Low Recent Momentum: last 5 trades P&L=$-6 | Walk-Forward OOS: Sharpe=-0.32, P&L=$-9.74 | Low Recent Cointegration: ADF p=0.572 > 0.1

  FITB / TFC:
    ✗  REJECTED: Failed Split-Half
       Live z=+2.48 SHORT | BT: 33 trades, WR 42%, PF 0.72x, P&L $-37
       Gates: WR 42.4% < 55.0% | PF 0.72x < 1.3x | P&L $-36.85 ≤ $50 | Sharpe -0.64 < 0.5 | Sortino -0.94 < 0.5 | Avg P&L $-1.12 < $5.00 | Failed H1 P&L ($-27 < $20) | Failed H2 P&L ($-9 < $20) | Low Recent Cointegration: ADF p=0.448 > 0.1

  PWR / ROK:
    ✗  REJECTED: Unstable Hedge Ratio
       Live z=+2.26 SHORT | BT: 31 trades, WR 42%, PF 0.74x, P&L $-119
       Gates: WR 41.9% < 55.0% | PF 0.74x < 1.3x | P&L $-119.31 ≤ $50 | Sharpe -0.53 < 0.5 | Max DD $-268 < $-200 | Unstable Beta: CV=1.30 > 0.3 | Sortino -0.75 < 0.5 | Avg P&L $-3.85 < $5.00 | Failed H2 P&L ($-172 < $20) | Low Recent Momentum: last 5 trades P&L=$-36 | Walk-Forward OOS: Sharpe=-1.57, P&L=$-123.41 | Low Recent Cointegration: ADF p=0.535 > 0.1 | Low Recent Correlation: ρ=0.01 < 0.65

  GRMN / RCL:
    ✗  REJECTED: Unstable Hedge Ratio
       Live z=+3.08 SHORT | BT: 31 trades, WR 39%, PF 0.47x, P&L $-283
       Gates: WR 38.7% < 55.0% | PF 0.47x < 1.3x | P&L $-283.37 ≤ $50 | Sharpe -1.09 < 0.5 | Max DD $-294 < $-200 | Unstable Beta: CV=0.82 > 0.3 | Sortino -1.38 < 0.5 | Avg P&L $-9.14 < $5.00 | Failed H1 P&L ($-82 < $20) | Failed H2 P&L ($-201 < $20) | Low Recent Momentum: last 5 trades P&L=$-108 | Walk-Forward OOS: Sharpe=-3.81, P&L=$-144.02 | Low Recent Cointegration: ADF p=0.771 > 0.1 | Low Recent Correlation: ρ=0.38 < 0.65

  FISV / MRSH:
    ✗  REJECTED: Unstable Hedge Ratio
       Live z=-2.16 LONG | BT: 34 trades, WR 47%, PF 1.26x, P&L $+90
       Gates: WR 47.1% < 55.0% | PF 1.26x < 1.3x | Sharpe +0.31 < 0.5 | Unstable Beta: CV=1.18 > 0.3 | Avg P&L $+2.64 < $5.00 | Failed H1 P&L ($+5 < $20) | Low Recent Cointegration: ADF p=0.613 > 0.1 | Low Recent Correlation: ρ=0.42 < 0.65

  EQR / EXR:
    ✗  REJECTED: Unstable Hedge Ratio
       Live z=+2.56 SHORT | BT: 28 trades, WR 21%, PF 0.36x, P&L $-164
       Gates: WR 21.4% < 55.0% | PF 0.36x < 1.3x | P&L $-164.40 ≤ $50 | Sharpe -1.95 < 0.5 | Unstable Beta: CV=0.44 > 0.3 | Sortino -3.08 < 0.5 | Avg P&L $-5.87 < $5.00 | Failed H1 P&L ($-47 < $20) | Failed H2 P&L ($-117 < $20) | Low Recent Momentum: last 5 trades P&L=$-71 | Walk-Forward OOS: Sharpe=-1.45, P&L=$-53.99 | Low Recent Cointegration: ADF p=0.446 > 0.1

  GL / STT:
    ✗  REJECTED: Unstable Hedge Ratio
       Live z=+2.31 SHORT | BT: 28 trades, WR 46%, PF 0.90x, P&L $-28
       Gates: WR 46.4% < 55.0% | PF 0.90x < 1.3x | P&L $-27.92 ≤ $50 | Sharpe -0.14 < 0.5 | Unstable Beta: CV=3.23 > 0.3 | Sortino -0.16 < 0.5 | Avg P&L $-1.00 < $5.00 | Failed H2 P&L ($-151 < $20) | Low Recent Momentum: last 5 trades P&L=$-13 | Walk-Forward OOS: Sharpe=-1.22, P&L=$-11.82 | Low Recent Cointegration: ADF p=0.766 > 0.1


  ✓ system_log.csv updated (0 diamond, 34 rejected)

  ════════════════════════════════════════════════════════════
    DAILY RESULTS  (Standard + Split-Half + ADF90 + Momentum)
  ════════════════════════════════════════════════════════════
    Pairs scanned   : 150
    No live signal  : 116
    Download errors : 0
    ◆ Diamond       : 0
    ✗ Rejected      : 34

  No diamond signals today.

  ── Rejected (34 pairs: had live signal, failed regime gates) ──
    ✗      J/PNR      LONG  z=-3.12  WR=36%  PF=0.43x  P&L=$-213
    ✗   CDNS/MSFT    SHORT  z=+2.13  WR=54%  PF=1.38x  P&L=$+59
    ✗   BF-B/GIS      LONG  z=-2.75  WR=52%  PF=2.16x  P&L=$+229
    ✗     GL/HIG     SHORT  z=+2.61  WR=47%  PF=0.26x  P&L=$-254
    ✗     GL/IBKR    SHORT  z=+2.04  WR=36%  PF=0.44x  P&L=$-287
    ✗   INTC/LRCX     LONG  z=-2.20  WR=39%  PF=0.46x  P&L=$-442
    ✗   INTC/MU       LONG  z=-2.13  WR=53%  PF=0.75x  P&L=$-173
    ✗   CINF/GL       LONG  z=-2.18  WR=50%  PF=2.08x  P&L=$+167
    ✗   BF-B/CAG      LONG  z=-2.55  WR=48%  PF=1.84x  P&L=$+218
    ✗   ADBE/HPQ      LONG  z=-2.21  WR=50%  PF=0.78x  P&L=$-99
    ✗    COF/NDAQ     LONG  z=-2.33  WR=34%  PF=0.47x  P&L=$-242
    ✗    APD/IP      SHORT  z=+2.22  WR=80%  PF=6.45x  P&L=$+449
    ✗    JPM/NDAQ     LONG  z=-2.49  WR=31%  PF=0.18x  P&L=$-320
    ✗   NTRS/STT     SHORT  z=+2.08  WR=34%  PF=0.57x  P&L=$-90
    ✗  GOOGL/GOOG    SHORT  z=+2.19  WR=0%  PF=0.00x  P&L=$-74
    ✗    ALL/JPM     SHORT  z=+2.08  WR=36%  PF=0.42x  P&L=$-258
    ✗    CMS/PPL      LONG  z=-2.00  WR=34%  PF=0.28x  P&L=$-134
    ✗    BAC/GS       LONG  z=-2.67  WR=43%  PF=0.77x  P&L=$-61
    ✗    ADI/LRCX     LONG  z=-2.26  WR=33%  PF=0.48x  P&L=$-378
    ✗   MCHP/NXPI    SHORT  z=+2.16  WR=40%  PF=1.24x  P&L=$+75
    ✗    TFC/USB      LONG  z=-3.72  WR=42%  PF=1.81x  P&L=$+71
    ✗    ALL/BLK      LONG  z=-2.46  WR=33%  PF=0.51x  P&L=$-183
    ✗   LDOS/URI      LONG  z=-2.18  WR=36%  PF=0.47x  P&L=$-306
    ✗    MTD/TMO      LONG  z=-2.71  WR=33%  PF=0.70x  P&L=$-76
    ✗     MS/STT      LONG  z=-2.80  WR=23%  PF=0.49x  P&L=$-135
    ✗   CHRW/LUV     SHORT  z=+2.19  WR=45%  PF=2.38x  P&L=$+424
    ✗    ADI/MU       LONG  z=-2.19  WR=40%  PF=0.61x  P&L=$-390
    ✗    PNC/RF      SHORT  z=+3.41  WR=39%  PF=1.09x  P&L=$+9
    ✗   FITB/TFC     SHORT  z=+2.48  WR=42%  PF=0.72x  P&L=$-37
    ✗    PWR/ROK     SHORT  z=+2.26  WR=42%  PF=0.74x  P&L=$-119
    ✗   GRMN/RCL     SHORT  z=+3.08  WR=39%  PF=0.47x  P&L=$-283
    ✗   FISV/MRSH     LONG  z=-2.16  WR=47%  PF=1.26x  P&L=$+90
    ✗    EQR/EXR     SHORT  z=+2.56  WR=21%  PF=0.36x  P&L=$-164
    ✗     GL/STT     SHORT  z=+2.31  WR=46%  PF=0.90x  P&L=$-28

  Log     → C:\Users\User\Desktop\adf bot\logs\2026-03-13_190713.log
  Journal → C:\Users\User\Desktop\adf bot\system_log.csv
  Errors  → C:\Users\User\Desktop\adf bot\error.log

